[2026-03-28T18:47:05.396+0000] {local_task_job_runner.py:120} INFO - ::group::Pre task execution logs
[2026-03-28T18:47:05.561+0000] {taskinstance.py:2076} INFO - Dependencies all met for dep_context=non-requeueable deps ti=<TaskInstance: dag_filter_questions.access_data manual__2026-03-28T18:47:03.401486+00:00 [queued]>
[2026-03-28T18:47:05.585+0000] {taskinstance.py:2076} INFO - Dependencies all met for dep_context=requeueable deps ti=<TaskInstance: dag_filter_questions.access_data manual__2026-03-28T18:47:03.401486+00:00 [queued]>
[2026-03-28T18:47:05.585+0000] {taskinstance.py:2306} INFO - Starting attempt 1 of 1
[2026-03-28T18:47:05.620+0000] {taskinstance.py:2330} INFO - Executing <Task(BashOperator): access_data> on 2026-03-28 18:47:03.401486+00:00
[2026-03-28T18:47:05.653+0000] {logging_mixin.py:188} WARNING - /home/***/.local/lib/python3.12/site-packages/***/task/task_runner/standard_task_runner.py:61 DeprecationWarning: This process (pid=1564) is multi-threaded, use of fork() may lead to deadlocks in the child.
[2026-03-28T18:47:05.660+0000] {standard_task_runner.py:63} INFO - Started process 1565 to run task
[2026-03-28T18:47:05.654+0000] {standard_task_runner.py:90} INFO - Running: ['***', 'tasks', 'run', 'dag_filter_questions', 'access_data', 'manual__2026-03-28T18:47:03.401486+00:00', '--job-id', '12', '--raw', '--subdir', 'DAGS_FOLDER/filter_questions.py', '--cfg-path', '/tmp/tmpg7vha1u_']
[2026-03-28T18:47:05.664+0000] {standard_task_runner.py:91} INFO - Job 12: Subtask access_data
[2026-03-28T18:47:05.847+0000] {task_command.py:426} INFO - Running <TaskInstance: dag_filter_questions.access_data manual__2026-03-28T18:47:03.401486+00:00 [running]> on host b66c4ca4c537
[2026-03-28T18:47:06.091+0000] {taskinstance.py:2648} INFO - Exporting env vars: AIRFLOW_CTX_DAG_OWNER='***' AIRFLOW_CTX_DAG_ID='dag_filter_questions' AIRFLOW_CTX_TASK_ID='access_data' AIRFLOW_CTX_EXECUTION_DATE='2026-03-28T18:47:03.401486+00:00' AIRFLOW_CTX_TRY_NUMBER='1' AIRFLOW_CTX_DAG_RUN_ID='manual__2026-03-28T18:47:03.401486+00:00'
[2026-03-28T18:47:06.111+0000] {taskinstance.py:430} INFO - ::endgroup::
[2026-03-28T18:47:06.163+0000] {subprocess.py:63} INFO - Tmp dir root location: /tmp
[2026-03-28T18:47:06.173+0000] {subprocess.py:75} INFO - Running command: ['/usr/bin/bash', '-c', 'ls -l /opt/***/dags/data/questions.csv && ls -l /opt/***/dags/data/questions.json']
[2026-03-28T18:47:06.202+0000] {subprocess.py:86} INFO - Output:
[2026-03-28T18:47:06.224+0000] {subprocess.py:93} INFO - -rw-rw-r-- 1 default root 2696572 Mar 21 22:06 /opt/***/dags/data/questions.csv
[2026-03-28T18:47:06.231+0000] {subprocess.py:93} INFO - -rw-rw-r-- 1 default root 3499696 Mar 21 22:06 /opt/***/dags/data/questions.json
[2026-03-28T18:47:06.233+0000] {subprocess.py:97} INFO - Command exited with return code 0
[2026-03-28T18:47:06.236+0000] {taskinstance.py:441} INFO - ::group::Post task execution logs
[2026-03-28T18:47:06.276+0000] {taskinstance.py:1206} INFO - Marking task as SUCCESS. dag_id=dag_filter_questions, task_id=access_data, run_id=manual__2026-03-28T18:47:03.401486+00:00, execution_date=20260328T184703, start_date=20260328T184705, end_date=20260328T184706
[2026-03-28T18:47:06.325+0000] {local_task_job_runner.py:240} INFO - Task exited with return code 0
[2026-03-28T18:47:06.356+0000] {taskinstance.py:3503} INFO - 1 downstream tasks scheduled from follow-on schedule check
[2026-03-28T18:47:06.358+0000] {local_task_job_runner.py:222} INFO - ::endgroup::
