[2026-03-28T18:42:50.304+0000] {local_task_job_runner.py:120} INFO - ::group::Pre task execution logs
[2026-03-28T18:42:50.930+0000] {taskinstance.py:2076} INFO - Dependencies all met for dep_context=non-requeueable deps ti=<TaskInstance: dag_filter_questions.access_data manual__2026-03-28T18:42:47.412400+00:00 [queued]>
[2026-03-28T18:42:50.966+0000] {taskinstance.py:2076} INFO - Dependencies all met for dep_context=requeueable deps ti=<TaskInstance: dag_filter_questions.access_data manual__2026-03-28T18:42:47.412400+00:00 [queued]>
[2026-03-28T18:42:50.966+0000] {taskinstance.py:2306} INFO - Starting attempt 1 of 1
[2026-03-28T18:42:51.018+0000] {taskinstance.py:2330} INFO - Executing <Task(BashOperator): access_data> on 2026-03-28 18:42:47.412400+00:00
[2026-03-28T18:42:51.037+0000] {standard_task_runner.py:90} INFO - Running: ['***', 'tasks', 'run', 'dag_filter_questions', 'access_data', 'manual__2026-03-28T18:42:47.412400+00:00', '--job-id', '9', '--raw', '--subdir', 'DAGS_FOLDER/filter_questions.py', '--cfg-path', '/tmp/tmpkh6bfkw3']
[2026-03-28T18:42:51.043+0000] {standard_task_runner.py:91} INFO - Job 9: Subtask access_data
[2026-03-28T18:42:51.044+0000] {logging_mixin.py:188} WARNING - /home/***/.local/lib/python3.12/site-packages/***/task/task_runner/standard_task_runner.py:61 DeprecationWarning: This process (pid=1405) is multi-threaded, use of fork() may lead to deadlocks in the child.
[2026-03-28T18:42:51.045+0000] {standard_task_runner.py:63} INFO - Started process 1406 to run task
[2026-03-28T18:42:51.132+0000] {task_command.py:426} INFO - Running <TaskInstance: dag_filter_questions.access_data manual__2026-03-28T18:42:47.412400+00:00 [running]> on host b66c4ca4c537
[2026-03-28T18:42:51.309+0000] {taskinstance.py:2648} INFO - Exporting env vars: AIRFLOW_CTX_DAG_OWNER='***' AIRFLOW_CTX_DAG_ID='dag_filter_questions' AIRFLOW_CTX_TASK_ID='access_data' AIRFLOW_CTX_EXECUTION_DATE='2026-03-28T18:42:47.412400+00:00' AIRFLOW_CTX_TRY_NUMBER='1' AIRFLOW_CTX_DAG_RUN_ID='manual__2026-03-28T18:42:47.412400+00:00'
[2026-03-28T18:42:51.315+0000] {taskinstance.py:430} INFO - ::endgroup::
[2026-03-28T18:42:51.395+0000] {subprocess.py:63} INFO - Tmp dir root location: /tmp
[2026-03-28T18:42:51.406+0000] {subprocess.py:75} INFO - Running command: ['/usr/bin/bash', '-c', 'ls /tmp/projeto_dados_enem/data/questions.csv']
[2026-03-28T18:42:51.442+0000] {subprocess.py:86} INFO - Output:
[2026-03-28T18:42:51.509+0000] {subprocess.py:93} INFO - ls: cannot access '/tmp/projeto_dados_enem/data/questions.csv': No such file or directory
[2026-03-28T18:42:51.516+0000] {subprocess.py:97} INFO - Command exited with return code 2
[2026-03-28T18:42:51.519+0000] {taskinstance.py:441} INFO - ::group::Post task execution logs
[2026-03-28T18:42:51.535+0000] {taskinstance.py:2905} ERROR - Task failed with exception
Traceback (most recent call last):
  File "/home/airflow/.local/lib/python3.12/site-packages/airflow/models/taskinstance.py", line 465, in _execute_task
    result = _execute_callable(context=context, **execute_callable_kwargs)
             ^^^^^^^^^^^^^^^^^^^^^^^^^^^^^^^^^^^^^^^^^^^^^^^^^^^^^^^^^^^^^
  File "/home/airflow/.local/lib/python3.12/site-packages/airflow/models/taskinstance.py", line 432, in _execute_callable
    return execute_callable(context=context, **execute_callable_kwargs)
           ^^^^^^^^^^^^^^^^^^^^^^^^^^^^^^^^^^^^^^^^^^^^^^^^^^^^^^^^^^^^
  File "/home/airflow/.local/lib/python3.12/site-packages/airflow/models/baseoperator.py", line 401, in wrapper
    return func(self, *args, **kwargs)
           ^^^^^^^^^^^^^^^^^^^^^^^^^^^
  File "/home/airflow/.local/lib/python3.12/site-packages/airflow/operators/bash.py", line 243, in execute
    raise AirflowException(
airflow.exceptions.AirflowException: Bash command failed. The command returned a non-zero exit code 2.
[2026-03-28T18:42:51.544+0000] {taskinstance.py:1206} INFO - Marking task as FAILED. dag_id=dag_filter_questions, task_id=access_data, run_id=manual__2026-03-28T18:42:47.412400+00:00, execution_date=20260328T184247, start_date=20260328T184250, end_date=20260328T184251
[2026-03-28T18:42:51.571+0000] {standard_task_runner.py:110} ERROR - Failed to execute job 9 for task access_data (Bash command failed. The command returned a non-zero exit code 2.; 1406)
[2026-03-28T18:42:51.594+0000] {local_task_job_runner.py:240} INFO - Task exited with return code 1
[2026-03-28T18:42:51.634+0000] {taskinstance.py:3503} INFO - 0 downstream tasks scheduled from follow-on schedule check
[2026-03-28T18:42:51.639+0000] {local_task_job_runner.py:222} INFO - ::endgroup::
