[2026-03-21T22:10:17.387+0000] {processor.py:161} INFO - Started process (PID=291) to work on /opt/airflow/dags/config.py
[2026-03-21T22:10:17.388+0000] {processor.py:830} INFO - Processing file /opt/airflow/dags/config.py for tasks to queue
[2026-03-21T22:10:17.390+0000] {logging_mixin.py:188} INFO - [2026-03-21T22:10:17.390+0000] {dagbag.py:545} INFO - Filling up the DagBag from /opt/airflow/dags/config.py
[2026-03-21T22:10:17.393+0000] {processor.py:842} WARNING - No viable dags retrieved from /opt/airflow/dags/config.py
[2026-03-21T22:10:17.413+0000] {processor.py:183} INFO - Processing /opt/airflow/dags/config.py took 0.036 seconds
[2026-03-21T22:10:48.278+0000] {processor.py:161} INFO - Started process (PID=301) to work on /opt/airflow/dags/config.py
[2026-03-21T22:10:48.281+0000] {processor.py:830} INFO - Processing file /opt/airflow/dags/config.py for tasks to queue
[2026-03-21T22:10:48.286+0000] {logging_mixin.py:188} INFO - [2026-03-21T22:10:48.285+0000] {dagbag.py:545} INFO - Filling up the DagBag from /opt/airflow/dags/config.py
[2026-03-21T22:10:48.289+0000] {processor.py:842} WARNING - No viable dags retrieved from /opt/airflow/dags/config.py
[2026-03-21T22:10:48.334+0000] {processor.py:183} INFO - Processing /opt/airflow/dags/config.py took 0.063 seconds
[2026-03-21T22:11:19.198+0000] {processor.py:161} INFO - Started process (PID=311) to work on /opt/airflow/dags/config.py
[2026-03-21T22:11:19.200+0000] {processor.py:830} INFO - Processing file /opt/airflow/dags/config.py for tasks to queue
[2026-03-21T22:11:19.205+0000] {logging_mixin.py:188} INFO - [2026-03-21T22:11:19.204+0000] {dagbag.py:545} INFO - Filling up the DagBag from /opt/airflow/dags/config.py
[2026-03-21T22:11:19.209+0000] {processor.py:842} WARNING - No viable dags retrieved from /opt/airflow/dags/config.py
[2026-03-21T22:11:19.237+0000] {processor.py:183} INFO - Processing /opt/airflow/dags/config.py took 0.048 seconds
[2026-03-21T22:11:49.334+0000] {processor.py:161} INFO - Started process (PID=321) to work on /opt/airflow/dags/config.py
[2026-03-21T22:11:49.338+0000] {processor.py:830} INFO - Processing file /opt/airflow/dags/config.py for tasks to queue
[2026-03-21T22:11:49.341+0000] {logging_mixin.py:188} INFO - [2026-03-21T22:11:49.341+0000] {dagbag.py:545} INFO - Filling up the DagBag from /opt/airflow/dags/config.py
[2026-03-21T22:11:49.343+0000] {processor.py:842} WARNING - No viable dags retrieved from /opt/airflow/dags/config.py
[2026-03-21T22:11:49.374+0000] {processor.py:183} INFO - Processing /opt/airflow/dags/config.py took 0.050 seconds
[2026-03-21T22:12:19.516+0000] {processor.py:161} INFO - Started process (PID=331) to work on /opt/airflow/dags/config.py
[2026-03-21T22:12:19.517+0000] {processor.py:830} INFO - Processing file /opt/airflow/dags/config.py for tasks to queue
[2026-03-21T22:12:19.519+0000] {logging_mixin.py:188} INFO - [2026-03-21T22:12:19.519+0000] {dagbag.py:545} INFO - Filling up the DagBag from /opt/airflow/dags/config.py
[2026-03-21T22:12:19.521+0000] {processor.py:842} WARNING - No viable dags retrieved from /opt/airflow/dags/config.py
[2026-03-21T22:12:19.544+0000] {processor.py:183} INFO - Processing /opt/airflow/dags/config.py took 0.036 seconds
[2026-03-21T22:12:50.438+0000] {processor.py:161} INFO - Started process (PID=341) to work on /opt/airflow/dags/config.py
[2026-03-21T22:12:50.440+0000] {processor.py:830} INFO - Processing file /opt/airflow/dags/config.py for tasks to queue
[2026-03-21T22:12:50.445+0000] {logging_mixin.py:188} INFO - [2026-03-21T22:12:50.444+0000] {dagbag.py:545} INFO - Filling up the DagBag from /opt/airflow/dags/config.py
[2026-03-21T22:12:50.452+0000] {processor.py:842} WARNING - No viable dags retrieved from /opt/airflow/dags/config.py
[2026-03-21T22:12:50.496+0000] {processor.py:183} INFO - Processing /opt/airflow/dags/config.py took 0.080 seconds
[2026-03-21T22:13:21.378+0000] {processor.py:161} INFO - Started process (PID=351) to work on /opt/airflow/dags/config.py
[2026-03-21T22:13:21.380+0000] {processor.py:830} INFO - Processing file /opt/airflow/dags/config.py for tasks to queue
[2026-03-21T22:13:21.387+0000] {logging_mixin.py:188} INFO - [2026-03-21T22:13:21.387+0000] {dagbag.py:545} INFO - Filling up the DagBag from /opt/airflow/dags/config.py
[2026-03-21T22:13:21.390+0000] {processor.py:842} WARNING - No viable dags retrieved from /opt/airflow/dags/config.py
[2026-03-21T22:13:21.417+0000] {processor.py:183} INFO - Processing /opt/airflow/dags/config.py took 0.053 seconds
[2026-03-21T22:13:52.319+0000] {processor.py:161} INFO - Started process (PID=361) to work on /opt/airflow/dags/config.py
[2026-03-21T22:13:52.320+0000] {processor.py:830} INFO - Processing file /opt/airflow/dags/config.py for tasks to queue
[2026-03-21T22:13:52.322+0000] {logging_mixin.py:188} INFO - [2026-03-21T22:13:52.322+0000] {dagbag.py:545} INFO - Filling up the DagBag from /opt/airflow/dags/config.py
[2026-03-21T22:13:52.324+0000] {processor.py:842} WARNING - No viable dags retrieved from /opt/airflow/dags/config.py
[2026-03-21T22:13:52.344+0000] {processor.py:183} INFO - Processing /opt/airflow/dags/config.py took 0.033 seconds
[2026-03-21T22:14:23.266+0000] {processor.py:161} INFO - Started process (PID=371) to work on /opt/airflow/dags/config.py
[2026-03-21T22:14:23.267+0000] {processor.py:830} INFO - Processing file /opt/airflow/dags/config.py for tasks to queue
[2026-03-21T22:14:23.270+0000] {logging_mixin.py:188} INFO - [2026-03-21T22:14:23.269+0000] {dagbag.py:545} INFO - Filling up the DagBag from /opt/airflow/dags/config.py
[2026-03-21T22:14:23.273+0000] {processor.py:842} WARNING - No viable dags retrieved from /opt/airflow/dags/config.py
[2026-03-21T22:14:23.291+0000] {processor.py:183} INFO - Processing /opt/airflow/dags/config.py took 0.033 seconds
[2026-03-21T22:14:54.153+0000] {processor.py:161} INFO - Started process (PID=381) to work on /opt/airflow/dags/config.py
[2026-03-21T22:14:54.157+0000] {processor.py:830} INFO - Processing file /opt/airflow/dags/config.py for tasks to queue
[2026-03-21T22:14:54.160+0000] {logging_mixin.py:188} INFO - [2026-03-21T22:14:54.160+0000] {dagbag.py:545} INFO - Filling up the DagBag from /opt/airflow/dags/config.py
[2026-03-21T22:14:54.162+0000] {processor.py:842} WARNING - No viable dags retrieved from /opt/airflow/dags/config.py
[2026-03-21T22:14:54.187+0000] {processor.py:183} INFO - Processing /opt/airflow/dags/config.py took 0.045 seconds
[2026-03-21T22:15:25.056+0000] {processor.py:161} INFO - Started process (PID=391) to work on /opt/airflow/dags/config.py
[2026-03-21T22:15:25.058+0000] {processor.py:830} INFO - Processing file /opt/airflow/dags/config.py for tasks to queue
[2026-03-21T22:15:25.060+0000] {logging_mixin.py:188} INFO - [2026-03-21T22:15:25.060+0000] {dagbag.py:545} INFO - Filling up the DagBag from /opt/airflow/dags/config.py
[2026-03-21T22:15:25.063+0000] {processor.py:842} WARNING - No viable dags retrieved from /opt/airflow/dags/config.py
[2026-03-21T22:15:25.084+0000] {processor.py:183} INFO - Processing /opt/airflow/dags/config.py took 0.040 seconds
[2026-03-21T22:15:55.985+0000] {processor.py:161} INFO - Started process (PID=401) to work on /opt/airflow/dags/config.py
[2026-03-21T22:15:55.989+0000] {processor.py:830} INFO - Processing file /opt/airflow/dags/config.py for tasks to queue
[2026-03-21T22:15:55.993+0000] {logging_mixin.py:188} INFO - [2026-03-21T22:15:55.993+0000] {dagbag.py:545} INFO - Filling up the DagBag from /opt/airflow/dags/config.py
[2026-03-21T22:15:55.997+0000] {processor.py:842} WARNING - No viable dags retrieved from /opt/airflow/dags/config.py
[2026-03-21T22:15:56.037+0000] {processor.py:183} INFO - Processing /opt/airflow/dags/config.py took 0.061 seconds
[2026-03-21T22:16:26.943+0000] {processor.py:161} INFO - Started process (PID=411) to work on /opt/airflow/dags/config.py
[2026-03-21T22:16:26.946+0000] {processor.py:830} INFO - Processing file /opt/airflow/dags/config.py for tasks to queue
[2026-03-21T22:16:26.949+0000] {logging_mixin.py:188} INFO - [2026-03-21T22:16:26.948+0000] {dagbag.py:545} INFO - Filling up the DagBag from /opt/airflow/dags/config.py
[2026-03-21T22:16:26.952+0000] {processor.py:842} WARNING - No viable dags retrieved from /opt/airflow/dags/config.py
[2026-03-21T22:16:26.979+0000] {processor.py:183} INFO - Processing /opt/airflow/dags/config.py took 0.047 seconds
[2026-03-21T22:16:57.068+0000] {processor.py:161} INFO - Started process (PID=421) to work on /opt/airflow/dags/config.py
[2026-03-21T22:16:57.070+0000] {processor.py:830} INFO - Processing file /opt/airflow/dags/config.py for tasks to queue
[2026-03-21T22:16:57.072+0000] {logging_mixin.py:188} INFO - [2026-03-21T22:16:57.071+0000] {dagbag.py:545} INFO - Filling up the DagBag from /opt/airflow/dags/config.py
[2026-03-21T22:16:57.074+0000] {processor.py:842} WARNING - No viable dags retrieved from /opt/airflow/dags/config.py
[2026-03-21T22:16:57.096+0000] {processor.py:183} INFO - Processing /opt/airflow/dags/config.py took 0.035 seconds
[2026-03-21T22:17:27.982+0000] {processor.py:161} INFO - Started process (PID=431) to work on /opt/airflow/dags/config.py
[2026-03-21T22:17:27.983+0000] {processor.py:830} INFO - Processing file /opt/airflow/dags/config.py for tasks to queue
[2026-03-21T22:17:27.986+0000] {logging_mixin.py:188} INFO - [2026-03-21T22:17:27.985+0000] {dagbag.py:545} INFO - Filling up the DagBag from /opt/airflow/dags/config.py
[2026-03-21T22:17:27.989+0000] {processor.py:842} WARNING - No viable dags retrieved from /opt/airflow/dags/config.py
[2026-03-21T22:17:28.012+0000] {processor.py:183} INFO - Processing /opt/airflow/dags/config.py took 0.037 seconds
[2026-03-21T22:17:58.503+0000] {processor.py:161} INFO - Started process (PID=441) to work on /opt/airflow/dags/config.py
[2026-03-21T22:17:58.504+0000] {processor.py:830} INFO - Processing file /opt/airflow/dags/config.py for tasks to queue
[2026-03-21T22:17:58.506+0000] {logging_mixin.py:188} INFO - [2026-03-21T22:17:58.506+0000] {dagbag.py:545} INFO - Filling up the DagBag from /opt/airflow/dags/config.py
[2026-03-21T22:17:58.508+0000] {processor.py:842} WARNING - No viable dags retrieved from /opt/airflow/dags/config.py
[2026-03-21T22:17:58.532+0000] {processor.py:183} INFO - Processing /opt/airflow/dags/config.py took 0.037 seconds
[2026-03-21T22:18:28.828+0000] {processor.py:161} INFO - Started process (PID=451) to work on /opt/airflow/dags/config.py
[2026-03-21T22:18:28.830+0000] {processor.py:830} INFO - Processing file /opt/airflow/dags/config.py for tasks to queue
[2026-03-21T22:18:28.833+0000] {logging_mixin.py:188} INFO - [2026-03-21T22:18:28.833+0000] {dagbag.py:545} INFO - Filling up the DagBag from /opt/airflow/dags/config.py
[2026-03-21T22:18:28.836+0000] {processor.py:842} WARNING - No viable dags retrieved from /opt/airflow/dags/config.py
[2026-03-21T22:18:28.856+0000] {processor.py:183} INFO - Processing /opt/airflow/dags/config.py took 0.035 seconds
[2026-03-21T22:18:59.731+0000] {processor.py:161} INFO - Started process (PID=461) to work on /opt/airflow/dags/config.py
[2026-03-21T22:18:59.732+0000] {processor.py:830} INFO - Processing file /opt/airflow/dags/config.py for tasks to queue
[2026-03-21T22:18:59.734+0000] {logging_mixin.py:188} INFO - [2026-03-21T22:18:59.734+0000] {dagbag.py:545} INFO - Filling up the DagBag from /opt/airflow/dags/config.py
[2026-03-21T22:18:59.736+0000] {processor.py:842} WARNING - No viable dags retrieved from /opt/airflow/dags/config.py
[2026-03-21T22:18:59.756+0000] {processor.py:183} INFO - Processing /opt/airflow/dags/config.py took 0.036 seconds
[2026-03-21T22:19:29.827+0000] {processor.py:161} INFO - Started process (PID=471) to work on /opt/airflow/dags/config.py
[2026-03-21T22:19:29.828+0000] {processor.py:830} INFO - Processing file /opt/airflow/dags/config.py for tasks to queue
[2026-03-21T22:19:29.831+0000] {logging_mixin.py:188} INFO - [2026-03-21T22:19:29.830+0000] {dagbag.py:545} INFO - Filling up the DagBag from /opt/airflow/dags/config.py
[2026-03-21T22:19:29.833+0000] {processor.py:842} WARNING - No viable dags retrieved from /opt/airflow/dags/config.py
[2026-03-21T22:19:29.856+0000] {processor.py:183} INFO - Processing /opt/airflow/dags/config.py took 0.037 seconds
[2026-03-21T22:20:31.694+0000] {processor.py:161} INFO - Started process (PID=491) to work on /opt/airflow/dags/config.py
[2026-03-21T22:20:31.695+0000] {processor.py:830} INFO - Processing file /opt/airflow/dags/config.py for tasks to queue
[2026-03-21T22:20:31.698+0000] {logging_mixin.py:188} INFO - [2026-03-21T22:20:31.698+0000] {dagbag.py:545} INFO - Filling up the DagBag from /opt/airflow/dags/config.py
[2026-03-21T22:20:31.701+0000] {processor.py:842} WARNING - No viable dags retrieved from /opt/airflow/dags/config.py
[2026-03-21T22:20:31.734+0000] {processor.py:183} INFO - Processing /opt/airflow/dags/config.py took 0.052 seconds
[2026-03-21T22:21:02.661+0000] {processor.py:161} INFO - Started process (PID=501) to work on /opt/airflow/dags/config.py
[2026-03-21T22:21:02.663+0000] {processor.py:830} INFO - Processing file /opt/airflow/dags/config.py for tasks to queue
[2026-03-21T22:21:02.672+0000] {logging_mixin.py:188} INFO - [2026-03-21T22:21:02.671+0000] {dagbag.py:545} INFO - Filling up the DagBag from /opt/airflow/dags/config.py
[2026-03-21T22:21:02.677+0000] {processor.py:842} WARNING - No viable dags retrieved from /opt/airflow/dags/config.py
[2026-03-21T22:21:02.740+0000] {processor.py:183} INFO - Processing /opt/airflow/dags/config.py took 0.117 seconds
[2026-03-21T22:21:33.628+0000] {processor.py:161} INFO - Started process (PID=511) to work on /opt/airflow/dags/config.py
[2026-03-21T22:21:33.630+0000] {processor.py:830} INFO - Processing file /opt/airflow/dags/config.py for tasks to queue
[2026-03-21T22:21:33.632+0000] {logging_mixin.py:188} INFO - [2026-03-21T22:21:33.632+0000] {dagbag.py:545} INFO - Filling up the DagBag from /opt/airflow/dags/config.py
[2026-03-21T22:21:33.634+0000] {processor.py:842} WARNING - No viable dags retrieved from /opt/airflow/dags/config.py
[2026-03-21T22:21:33.655+0000] {processor.py:183} INFO - Processing /opt/airflow/dags/config.py took 0.034 seconds
[2026-03-21T22:22:04.569+0000] {processor.py:161} INFO - Started process (PID=521) to work on /opt/airflow/dags/config.py
[2026-03-21T22:22:04.570+0000] {processor.py:830} INFO - Processing file /opt/airflow/dags/config.py for tasks to queue
[2026-03-21T22:22:04.574+0000] {logging_mixin.py:188} INFO - [2026-03-21T22:22:04.573+0000] {dagbag.py:545} INFO - Filling up the DagBag from /opt/airflow/dags/config.py
[2026-03-21T22:22:04.578+0000] {processor.py:842} WARNING - No viable dags retrieved from /opt/airflow/dags/config.py
[2026-03-21T22:22:04.602+0000] {processor.py:183} INFO - Processing /opt/airflow/dags/config.py took 0.043 seconds
[2026-03-21T22:22:35.507+0000] {processor.py:161} INFO - Started process (PID=531) to work on /opt/airflow/dags/config.py
[2026-03-21T22:22:35.525+0000] {processor.py:830} INFO - Processing file /opt/airflow/dags/config.py for tasks to queue
[2026-03-21T22:22:35.527+0000] {logging_mixin.py:188} INFO - [2026-03-21T22:22:35.527+0000] {dagbag.py:545} INFO - Filling up the DagBag from /opt/airflow/dags/config.py
[2026-03-21T22:22:35.530+0000] {processor.py:842} WARNING - No viable dags retrieved from /opt/airflow/dags/config.py
[2026-03-21T22:22:35.552+0000] {processor.py:183} INFO - Processing /opt/airflow/dags/config.py took 0.053 seconds
[2026-03-21T22:23:06.452+0000] {processor.py:161} INFO - Started process (PID=541) to work on /opt/airflow/dags/config.py
[2026-03-21T22:23:06.454+0000] {processor.py:830} INFO - Processing file /opt/airflow/dags/config.py for tasks to queue
[2026-03-21T22:23:06.457+0000] {logging_mixin.py:188} INFO - [2026-03-21T22:23:06.456+0000] {dagbag.py:545} INFO - Filling up the DagBag from /opt/airflow/dags/config.py
[2026-03-21T22:23:06.460+0000] {processor.py:842} WARNING - No viable dags retrieved from /opt/airflow/dags/config.py
[2026-03-21T22:23:06.484+0000] {processor.py:183} INFO - Processing /opt/airflow/dags/config.py took 0.039 seconds
[2026-03-21T22:23:37.370+0000] {processor.py:161} INFO - Started process (PID=551) to work on /opt/airflow/dags/config.py
[2026-03-21T22:23:37.371+0000] {processor.py:830} INFO - Processing file /opt/airflow/dags/config.py for tasks to queue
[2026-03-21T22:23:37.374+0000] {logging_mixin.py:188} INFO - [2026-03-21T22:23:37.374+0000] {dagbag.py:545} INFO - Filling up the DagBag from /opt/airflow/dags/config.py
[2026-03-21T22:23:37.377+0000] {processor.py:842} WARNING - No viable dags retrieved from /opt/airflow/dags/config.py
[2026-03-21T22:23:37.397+0000] {processor.py:183} INFO - Processing /opt/airflow/dags/config.py took 0.035 seconds
[2026-03-21T22:24:08.315+0000] {processor.py:161} INFO - Started process (PID=561) to work on /opt/airflow/dags/config.py
[2026-03-21T22:24:08.316+0000] {processor.py:830} INFO - Processing file /opt/airflow/dags/config.py for tasks to queue
[2026-03-21T22:24:08.320+0000] {logging_mixin.py:188} INFO - [2026-03-21T22:24:08.319+0000] {dagbag.py:545} INFO - Filling up the DagBag from /opt/airflow/dags/config.py
[2026-03-21T22:24:08.322+0000] {processor.py:842} WARNING - No viable dags retrieved from /opt/airflow/dags/config.py
[2026-03-21T22:24:08.341+0000] {processor.py:183} INFO - Processing /opt/airflow/dags/config.py took 0.035 seconds
[2026-03-21T22:24:39.234+0000] {processor.py:161} INFO - Started process (PID=571) to work on /opt/airflow/dags/config.py
[2026-03-21T22:24:39.235+0000] {processor.py:830} INFO - Processing file /opt/airflow/dags/config.py for tasks to queue
[2026-03-21T22:24:39.239+0000] {logging_mixin.py:188} INFO - [2026-03-21T22:24:39.238+0000] {dagbag.py:545} INFO - Filling up the DagBag from /opt/airflow/dags/config.py
[2026-03-21T22:24:39.242+0000] {processor.py:842} WARNING - No viable dags retrieved from /opt/airflow/dags/config.py
[2026-03-21T22:24:39.268+0000] {processor.py:183} INFO - Processing /opt/airflow/dags/config.py took 0.042 seconds
[2026-03-21T22:25:09.336+0000] {processor.py:161} INFO - Started process (PID=581) to work on /opt/airflow/dags/config.py
[2026-03-21T22:25:09.342+0000] {processor.py:830} INFO - Processing file /opt/airflow/dags/config.py for tasks to queue
[2026-03-21T22:25:09.352+0000] {logging_mixin.py:188} INFO - [2026-03-21T22:25:09.351+0000] {dagbag.py:545} INFO - Filling up the DagBag from /opt/airflow/dags/config.py
[2026-03-21T22:25:09.357+0000] {processor.py:842} WARNING - No viable dags retrieved from /opt/airflow/dags/config.py
[2026-03-21T22:25:09.381+0000] {processor.py:183} INFO - Processing /opt/airflow/dags/config.py took 0.056 seconds
[2026-03-21T22:25:40.294+0000] {processor.py:161} INFO - Started process (PID=591) to work on /opt/airflow/dags/config.py
[2026-03-21T22:25:40.296+0000] {processor.py:830} INFO - Processing file /opt/airflow/dags/config.py for tasks to queue
[2026-03-21T22:25:40.300+0000] {logging_mixin.py:188} INFO - [2026-03-21T22:25:40.299+0000] {dagbag.py:545} INFO - Filling up the DagBag from /opt/airflow/dags/config.py
[2026-03-21T22:25:40.304+0000] {processor.py:842} WARNING - No viable dags retrieved from /opt/airflow/dags/config.py
[2026-03-21T22:25:40.326+0000] {processor.py:183} INFO - Processing /opt/airflow/dags/config.py took 0.052 seconds
[2026-03-21T22:26:11.250+0000] {processor.py:161} INFO - Started process (PID=601) to work on /opt/airflow/dags/config.py
[2026-03-21T22:26:11.252+0000] {processor.py:830} INFO - Processing file /opt/airflow/dags/config.py for tasks to queue
[2026-03-21T22:26:11.255+0000] {logging_mixin.py:188} INFO - [2026-03-21T22:26:11.255+0000] {dagbag.py:545} INFO - Filling up the DagBag from /opt/airflow/dags/config.py
[2026-03-21T22:26:11.257+0000] {processor.py:842} WARNING - No viable dags retrieved from /opt/airflow/dags/config.py
[2026-03-21T22:26:11.279+0000] {processor.py:183} INFO - Processing /opt/airflow/dags/config.py took 0.038 seconds
[2026-03-21T22:26:41.333+0000] {processor.py:161} INFO - Started process (PID=611) to work on /opt/airflow/dags/config.py
[2026-03-21T22:26:41.334+0000] {processor.py:830} INFO - Processing file /opt/airflow/dags/config.py for tasks to queue
[2026-03-21T22:26:41.337+0000] {logging_mixin.py:188} INFO - [2026-03-21T22:26:41.336+0000] {dagbag.py:545} INFO - Filling up the DagBag from /opt/airflow/dags/config.py
[2026-03-21T22:26:41.339+0000] {processor.py:842} WARNING - No viable dags retrieved from /opt/airflow/dags/config.py
[2026-03-21T22:26:41.364+0000] {processor.py:183} INFO - Processing /opt/airflow/dags/config.py took 0.038 seconds
[2026-03-21T22:27:12.253+0000] {processor.py:161} INFO - Started process (PID=621) to work on /opt/airflow/dags/config.py
[2026-03-21T22:27:12.256+0000] {processor.py:830} INFO - Processing file /opt/airflow/dags/config.py for tasks to queue
[2026-03-21T22:27:12.258+0000] {logging_mixin.py:188} INFO - [2026-03-21T22:27:12.258+0000] {dagbag.py:545} INFO - Filling up the DagBag from /opt/airflow/dags/config.py
[2026-03-21T22:27:12.260+0000] {processor.py:842} WARNING - No viable dags retrieved from /opt/airflow/dags/config.py
[2026-03-21T22:27:12.283+0000] {processor.py:183} INFO - Processing /opt/airflow/dags/config.py took 0.038 seconds
[2026-03-21T22:27:43.199+0000] {processor.py:161} INFO - Started process (PID=631) to work on /opt/airflow/dags/config.py
[2026-03-21T22:27:43.200+0000] {processor.py:830} INFO - Processing file /opt/airflow/dags/config.py for tasks to queue
[2026-03-21T22:27:43.206+0000] {logging_mixin.py:188} INFO - [2026-03-21T22:27:43.205+0000] {dagbag.py:545} INFO - Filling up the DagBag from /opt/airflow/dags/config.py
[2026-03-21T22:27:43.208+0000] {processor.py:842} WARNING - No viable dags retrieved from /opt/airflow/dags/config.py
[2026-03-21T22:27:43.227+0000] {processor.py:183} INFO - Processing /opt/airflow/dags/config.py took 0.037 seconds
[2026-03-21T22:28:13.326+0000] {processor.py:161} INFO - Started process (PID=641) to work on /opt/airflow/dags/config.py
[2026-03-21T22:28:13.327+0000] {processor.py:830} INFO - Processing file /opt/airflow/dags/config.py for tasks to queue
[2026-03-21T22:28:13.329+0000] {logging_mixin.py:188} INFO - [2026-03-21T22:28:13.329+0000] {dagbag.py:545} INFO - Filling up the DagBag from /opt/airflow/dags/config.py
[2026-03-21T22:28:13.333+0000] {processor.py:842} WARNING - No viable dags retrieved from /opt/airflow/dags/config.py
[2026-03-21T22:28:13.358+0000] {processor.py:183} INFO - Processing /opt/airflow/dags/config.py took 0.040 seconds
[2026-03-21T22:28:44.257+0000] {processor.py:161} INFO - Started process (PID=651) to work on /opt/airflow/dags/config.py
[2026-03-21T22:28:44.259+0000] {processor.py:830} INFO - Processing file /opt/airflow/dags/config.py for tasks to queue
[2026-03-21T22:28:44.261+0000] {logging_mixin.py:188} INFO - [2026-03-21T22:28:44.261+0000] {dagbag.py:545} INFO - Filling up the DagBag from /opt/airflow/dags/config.py
[2026-03-21T22:28:44.264+0000] {processor.py:842} WARNING - No viable dags retrieved from /opt/airflow/dags/config.py
[2026-03-21T22:28:44.289+0000] {processor.py:183} INFO - Processing /opt/airflow/dags/config.py took 0.040 seconds
[2026-03-21T22:29:15.207+0000] {processor.py:161} INFO - Started process (PID=661) to work on /opt/airflow/dags/config.py
[2026-03-21T22:29:15.209+0000] {processor.py:830} INFO - Processing file /opt/airflow/dags/config.py for tasks to queue
[2026-03-21T22:29:15.211+0000] {logging_mixin.py:188} INFO - [2026-03-21T22:29:15.211+0000] {dagbag.py:545} INFO - Filling up the DagBag from /opt/airflow/dags/config.py
[2026-03-21T22:29:15.213+0000] {processor.py:842} WARNING - No viable dags retrieved from /opt/airflow/dags/config.py
[2026-03-21T22:29:15.232+0000] {processor.py:183} INFO - Processing /opt/airflow/dags/config.py took 0.036 seconds
[2026-03-21T22:29:46.131+0000] {processor.py:161} INFO - Started process (PID=671) to work on /opt/airflow/dags/config.py
[2026-03-21T22:29:46.132+0000] {processor.py:830} INFO - Processing file /opt/airflow/dags/config.py for tasks to queue
[2026-03-21T22:29:46.134+0000] {logging_mixin.py:188} INFO - [2026-03-21T22:29:46.133+0000] {dagbag.py:545} INFO - Filling up the DagBag from /opt/airflow/dags/config.py
[2026-03-21T22:29:46.136+0000] {processor.py:842} WARNING - No viable dags retrieved from /opt/airflow/dags/config.py
[2026-03-21T22:29:46.157+0000] {processor.py:183} INFO - Processing /opt/airflow/dags/config.py took 0.034 seconds
[2026-03-21T22:30:17.097+0000] {processor.py:161} INFO - Started process (PID=681) to work on /opt/airflow/dags/config.py
[2026-03-21T22:30:17.099+0000] {processor.py:830} INFO - Processing file /opt/airflow/dags/config.py for tasks to queue
[2026-03-21T22:30:17.101+0000] {logging_mixin.py:188} INFO - [2026-03-21T22:30:17.100+0000] {dagbag.py:545} INFO - Filling up the DagBag from /opt/airflow/dags/config.py
[2026-03-21T22:30:17.104+0000] {processor.py:842} WARNING - No viable dags retrieved from /opt/airflow/dags/config.py
[2026-03-21T22:30:17.126+0000] {processor.py:183} INFO - Processing /opt/airflow/dags/config.py took 0.036 seconds
[2026-03-21T22:30:47.501+0000] {processor.py:161} INFO - Started process (PID=691) to work on /opt/airflow/dags/config.py
[2026-03-21T22:30:47.502+0000] {processor.py:830} INFO - Processing file /opt/airflow/dags/config.py for tasks to queue
[2026-03-21T22:30:47.505+0000] {logging_mixin.py:188} INFO - [2026-03-21T22:30:47.505+0000] {dagbag.py:545} INFO - Filling up the DagBag from /opt/airflow/dags/config.py
[2026-03-21T22:30:47.508+0000] {processor.py:842} WARNING - No viable dags retrieved from /opt/airflow/dags/config.py
[2026-03-21T22:30:47.533+0000] {processor.py:183} INFO - Processing /opt/airflow/dags/config.py took 0.041 seconds
[2026-03-21T22:31:17.648+0000] {processor.py:161} INFO - Started process (PID=701) to work on /opt/airflow/dags/config.py
[2026-03-21T22:31:17.649+0000] {processor.py:830} INFO - Processing file /opt/airflow/dags/config.py for tasks to queue
[2026-03-21T22:31:17.651+0000] {logging_mixin.py:188} INFO - [2026-03-21T22:31:17.651+0000] {dagbag.py:545} INFO - Filling up the DagBag from /opt/airflow/dags/config.py
[2026-03-21T22:31:17.653+0000] {processor.py:842} WARNING - No viable dags retrieved from /opt/airflow/dags/config.py
[2026-03-21T22:31:17.672+0000] {processor.py:183} INFO - Processing /opt/airflow/dags/config.py took 0.032 seconds
[2026-03-21T22:31:47.798+0000] {processor.py:161} INFO - Started process (PID=711) to work on /opt/airflow/dags/config.py
[2026-03-21T22:31:47.800+0000] {processor.py:830} INFO - Processing file /opt/airflow/dags/config.py for tasks to queue
[2026-03-21T22:31:47.804+0000] {logging_mixin.py:188} INFO - [2026-03-21T22:31:47.802+0000] {dagbag.py:545} INFO - Filling up the DagBag from /opt/airflow/dags/config.py
[2026-03-21T22:31:47.807+0000] {processor.py:842} WARNING - No viable dags retrieved from /opt/airflow/dags/config.py
[2026-03-21T22:31:47.830+0000] {processor.py:183} INFO - Processing /opt/airflow/dags/config.py took 0.039 seconds
[2026-03-21T22:32:18.749+0000] {processor.py:161} INFO - Started process (PID=716) to work on /opt/airflow/dags/config.py
[2026-03-21T22:32:18.753+0000] {processor.py:830} INFO - Processing file /opt/airflow/dags/config.py for tasks to queue
[2026-03-21T22:32:18.756+0000] {logging_mixin.py:188} INFO - [2026-03-21T22:32:18.755+0000] {dagbag.py:545} INFO - Filling up the DagBag from /opt/airflow/dags/config.py
[2026-03-21T22:32:18.758+0000] {processor.py:842} WARNING - No viable dags retrieved from /opt/airflow/dags/config.py
[2026-03-21T22:32:18.779+0000] {processor.py:183} INFO - Processing /opt/airflow/dags/config.py took 0.037 seconds
[2026-03-21T22:32:49.702+0000] {processor.py:161} INFO - Started process (PID=726) to work on /opt/airflow/dags/config.py
[2026-03-21T22:32:49.703+0000] {processor.py:830} INFO - Processing file /opt/airflow/dags/config.py for tasks to queue
[2026-03-21T22:32:49.706+0000] {logging_mixin.py:188} INFO - [2026-03-21T22:32:49.705+0000] {dagbag.py:545} INFO - Filling up the DagBag from /opt/airflow/dags/config.py
[2026-03-21T22:32:49.713+0000] {processor.py:842} WARNING - No viable dags retrieved from /opt/airflow/dags/config.py
[2026-03-21T22:32:49.737+0000] {processor.py:183} INFO - Processing /opt/airflow/dags/config.py took 0.041 seconds
[2026-03-21T22:33:20.666+0000] {processor.py:161} INFO - Started process (PID=736) to work on /opt/airflow/dags/config.py
[2026-03-21T22:33:20.668+0000] {processor.py:830} INFO - Processing file /opt/airflow/dags/config.py for tasks to queue
[2026-03-21T22:33:20.671+0000] {logging_mixin.py:188} INFO - [2026-03-21T22:33:20.670+0000] {dagbag.py:545} INFO - Filling up the DagBag from /opt/airflow/dags/config.py
[2026-03-21T22:33:20.673+0000] {processor.py:842} WARNING - No viable dags retrieved from /opt/airflow/dags/config.py
[2026-03-21T22:33:20.707+0000] {processor.py:183} INFO - Processing /opt/airflow/dags/config.py took 0.050 seconds
[2026-03-21T22:33:50.817+0000] {processor.py:161} INFO - Started process (PID=746) to work on /opt/airflow/dags/config.py
[2026-03-21T22:33:50.819+0000] {processor.py:830} INFO - Processing file /opt/airflow/dags/config.py for tasks to queue
[2026-03-21T22:33:50.830+0000] {logging_mixin.py:188} INFO - [2026-03-21T22:33:50.830+0000] {dagbag.py:545} INFO - Filling up the DagBag from /opt/airflow/dags/config.py
[2026-03-21T22:33:50.833+0000] {processor.py:842} WARNING - No viable dags retrieved from /opt/airflow/dags/config.py
[2026-03-21T22:33:50.855+0000] {processor.py:183} INFO - Processing /opt/airflow/dags/config.py took 0.046 seconds
[2026-03-21T22:34:20.926+0000] {processor.py:161} INFO - Started process (PID=756) to work on /opt/airflow/dags/config.py
[2026-03-21T22:34:20.927+0000] {processor.py:830} INFO - Processing file /opt/airflow/dags/config.py for tasks to queue
[2026-03-21T22:34:20.929+0000] {logging_mixin.py:188} INFO - [2026-03-21T22:34:20.929+0000] {dagbag.py:545} INFO - Filling up the DagBag from /opt/airflow/dags/config.py
[2026-03-21T22:34:20.931+0000] {processor.py:842} WARNING - No viable dags retrieved from /opt/airflow/dags/config.py
[2026-03-21T22:34:20.956+0000] {processor.py:183} INFO - Processing /opt/airflow/dags/config.py took 0.042 seconds
[2026-03-21T22:34:51.087+0000] {processor.py:161} INFO - Started process (PID=766) to work on /opt/airflow/dags/config.py
[2026-03-21T22:34:51.088+0000] {processor.py:830} INFO - Processing file /opt/airflow/dags/config.py for tasks to queue
[2026-03-21T22:34:51.091+0000] {logging_mixin.py:188} INFO - [2026-03-21T22:34:51.090+0000] {dagbag.py:545} INFO - Filling up the DagBag from /opt/airflow/dags/config.py
[2026-03-21T22:34:51.093+0000] {processor.py:842} WARNING - No viable dags retrieved from /opt/airflow/dags/config.py
[2026-03-21T22:34:51.117+0000] {processor.py:183} INFO - Processing /opt/airflow/dags/config.py took 0.038 seconds
[2026-03-21T22:35:22.056+0000] {processor.py:161} INFO - Started process (PID=776) to work on /opt/airflow/dags/config.py
[2026-03-21T22:35:22.073+0000] {processor.py:830} INFO - Processing file /opt/airflow/dags/config.py for tasks to queue
[2026-03-21T22:35:22.075+0000] {logging_mixin.py:188} INFO - [2026-03-21T22:35:22.075+0000] {dagbag.py:545} INFO - Filling up the DagBag from /opt/airflow/dags/config.py
[2026-03-21T22:35:22.091+0000] {processor.py:842} WARNING - No viable dags retrieved from /opt/airflow/dags/config.py
[2026-03-21T22:35:22.133+0000] {processor.py:183} INFO - Processing /opt/airflow/dags/config.py took 0.085 seconds
[2026-03-21T22:35:52.259+0000] {processor.py:161} INFO - Started process (PID=786) to work on /opt/airflow/dags/config.py
[2026-03-21T22:35:52.260+0000] {processor.py:830} INFO - Processing file /opt/airflow/dags/config.py for tasks to queue
[2026-03-21T22:35:52.263+0000] {logging_mixin.py:188} INFO - [2026-03-21T22:35:52.263+0000] {dagbag.py:545} INFO - Filling up the DagBag from /opt/airflow/dags/config.py
[2026-03-21T22:35:52.265+0000] {processor.py:842} WARNING - No viable dags retrieved from /opt/airflow/dags/config.py
[2026-03-21T22:35:52.288+0000] {processor.py:183} INFO - Processing /opt/airflow/dags/config.py took 0.036 seconds
[2026-03-21T22:36:22.358+0000] {processor.py:161} INFO - Started process (PID=796) to work on /opt/airflow/dags/config.py
[2026-03-21T22:36:22.359+0000] {processor.py:830} INFO - Processing file /opt/airflow/dags/config.py for tasks to queue
[2026-03-21T22:36:22.362+0000] {logging_mixin.py:188} INFO - [2026-03-21T22:36:22.362+0000] {dagbag.py:545} INFO - Filling up the DagBag from /opt/airflow/dags/config.py
[2026-03-21T22:36:22.365+0000] {processor.py:842} WARNING - No viable dags retrieved from /opt/airflow/dags/config.py
[2026-03-21T22:36:22.390+0000] {processor.py:183} INFO - Processing /opt/airflow/dags/config.py took 0.040 seconds
[2026-03-21T22:36:52.473+0000] {processor.py:161} INFO - Started process (PID=806) to work on /opt/airflow/dags/config.py
[2026-03-21T22:36:52.474+0000] {processor.py:830} INFO - Processing file /opt/airflow/dags/config.py for tasks to queue
[2026-03-21T22:36:52.477+0000] {logging_mixin.py:188} INFO - [2026-03-21T22:36:52.476+0000] {dagbag.py:545} INFO - Filling up the DagBag from /opt/airflow/dags/config.py
[2026-03-21T22:36:52.479+0000] {processor.py:842} WARNING - No viable dags retrieved from /opt/airflow/dags/config.py
[2026-03-21T22:36:52.502+0000] {processor.py:183} INFO - Processing /opt/airflow/dags/config.py took 0.036 seconds
[2026-03-21T22:37:22.551+0000] {processor.py:161} INFO - Started process (PID=816) to work on /opt/airflow/dags/config.py
[2026-03-21T22:37:22.553+0000] {processor.py:830} INFO - Processing file /opt/airflow/dags/config.py for tasks to queue
[2026-03-21T22:37:22.558+0000] {logging_mixin.py:188} INFO - [2026-03-21T22:37:22.557+0000] {dagbag.py:545} INFO - Filling up the DagBag from /opt/airflow/dags/config.py
[2026-03-21T22:37:22.561+0000] {processor.py:842} WARNING - No viable dags retrieved from /opt/airflow/dags/config.py
[2026-03-21T22:37:22.582+0000] {processor.py:183} INFO - Processing /opt/airflow/dags/config.py took 0.038 seconds
[2026-03-21T22:37:52.641+0000] {processor.py:161} INFO - Started process (PID=826) to work on /opt/airflow/dags/config.py
[2026-03-21T22:37:52.642+0000] {processor.py:830} INFO - Processing file /opt/airflow/dags/config.py for tasks to queue
[2026-03-21T22:37:52.645+0000] {logging_mixin.py:188} INFO - [2026-03-21T22:37:52.644+0000] {dagbag.py:545} INFO - Filling up the DagBag from /opt/airflow/dags/config.py
[2026-03-21T22:37:52.648+0000] {processor.py:842} WARNING - No viable dags retrieved from /opt/airflow/dags/config.py
[2026-03-21T22:37:52.669+0000] {processor.py:183} INFO - Processing /opt/airflow/dags/config.py took 0.035 seconds
[2026-03-21T22:38:22.758+0000] {processor.py:161} INFO - Started process (PID=836) to work on /opt/airflow/dags/config.py
[2026-03-21T22:38:22.760+0000] {processor.py:830} INFO - Processing file /opt/airflow/dags/config.py for tasks to queue
[2026-03-21T22:38:22.764+0000] {logging_mixin.py:188} INFO - [2026-03-21T22:38:22.763+0000] {dagbag.py:545} INFO - Filling up the DagBag from /opt/airflow/dags/config.py
[2026-03-21T22:38:22.767+0000] {processor.py:842} WARNING - No viable dags retrieved from /opt/airflow/dags/config.py
[2026-03-21T22:38:22.800+0000] {processor.py:183} INFO - Processing /opt/airflow/dags/config.py took 0.050 seconds
[2026-03-21T22:38:52.945+0000] {processor.py:161} INFO - Started process (PID=846) to work on /opt/airflow/dags/config.py
[2026-03-21T22:38:52.946+0000] {processor.py:830} INFO - Processing file /opt/airflow/dags/config.py for tasks to queue
[2026-03-21T22:38:52.949+0000] {logging_mixin.py:188} INFO - [2026-03-21T22:38:52.948+0000] {dagbag.py:545} INFO - Filling up the DagBag from /opt/airflow/dags/config.py
[2026-03-21T22:38:52.953+0000] {processor.py:842} WARNING - No viable dags retrieved from /opt/airflow/dags/config.py
[2026-03-21T22:38:52.988+0000] {processor.py:183} INFO - Processing /opt/airflow/dags/config.py took 0.054 seconds
[2026-03-21T22:39:23.991+0000] {processor.py:161} INFO - Started process (PID=856) to work on /opt/airflow/dags/config.py
[2026-03-21T22:39:23.993+0000] {processor.py:830} INFO - Processing file /opt/airflow/dags/config.py for tasks to queue
[2026-03-21T22:39:23.995+0000] {logging_mixin.py:188} INFO - [2026-03-21T22:39:23.995+0000] {dagbag.py:545} INFO - Filling up the DagBag from /opt/airflow/dags/config.py
[2026-03-21T22:39:24.001+0000] {processor.py:842} WARNING - No viable dags retrieved from /opt/airflow/dags/config.py
[2026-03-21T22:39:24.026+0000] {processor.py:183} INFO - Processing /opt/airflow/dags/config.py took 0.043 seconds
[2026-03-21T22:39:54.995+0000] {processor.py:161} INFO - Started process (PID=866) to work on /opt/airflow/dags/config.py
[2026-03-21T22:39:54.997+0000] {processor.py:830} INFO - Processing file /opt/airflow/dags/config.py for tasks to queue
[2026-03-21T22:39:55.000+0000] {logging_mixin.py:188} INFO - [2026-03-21T22:39:54.999+0000] {dagbag.py:545} INFO - Filling up the DagBag from /opt/airflow/dags/config.py
[2026-03-21T22:39:55.003+0000] {processor.py:842} WARNING - No viable dags retrieved from /opt/airflow/dags/config.py
[2026-03-21T22:39:55.026+0000] {processor.py:183} INFO - Processing /opt/airflow/dags/config.py took 0.044 seconds
[2026-03-21T22:40:26.052+0000] {processor.py:161} INFO - Started process (PID=876) to work on /opt/airflow/dags/config.py
[2026-03-21T22:40:26.054+0000] {processor.py:830} INFO - Processing file /opt/airflow/dags/config.py for tasks to queue
[2026-03-21T22:40:26.057+0000] {logging_mixin.py:188} INFO - [2026-03-21T22:40:26.056+0000] {dagbag.py:545} INFO - Filling up the DagBag from /opt/airflow/dags/config.py
[2026-03-21T22:40:26.059+0000] {processor.py:842} WARNING - No viable dags retrieved from /opt/airflow/dags/config.py
[2026-03-21T22:40:26.094+0000] {processor.py:183} INFO - Processing /opt/airflow/dags/config.py took 0.053 seconds
[2026-03-21T22:40:56.272+0000] {processor.py:161} INFO - Started process (PID=886) to work on /opt/airflow/dags/config.py
[2026-03-21T22:40:56.274+0000] {processor.py:830} INFO - Processing file /opt/airflow/dags/config.py for tasks to queue
[2026-03-21T22:40:56.278+0000] {logging_mixin.py:188} INFO - [2026-03-21T22:40:56.277+0000] {dagbag.py:545} INFO - Filling up the DagBag from /opt/airflow/dags/config.py
[2026-03-21T22:40:56.281+0000] {processor.py:842} WARNING - No viable dags retrieved from /opt/airflow/dags/config.py
[2026-03-21T22:40:56.309+0000] {processor.py:183} INFO - Processing /opt/airflow/dags/config.py took 0.046 seconds
[2026-03-21T22:41:27.284+0000] {processor.py:161} INFO - Started process (PID=896) to work on /opt/airflow/dags/config.py
[2026-03-21T22:41:27.287+0000] {processor.py:830} INFO - Processing file /opt/airflow/dags/config.py for tasks to queue
[2026-03-21T22:41:27.290+0000] {logging_mixin.py:188} INFO - [2026-03-21T22:41:27.290+0000] {dagbag.py:545} INFO - Filling up the DagBag from /opt/airflow/dags/config.py
[2026-03-21T22:41:27.293+0000] {processor.py:842} WARNING - No viable dags retrieved from /opt/airflow/dags/config.py
[2026-03-21T22:41:27.315+0000] {processor.py:183} INFO - Processing /opt/airflow/dags/config.py took 0.040 seconds
[2026-03-21T22:41:58.317+0000] {processor.py:161} INFO - Started process (PID=906) to work on /opt/airflow/dags/config.py
[2026-03-21T22:41:58.318+0000] {processor.py:830} INFO - Processing file /opt/airflow/dags/config.py for tasks to queue
[2026-03-21T22:41:58.320+0000] {logging_mixin.py:188} INFO - [2026-03-21T22:41:58.320+0000] {dagbag.py:545} INFO - Filling up the DagBag from /opt/airflow/dags/config.py
[2026-03-21T22:41:58.323+0000] {processor.py:842} WARNING - No viable dags retrieved from /opt/airflow/dags/config.py
[2026-03-21T22:41:58.344+0000] {processor.py:183} INFO - Processing /opt/airflow/dags/config.py took 0.035 seconds
[2026-03-21T22:42:28.462+0000] {processor.py:161} INFO - Started process (PID=916) to work on /opt/airflow/dags/config.py
[2026-03-21T22:42:28.464+0000] {processor.py:830} INFO - Processing file /opt/airflow/dags/config.py for tasks to queue
[2026-03-21T22:42:28.467+0000] {logging_mixin.py:188} INFO - [2026-03-21T22:42:28.466+0000] {dagbag.py:545} INFO - Filling up the DagBag from /opt/airflow/dags/config.py
[2026-03-21T22:42:28.469+0000] {processor.py:842} WARNING - No viable dags retrieved from /opt/airflow/dags/config.py
[2026-03-21T22:42:28.491+0000] {processor.py:183} INFO - Processing /opt/airflow/dags/config.py took 0.037 seconds
[2026-03-21T22:42:59.466+0000] {processor.py:161} INFO - Started process (PID=926) to work on /opt/airflow/dags/config.py
[2026-03-21T22:42:59.467+0000] {processor.py:830} INFO - Processing file /opt/airflow/dags/config.py for tasks to queue
[2026-03-21T22:42:59.469+0000] {logging_mixin.py:188} INFO - [2026-03-21T22:42:59.469+0000] {dagbag.py:545} INFO - Filling up the DagBag from /opt/airflow/dags/config.py
[2026-03-21T22:42:59.471+0000] {processor.py:842} WARNING - No viable dags retrieved from /opt/airflow/dags/config.py
[2026-03-21T22:42:59.494+0000] {processor.py:183} INFO - Processing /opt/airflow/dags/config.py took 0.038 seconds
[2026-03-21T22:43:30.484+0000] {processor.py:161} INFO - Started process (PID=936) to work on /opt/airflow/dags/config.py
[2026-03-21T22:43:30.485+0000] {processor.py:830} INFO - Processing file /opt/airflow/dags/config.py for tasks to queue
[2026-03-21T22:43:30.487+0000] {logging_mixin.py:188} INFO - [2026-03-21T22:43:30.487+0000] {dagbag.py:545} INFO - Filling up the DagBag from /opt/airflow/dags/config.py
[2026-03-21T22:43:30.490+0000] {processor.py:842} WARNING - No viable dags retrieved from /opt/airflow/dags/config.py
[2026-03-21T22:43:30.511+0000] {processor.py:183} INFO - Processing /opt/airflow/dags/config.py took 0.039 seconds
[2026-03-21T22:44:01.540+0000] {processor.py:161} INFO - Started process (PID=946) to work on /opt/airflow/dags/config.py
[2026-03-21T22:44:01.541+0000] {processor.py:830} INFO - Processing file /opt/airflow/dags/config.py for tasks to queue
[2026-03-21T22:44:01.543+0000] {logging_mixin.py:188} INFO - [2026-03-21T22:44:01.543+0000] {dagbag.py:545} INFO - Filling up the DagBag from /opt/airflow/dags/config.py
[2026-03-21T22:44:01.546+0000] {processor.py:842} WARNING - No viable dags retrieved from /opt/airflow/dags/config.py
[2026-03-21T22:44:01.569+0000] {processor.py:183} INFO - Processing /opt/airflow/dags/config.py took 0.036 seconds
[2026-03-21T22:44:32.508+0000] {processor.py:161} INFO - Started process (PID=956) to work on /opt/airflow/dags/config.py
[2026-03-21T22:44:32.510+0000] {processor.py:830} INFO - Processing file /opt/airflow/dags/config.py for tasks to queue
[2026-03-21T22:44:32.512+0000] {logging_mixin.py:188} INFO - [2026-03-21T22:44:32.512+0000] {dagbag.py:545} INFO - Filling up the DagBag from /opt/airflow/dags/config.py
[2026-03-21T22:44:32.514+0000] {processor.py:842} WARNING - No viable dags retrieved from /opt/airflow/dags/config.py
[2026-03-21T22:44:32.537+0000] {processor.py:183} INFO - Processing /opt/airflow/dags/config.py took 0.036 seconds
[2026-03-21T22:45:02.603+0000] {processor.py:161} INFO - Started process (PID=966) to work on /opt/airflow/dags/config.py
[2026-03-21T22:45:02.604+0000] {processor.py:830} INFO - Processing file /opt/airflow/dags/config.py for tasks to queue
[2026-03-21T22:45:02.609+0000] {logging_mixin.py:188} INFO - [2026-03-21T22:45:02.607+0000] {dagbag.py:545} INFO - Filling up the DagBag from /opt/airflow/dags/config.py
[2026-03-21T22:45:02.613+0000] {processor.py:842} WARNING - No viable dags retrieved from /opt/airflow/dags/config.py
[2026-03-21T22:45:02.632+0000] {processor.py:183} INFO - Processing /opt/airflow/dags/config.py took 0.036 seconds
[2026-03-21T22:45:33.628+0000] {processor.py:161} INFO - Started process (PID=976) to work on /opt/airflow/dags/config.py
[2026-03-21T22:45:33.630+0000] {processor.py:830} INFO - Processing file /opt/airflow/dags/config.py for tasks to queue
[2026-03-21T22:45:33.632+0000] {logging_mixin.py:188} INFO - [2026-03-21T22:45:33.632+0000] {dagbag.py:545} INFO - Filling up the DagBag from /opt/airflow/dags/config.py
[2026-03-21T22:45:33.635+0000] {processor.py:842} WARNING - No viable dags retrieved from /opt/airflow/dags/config.py
[2026-03-21T22:45:33.655+0000] {processor.py:183} INFO - Processing /opt/airflow/dags/config.py took 0.038 seconds
[2026-03-21T22:46:04.645+0000] {processor.py:161} INFO - Started process (PID=986) to work on /opt/airflow/dags/config.py
[2026-03-21T22:46:04.646+0000] {processor.py:830} INFO - Processing file /opt/airflow/dags/config.py for tasks to queue
[2026-03-21T22:46:04.650+0000] {logging_mixin.py:188} INFO - [2026-03-21T22:46:04.649+0000] {dagbag.py:545} INFO - Filling up the DagBag from /opt/airflow/dags/config.py
[2026-03-21T22:46:04.653+0000] {processor.py:842} WARNING - No viable dags retrieved from /opt/airflow/dags/config.py
[2026-03-21T22:46:04.673+0000] {processor.py:183} INFO - Processing /opt/airflow/dags/config.py took 0.035 seconds
[2026-03-21T22:46:34.764+0000] {processor.py:161} INFO - Started process (PID=996) to work on /opt/airflow/dags/config.py
[2026-03-21T22:46:34.766+0000] {processor.py:830} INFO - Processing file /opt/airflow/dags/config.py for tasks to queue
[2026-03-21T22:46:34.768+0000] {logging_mixin.py:188} INFO - [2026-03-21T22:46:34.768+0000] {dagbag.py:545} INFO - Filling up the DagBag from /opt/airflow/dags/config.py
[2026-03-21T22:46:34.772+0000] {processor.py:842} WARNING - No viable dags retrieved from /opt/airflow/dags/config.py
[2026-03-21T22:46:34.793+0000] {processor.py:183} INFO - Processing /opt/airflow/dags/config.py took 0.037 seconds
[2026-03-21T22:47:05.771+0000] {processor.py:161} INFO - Started process (PID=1006) to work on /opt/airflow/dags/config.py
[2026-03-21T22:47:05.772+0000] {processor.py:830} INFO - Processing file /opt/airflow/dags/config.py for tasks to queue
[2026-03-21T22:47:05.774+0000] {logging_mixin.py:188} INFO - [2026-03-21T22:47:05.774+0000] {dagbag.py:545} INFO - Filling up the DagBag from /opt/airflow/dags/config.py
[2026-03-21T22:47:05.777+0000] {processor.py:842} WARNING - No viable dags retrieved from /opt/airflow/dags/config.py
[2026-03-21T22:47:05.795+0000] {processor.py:183} INFO - Processing /opt/airflow/dags/config.py took 0.035 seconds
[2026-03-21T22:47:36.822+0000] {processor.py:161} INFO - Started process (PID=1016) to work on /opt/airflow/dags/config.py
[2026-03-21T22:47:36.828+0000] {processor.py:830} INFO - Processing file /opt/airflow/dags/config.py for tasks to queue
[2026-03-21T22:47:36.830+0000] {logging_mixin.py:188} INFO - [2026-03-21T22:47:36.830+0000] {dagbag.py:545} INFO - Filling up the DagBag from /opt/airflow/dags/config.py
[2026-03-21T22:47:36.833+0000] {processor.py:842} WARNING - No viable dags retrieved from /opt/airflow/dags/config.py
[2026-03-21T22:47:36.852+0000] {processor.py:183} INFO - Processing /opt/airflow/dags/config.py took 0.038 seconds
[2026-03-21T22:48:06.969+0000] {processor.py:161} INFO - Started process (PID=1026) to work on /opt/airflow/dags/config.py
[2026-03-21T22:48:06.969+0000] {processor.py:830} INFO - Processing file /opt/airflow/dags/config.py for tasks to queue
[2026-03-21T22:48:06.971+0000] {logging_mixin.py:188} INFO - [2026-03-21T22:48:06.971+0000] {dagbag.py:545} INFO - Filling up the DagBag from /opt/airflow/dags/config.py
[2026-03-21T22:48:06.974+0000] {processor.py:842} WARNING - No viable dags retrieved from /opt/airflow/dags/config.py
[2026-03-21T22:48:06.996+0000] {processor.py:183} INFO - Processing /opt/airflow/dags/config.py took 0.035 seconds
[2026-03-21T22:48:38.043+0000] {processor.py:161} INFO - Started process (PID=1036) to work on /opt/airflow/dags/config.py
[2026-03-21T22:48:38.046+0000] {processor.py:830} INFO - Processing file /opt/airflow/dags/config.py for tasks to queue
[2026-03-21T22:48:38.049+0000] {logging_mixin.py:188} INFO - [2026-03-21T22:48:38.048+0000] {dagbag.py:545} INFO - Filling up the DagBag from /opt/airflow/dags/config.py
[2026-03-21T22:48:38.051+0000] {processor.py:842} WARNING - No viable dags retrieved from /opt/airflow/dags/config.py
[2026-03-21T22:48:38.071+0000] {processor.py:183} INFO - Processing /opt/airflow/dags/config.py took 0.035 seconds
[2026-03-21T22:49:09.069+0000] {processor.py:161} INFO - Started process (PID=1046) to work on /opt/airflow/dags/config.py
[2026-03-21T22:49:09.070+0000] {processor.py:830} INFO - Processing file /opt/airflow/dags/config.py for tasks to queue
[2026-03-21T22:49:09.075+0000] {logging_mixin.py:188} INFO - [2026-03-21T22:49:09.074+0000] {dagbag.py:545} INFO - Filling up the DagBag from /opt/airflow/dags/config.py
[2026-03-21T22:49:09.078+0000] {processor.py:842} WARNING - No viable dags retrieved from /opt/airflow/dags/config.py
[2026-03-21T22:49:09.098+0000] {processor.py:183} INFO - Processing /opt/airflow/dags/config.py took 0.036 seconds
[2026-03-21T22:49:40.087+0000] {processor.py:161} INFO - Started process (PID=1056) to work on /opt/airflow/dags/config.py
[2026-03-21T22:49:40.089+0000] {processor.py:830} INFO - Processing file /opt/airflow/dags/config.py for tasks to queue
[2026-03-21T22:49:40.093+0000] {logging_mixin.py:188} INFO - [2026-03-21T22:49:40.092+0000] {dagbag.py:545} INFO - Filling up the DagBag from /opt/airflow/dags/config.py
[2026-03-21T22:49:40.096+0000] {processor.py:842} WARNING - No viable dags retrieved from /opt/airflow/dags/config.py
[2026-03-21T22:49:40.116+0000] {processor.py:183} INFO - Processing /opt/airflow/dags/config.py took 0.036 seconds
[2026-03-21T22:50:10.278+0000] {processor.py:161} INFO - Started process (PID=1066) to work on /opt/airflow/dags/config.py
[2026-03-21T22:50:10.279+0000] {processor.py:830} INFO - Processing file /opt/airflow/dags/config.py for tasks to queue
[2026-03-21T22:50:10.281+0000] {logging_mixin.py:188} INFO - [2026-03-21T22:50:10.281+0000] {dagbag.py:545} INFO - Filling up the DagBag from /opt/airflow/dags/config.py
[2026-03-21T22:50:10.286+0000] {processor.py:842} WARNING - No viable dags retrieved from /opt/airflow/dags/config.py
[2026-03-21T22:50:10.306+0000] {processor.py:183} INFO - Processing /opt/airflow/dags/config.py took 0.035 seconds
[2026-03-21T22:50:41.299+0000] {processor.py:161} INFO - Started process (PID=1076) to work on /opt/airflow/dags/config.py
[2026-03-21T22:50:41.318+0000] {processor.py:830} INFO - Processing file /opt/airflow/dags/config.py for tasks to queue
[2026-03-21T22:50:41.320+0000] {logging_mixin.py:188} INFO - [2026-03-21T22:50:41.320+0000] {dagbag.py:545} INFO - Filling up the DagBag from /opt/airflow/dags/config.py
[2026-03-21T22:50:41.322+0000] {processor.py:842} WARNING - No viable dags retrieved from /opt/airflow/dags/config.py
[2026-03-21T22:50:41.343+0000] {processor.py:183} INFO - Processing /opt/airflow/dags/config.py took 0.051 seconds
[2026-03-21T22:51:12.367+0000] {processor.py:161} INFO - Started process (PID=1086) to work on /opt/airflow/dags/config.py
[2026-03-21T22:51:12.367+0000] {processor.py:830} INFO - Processing file /opt/airflow/dags/config.py for tasks to queue
[2026-03-21T22:51:12.370+0000] {logging_mixin.py:188} INFO - [2026-03-21T22:51:12.369+0000] {dagbag.py:545} INFO - Filling up the DagBag from /opt/airflow/dags/config.py
[2026-03-21T22:51:12.373+0000] {processor.py:842} WARNING - No viable dags retrieved from /opt/airflow/dags/config.py
[2026-03-21T22:51:12.393+0000] {processor.py:183} INFO - Processing /opt/airflow/dags/config.py took 0.034 seconds
[2026-03-21T22:51:43.396+0000] {processor.py:161} INFO - Started process (PID=1096) to work on /opt/airflow/dags/config.py
[2026-03-21T22:51:43.398+0000] {processor.py:830} INFO - Processing file /opt/airflow/dags/config.py for tasks to queue
[2026-03-21T22:51:43.402+0000] {logging_mixin.py:188} INFO - [2026-03-21T22:51:43.401+0000] {dagbag.py:545} INFO - Filling up the DagBag from /opt/airflow/dags/config.py
[2026-03-21T22:51:43.406+0000] {processor.py:842} WARNING - No viable dags retrieved from /opt/airflow/dags/config.py
[2026-03-21T22:51:43.437+0000] {processor.py:183} INFO - Processing /opt/airflow/dags/config.py took 0.050 seconds
[2026-03-21T22:52:13.507+0000] {processor.py:161} INFO - Started process (PID=1106) to work on /opt/airflow/dags/config.py
[2026-03-21T22:52:13.508+0000] {processor.py:830} INFO - Processing file /opt/airflow/dags/config.py for tasks to queue
[2026-03-21T22:52:13.511+0000] {logging_mixin.py:188} INFO - [2026-03-21T22:52:13.511+0000] {dagbag.py:545} INFO - Filling up the DagBag from /opt/airflow/dags/config.py
[2026-03-21T22:52:13.516+0000] {processor.py:842} WARNING - No viable dags retrieved from /opt/airflow/dags/config.py
[2026-03-21T22:52:13.542+0000] {processor.py:183} INFO - Processing /opt/airflow/dags/config.py took 0.049 seconds
[2026-03-21T22:52:44.575+0000] {processor.py:161} INFO - Started process (PID=1116) to work on /opt/airflow/dags/config.py
[2026-03-21T22:52:44.576+0000] {processor.py:830} INFO - Processing file /opt/airflow/dags/config.py for tasks to queue
[2026-03-21T22:52:44.580+0000] {logging_mixin.py:188} INFO - [2026-03-21T22:52:44.579+0000] {dagbag.py:545} INFO - Filling up the DagBag from /opt/airflow/dags/config.py
[2026-03-21T22:52:44.583+0000] {processor.py:842} WARNING - No viable dags retrieved from /opt/airflow/dags/config.py
[2026-03-21T22:52:44.602+0000] {processor.py:183} INFO - Processing /opt/airflow/dags/config.py took 0.035 seconds
[2026-03-21T22:53:15.631+0000] {processor.py:161} INFO - Started process (PID=1126) to work on /opt/airflow/dags/config.py
[2026-03-21T22:53:15.633+0000] {processor.py:830} INFO - Processing file /opt/airflow/dags/config.py for tasks to queue
[2026-03-21T22:53:15.635+0000] {logging_mixin.py:188} INFO - [2026-03-21T22:53:15.635+0000] {dagbag.py:545} INFO - Filling up the DagBag from /opt/airflow/dags/config.py
[2026-03-21T22:53:15.638+0000] {processor.py:842} WARNING - No viable dags retrieved from /opt/airflow/dags/config.py
[2026-03-21T22:53:15.659+0000] {processor.py:183} INFO - Processing /opt/airflow/dags/config.py took 0.040 seconds
[2026-03-21T22:53:46.688+0000] {processor.py:161} INFO - Started process (PID=1136) to work on /opt/airflow/dags/config.py
[2026-03-21T22:53:46.690+0000] {processor.py:830} INFO - Processing file /opt/airflow/dags/config.py for tasks to queue
[2026-03-21T22:53:46.698+0000] {logging_mixin.py:188} INFO - [2026-03-21T22:53:46.697+0000] {dagbag.py:545} INFO - Filling up the DagBag from /opt/airflow/dags/config.py
[2026-03-21T22:53:46.701+0000] {processor.py:842} WARNING - No viable dags retrieved from /opt/airflow/dags/config.py
[2026-03-21T22:53:46.722+0000] {processor.py:183} INFO - Processing /opt/airflow/dags/config.py took 0.041 seconds
[2026-03-21T22:54:16.838+0000] {processor.py:161} INFO - Started process (PID=1146) to work on /opt/airflow/dags/config.py
[2026-03-21T22:54:16.839+0000] {processor.py:830} INFO - Processing file /opt/airflow/dags/config.py for tasks to queue
[2026-03-21T22:54:16.841+0000] {logging_mixin.py:188} INFO - [2026-03-21T22:54:16.841+0000] {dagbag.py:545} INFO - Filling up the DagBag from /opt/airflow/dags/config.py
[2026-03-21T22:54:16.844+0000] {processor.py:842} WARNING - No viable dags retrieved from /opt/airflow/dags/config.py
[2026-03-21T22:54:16.864+0000] {processor.py:183} INFO - Processing /opt/airflow/dags/config.py took 0.033 seconds
[2026-03-21T22:54:47.897+0000] {processor.py:161} INFO - Started process (PID=1156) to work on /opt/airflow/dags/config.py
[2026-03-21T22:54:47.898+0000] {processor.py:830} INFO - Processing file /opt/airflow/dags/config.py for tasks to queue
[2026-03-21T22:54:47.901+0000] {logging_mixin.py:188} INFO - [2026-03-21T22:54:47.900+0000] {dagbag.py:545} INFO - Filling up the DagBag from /opt/airflow/dags/config.py
[2026-03-21T22:54:47.904+0000] {processor.py:842} WARNING - No viable dags retrieved from /opt/airflow/dags/config.py
[2026-03-21T22:54:47.925+0000] {processor.py:183} INFO - Processing /opt/airflow/dags/config.py took 0.035 seconds
[2026-03-21T22:55:18.967+0000] {processor.py:161} INFO - Started process (PID=1166) to work on /opt/airflow/dags/config.py
[2026-03-21T22:55:18.968+0000] {processor.py:830} INFO - Processing file /opt/airflow/dags/config.py for tasks to queue
[2026-03-21T22:55:18.970+0000] {logging_mixin.py:188} INFO - [2026-03-21T22:55:18.969+0000] {dagbag.py:545} INFO - Filling up the DagBag from /opt/airflow/dags/config.py
[2026-03-21T22:55:18.973+0000] {processor.py:842} WARNING - No viable dags retrieved from /opt/airflow/dags/config.py
[2026-03-21T22:55:18.993+0000] {processor.py:183} INFO - Processing /opt/airflow/dags/config.py took 0.034 seconds
[2026-03-21T22:55:49.151+0000] {processor.py:161} INFO - Started process (PID=1176) to work on /opt/airflow/dags/config.py
[2026-03-21T22:55:49.152+0000] {processor.py:830} INFO - Processing file /opt/airflow/dags/config.py for tasks to queue
[2026-03-21T22:55:49.158+0000] {logging_mixin.py:188} INFO - [2026-03-21T22:55:49.157+0000] {dagbag.py:545} INFO - Filling up the DagBag from /opt/airflow/dags/config.py
[2026-03-21T22:55:49.161+0000] {processor.py:842} WARNING - No viable dags retrieved from /opt/airflow/dags/config.py
[2026-03-21T22:55:49.180+0000] {processor.py:183} INFO - Processing /opt/airflow/dags/config.py took 0.037 seconds
[2026-03-21T22:56:20.181+0000] {processor.py:161} INFO - Started process (PID=1186) to work on /opt/airflow/dags/config.py
[2026-03-21T22:56:20.182+0000] {processor.py:830} INFO - Processing file /opt/airflow/dags/config.py for tasks to queue
[2026-03-21T22:56:20.184+0000] {logging_mixin.py:188} INFO - [2026-03-21T22:56:20.184+0000] {dagbag.py:545} INFO - Filling up the DagBag from /opt/airflow/dags/config.py
[2026-03-21T22:56:20.186+0000] {processor.py:842} WARNING - No viable dags retrieved from /opt/airflow/dags/config.py
[2026-03-21T22:56:20.206+0000] {processor.py:183} INFO - Processing /opt/airflow/dags/config.py took 0.034 seconds
[2026-03-21T22:56:51.219+0000] {processor.py:161} INFO - Started process (PID=1196) to work on /opt/airflow/dags/config.py
[2026-03-21T22:56:51.220+0000] {processor.py:830} INFO - Processing file /opt/airflow/dags/config.py for tasks to queue
[2026-03-21T22:56:51.222+0000] {logging_mixin.py:188} INFO - [2026-03-21T22:56:51.222+0000] {dagbag.py:545} INFO - Filling up the DagBag from /opt/airflow/dags/config.py
[2026-03-21T22:56:51.225+0000] {processor.py:842} WARNING - No viable dags retrieved from /opt/airflow/dags/config.py
[2026-03-21T22:56:51.248+0000] {processor.py:183} INFO - Processing /opt/airflow/dags/config.py took 0.039 seconds
[2026-03-21T22:57:22.265+0000] {processor.py:161} INFO - Started process (PID=1206) to work on /opt/airflow/dags/config.py
[2026-03-21T22:57:22.267+0000] {processor.py:830} INFO - Processing file /opt/airflow/dags/config.py for tasks to queue
[2026-03-21T22:57:22.269+0000] {logging_mixin.py:188} INFO - [2026-03-21T22:57:22.268+0000] {dagbag.py:545} INFO - Filling up the DagBag from /opt/airflow/dags/config.py
[2026-03-21T22:57:22.272+0000] {processor.py:842} WARNING - No viable dags retrieved from /opt/airflow/dags/config.py
[2026-03-21T22:57:22.294+0000] {processor.py:183} INFO - Processing /opt/airflow/dags/config.py took 0.041 seconds
[2026-03-21T22:57:53.270+0000] {processor.py:161} INFO - Started process (PID=1211) to work on /opt/airflow/dags/config.py
[2026-03-21T22:57:53.272+0000] {processor.py:830} INFO - Processing file /opt/airflow/dags/config.py for tasks to queue
[2026-03-21T22:57:53.274+0000] {logging_mixin.py:188} INFO - [2026-03-21T22:57:53.273+0000] {dagbag.py:545} INFO - Filling up the DagBag from /opt/airflow/dags/config.py
[2026-03-21T22:57:53.279+0000] {processor.py:842} WARNING - No viable dags retrieved from /opt/airflow/dags/config.py
[2026-03-21T22:57:53.308+0000] {processor.py:183} INFO - Processing /opt/airflow/dags/config.py took 0.052 seconds
[2026-03-21T22:58:23.351+0000] {processor.py:161} INFO - Started process (PID=1216) to work on /opt/airflow/dags/config.py
[2026-03-21T22:58:23.353+0000] {processor.py:830} INFO - Processing file /opt/airflow/dags/config.py for tasks to queue
[2026-03-21T22:58:23.354+0000] {logging_mixin.py:188} INFO - [2026-03-21T22:58:23.354+0000] {dagbag.py:545} INFO - Filling up the DagBag from /opt/airflow/dags/config.py
[2026-03-21T22:58:23.356+0000] {processor.py:842} WARNING - No viable dags retrieved from /opt/airflow/dags/config.py
[2026-03-21T22:58:23.379+0000] {processor.py:183} INFO - Processing /opt/airflow/dags/config.py took 0.037 seconds
[2026-03-21T22:58:54.307+0000] {processor.py:161} INFO - Started process (PID=1221) to work on /opt/airflow/dags/config.py
[2026-03-21T22:58:54.308+0000] {processor.py:830} INFO - Processing file /opt/airflow/dags/config.py for tasks to queue
[2026-03-21T22:58:54.309+0000] {logging_mixin.py:188} INFO - [2026-03-21T22:58:54.309+0000] {dagbag.py:545} INFO - Filling up the DagBag from /opt/airflow/dags/config.py
[2026-03-21T22:58:54.313+0000] {processor.py:842} WARNING - No viable dags retrieved from /opt/airflow/dags/config.py
[2026-03-21T22:58:54.336+0000] {processor.py:183} INFO - Processing /opt/airflow/dags/config.py took 0.036 seconds
[2026-03-21T22:59:25.333+0000] {processor.py:161} INFO - Started process (PID=1226) to work on /opt/airflow/dags/config.py
[2026-03-21T22:59:25.335+0000] {processor.py:830} INFO - Processing file /opt/airflow/dags/config.py for tasks to queue
[2026-03-21T22:59:25.337+0000] {logging_mixin.py:188} INFO - [2026-03-21T22:59:25.336+0000] {dagbag.py:545} INFO - Filling up the DagBag from /opt/airflow/dags/config.py
[2026-03-21T22:59:25.339+0000] {processor.py:842} WARNING - No viable dags retrieved from /opt/airflow/dags/config.py
[2026-03-21T22:59:25.362+0000] {processor.py:183} INFO - Processing /opt/airflow/dags/config.py took 0.036 seconds
[2026-03-21T22:59:56.334+0000] {processor.py:161} INFO - Started process (PID=1231) to work on /opt/airflow/dags/config.py
[2026-03-21T22:59:56.337+0000] {processor.py:830} INFO - Processing file /opt/airflow/dags/config.py for tasks to queue
[2026-03-21T22:59:56.339+0000] {logging_mixin.py:188} INFO - [2026-03-21T22:59:56.338+0000] {dagbag.py:545} INFO - Filling up the DagBag from /opt/airflow/dags/config.py
[2026-03-21T22:59:56.342+0000] {processor.py:842} WARNING - No viable dags retrieved from /opt/airflow/dags/config.py
[2026-03-21T22:59:56.361+0000] {processor.py:183} INFO - Processing /opt/airflow/dags/config.py took 0.035 seconds
[2026-03-21T23:00:27.202+0000] {processor.py:161} INFO - Started process (PID=1241) to work on /opt/airflow/dags/config.py
[2026-03-21T23:00:27.203+0000] {processor.py:830} INFO - Processing file /opt/airflow/dags/config.py for tasks to queue
[2026-03-21T23:00:27.205+0000] {logging_mixin.py:188} INFO - [2026-03-21T23:00:27.204+0000] {dagbag.py:545} INFO - Filling up the DagBag from /opt/airflow/dags/config.py
[2026-03-21T23:00:27.208+0000] {processor.py:842} WARNING - No viable dags retrieved from /opt/airflow/dags/config.py
[2026-03-21T23:00:27.231+0000] {processor.py:183} INFO - Processing /opt/airflow/dags/config.py took 0.036 seconds
[2026-03-21T23:00:58.229+0000] {processor.py:161} INFO - Started process (PID=1251) to work on /opt/airflow/dags/config.py
[2026-03-21T23:00:58.231+0000] {processor.py:830} INFO - Processing file /opt/airflow/dags/config.py for tasks to queue
[2026-03-21T23:00:58.232+0000] {logging_mixin.py:188} INFO - [2026-03-21T23:00:58.231+0000] {dagbag.py:545} INFO - Filling up the DagBag from /opt/airflow/dags/config.py
[2026-03-21T23:00:58.236+0000] {processor.py:842} WARNING - No viable dags retrieved from /opt/airflow/dags/config.py
[2026-03-21T23:00:58.255+0000] {processor.py:183} INFO - Processing /opt/airflow/dags/config.py took 0.034 seconds
[2026-03-21T23:01:28.378+0000] {processor.py:161} INFO - Started process (PID=1261) to work on /opt/airflow/dags/config.py
[2026-03-21T23:01:28.380+0000] {processor.py:830} INFO - Processing file /opt/airflow/dags/config.py for tasks to queue
[2026-03-21T23:01:28.384+0000] {logging_mixin.py:188} INFO - [2026-03-21T23:01:28.383+0000] {dagbag.py:545} INFO - Filling up the DagBag from /opt/airflow/dags/config.py
[2026-03-21T23:01:28.387+0000] {processor.py:842} WARNING - No viable dags retrieved from /opt/airflow/dags/config.py
[2026-03-21T23:01:28.409+0000] {processor.py:183} INFO - Processing /opt/airflow/dags/config.py took 0.038 seconds
[2026-03-21T23:01:59.441+0000] {processor.py:161} INFO - Started process (PID=1271) to work on /opt/airflow/dags/config.py
[2026-03-21T23:01:59.442+0000] {processor.py:830} INFO - Processing file /opt/airflow/dags/config.py for tasks to queue
[2026-03-21T23:01:59.444+0000] {logging_mixin.py:188} INFO - [2026-03-21T23:01:59.443+0000] {dagbag.py:545} INFO - Filling up the DagBag from /opt/airflow/dags/config.py
[2026-03-21T23:01:59.448+0000] {processor.py:842} WARNING - No viable dags retrieved from /opt/airflow/dags/config.py
[2026-03-21T23:01:59.470+0000] {processor.py:183} INFO - Processing /opt/airflow/dags/config.py took 0.036 seconds
[2026-03-21T23:02:30.514+0000] {processor.py:161} INFO - Started process (PID=1281) to work on /opt/airflow/dags/config.py
[2026-03-21T23:02:30.532+0000] {processor.py:830} INFO - Processing file /opt/airflow/dags/config.py for tasks to queue
[2026-03-21T23:02:30.533+0000] {logging_mixin.py:188} INFO - [2026-03-21T23:02:30.533+0000] {dagbag.py:545} INFO - Filling up the DagBag from /opt/airflow/dags/config.py
[2026-03-21T23:02:30.536+0000] {processor.py:842} WARNING - No viable dags retrieved from /opt/airflow/dags/config.py
[2026-03-21T23:02:30.556+0000] {processor.py:183} INFO - Processing /opt/airflow/dags/config.py took 0.052 seconds
[2026-03-21T23:03:01.569+0000] {processor.py:161} INFO - Started process (PID=1291) to work on /opt/airflow/dags/config.py
[2026-03-21T23:03:01.570+0000] {processor.py:830} INFO - Processing file /opt/airflow/dags/config.py for tasks to queue
[2026-03-21T23:03:01.571+0000] {logging_mixin.py:188} INFO - [2026-03-21T23:03:01.571+0000] {dagbag.py:545} INFO - Filling up the DagBag from /opt/airflow/dags/config.py
[2026-03-21T23:03:01.573+0000] {processor.py:842} WARNING - No viable dags retrieved from /opt/airflow/dags/config.py
[2026-03-21T23:03:01.593+0000] {processor.py:183} INFO - Processing /opt/airflow/dags/config.py took 0.033 seconds
[2026-03-21T23:03:31.728+0000] {processor.py:161} INFO - Started process (PID=1301) to work on /opt/airflow/dags/config.py
[2026-03-21T23:03:31.729+0000] {processor.py:830} INFO - Processing file /opt/airflow/dags/config.py for tasks to queue
[2026-03-21T23:03:31.730+0000] {logging_mixin.py:188} INFO - [2026-03-21T23:03:31.729+0000] {dagbag.py:545} INFO - Filling up the DagBag from /opt/airflow/dags/config.py
[2026-03-21T23:03:31.732+0000] {processor.py:842} WARNING - No viable dags retrieved from /opt/airflow/dags/config.py
[2026-03-21T23:03:31.753+0000] {processor.py:183} INFO - Processing /opt/airflow/dags/config.py took 0.035 seconds
[2026-03-21T23:04:02.776+0000] {processor.py:161} INFO - Started process (PID=1311) to work on /opt/airflow/dags/config.py
[2026-03-21T23:04:02.777+0000] {processor.py:830} INFO - Processing file /opt/airflow/dags/config.py for tasks to queue
[2026-03-21T23:04:02.778+0000] {logging_mixin.py:188} INFO - [2026-03-21T23:04:02.777+0000] {dagbag.py:545} INFO - Filling up the DagBag from /opt/airflow/dags/config.py
[2026-03-21T23:04:02.782+0000] {processor.py:842} WARNING - No viable dags retrieved from /opt/airflow/dags/config.py
[2026-03-21T23:04:02.810+0000] {processor.py:183} INFO - Processing /opt/airflow/dags/config.py took 0.041 seconds
[2026-03-21T23:04:33.853+0000] {processor.py:161} INFO - Started process (PID=1321) to work on /opt/airflow/dags/config.py
[2026-03-21T23:04:33.855+0000] {processor.py:830} INFO - Processing file /opt/airflow/dags/config.py for tasks to queue
[2026-03-21T23:04:33.856+0000] {logging_mixin.py:188} INFO - [2026-03-21T23:04:33.856+0000] {dagbag.py:545} INFO - Filling up the DagBag from /opt/airflow/dags/config.py
[2026-03-21T23:04:33.858+0000] {processor.py:842} WARNING - No viable dags retrieved from /opt/airflow/dags/config.py
[2026-03-21T23:04:33.879+0000] {processor.py:183} INFO - Processing /opt/airflow/dags/config.py took 0.035 seconds
[2026-03-21T23:05:04.924+0000] {processor.py:161} INFO - Started process (PID=1331) to work on /opt/airflow/dags/config.py
[2026-03-21T23:05:04.925+0000] {processor.py:830} INFO - Processing file /opt/airflow/dags/config.py for tasks to queue
[2026-03-21T23:05:04.926+0000] {logging_mixin.py:188} INFO - [2026-03-21T23:05:04.925+0000] {dagbag.py:545} INFO - Filling up the DagBag from /opt/airflow/dags/config.py
[2026-03-21T23:05:04.928+0000] {processor.py:842} WARNING - No viable dags retrieved from /opt/airflow/dags/config.py
[2026-03-21T23:05:04.948+0000] {processor.py:183} INFO - Processing /opt/airflow/dags/config.py took 0.035 seconds
[2026-03-21T23:05:35.074+0000] {processor.py:161} INFO - Started process (PID=1341) to work on /opt/airflow/dags/config.py
[2026-03-21T23:05:35.091+0000] {processor.py:830} INFO - Processing file /opt/airflow/dags/config.py for tasks to queue
[2026-03-21T23:05:35.092+0000] {logging_mixin.py:188} INFO - [2026-03-21T23:05:35.092+0000] {dagbag.py:545} INFO - Filling up the DagBag from /opt/airflow/dags/config.py
[2026-03-21T23:05:35.094+0000] {processor.py:842} WARNING - No viable dags retrieved from /opt/airflow/dags/config.py
[2026-03-21T23:05:35.115+0000] {processor.py:183} INFO - Processing /opt/airflow/dags/config.py took 0.049 seconds
[2026-03-21T23:06:13.457+0000] {processor.py:161} INFO - Started process (PID=1349) to work on /opt/airflow/dags/config.py
[2026-03-21T23:06:13.655+0000] {processor.py:830} INFO - Processing file /opt/airflow/dags/config.py for tasks to queue
[2026-03-21T23:06:13.873+0000] {logging_mixin.py:188} INFO - [2026-03-21T23:06:13.831+0000] {dagbag.py:545} INFO - Filling up the DagBag from /opt/airflow/dags/config.py
[2026-03-21T23:06:16.508+0000] {processor.py:842} WARNING - No viable dags retrieved from /opt/airflow/dags/config.py
[2026-03-21T23:06:17.812+0000] {processor.py:183} INFO - Processing /opt/airflow/dags/config.py took 8.119 seconds
