[2026-03-21T23:00:21.561+0000] {processor.py:161} INFO - Started process (PID=1236) to work on /opt/airflow/dags/extract_data_git_repo.py
[2026-03-21T23:00:21.562+0000] {processor.py:830} INFO - Processing file /opt/airflow/dags/extract_data_git_repo.py for tasks to queue
[2026-03-21T23:00:21.563+0000] {logging_mixin.py:188} INFO - [2026-03-21T23:00:21.563+0000] {dagbag.py:545} INFO - Filling up the DagBag from /opt/airflow/dags/extract_data_git_repo.py
[2026-03-21T23:00:21.586+0000] {processor.py:840} INFO - DAG(s) 'dag_enem_extraction' retrieved from /opt/airflow/dags/extract_data_git_repo.py
[2026-03-21T23:00:22.200+0000] {logging_mixin.py:188} INFO - [2026-03-21T23:00:22.200+0000] {dag.py:3096} INFO - Sync 1 DAGs
[2026-03-21T23:00:22.214+0000] {logging_mixin.py:188} INFO - [2026-03-21T23:00:22.213+0000] {dag.py:3954} INFO - Setting next_dagrun for dag_enem_extraction to None, run_after=None
[2026-03-21T23:00:22.254+0000] {processor.py:183} INFO - Processing /opt/airflow/dags/extract_data_git_repo.py took 0.705 seconds
[2026-03-21T23:00:52.365+0000] {processor.py:161} INFO - Started process (PID=1246) to work on /opt/airflow/dags/extract_data_git_repo.py
[2026-03-21T23:00:52.367+0000] {processor.py:830} INFO - Processing file /opt/airflow/dags/extract_data_git_repo.py for tasks to queue
[2026-03-21T23:00:52.369+0000] {logging_mixin.py:188} INFO - [2026-03-21T23:00:52.368+0000] {dagbag.py:545} INFO - Filling up the DagBag from /opt/airflow/dags/extract_data_git_repo.py
[2026-03-21T23:00:52.385+0000] {processor.py:840} INFO - DAG(s) 'dag_enem_extraction' retrieved from /opt/airflow/dags/extract_data_git_repo.py
[2026-03-21T23:00:52.429+0000] {logging_mixin.py:188} INFO - [2026-03-21T23:00:52.428+0000] {dag.py:3096} INFO - Sync 1 DAGs
[2026-03-21T23:00:52.445+0000] {logging_mixin.py:188} INFO - [2026-03-21T23:00:52.445+0000] {dag.py:3954} INFO - Setting next_dagrun for dag_enem_extraction to None, run_after=None
[2026-03-21T23:00:52.471+0000] {processor.py:183} INFO - Processing /opt/airflow/dags/extract_data_git_repo.py took 0.118 seconds
[2026-03-21T23:01:23.376+0000] {processor.py:161} INFO - Started process (PID=1256) to work on /opt/airflow/dags/extract_data_git_repo.py
[2026-03-21T23:01:23.394+0000] {processor.py:830} INFO - Processing file /opt/airflow/dags/extract_data_git_repo.py for tasks to queue
[2026-03-21T23:01:23.395+0000] {logging_mixin.py:188} INFO - [2026-03-21T23:01:23.395+0000] {dagbag.py:545} INFO - Filling up the DagBag from /opt/airflow/dags/extract_data_git_repo.py
[2026-03-21T23:01:23.407+0000] {processor.py:840} INFO - DAG(s) 'dag_enem_extraction' retrieved from /opt/airflow/dags/extract_data_git_repo.py
[2026-03-21T23:01:23.450+0000] {logging_mixin.py:188} INFO - [2026-03-21T23:01:23.450+0000] {dag.py:3096} INFO - Sync 1 DAGs
[2026-03-21T23:01:23.468+0000] {logging_mixin.py:188} INFO - [2026-03-21T23:01:23.468+0000] {dag.py:3954} INFO - Setting next_dagrun for dag_enem_extraction to None, run_after=None
[2026-03-21T23:01:23.498+0000] {processor.py:183} INFO - Processing /opt/airflow/dags/extract_data_git_repo.py took 0.129 seconds
[2026-03-21T23:01:53.571+0000] {processor.py:161} INFO - Started process (PID=1266) to work on /opt/airflow/dags/extract_data_git_repo.py
[2026-03-21T23:01:53.571+0000] {processor.py:830} INFO - Processing file /opt/airflow/dags/extract_data_git_repo.py for tasks to queue
[2026-03-21T23:01:53.572+0000] {logging_mixin.py:188} INFO - [2026-03-21T23:01:53.572+0000] {dagbag.py:545} INFO - Filling up the DagBag from /opt/airflow/dags/extract_data_git_repo.py
[2026-03-21T23:01:53.586+0000] {processor.py:840} INFO - DAG(s) 'dag_enem_extraction' retrieved from /opt/airflow/dags/extract_data_git_repo.py
[2026-03-21T23:01:53.630+0000] {logging_mixin.py:188} INFO - [2026-03-21T23:01:53.630+0000] {dag.py:3096} INFO - Sync 1 DAGs
[2026-03-21T23:01:53.650+0000] {logging_mixin.py:188} INFO - [2026-03-21T23:01:53.649+0000] {dag.py:3954} INFO - Setting next_dagrun for dag_enem_extraction to None, run_after=None
[2026-03-21T23:01:53.677+0000] {processor.py:183} INFO - Processing /opt/airflow/dags/extract_data_git_repo.py took 0.114 seconds
[2026-03-21T23:02:24.581+0000] {processor.py:161} INFO - Started process (PID=1276) to work on /opt/airflow/dags/extract_data_git_repo.py
[2026-03-21T23:02:24.582+0000] {processor.py:830} INFO - Processing file /opt/airflow/dags/extract_data_git_repo.py for tasks to queue
[2026-03-21T23:02:24.584+0000] {logging_mixin.py:188} INFO - [2026-03-21T23:02:24.583+0000] {dagbag.py:545} INFO - Filling up the DagBag from /opt/airflow/dags/extract_data_git_repo.py
[2026-03-21T23:02:24.598+0000] {processor.py:840} INFO - DAG(s) 'dag_enem_extraction' retrieved from /opt/airflow/dags/extract_data_git_repo.py
[2026-03-21T23:02:24.639+0000] {logging_mixin.py:188} INFO - [2026-03-21T23:02:24.638+0000] {dag.py:3096} INFO - Sync 1 DAGs
[2026-03-21T23:02:24.657+0000] {logging_mixin.py:188} INFO - [2026-03-21T23:02:24.657+0000] {dag.py:3954} INFO - Setting next_dagrun for dag_enem_extraction to None, run_after=None
[2026-03-21T23:02:24.683+0000] {processor.py:183} INFO - Processing /opt/airflow/dags/extract_data_git_repo.py took 0.111 seconds
[2026-03-21T23:02:55.667+0000] {processor.py:161} INFO - Started process (PID=1286) to work on /opt/airflow/dags/extract_data_git_repo.py
[2026-03-21T23:02:55.668+0000] {processor.py:830} INFO - Processing file /opt/airflow/dags/extract_data_git_repo.py for tasks to queue
[2026-03-21T23:02:55.670+0000] {logging_mixin.py:188} INFO - [2026-03-21T23:02:55.669+0000] {dagbag.py:545} INFO - Filling up the DagBag from /opt/airflow/dags/extract_data_git_repo.py
[2026-03-21T23:02:55.685+0000] {processor.py:840} INFO - DAG(s) 'dag_enem_extraction' retrieved from /opt/airflow/dags/extract_data_git_repo.py
[2026-03-21T23:02:55.731+0000] {logging_mixin.py:188} INFO - [2026-03-21T23:02:55.730+0000] {dag.py:3096} INFO - Sync 1 DAGs
[2026-03-21T23:02:55.750+0000] {logging_mixin.py:188} INFO - [2026-03-21T23:02:55.750+0000] {dag.py:3954} INFO - Setting next_dagrun for dag_enem_extraction to None, run_after=None
[2026-03-21T23:02:55.777+0000] {processor.py:183} INFO - Processing /opt/airflow/dags/extract_data_git_repo.py took 0.117 seconds
[2026-03-21T23:03:26.708+0000] {processor.py:161} INFO - Started process (PID=1296) to work on /opt/airflow/dags/extract_data_git_repo.py
[2026-03-21T23:03:26.725+0000] {processor.py:830} INFO - Processing file /opt/airflow/dags/extract_data_git_repo.py for tasks to queue
[2026-03-21T23:03:26.727+0000] {logging_mixin.py:188} INFO - [2026-03-21T23:03:26.726+0000] {dagbag.py:545} INFO - Filling up the DagBag from /opt/airflow/dags/extract_data_git_repo.py
[2026-03-21T23:03:26.747+0000] {processor.py:840} INFO - DAG(s) 'dag_enem_extraction' retrieved from /opt/airflow/dags/extract_data_git_repo.py
[2026-03-21T23:03:26.794+0000] {logging_mixin.py:188} INFO - [2026-03-21T23:03:26.793+0000] {dag.py:3096} INFO - Sync 1 DAGs
[2026-03-21T23:03:26.816+0000] {logging_mixin.py:188} INFO - [2026-03-21T23:03:26.816+0000] {dag.py:3954} INFO - Setting next_dagrun for dag_enem_extraction to None, run_after=None
[2026-03-21T23:03:26.842+0000] {processor.py:183} INFO - Processing /opt/airflow/dags/extract_data_git_repo.py took 0.143 seconds
[2026-03-21T23:03:56.909+0000] {processor.py:161} INFO - Started process (PID=1306) to work on /opt/airflow/dags/extract_data_git_repo.py
[2026-03-21T23:03:56.910+0000] {processor.py:830} INFO - Processing file /opt/airflow/dags/extract_data_git_repo.py for tasks to queue
[2026-03-21T23:03:56.911+0000] {logging_mixin.py:188} INFO - [2026-03-21T23:03:56.911+0000] {dagbag.py:545} INFO - Filling up the DagBag from /opt/airflow/dags/extract_data_git_repo.py
[2026-03-21T23:03:56.927+0000] {processor.py:840} INFO - DAG(s) 'dag_enem_extraction' retrieved from /opt/airflow/dags/extract_data_git_repo.py
[2026-03-21T23:03:56.974+0000] {logging_mixin.py:188} INFO - [2026-03-21T23:03:56.974+0000] {dag.py:3096} INFO - Sync 1 DAGs
[2026-03-21T23:03:56.994+0000] {logging_mixin.py:188} INFO - [2026-03-21T23:03:56.993+0000] {dag.py:3954} INFO - Setting next_dagrun for dag_enem_extraction to None, run_after=None
[2026-03-21T23:03:57.020+0000] {processor.py:183} INFO - Processing /opt/airflow/dags/extract_data_git_repo.py took 0.118 seconds
[2026-03-21T23:04:27.917+0000] {processor.py:161} INFO - Started process (PID=1316) to work on /opt/airflow/dags/extract_data_git_repo.py
[2026-03-21T23:04:27.918+0000] {processor.py:830} INFO - Processing file /opt/airflow/dags/extract_data_git_repo.py for tasks to queue
[2026-03-21T23:04:27.919+0000] {logging_mixin.py:188} INFO - [2026-03-21T23:04:27.919+0000] {dagbag.py:545} INFO - Filling up the DagBag from /opt/airflow/dags/extract_data_git_repo.py
[2026-03-21T23:04:27.937+0000] {processor.py:840} INFO - DAG(s) 'dag_enem_extraction' retrieved from /opt/airflow/dags/extract_data_git_repo.py
[2026-03-21T23:04:27.982+0000] {logging_mixin.py:188} INFO - [2026-03-21T23:04:27.982+0000] {dag.py:3096} INFO - Sync 1 DAGs
[2026-03-21T23:04:28.002+0000] {logging_mixin.py:188} INFO - [2026-03-21T23:04:28.002+0000] {dag.py:3954} INFO - Setting next_dagrun for dag_enem_extraction to None, run_after=None
[2026-03-21T23:04:28.029+0000] {processor.py:183} INFO - Processing /opt/airflow/dags/extract_data_git_repo.py took 0.122 seconds
[2026-03-21T23:04:58.989+0000] {processor.py:161} INFO - Started process (PID=1326) to work on /opt/airflow/dags/extract_data_git_repo.py
[2026-03-21T23:04:58.990+0000] {processor.py:830} INFO - Processing file /opt/airflow/dags/extract_data_git_repo.py for tasks to queue
[2026-03-21T23:04:58.992+0000] {logging_mixin.py:188} INFO - [2026-03-21T23:04:58.991+0000] {dagbag.py:545} INFO - Filling up the DagBag from /opt/airflow/dags/extract_data_git_repo.py
[2026-03-21T23:04:59.007+0000] {processor.py:840} INFO - DAG(s) 'dag_enem_extraction' retrieved from /opt/airflow/dags/extract_data_git_repo.py
[2026-03-21T23:04:59.052+0000] {logging_mixin.py:188} INFO - [2026-03-21T23:04:59.052+0000] {dag.py:3096} INFO - Sync 1 DAGs
[2026-03-21T23:04:59.072+0000] {logging_mixin.py:188} INFO - [2026-03-21T23:04:59.072+0000] {dag.py:3954} INFO - Setting next_dagrun for dag_enem_extraction to None, run_after=None
[2026-03-21T23:04:59.103+0000] {processor.py:183} INFO - Processing /opt/airflow/dags/extract_data_git_repo.py took 0.121 seconds
[2026-03-21T23:05:30.053+0000] {processor.py:161} INFO - Started process (PID=1336) to work on /opt/airflow/dags/extract_data_git_repo.py
[2026-03-21T23:05:30.070+0000] {processor.py:830} INFO - Processing file /opt/airflow/dags/extract_data_git_repo.py for tasks to queue
[2026-03-21T23:05:30.071+0000] {logging_mixin.py:188} INFO - [2026-03-21T23:05:30.071+0000] {dagbag.py:545} INFO - Filling up the DagBag from /opt/airflow/dags/extract_data_git_repo.py
[2026-03-21T23:05:30.087+0000] {processor.py:840} INFO - DAG(s) 'dag_enem_extraction' retrieved from /opt/airflow/dags/extract_data_git_repo.py
[2026-03-21T23:05:30.129+0000] {logging_mixin.py:188} INFO - [2026-03-21T23:05:30.129+0000] {dag.py:3096} INFO - Sync 1 DAGs
[2026-03-21T23:05:30.148+0000] {logging_mixin.py:188} INFO - [2026-03-21T23:05:30.148+0000] {dag.py:3954} INFO - Setting next_dagrun for dag_enem_extraction to None, run_after=None
[2026-03-21T23:05:30.179+0000] {processor.py:183} INFO - Processing /opt/airflow/dags/extract_data_git_repo.py took 0.133 seconds
[2026-03-21T23:06:04.479+0000] {processor.py:161} INFO - Started process (PID=1346) to work on /opt/airflow/dags/extract_data_git_repo.py
[2026-03-21T23:06:04.480+0000] {processor.py:830} INFO - Processing file /opt/airflow/dags/extract_data_git_repo.py for tasks to queue
[2026-03-21T23:06:04.481+0000] {logging_mixin.py:188} INFO - [2026-03-21T23:06:04.481+0000] {dagbag.py:545} INFO - Filling up the DagBag from /opt/airflow/dags/extract_data_git_repo.py
[2026-03-21T23:06:05.811+0000] {processor.py:840} INFO - DAG(s) 'dag_enem_extraction' retrieved from /opt/airflow/dags/extract_data_git_repo.py
[2026-03-21T23:06:13.405+0000] {logging_mixin.py:188} INFO - [2026-03-21T23:06:13.404+0000] {dag.py:3096} INFO - Sync 1 DAGs
[2026-03-21T23:06:15.351+0000] {logging_mixin.py:188} INFO - [2026-03-21T23:06:15.351+0000] {dag.py:3954} INFO - Setting next_dagrun for dag_enem_extraction to None, run_after=None
[2026-03-21T23:06:17.369+0000] {processor.py:183} INFO - Processing /opt/airflow/dags/extract_data_git_repo.py took 12.148 seconds
