[2026-03-14T23:03:08.225+0000] {processor.py:161} INFO - Started process (PID=93) to work on /home/airflow/.local/lib/python3.12/site-packages/airflow/example_dags/example_setup_teardown_taskflow.py
[2026-03-14T23:03:08.227+0000] {processor.py:830} INFO - Processing file /home/airflow/.local/lib/python3.12/site-packages/airflow/example_dags/example_setup_teardown_taskflow.py for tasks to queue
[2026-03-14T23:03:08.320+0000] {logging_mixin.py:188} INFO - [2026-03-14T23:03:08.260+0000] {dagbag.py:545} INFO - Filling up the DagBag from /home/airflow/.local/lib/python3.12/site-packages/airflow/example_dags/example_setup_teardown_taskflow.py
[2026-03-14T23:03:08.492+0000] {processor.py:840} INFO - DAG(s) 'example_setup_teardown_taskflow' retrieved from /home/airflow/.local/lib/python3.12/site-packages/airflow/example_dags/example_setup_teardown_taskflow.py
[2026-03-14T23:03:09.901+0000] {logging_mixin.py:188} INFO - [2026-03-14T23:03:09.894+0000] {dag.py:3096} INFO - Sync 1 DAGs
[2026-03-14T23:03:10.263+0000] {logging_mixin.py:188} INFO - [2026-03-14T23:03:10.262+0000] {dag.py:3954} INFO - Setting next_dagrun for example_setup_teardown_taskflow to 2026-03-13 00:00:00+00:00, run_after=2026-03-14 00:00:00+00:00
[2026-03-14T23:03:10.411+0000] {processor.py:183} INFO - Processing /home/airflow/.local/lib/python3.12/site-packages/airflow/example_dags/example_setup_teardown_taskflow.py took 2.195 seconds
[2026-03-14T23:03:45.892+0000] {processor.py:161} INFO - Started process (PID=151) to work on /home/airflow/.local/lib/python3.12/site-packages/airflow/example_dags/example_setup_teardown_taskflow.py
[2026-03-14T23:03:45.894+0000] {processor.py:830} INFO - Processing file /home/airflow/.local/lib/python3.12/site-packages/airflow/example_dags/example_setup_teardown_taskflow.py for tasks to queue
[2026-03-14T23:03:45.897+0000] {logging_mixin.py:188} INFO - [2026-03-14T23:03:45.897+0000] {dagbag.py:545} INFO - Filling up the DagBag from /home/airflow/.local/lib/python3.12/site-packages/airflow/example_dags/example_setup_teardown_taskflow.py
[2026-03-14T23:03:45.917+0000] {processor.py:840} INFO - DAG(s) 'example_setup_teardown_taskflow' retrieved from /home/airflow/.local/lib/python3.12/site-packages/airflow/example_dags/example_setup_teardown_taskflow.py
[2026-03-14T23:03:45.967+0000] {logging_mixin.py:188} INFO - [2026-03-14T23:03:45.967+0000] {dag.py:3096} INFO - Sync 1 DAGs
[2026-03-14T23:03:46.014+0000] {logging_mixin.py:188} INFO - [2026-03-14T23:03:46.013+0000] {dag.py:3954} INFO - Setting next_dagrun for example_setup_teardown_taskflow to 2026-03-13 00:00:00+00:00, run_after=2026-03-14 00:00:00+00:00
[2026-03-14T23:03:46.053+0000] {processor.py:183} INFO - Processing /home/airflow/.local/lib/python3.12/site-packages/airflow/example_dags/example_setup_teardown_taskflow.py took 0.171 seconds
[2026-03-14T23:04:16.626+0000] {processor.py:161} INFO - Started process (PID=209) to work on /home/airflow/.local/lib/python3.12/site-packages/airflow/example_dags/example_setup_teardown_taskflow.py
[2026-03-14T23:04:16.628+0000] {processor.py:830} INFO - Processing file /home/airflow/.local/lib/python3.12/site-packages/airflow/example_dags/example_setup_teardown_taskflow.py for tasks to queue
[2026-03-14T23:04:16.630+0000] {logging_mixin.py:188} INFO - [2026-03-14T23:04:16.630+0000] {dagbag.py:545} INFO - Filling up the DagBag from /home/airflow/.local/lib/python3.12/site-packages/airflow/example_dags/example_setup_teardown_taskflow.py
[2026-03-14T23:04:16.647+0000] {processor.py:840} INFO - DAG(s) 'example_setup_teardown_taskflow' retrieved from /home/airflow/.local/lib/python3.12/site-packages/airflow/example_dags/example_setup_teardown_taskflow.py
[2026-03-14T23:04:16.685+0000] {logging_mixin.py:188} INFO - [2026-03-14T23:04:16.684+0000] {dag.py:3096} INFO - Sync 1 DAGs
[2026-03-14T23:04:16.725+0000] {logging_mixin.py:188} INFO - [2026-03-14T23:04:16.725+0000] {dag.py:3954} INFO - Setting next_dagrun for example_setup_teardown_taskflow to 2026-03-13 00:00:00+00:00, run_after=2026-03-14 00:00:00+00:00
[2026-03-14T23:04:16.758+0000] {processor.py:183} INFO - Processing /home/airflow/.local/lib/python3.12/site-packages/airflow/example_dags/example_setup_teardown_taskflow.py took 0.145 seconds
[2026-03-14T23:04:47.114+0000] {processor.py:161} INFO - Started process (PID=267) to work on /home/airflow/.local/lib/python3.12/site-packages/airflow/example_dags/example_setup_teardown_taskflow.py
[2026-03-14T23:04:47.117+0000] {processor.py:830} INFO - Processing file /home/airflow/.local/lib/python3.12/site-packages/airflow/example_dags/example_setup_teardown_taskflow.py for tasks to queue
[2026-03-14T23:04:47.120+0000] {logging_mixin.py:188} INFO - [2026-03-14T23:04:47.120+0000] {dagbag.py:545} INFO - Filling up the DagBag from /home/airflow/.local/lib/python3.12/site-packages/airflow/example_dags/example_setup_teardown_taskflow.py
[2026-03-14T23:04:47.134+0000] {processor.py:840} INFO - DAG(s) 'example_setup_teardown_taskflow' retrieved from /home/airflow/.local/lib/python3.12/site-packages/airflow/example_dags/example_setup_teardown_taskflow.py
[2026-03-14T23:04:47.169+0000] {logging_mixin.py:188} INFO - [2026-03-14T23:04:47.168+0000] {dag.py:3096} INFO - Sync 1 DAGs
[2026-03-14T23:04:47.198+0000] {logging_mixin.py:188} INFO - [2026-03-14T23:04:47.197+0000] {dag.py:3954} INFO - Setting next_dagrun for example_setup_teardown_taskflow to 2026-03-13 00:00:00+00:00, run_after=2026-03-14 00:00:00+00:00
[2026-03-14T23:04:47.227+0000] {processor.py:183} INFO - Processing /home/airflow/.local/lib/python3.12/site-packages/airflow/example_dags/example_setup_teardown_taskflow.py took 0.121 seconds
[2026-03-14T23:05:17.610+0000] {processor.py:161} INFO - Started process (PID=326) to work on /home/airflow/.local/lib/python3.12/site-packages/airflow/example_dags/example_setup_teardown_taskflow.py
[2026-03-14T23:05:17.612+0000] {processor.py:830} INFO - Processing file /home/airflow/.local/lib/python3.12/site-packages/airflow/example_dags/example_setup_teardown_taskflow.py for tasks to queue
[2026-03-14T23:05:17.615+0000] {logging_mixin.py:188} INFO - [2026-03-14T23:05:17.615+0000] {dagbag.py:545} INFO - Filling up the DagBag from /home/airflow/.local/lib/python3.12/site-packages/airflow/example_dags/example_setup_teardown_taskflow.py
[2026-03-14T23:05:17.628+0000] {processor.py:840} INFO - DAG(s) 'example_setup_teardown_taskflow' retrieved from /home/airflow/.local/lib/python3.12/site-packages/airflow/example_dags/example_setup_teardown_taskflow.py
[2026-03-14T23:05:17.664+0000] {logging_mixin.py:188} INFO - [2026-03-14T23:05:17.663+0000] {dag.py:3096} INFO - Sync 1 DAGs
[2026-03-14T23:05:17.694+0000] {logging_mixin.py:188} INFO - [2026-03-14T23:05:17.694+0000] {dag.py:3954} INFO - Setting next_dagrun for example_setup_teardown_taskflow to 2026-03-13 00:00:00+00:00, run_after=2026-03-14 00:00:00+00:00
[2026-03-14T23:05:17.721+0000] {processor.py:183} INFO - Processing /home/airflow/.local/lib/python3.12/site-packages/airflow/example_dags/example_setup_teardown_taskflow.py took 0.118 seconds
[2026-03-14T23:05:48.539+0000] {processor.py:161} INFO - Started process (PID=384) to work on /home/airflow/.local/lib/python3.12/site-packages/airflow/example_dags/example_setup_teardown_taskflow.py
[2026-03-14T23:05:48.541+0000] {processor.py:830} INFO - Processing file /home/airflow/.local/lib/python3.12/site-packages/airflow/example_dags/example_setup_teardown_taskflow.py for tasks to queue
[2026-03-14T23:05:48.544+0000] {logging_mixin.py:188} INFO - [2026-03-14T23:05:48.544+0000] {dagbag.py:545} INFO - Filling up the DagBag from /home/airflow/.local/lib/python3.12/site-packages/airflow/example_dags/example_setup_teardown_taskflow.py
[2026-03-14T23:05:48.556+0000] {processor.py:840} INFO - DAG(s) 'example_setup_teardown_taskflow' retrieved from /home/airflow/.local/lib/python3.12/site-packages/airflow/example_dags/example_setup_teardown_taskflow.py
[2026-03-14T23:05:48.627+0000] {logging_mixin.py:188} INFO - [2026-03-14T23:05:48.626+0000] {dag.py:3096} INFO - Sync 1 DAGs
[2026-03-14T23:05:48.658+0000] {logging_mixin.py:188} INFO - [2026-03-14T23:05:48.657+0000] {dag.py:3954} INFO - Setting next_dagrun for example_setup_teardown_taskflow to 2026-03-13 00:00:00+00:00, run_after=2026-03-14 00:00:00+00:00
[2026-03-14T23:05:48.690+0000] {processor.py:183} INFO - Processing /home/airflow/.local/lib/python3.12/site-packages/airflow/example_dags/example_setup_teardown_taskflow.py took 0.160 seconds
[2026-03-14T23:06:18.972+0000] {processor.py:161} INFO - Started process (PID=440) to work on /home/airflow/.local/lib/python3.12/site-packages/airflow/example_dags/example_setup_teardown_taskflow.py
[2026-03-14T23:06:18.974+0000] {processor.py:830} INFO - Processing file /home/airflow/.local/lib/python3.12/site-packages/airflow/example_dags/example_setup_teardown_taskflow.py for tasks to queue
[2026-03-14T23:06:18.977+0000] {logging_mixin.py:188} INFO - [2026-03-14T23:06:18.977+0000] {dagbag.py:545} INFO - Filling up the DagBag from /home/airflow/.local/lib/python3.12/site-packages/airflow/example_dags/example_setup_teardown_taskflow.py
[2026-03-14T23:06:18.995+0000] {processor.py:840} INFO - DAG(s) 'example_setup_teardown_taskflow' retrieved from /home/airflow/.local/lib/python3.12/site-packages/airflow/example_dags/example_setup_teardown_taskflow.py
[2026-03-14T23:06:19.035+0000] {logging_mixin.py:188} INFO - [2026-03-14T23:06:19.035+0000] {dag.py:3096} INFO - Sync 1 DAGs
[2026-03-14T23:06:19.074+0000] {logging_mixin.py:188} INFO - [2026-03-14T23:06:19.074+0000] {dag.py:3954} INFO - Setting next_dagrun for example_setup_teardown_taskflow to 2026-03-13 00:00:00+00:00, run_after=2026-03-14 00:00:00+00:00
[2026-03-14T23:06:19.100+0000] {processor.py:183} INFO - Processing /home/airflow/.local/lib/python3.12/site-packages/airflow/example_dags/example_setup_teardown_taskflow.py took 0.143 seconds
[2026-03-14T23:06:49.171+0000] {processor.py:161} INFO - Started process (PID=498) to work on /home/airflow/.local/lib/python3.12/site-packages/airflow/example_dags/example_setup_teardown_taskflow.py
[2026-03-14T23:06:49.175+0000] {processor.py:830} INFO - Processing file /home/airflow/.local/lib/python3.12/site-packages/airflow/example_dags/example_setup_teardown_taskflow.py for tasks to queue
[2026-03-14T23:06:49.177+0000] {logging_mixin.py:188} INFO - [2026-03-14T23:06:49.177+0000] {dagbag.py:545} INFO - Filling up the DagBag from /home/airflow/.local/lib/python3.12/site-packages/airflow/example_dags/example_setup_teardown_taskflow.py
[2026-03-14T23:06:49.190+0000] {processor.py:840} INFO - DAG(s) 'example_setup_teardown_taskflow' retrieved from /home/airflow/.local/lib/python3.12/site-packages/airflow/example_dags/example_setup_teardown_taskflow.py
[2026-03-14T23:06:49.226+0000] {logging_mixin.py:188} INFO - [2026-03-14T23:06:49.226+0000] {dag.py:3096} INFO - Sync 1 DAGs
[2026-03-14T23:06:49.256+0000] {logging_mixin.py:188} INFO - [2026-03-14T23:06:49.256+0000] {dag.py:3954} INFO - Setting next_dagrun for example_setup_teardown_taskflow to 2026-03-13 00:00:00+00:00, run_after=2026-03-14 00:00:00+00:00
[2026-03-14T23:06:49.287+0000] {processor.py:183} INFO - Processing /home/airflow/.local/lib/python3.12/site-packages/airflow/example_dags/example_setup_teardown_taskflow.py took 0.124 seconds
[2026-03-14T23:07:19.984+0000] {processor.py:161} INFO - Started process (PID=556) to work on /home/airflow/.local/lib/python3.12/site-packages/airflow/example_dags/example_setup_teardown_taskflow.py
[2026-03-14T23:07:19.987+0000] {processor.py:830} INFO - Processing file /home/airflow/.local/lib/python3.12/site-packages/airflow/example_dags/example_setup_teardown_taskflow.py for tasks to queue
[2026-03-14T23:07:19.991+0000] {logging_mixin.py:188} INFO - [2026-03-14T23:07:19.990+0000] {dagbag.py:545} INFO - Filling up the DagBag from /home/airflow/.local/lib/python3.12/site-packages/airflow/example_dags/example_setup_teardown_taskflow.py
[2026-03-14T23:07:20.004+0000] {processor.py:840} INFO - DAG(s) 'example_setup_teardown_taskflow' retrieved from /home/airflow/.local/lib/python3.12/site-packages/airflow/example_dags/example_setup_teardown_taskflow.py
[2026-03-14T23:07:20.057+0000] {logging_mixin.py:188} INFO - [2026-03-14T23:07:20.057+0000] {dag.py:3096} INFO - Sync 1 DAGs
[2026-03-14T23:07:20.096+0000] {logging_mixin.py:188} INFO - [2026-03-14T23:07:20.095+0000] {dag.py:3954} INFO - Setting next_dagrun for example_setup_teardown_taskflow to 2026-03-13 00:00:00+00:00, run_after=2026-03-14 00:00:00+00:00
[2026-03-14T23:07:20.132+0000] {processor.py:183} INFO - Processing /home/airflow/.local/lib/python3.12/site-packages/airflow/example_dags/example_setup_teardown_taskflow.py took 0.156 seconds
[2026-03-14T23:07:50.578+0000] {processor.py:161} INFO - Started process (PID=614) to work on /home/airflow/.local/lib/python3.12/site-packages/airflow/example_dags/example_setup_teardown_taskflow.py
[2026-03-14T23:07:50.579+0000] {processor.py:830} INFO - Processing file /home/airflow/.local/lib/python3.12/site-packages/airflow/example_dags/example_setup_teardown_taskflow.py for tasks to queue
[2026-03-14T23:07:50.582+0000] {logging_mixin.py:188} INFO - [2026-03-14T23:07:50.581+0000] {dagbag.py:545} INFO - Filling up the DagBag from /home/airflow/.local/lib/python3.12/site-packages/airflow/example_dags/example_setup_teardown_taskflow.py
[2026-03-14T23:07:50.608+0000] {processor.py:840} INFO - DAG(s) 'example_setup_teardown_taskflow' retrieved from /home/airflow/.local/lib/python3.12/site-packages/airflow/example_dags/example_setup_teardown_taskflow.py
[2026-03-14T23:07:50.647+0000] {logging_mixin.py:188} INFO - [2026-03-14T23:07:50.647+0000] {dag.py:3096} INFO - Sync 1 DAGs
[2026-03-14T23:07:50.685+0000] {logging_mixin.py:188} INFO - [2026-03-14T23:07:50.684+0000] {dag.py:3954} INFO - Setting next_dagrun for example_setup_teardown_taskflow to 2026-03-13 00:00:00+00:00, run_after=2026-03-14 00:00:00+00:00
[2026-03-14T23:07:50.718+0000] {processor.py:183} INFO - Processing /home/airflow/.local/lib/python3.12/site-packages/airflow/example_dags/example_setup_teardown_taskflow.py took 0.149 seconds
[2026-03-14T23:08:21.176+0000] {processor.py:161} INFO - Started process (PID=672) to work on /home/airflow/.local/lib/python3.12/site-packages/airflow/example_dags/example_setup_teardown_taskflow.py
[2026-03-14T23:08:21.179+0000] {processor.py:830} INFO - Processing file /home/airflow/.local/lib/python3.12/site-packages/airflow/example_dags/example_setup_teardown_taskflow.py for tasks to queue
[2026-03-14T23:08:21.182+0000] {logging_mixin.py:188} INFO - [2026-03-14T23:08:21.181+0000] {dagbag.py:545} INFO - Filling up the DagBag from /home/airflow/.local/lib/python3.12/site-packages/airflow/example_dags/example_setup_teardown_taskflow.py
[2026-03-14T23:08:21.194+0000] {processor.py:840} INFO - DAG(s) 'example_setup_teardown_taskflow' retrieved from /home/airflow/.local/lib/python3.12/site-packages/airflow/example_dags/example_setup_teardown_taskflow.py
[2026-03-14T23:08:21.233+0000] {logging_mixin.py:188} INFO - [2026-03-14T23:08:21.233+0000] {dag.py:3096} INFO - Sync 1 DAGs
[2026-03-14T23:08:21.265+0000] {logging_mixin.py:188} INFO - [2026-03-14T23:08:21.265+0000] {dag.py:3954} INFO - Setting next_dagrun for example_setup_teardown_taskflow to 2026-03-13 00:00:00+00:00, run_after=2026-03-14 00:00:00+00:00
[2026-03-14T23:08:21.292+0000] {processor.py:183} INFO - Processing /home/airflow/.local/lib/python3.12/site-packages/airflow/example_dags/example_setup_teardown_taskflow.py took 0.124 seconds
[2026-03-14T23:08:51.602+0000] {processor.py:161} INFO - Started process (PID=730) to work on /home/airflow/.local/lib/python3.12/site-packages/airflow/example_dags/example_setup_teardown_taskflow.py
[2026-03-14T23:08:51.603+0000] {processor.py:830} INFO - Processing file /home/airflow/.local/lib/python3.12/site-packages/airflow/example_dags/example_setup_teardown_taskflow.py for tasks to queue
[2026-03-14T23:08:51.606+0000] {logging_mixin.py:188} INFO - [2026-03-14T23:08:51.605+0000] {dagbag.py:545} INFO - Filling up the DagBag from /home/airflow/.local/lib/python3.12/site-packages/airflow/example_dags/example_setup_teardown_taskflow.py
[2026-03-14T23:08:51.620+0000] {processor.py:840} INFO - DAG(s) 'example_setup_teardown_taskflow' retrieved from /home/airflow/.local/lib/python3.12/site-packages/airflow/example_dags/example_setup_teardown_taskflow.py
[2026-03-14T23:08:51.656+0000] {logging_mixin.py:188} INFO - [2026-03-14T23:08:51.655+0000] {dag.py:3096} INFO - Sync 1 DAGs
[2026-03-14T23:08:51.690+0000] {logging_mixin.py:188} INFO - [2026-03-14T23:08:51.690+0000] {dag.py:3954} INFO - Setting next_dagrun for example_setup_teardown_taskflow to 2026-03-13 00:00:00+00:00, run_after=2026-03-14 00:00:00+00:00
[2026-03-14T23:08:51.730+0000] {processor.py:183} INFO - Processing /home/airflow/.local/lib/python3.12/site-packages/airflow/example_dags/example_setup_teardown_taskflow.py took 0.138 seconds
[2026-03-14T23:09:22.573+0000] {processor.py:161} INFO - Started process (PID=788) to work on /home/airflow/.local/lib/python3.12/site-packages/airflow/example_dags/example_setup_teardown_taskflow.py
[2026-03-14T23:09:22.575+0000] {processor.py:830} INFO - Processing file /home/airflow/.local/lib/python3.12/site-packages/airflow/example_dags/example_setup_teardown_taskflow.py for tasks to queue
[2026-03-14T23:09:22.577+0000] {logging_mixin.py:188} INFO - [2026-03-14T23:09:22.577+0000] {dagbag.py:545} INFO - Filling up the DagBag from /home/airflow/.local/lib/python3.12/site-packages/airflow/example_dags/example_setup_teardown_taskflow.py
[2026-03-14T23:09:22.596+0000] {processor.py:840} INFO - DAG(s) 'example_setup_teardown_taskflow' retrieved from /home/airflow/.local/lib/python3.12/site-packages/airflow/example_dags/example_setup_teardown_taskflow.py
[2026-03-14T23:09:22.634+0000] {logging_mixin.py:188} INFO - [2026-03-14T23:09:22.634+0000] {dag.py:3096} INFO - Sync 1 DAGs
[2026-03-14T23:09:22.662+0000] {logging_mixin.py:188} INFO - [2026-03-14T23:09:22.662+0000] {dag.py:3954} INFO - Setting next_dagrun for example_setup_teardown_taskflow to 2026-03-13 00:00:00+00:00, run_after=2026-03-14 00:00:00+00:00
[2026-03-14T23:09:22.692+0000] {processor.py:183} INFO - Processing /home/airflow/.local/lib/python3.12/site-packages/airflow/example_dags/example_setup_teardown_taskflow.py took 0.130 seconds
