[2026-03-14T23:02:57.239+0000] {processor.py:161} INFO - Started process (PID=68) to work on /home/airflow/.local/lib/python3.12/site-packages/airflow/example_dags/example_xcomargs.py
[2026-03-14T23:02:57.241+0000] {processor.py:830} INFO - Processing file /home/airflow/.local/lib/python3.12/site-packages/airflow/example_dags/example_xcomargs.py for tasks to queue
[2026-03-14T23:02:57.246+0000] {logging_mixin.py:188} INFO - [2026-03-14T23:02:57.244+0000] {dagbag.py:545} INFO - Filling up the DagBag from /home/airflow/.local/lib/python3.12/site-packages/airflow/example_dags/example_xcomargs.py
[2026-03-14T23:02:57.268+0000] {processor.py:840} INFO - DAG(s) 'example_xcom_args_with_operators', 'example_xcom_args' retrieved from /home/airflow/.local/lib/python3.12/site-packages/airflow/example_dags/example_xcomargs.py
[2026-03-14T23:02:57.729+0000] {logging_mixin.py:188} INFO - [2026-03-14T23:02:57.729+0000] {dag.py:3096} INFO - Sync 2 DAGs
[2026-03-14T23:02:57.747+0000] {logging_mixin.py:188} INFO - [2026-03-14T23:02:57.746+0000] {dag.py:3954} INFO - Setting next_dagrun for example_xcom_args to None, run_after=None
[2026-03-14T23:02:57.753+0000] {logging_mixin.py:188} INFO - [2026-03-14T23:02:57.752+0000] {dag.py:3954} INFO - Setting next_dagrun for example_xcom_args_with_operators to None, run_after=None
[2026-03-14T23:02:57.782+0000] {processor.py:183} INFO - Processing /home/airflow/.local/lib/python3.12/site-packages/airflow/example_dags/example_xcomargs.py took 0.553 seconds
[2026-03-14T23:03:37.157+0000] {processor.py:161} INFO - Started process (PID=126) to work on /home/airflow/.local/lib/python3.12/site-packages/airflow/example_dags/example_xcomargs.py
[2026-03-14T23:03:37.161+0000] {processor.py:830} INFO - Processing file /home/airflow/.local/lib/python3.12/site-packages/airflow/example_dags/example_xcomargs.py for tasks to queue
[2026-03-14T23:03:37.166+0000] {logging_mixin.py:188} INFO - [2026-03-14T23:03:37.165+0000] {dagbag.py:545} INFO - Filling up the DagBag from /home/airflow/.local/lib/python3.12/site-packages/airflow/example_dags/example_xcomargs.py
[2026-03-14T23:03:37.257+0000] {processor.py:840} INFO - DAG(s) 'example_xcom_args_with_operators', 'example_xcom_args' retrieved from /home/airflow/.local/lib/python3.12/site-packages/airflow/example_dags/example_xcomargs.py
[2026-03-14T23:03:37.504+0000] {logging_mixin.py:188} INFO - [2026-03-14T23:03:37.503+0000] {dag.py:3096} INFO - Sync 2 DAGs
[2026-03-14T23:03:37.650+0000] {logging_mixin.py:188} INFO - [2026-03-14T23:03:37.650+0000] {dag.py:3954} INFO - Setting next_dagrun for example_xcom_args to None, run_after=None
[2026-03-14T23:03:37.676+0000] {logging_mixin.py:188} INFO - [2026-03-14T23:03:37.676+0000] {dag.py:3954} INFO - Setting next_dagrun for example_xcom_args_with_operators to None, run_after=None
[2026-03-14T23:03:37.818+0000] {processor.py:183} INFO - Processing /home/airflow/.local/lib/python3.12/site-packages/airflow/example_dags/example_xcomargs.py took 0.672 seconds
[2026-03-14T23:04:08.458+0000] {processor.py:161} INFO - Started process (PID=182) to work on /home/airflow/.local/lib/python3.12/site-packages/airflow/example_dags/example_xcomargs.py
[2026-03-14T23:04:08.460+0000] {processor.py:830} INFO - Processing file /home/airflow/.local/lib/python3.12/site-packages/airflow/example_dags/example_xcomargs.py for tasks to queue
[2026-03-14T23:04:08.463+0000] {logging_mixin.py:188} INFO - [2026-03-14T23:04:08.462+0000] {dagbag.py:545} INFO - Filling up the DagBag from /home/airflow/.local/lib/python3.12/site-packages/airflow/example_dags/example_xcomargs.py
[2026-03-14T23:04:08.474+0000] {processor.py:840} INFO - DAG(s) 'example_xcom_args', 'example_xcom_args_with_operators' retrieved from /home/airflow/.local/lib/python3.12/site-packages/airflow/example_dags/example_xcomargs.py
[2026-03-14T23:04:08.506+0000] {logging_mixin.py:188} INFO - [2026-03-14T23:04:08.506+0000] {dag.py:3096} INFO - Sync 2 DAGs
[2026-03-14T23:04:08.523+0000] {logging_mixin.py:188} INFO - [2026-03-14T23:04:08.523+0000] {dag.py:3954} INFO - Setting next_dagrun for example_xcom_args to None, run_after=None
[2026-03-14T23:04:08.528+0000] {logging_mixin.py:188} INFO - [2026-03-14T23:04:08.528+0000] {dag.py:3954} INFO - Setting next_dagrun for example_xcom_args_with_operators to None, run_after=None
[2026-03-14T23:04:08.549+0000] {processor.py:183} INFO - Processing /home/airflow/.local/lib/python3.12/site-packages/airflow/example_dags/example_xcomargs.py took 0.098 seconds
[2026-03-14T23:04:39.365+0000] {processor.py:161} INFO - Started process (PID=240) to work on /home/airflow/.local/lib/python3.12/site-packages/airflow/example_dags/example_xcomargs.py
[2026-03-14T23:04:39.367+0000] {processor.py:830} INFO - Processing file /home/airflow/.local/lib/python3.12/site-packages/airflow/example_dags/example_xcomargs.py for tasks to queue
[2026-03-14T23:04:39.371+0000] {logging_mixin.py:188} INFO - [2026-03-14T23:04:39.370+0000] {dagbag.py:545} INFO - Filling up the DagBag from /home/airflow/.local/lib/python3.12/site-packages/airflow/example_dags/example_xcomargs.py
[2026-03-14T23:04:39.390+0000] {processor.py:840} INFO - DAG(s) 'example_xcom_args', 'example_xcom_args_with_operators' retrieved from /home/airflow/.local/lib/python3.12/site-packages/airflow/example_dags/example_xcomargs.py
[2026-03-14T23:04:39.434+0000] {logging_mixin.py:188} INFO - [2026-03-14T23:04:39.432+0000] {dag.py:3096} INFO - Sync 2 DAGs
[2026-03-14T23:04:39.465+0000] {logging_mixin.py:188} INFO - [2026-03-14T23:04:39.465+0000] {dag.py:3954} INFO - Setting next_dagrun for example_xcom_args to None, run_after=None
[2026-03-14T23:04:39.472+0000] {logging_mixin.py:188} INFO - [2026-03-14T23:04:39.472+0000] {dag.py:3954} INFO - Setting next_dagrun for example_xcom_args_with_operators to None, run_after=None
[2026-03-14T23:04:39.520+0000] {processor.py:183} INFO - Processing /home/airflow/.local/lib/python3.12/site-packages/airflow/example_dags/example_xcomargs.py took 0.166 seconds
[2026-03-14T23:05:10.518+0000] {processor.py:161} INFO - Started process (PID=299) to work on /home/airflow/.local/lib/python3.12/site-packages/airflow/example_dags/example_xcomargs.py
[2026-03-14T23:05:10.523+0000] {processor.py:830} INFO - Processing file /home/airflow/.local/lib/python3.12/site-packages/airflow/example_dags/example_xcomargs.py for tasks to queue
[2026-03-14T23:05:10.529+0000] {logging_mixin.py:188} INFO - [2026-03-14T23:05:10.528+0000] {dagbag.py:545} INFO - Filling up the DagBag from /home/airflow/.local/lib/python3.12/site-packages/airflow/example_dags/example_xcomargs.py
[2026-03-14T23:05:10.551+0000] {processor.py:840} INFO - DAG(s) 'example_xcom_args_with_operators', 'example_xcom_args' retrieved from /home/airflow/.local/lib/python3.12/site-packages/airflow/example_dags/example_xcomargs.py
[2026-03-14T23:05:10.620+0000] {logging_mixin.py:188} INFO - [2026-03-14T23:05:10.620+0000] {dag.py:3096} INFO - Sync 2 DAGs
[2026-03-14T23:05:10.642+0000] {logging_mixin.py:188} INFO - [2026-03-14T23:05:10.641+0000] {dag.py:3954} INFO - Setting next_dagrun for example_xcom_args to None, run_after=None
[2026-03-14T23:05:10.647+0000] {logging_mixin.py:188} INFO - [2026-03-14T23:05:10.647+0000] {dag.py:3954} INFO - Setting next_dagrun for example_xcom_args_with_operators to None, run_after=None
[2026-03-14T23:05:10.677+0000] {processor.py:183} INFO - Processing /home/airflow/.local/lib/python3.12/site-packages/airflow/example_dags/example_xcomargs.py took 0.177 seconds
[2026-03-14T23:05:40.756+0000] {processor.py:161} INFO - Started process (PID=357) to work on /home/airflow/.local/lib/python3.12/site-packages/airflow/example_dags/example_xcomargs.py
[2026-03-14T23:05:40.758+0000] {processor.py:830} INFO - Processing file /home/airflow/.local/lib/python3.12/site-packages/airflow/example_dags/example_xcomargs.py for tasks to queue
[2026-03-14T23:05:40.761+0000] {logging_mixin.py:188} INFO - [2026-03-14T23:05:40.760+0000] {dagbag.py:545} INFO - Filling up the DagBag from /home/airflow/.local/lib/python3.12/site-packages/airflow/example_dags/example_xcomargs.py
[2026-03-14T23:05:40.771+0000] {processor.py:840} INFO - DAG(s) 'example_xcom_args_with_operators', 'example_xcom_args' retrieved from /home/airflow/.local/lib/python3.12/site-packages/airflow/example_dags/example_xcomargs.py
[2026-03-14T23:05:40.811+0000] {logging_mixin.py:188} INFO - [2026-03-14T23:05:40.811+0000] {dag.py:3096} INFO - Sync 2 DAGs
[2026-03-14T23:05:40.829+0000] {logging_mixin.py:188} INFO - [2026-03-14T23:05:40.828+0000] {dag.py:3954} INFO - Setting next_dagrun for example_xcom_args to None, run_after=None
[2026-03-14T23:05:40.833+0000] {logging_mixin.py:188} INFO - [2026-03-14T23:05:40.833+0000] {dag.py:3954} INFO - Setting next_dagrun for example_xcom_args_with_operators to None, run_after=None
[2026-03-14T23:05:40.862+0000] {processor.py:183} INFO - Processing /home/airflow/.local/lib/python3.12/site-packages/airflow/example_dags/example_xcomargs.py took 0.115 seconds
[2026-03-14T23:06:11.633+0000] {processor.py:161} INFO - Started process (PID=415) to work on /home/airflow/.local/lib/python3.12/site-packages/airflow/example_dags/example_xcomargs.py
[2026-03-14T23:06:11.635+0000] {processor.py:830} INFO - Processing file /home/airflow/.local/lib/python3.12/site-packages/airflow/example_dags/example_xcomargs.py for tasks to queue
[2026-03-14T23:06:11.637+0000] {logging_mixin.py:188} INFO - [2026-03-14T23:06:11.636+0000] {dagbag.py:545} INFO - Filling up the DagBag from /home/airflow/.local/lib/python3.12/site-packages/airflow/example_dags/example_xcomargs.py
[2026-03-14T23:06:11.648+0000] {processor.py:840} INFO - DAG(s) 'example_xcom_args_with_operators', 'example_xcom_args' retrieved from /home/airflow/.local/lib/python3.12/site-packages/airflow/example_dags/example_xcomargs.py
[2026-03-14T23:06:11.681+0000] {logging_mixin.py:188} INFO - [2026-03-14T23:06:11.681+0000] {dag.py:3096} INFO - Sync 2 DAGs
[2026-03-14T23:06:11.699+0000] {logging_mixin.py:188} INFO - [2026-03-14T23:06:11.699+0000] {dag.py:3954} INFO - Setting next_dagrun for example_xcom_args to None, run_after=None
[2026-03-14T23:06:11.704+0000] {logging_mixin.py:188} INFO - [2026-03-14T23:06:11.703+0000] {dag.py:3954} INFO - Setting next_dagrun for example_xcom_args_with_operators to None, run_after=None
[2026-03-14T23:06:11.729+0000] {processor.py:183} INFO - Processing /home/airflow/.local/lib/python3.12/site-packages/airflow/example_dags/example_xcomargs.py took 0.104 seconds
[2026-03-14T23:06:41.871+0000] {processor.py:161} INFO - Started process (PID=473) to work on /home/airflow/.local/lib/python3.12/site-packages/airflow/example_dags/example_xcomargs.py
[2026-03-14T23:06:41.887+0000] {processor.py:830} INFO - Processing file /home/airflow/.local/lib/python3.12/site-packages/airflow/example_dags/example_xcomargs.py for tasks to queue
[2026-03-14T23:06:41.890+0000] {logging_mixin.py:188} INFO - [2026-03-14T23:06:41.890+0000] {dagbag.py:545} INFO - Filling up the DagBag from /home/airflow/.local/lib/python3.12/site-packages/airflow/example_dags/example_xcomargs.py
[2026-03-14T23:06:41.903+0000] {processor.py:840} INFO - DAG(s) 'example_xcom_args', 'example_xcom_args_with_operators' retrieved from /home/airflow/.local/lib/python3.12/site-packages/airflow/example_dags/example_xcomargs.py
[2026-03-14T23:06:41.942+0000] {logging_mixin.py:188} INFO - [2026-03-14T23:06:41.942+0000] {dag.py:3096} INFO - Sync 2 DAGs
[2026-03-14T23:06:41.963+0000] {logging_mixin.py:188} INFO - [2026-03-14T23:06:41.962+0000] {dag.py:3954} INFO - Setting next_dagrun for example_xcom_args to None, run_after=None
[2026-03-14T23:06:41.968+0000] {logging_mixin.py:188} INFO - [2026-03-14T23:06:41.968+0000] {dag.py:3954} INFO - Setting next_dagrun for example_xcom_args_with_operators to None, run_after=None
[2026-03-14T23:06:41.992+0000] {processor.py:183} INFO - Processing /home/airflow/.local/lib/python3.12/site-packages/airflow/example_dags/example_xcomargs.py took 0.130 seconds
[2026-03-14T23:07:12.121+0000] {processor.py:161} INFO - Started process (PID=531) to work on /home/airflow/.local/lib/python3.12/site-packages/airflow/example_dags/example_xcomargs.py
[2026-03-14T23:07:12.123+0000] {processor.py:830} INFO - Processing file /home/airflow/.local/lib/python3.12/site-packages/airflow/example_dags/example_xcomargs.py for tasks to queue
[2026-03-14T23:07:12.125+0000] {logging_mixin.py:188} INFO - [2026-03-14T23:07:12.125+0000] {dagbag.py:545} INFO - Filling up the DagBag from /home/airflow/.local/lib/python3.12/site-packages/airflow/example_dags/example_xcomargs.py
[2026-03-14T23:07:12.141+0000] {processor.py:840} INFO - DAG(s) 'example_xcom_args', 'example_xcom_args_with_operators' retrieved from /home/airflow/.local/lib/python3.12/site-packages/airflow/example_dags/example_xcomargs.py
[2026-03-14T23:07:12.179+0000] {logging_mixin.py:188} INFO - [2026-03-14T23:07:12.179+0000] {dag.py:3096} INFO - Sync 2 DAGs
[2026-03-14T23:07:12.200+0000] {logging_mixin.py:188} INFO - [2026-03-14T23:07:12.200+0000] {dag.py:3954} INFO - Setting next_dagrun for example_xcom_args to None, run_after=None
[2026-03-14T23:07:12.206+0000] {logging_mixin.py:188} INFO - [2026-03-14T23:07:12.206+0000] {dag.py:3954} INFO - Setting next_dagrun for example_xcom_args_with_operators to None, run_after=None
[2026-03-14T23:07:12.238+0000] {processor.py:183} INFO - Processing /home/airflow/.local/lib/python3.12/site-packages/airflow/example_dags/example_xcomargs.py took 0.127 seconds
[2026-03-14T23:07:42.537+0000] {processor.py:161} INFO - Started process (PID=589) to work on /home/airflow/.local/lib/python3.12/site-packages/airflow/example_dags/example_xcomargs.py
[2026-03-14T23:07:42.538+0000] {processor.py:830} INFO - Processing file /home/airflow/.local/lib/python3.12/site-packages/airflow/example_dags/example_xcomargs.py for tasks to queue
[2026-03-14T23:07:42.541+0000] {logging_mixin.py:188} INFO - [2026-03-14T23:07:42.540+0000] {dagbag.py:545} INFO - Filling up the DagBag from /home/airflow/.local/lib/python3.12/site-packages/airflow/example_dags/example_xcomargs.py
[2026-03-14T23:07:42.552+0000] {processor.py:840} INFO - DAG(s) 'example_xcom_args', 'example_xcom_args_with_operators' retrieved from /home/airflow/.local/lib/python3.12/site-packages/airflow/example_dags/example_xcomargs.py
[2026-03-14T23:07:42.592+0000] {logging_mixin.py:188} INFO - [2026-03-14T23:07:42.592+0000] {dag.py:3096} INFO - Sync 2 DAGs
[2026-03-14T23:07:42.610+0000] {logging_mixin.py:188} INFO - [2026-03-14T23:07:42.610+0000] {dag.py:3954} INFO - Setting next_dagrun for example_xcom_args to None, run_after=None
[2026-03-14T23:07:42.616+0000] {logging_mixin.py:188} INFO - [2026-03-14T23:07:42.615+0000] {dag.py:3954} INFO - Setting next_dagrun for example_xcom_args_with_operators to None, run_after=None
[2026-03-14T23:07:42.655+0000] {processor.py:183} INFO - Processing /home/airflow/.local/lib/python3.12/site-packages/airflow/example_dags/example_xcomargs.py took 0.127 seconds
[2026-03-14T23:08:13.263+0000] {processor.py:161} INFO - Started process (PID=647) to work on /home/airflow/.local/lib/python3.12/site-packages/airflow/example_dags/example_xcomargs.py
[2026-03-14T23:08:13.266+0000] {processor.py:830} INFO - Processing file /home/airflow/.local/lib/python3.12/site-packages/airflow/example_dags/example_xcomargs.py for tasks to queue
[2026-03-14T23:08:13.270+0000] {logging_mixin.py:188} INFO - [2026-03-14T23:08:13.270+0000] {dagbag.py:545} INFO - Filling up the DagBag from /home/airflow/.local/lib/python3.12/site-packages/airflow/example_dags/example_xcomargs.py
[2026-03-14T23:08:13.282+0000] {processor.py:840} INFO - DAG(s) 'example_xcom_args_with_operators', 'example_xcom_args' retrieved from /home/airflow/.local/lib/python3.12/site-packages/airflow/example_dags/example_xcomargs.py
[2026-03-14T23:08:13.320+0000] {logging_mixin.py:188} INFO - [2026-03-14T23:08:13.319+0000] {dag.py:3096} INFO - Sync 2 DAGs
[2026-03-14T23:08:13.337+0000] {logging_mixin.py:188} INFO - [2026-03-14T23:08:13.337+0000] {dag.py:3954} INFO - Setting next_dagrun for example_xcom_args to None, run_after=None
[2026-03-14T23:08:13.342+0000] {logging_mixin.py:188} INFO - [2026-03-14T23:08:13.341+0000] {dag.py:3954} INFO - Setting next_dagrun for example_xcom_args_with_operators to None, run_after=None
[2026-03-14T23:08:13.369+0000] {processor.py:183} INFO - Processing /home/airflow/.local/lib/python3.12/site-packages/airflow/example_dags/example_xcomargs.py took 0.115 seconds
[2026-03-14T23:08:43.891+0000] {processor.py:161} INFO - Started process (PID=705) to work on /home/airflow/.local/lib/python3.12/site-packages/airflow/example_dags/example_xcomargs.py
[2026-03-14T23:08:43.893+0000] {processor.py:830} INFO - Processing file /home/airflow/.local/lib/python3.12/site-packages/airflow/example_dags/example_xcomargs.py for tasks to queue
[2026-03-14T23:08:43.896+0000] {logging_mixin.py:188} INFO - [2026-03-14T23:08:43.895+0000] {dagbag.py:545} INFO - Filling up the DagBag from /home/airflow/.local/lib/python3.12/site-packages/airflow/example_dags/example_xcomargs.py
[2026-03-14T23:08:43.906+0000] {processor.py:840} INFO - DAG(s) 'example_xcom_args_with_operators', 'example_xcom_args' retrieved from /home/airflow/.local/lib/python3.12/site-packages/airflow/example_dags/example_xcomargs.py
[2026-03-14T23:08:43.944+0000] {logging_mixin.py:188} INFO - [2026-03-14T23:08:43.943+0000] {dag.py:3096} INFO - Sync 2 DAGs
[2026-03-14T23:08:43.965+0000] {logging_mixin.py:188} INFO - [2026-03-14T23:08:43.964+0000] {dag.py:3954} INFO - Setting next_dagrun for example_xcom_args to None, run_after=None
[2026-03-14T23:08:43.970+0000] {logging_mixin.py:188} INFO - [2026-03-14T23:08:43.970+0000] {dag.py:3954} INFO - Setting next_dagrun for example_xcom_args_with_operators to None, run_after=None
[2026-03-14T23:08:43.999+0000] {processor.py:183} INFO - Processing /home/airflow/.local/lib/python3.12/site-packages/airflow/example_dags/example_xcomargs.py took 0.115 seconds
[2026-03-14T23:09:14.430+0000] {processor.py:161} INFO - Started process (PID=763) to work on /home/airflow/.local/lib/python3.12/site-packages/airflow/example_dags/example_xcomargs.py
[2026-03-14T23:09:14.432+0000] {processor.py:830} INFO - Processing file /home/airflow/.local/lib/python3.12/site-packages/airflow/example_dags/example_xcomargs.py for tasks to queue
[2026-03-14T23:09:14.435+0000] {logging_mixin.py:188} INFO - [2026-03-14T23:09:14.434+0000] {dagbag.py:545} INFO - Filling up the DagBag from /home/airflow/.local/lib/python3.12/site-packages/airflow/example_dags/example_xcomargs.py
[2026-03-14T23:09:14.451+0000] {processor.py:840} INFO - DAG(s) 'example_xcom_args', 'example_xcom_args_with_operators' retrieved from /home/airflow/.local/lib/python3.12/site-packages/airflow/example_dags/example_xcomargs.py
[2026-03-14T23:09:14.498+0000] {logging_mixin.py:188} INFO - [2026-03-14T23:09:14.498+0000] {dag.py:3096} INFO - Sync 2 DAGs
[2026-03-14T23:09:14.522+0000] {logging_mixin.py:188} INFO - [2026-03-14T23:09:14.522+0000] {dag.py:3954} INFO - Setting next_dagrun for example_xcom_args to None, run_after=None
[2026-03-14T23:09:14.528+0000] {logging_mixin.py:188} INFO - [2026-03-14T23:09:14.527+0000] {dag.py:3954} INFO - Setting next_dagrun for example_xcom_args_with_operators to None, run_after=None
[2026-03-14T23:09:14.565+0000] {processor.py:183} INFO - Processing /home/airflow/.local/lib/python3.12/site-packages/airflow/example_dags/example_xcomargs.py took 0.146 seconds
