[2026-03-14T23:03:06.099+0000] {processor.py:161} INFO - Started process (PID=89) to work on /home/airflow/.local/lib/python3.12/site-packages/airflow/example_dags/example_branch_datetime_operator.py
[2026-03-14T23:03:06.101+0000] {processor.py:830} INFO - Processing file /home/airflow/.local/lib/python3.12/site-packages/airflow/example_dags/example_branch_datetime_operator.py for tasks to queue
[2026-03-14T23:03:06.105+0000] {logging_mixin.py:188} INFO - [2026-03-14T23:03:06.105+0000] {dagbag.py:545} INFO - Filling up the DagBag from /home/airflow/.local/lib/python3.12/site-packages/airflow/example_dags/example_branch_datetime_operator.py
[2026-03-14T23:03:06.125+0000] {processor.py:840} INFO - DAG(s) 'example_branch_datetime_operator_2', 'example_branch_datetime_operator_3', 'example_branch_datetime_operator' retrieved from /home/airflow/.local/lib/python3.12/site-packages/airflow/example_dags/example_branch_datetime_operator.py
[2026-03-14T23:03:06.925+0000] {logging_mixin.py:188} INFO - [2026-03-14T23:03:06.925+0000] {dag.py:3096} INFO - Sync 3 DAGs
[2026-03-14T23:03:07.070+0000] {logging_mixin.py:188} INFO - [2026-03-14T23:03:07.069+0000] {dag.py:3954} INFO - Setting next_dagrun for example_branch_datetime_operator to 2026-03-13 00:00:00+00:00, run_after=2026-03-14 00:00:00+00:00
[2026-03-14T23:03:07.082+0000] {logging_mixin.py:188} INFO - [2026-03-14T23:03:07.081+0000] {dag.py:3954} INFO - Setting next_dagrun for example_branch_datetime_operator_2 to 2026-03-13 00:00:00+00:00, run_after=2026-03-14 00:00:00+00:00
[2026-03-14T23:03:07.085+0000] {logging_mixin.py:188} INFO - [2026-03-14T23:03:07.085+0000] {dag.py:3954} INFO - Setting next_dagrun for example_branch_datetime_operator_3 to 2026-03-13 00:00:00+00:00, run_after=2026-03-14 00:00:00+00:00
[2026-03-14T23:03:07.143+0000] {processor.py:183} INFO - Processing /home/airflow/.local/lib/python3.12/site-packages/airflow/example_dags/example_branch_datetime_operator.py took 1.057 seconds
[2026-03-14T23:03:45.443+0000] {processor.py:161} INFO - Started process (PID=147) to work on /home/airflow/.local/lib/python3.12/site-packages/airflow/example_dags/example_branch_datetime_operator.py
[2026-03-14T23:03:45.445+0000] {processor.py:830} INFO - Processing file /home/airflow/.local/lib/python3.12/site-packages/airflow/example_dags/example_branch_datetime_operator.py for tasks to queue
[2026-03-14T23:03:45.448+0000] {logging_mixin.py:188} INFO - [2026-03-14T23:03:45.447+0000] {dagbag.py:545} INFO - Filling up the DagBag from /home/airflow/.local/lib/python3.12/site-packages/airflow/example_dags/example_branch_datetime_operator.py
[2026-03-14T23:03:45.477+0000] {processor.py:840} INFO - DAG(s) 'example_branch_datetime_operator_3', 'example_branch_datetime_operator_2', 'example_branch_datetime_operator' retrieved from /home/airflow/.local/lib/python3.12/site-packages/airflow/example_dags/example_branch_datetime_operator.py
[2026-03-14T23:03:45.541+0000] {logging_mixin.py:188} INFO - [2026-03-14T23:03:45.540+0000] {dag.py:3096} INFO - Sync 3 DAGs
[2026-03-14T23:03:45.583+0000] {logging_mixin.py:188} INFO - [2026-03-14T23:03:45.583+0000] {dag.py:3954} INFO - Setting next_dagrun for example_branch_datetime_operator to 2026-03-13 00:00:00+00:00, run_after=2026-03-14 00:00:00+00:00
[2026-03-14T23:03:45.594+0000] {logging_mixin.py:188} INFO - [2026-03-14T23:03:45.593+0000] {dag.py:3954} INFO - Setting next_dagrun for example_branch_datetime_operator_2 to 2026-03-13 00:00:00+00:00, run_after=2026-03-14 00:00:00+00:00
[2026-03-14T23:03:45.597+0000] {logging_mixin.py:188} INFO - [2026-03-14T23:03:45.597+0000] {dag.py:3954} INFO - Setting next_dagrun for example_branch_datetime_operator_3 to 2026-03-13 00:00:00+00:00, run_after=2026-03-14 00:00:00+00:00
[2026-03-14T23:03:45.634+0000] {processor.py:183} INFO - Processing /home/airflow/.local/lib/python3.12/site-packages/airflow/example_dags/example_branch_datetime_operator.py took 0.207 seconds
[2026-03-14T23:04:16.175+0000] {processor.py:161} INFO - Started process (PID=205) to work on /home/airflow/.local/lib/python3.12/site-packages/airflow/example_dags/example_branch_datetime_operator.py
[2026-03-14T23:04:16.177+0000] {processor.py:830} INFO - Processing file /home/airflow/.local/lib/python3.12/site-packages/airflow/example_dags/example_branch_datetime_operator.py for tasks to queue
[2026-03-14T23:04:16.179+0000] {logging_mixin.py:188} INFO - [2026-03-14T23:04:16.179+0000] {dagbag.py:545} INFO - Filling up the DagBag from /home/airflow/.local/lib/python3.12/site-packages/airflow/example_dags/example_branch_datetime_operator.py
[2026-03-14T23:04:16.196+0000] {processor.py:840} INFO - DAG(s) 'example_branch_datetime_operator_3', 'example_branch_datetime_operator_2', 'example_branch_datetime_operator' retrieved from /home/airflow/.local/lib/python3.12/site-packages/airflow/example_dags/example_branch_datetime_operator.py
[2026-03-14T23:04:16.239+0000] {logging_mixin.py:188} INFO - [2026-03-14T23:04:16.239+0000] {dag.py:3096} INFO - Sync 3 DAGs
[2026-03-14T23:04:16.282+0000] {logging_mixin.py:188} INFO - [2026-03-14T23:04:16.281+0000] {dag.py:3954} INFO - Setting next_dagrun for example_branch_datetime_operator to 2026-03-13 00:00:00+00:00, run_after=2026-03-14 00:00:00+00:00
[2026-03-14T23:04:16.293+0000] {logging_mixin.py:188} INFO - [2026-03-14T23:04:16.292+0000] {dag.py:3954} INFO - Setting next_dagrun for example_branch_datetime_operator_2 to 2026-03-13 00:00:00+00:00, run_after=2026-03-14 00:00:00+00:00
[2026-03-14T23:04:16.296+0000] {logging_mixin.py:188} INFO - [2026-03-14T23:04:16.296+0000] {dag.py:3954} INFO - Setting next_dagrun for example_branch_datetime_operator_3 to 2026-03-13 00:00:00+00:00, run_after=2026-03-14 00:00:00+00:00
[2026-03-14T23:04:16.336+0000] {processor.py:183} INFO - Processing /home/airflow/.local/lib/python3.12/site-packages/airflow/example_dags/example_branch_datetime_operator.py took 0.170 seconds
[2026-03-14T23:04:46.783+0000] {processor.py:161} INFO - Started process (PID=263) to work on /home/airflow/.local/lib/python3.12/site-packages/airflow/example_dags/example_branch_datetime_operator.py
[2026-03-14T23:04:46.785+0000] {processor.py:830} INFO - Processing file /home/airflow/.local/lib/python3.12/site-packages/airflow/example_dags/example_branch_datetime_operator.py for tasks to queue
[2026-03-14T23:04:46.787+0000] {logging_mixin.py:188} INFO - [2026-03-14T23:04:46.787+0000] {dagbag.py:545} INFO - Filling up the DagBag from /home/airflow/.local/lib/python3.12/site-packages/airflow/example_dags/example_branch_datetime_operator.py
[2026-03-14T23:04:46.802+0000] {processor.py:840} INFO - DAG(s) 'example_branch_datetime_operator', 'example_branch_datetime_operator_3', 'example_branch_datetime_operator_2' retrieved from /home/airflow/.local/lib/python3.12/site-packages/airflow/example_dags/example_branch_datetime_operator.py
[2026-03-14T23:04:46.842+0000] {logging_mixin.py:188} INFO - [2026-03-14T23:04:46.842+0000] {dag.py:3096} INFO - Sync 3 DAGs
[2026-03-14T23:04:46.877+0000] {logging_mixin.py:188} INFO - [2026-03-14T23:04:46.877+0000] {dag.py:3954} INFO - Setting next_dagrun for example_branch_datetime_operator to 2026-03-13 00:00:00+00:00, run_after=2026-03-14 00:00:00+00:00
[2026-03-14T23:04:46.886+0000] {logging_mixin.py:188} INFO - [2026-03-14T23:04:46.885+0000] {dag.py:3954} INFO - Setting next_dagrun for example_branch_datetime_operator_2 to 2026-03-13 00:00:00+00:00, run_after=2026-03-14 00:00:00+00:00
[2026-03-14T23:04:46.889+0000] {logging_mixin.py:188} INFO - [2026-03-14T23:04:46.888+0000] {dag.py:3954} INFO - Setting next_dagrun for example_branch_datetime_operator_3 to 2026-03-13 00:00:00+00:00, run_after=2026-03-14 00:00:00+00:00
[2026-03-14T23:04:46.912+0000] {processor.py:183} INFO - Processing /home/airflow/.local/lib/python3.12/site-packages/airflow/example_dags/example_branch_datetime_operator.py took 0.138 seconds
[2026-03-14T23:05:17.149+0000] {processor.py:161} INFO - Started process (PID=322) to work on /home/airflow/.local/lib/python3.12/site-packages/airflow/example_dags/example_branch_datetime_operator.py
[2026-03-14T23:05:17.151+0000] {processor.py:830} INFO - Processing file /home/airflow/.local/lib/python3.12/site-packages/airflow/example_dags/example_branch_datetime_operator.py for tasks to queue
[2026-03-14T23:05:17.153+0000] {logging_mixin.py:188} INFO - [2026-03-14T23:05:17.152+0000] {dagbag.py:545} INFO - Filling up the DagBag from /home/airflow/.local/lib/python3.12/site-packages/airflow/example_dags/example_branch_datetime_operator.py
[2026-03-14T23:05:17.168+0000] {processor.py:840} INFO - DAG(s) 'example_branch_datetime_operator', 'example_branch_datetime_operator_3', 'example_branch_datetime_operator_2' retrieved from /home/airflow/.local/lib/python3.12/site-packages/airflow/example_dags/example_branch_datetime_operator.py
[2026-03-14T23:05:17.217+0000] {logging_mixin.py:188} INFO - [2026-03-14T23:05:17.216+0000] {dag.py:3096} INFO - Sync 3 DAGs
[2026-03-14T23:05:17.251+0000] {logging_mixin.py:188} INFO - [2026-03-14T23:05:17.251+0000] {dag.py:3954} INFO - Setting next_dagrun for example_branch_datetime_operator to 2026-03-13 00:00:00+00:00, run_after=2026-03-14 00:00:00+00:00
[2026-03-14T23:05:17.258+0000] {logging_mixin.py:188} INFO - [2026-03-14T23:05:17.257+0000] {dag.py:3954} INFO - Setting next_dagrun for example_branch_datetime_operator_2 to 2026-03-13 00:00:00+00:00, run_after=2026-03-14 00:00:00+00:00
[2026-03-14T23:05:17.262+0000] {logging_mixin.py:188} INFO - [2026-03-14T23:05:17.262+0000] {dag.py:3954} INFO - Setting next_dagrun for example_branch_datetime_operator_3 to 2026-03-13 00:00:00+00:00, run_after=2026-03-14 00:00:00+00:00
[2026-03-14T23:05:17.296+0000] {processor.py:183} INFO - Processing /home/airflow/.local/lib/python3.12/site-packages/airflow/example_dags/example_branch_datetime_operator.py took 0.157 seconds
[2026-03-14T23:05:47.349+0000] {processor.py:161} INFO - Started process (PID=378) to work on /home/airflow/.local/lib/python3.12/site-packages/airflow/example_dags/example_branch_datetime_operator.py
[2026-03-14T23:05:47.349+0000] {processor.py:830} INFO - Processing file /home/airflow/.local/lib/python3.12/site-packages/airflow/example_dags/example_branch_datetime_operator.py for tasks to queue
[2026-03-14T23:05:47.352+0000] {logging_mixin.py:188} INFO - [2026-03-14T23:05:47.352+0000] {dagbag.py:545} INFO - Filling up the DagBag from /home/airflow/.local/lib/python3.12/site-packages/airflow/example_dags/example_branch_datetime_operator.py
[2026-03-14T23:05:47.367+0000] {processor.py:840} INFO - DAG(s) 'example_branch_datetime_operator', 'example_branch_datetime_operator_2', 'example_branch_datetime_operator_3' retrieved from /home/airflow/.local/lib/python3.12/site-packages/airflow/example_dags/example_branch_datetime_operator.py
[2026-03-14T23:05:47.408+0000] {logging_mixin.py:188} INFO - [2026-03-14T23:05:47.408+0000] {dag.py:3096} INFO - Sync 3 DAGs
[2026-03-14T23:05:47.442+0000] {logging_mixin.py:188} INFO - [2026-03-14T23:05:47.442+0000] {dag.py:3954} INFO - Setting next_dagrun for example_branch_datetime_operator to 2026-03-13 00:00:00+00:00, run_after=2026-03-14 00:00:00+00:00
[2026-03-14T23:05:47.449+0000] {logging_mixin.py:188} INFO - [2026-03-14T23:05:47.449+0000] {dag.py:3954} INFO - Setting next_dagrun for example_branch_datetime_operator_2 to 2026-03-13 00:00:00+00:00, run_after=2026-03-14 00:00:00+00:00
[2026-03-14T23:05:47.452+0000] {logging_mixin.py:188} INFO - [2026-03-14T23:05:47.451+0000] {dag.py:3954} INFO - Setting next_dagrun for example_branch_datetime_operator_3 to 2026-03-13 00:00:00+00:00, run_after=2026-03-14 00:00:00+00:00
[2026-03-14T23:05:47.482+0000] {processor.py:183} INFO - Processing /home/airflow/.local/lib/python3.12/site-packages/airflow/example_dags/example_branch_datetime_operator.py took 0.142 seconds
[2026-03-14T23:06:17.595+0000] {processor.py:161} INFO - Started process (PID=436) to work on /home/airflow/.local/lib/python3.12/site-packages/airflow/example_dags/example_branch_datetime_operator.py
[2026-03-14T23:06:17.597+0000] {processor.py:830} INFO - Processing file /home/airflow/.local/lib/python3.12/site-packages/airflow/example_dags/example_branch_datetime_operator.py for tasks to queue
[2026-03-14T23:06:17.601+0000] {logging_mixin.py:188} INFO - [2026-03-14T23:06:17.600+0000] {dagbag.py:545} INFO - Filling up the DagBag from /home/airflow/.local/lib/python3.12/site-packages/airflow/example_dags/example_branch_datetime_operator.py
[2026-03-14T23:06:17.617+0000] {processor.py:840} INFO - DAG(s) 'example_branch_datetime_operator_2', 'example_branch_datetime_operator_3', 'example_branch_datetime_operator' retrieved from /home/airflow/.local/lib/python3.12/site-packages/airflow/example_dags/example_branch_datetime_operator.py
[2026-03-14T23:06:17.663+0000] {logging_mixin.py:188} INFO - [2026-03-14T23:06:17.662+0000] {dag.py:3096} INFO - Sync 3 DAGs
[2026-03-14T23:06:17.694+0000] {logging_mixin.py:188} INFO - [2026-03-14T23:06:17.694+0000] {dag.py:3954} INFO - Setting next_dagrun for example_branch_datetime_operator to 2026-03-13 00:00:00+00:00, run_after=2026-03-14 00:00:00+00:00
[2026-03-14T23:06:17.701+0000] {logging_mixin.py:188} INFO - [2026-03-14T23:06:17.700+0000] {dag.py:3954} INFO - Setting next_dagrun for example_branch_datetime_operator_2 to 2026-03-13 00:00:00+00:00, run_after=2026-03-14 00:00:00+00:00
[2026-03-14T23:06:17.704+0000] {logging_mixin.py:188} INFO - [2026-03-14T23:06:17.703+0000] {dag.py:3954} INFO - Setting next_dagrun for example_branch_datetime_operator_3 to 2026-03-13 00:00:00+00:00, run_after=2026-03-14 00:00:00+00:00
[2026-03-14T23:06:17.730+0000] {processor.py:183} INFO - Processing /home/airflow/.local/lib/python3.12/site-packages/airflow/example_dags/example_branch_datetime_operator.py took 0.144 seconds
[2026-03-14T23:06:47.829+0000] {processor.py:161} INFO - Started process (PID=494) to work on /home/airflow/.local/lib/python3.12/site-packages/airflow/example_dags/example_branch_datetime_operator.py
[2026-03-14T23:06:47.831+0000] {processor.py:830} INFO - Processing file /home/airflow/.local/lib/python3.12/site-packages/airflow/example_dags/example_branch_datetime_operator.py for tasks to queue
[2026-03-14T23:06:47.833+0000] {logging_mixin.py:188} INFO - [2026-03-14T23:06:47.832+0000] {dagbag.py:545} INFO - Filling up the DagBag from /home/airflow/.local/lib/python3.12/site-packages/airflow/example_dags/example_branch_datetime_operator.py
[2026-03-14T23:06:47.845+0000] {processor.py:840} INFO - DAG(s) 'example_branch_datetime_operator_3', 'example_branch_datetime_operator_2', 'example_branch_datetime_operator' retrieved from /home/airflow/.local/lib/python3.12/site-packages/airflow/example_dags/example_branch_datetime_operator.py
[2026-03-14T23:06:47.883+0000] {logging_mixin.py:188} INFO - [2026-03-14T23:06:47.883+0000] {dag.py:3096} INFO - Sync 3 DAGs
[2026-03-14T23:06:47.913+0000] {logging_mixin.py:188} INFO - [2026-03-14T23:06:47.913+0000] {dag.py:3954} INFO - Setting next_dagrun for example_branch_datetime_operator to 2026-03-13 00:00:00+00:00, run_after=2026-03-14 00:00:00+00:00
[2026-03-14T23:06:47.919+0000] {logging_mixin.py:188} INFO - [2026-03-14T23:06:47.919+0000] {dag.py:3954} INFO - Setting next_dagrun for example_branch_datetime_operator_2 to 2026-03-13 00:00:00+00:00, run_after=2026-03-14 00:00:00+00:00
[2026-03-14T23:06:47.922+0000] {logging_mixin.py:188} INFO - [2026-03-14T23:06:47.922+0000] {dag.py:3954} INFO - Setting next_dagrun for example_branch_datetime_operator_3 to 2026-03-13 00:00:00+00:00, run_after=2026-03-14 00:00:00+00:00
[2026-03-14T23:06:47.948+0000] {processor.py:183} INFO - Processing /home/airflow/.local/lib/python3.12/site-packages/airflow/example_dags/example_branch_datetime_operator.py took 0.127 seconds
[2026-03-14T23:07:18.726+0000] {processor.py:161} INFO - Started process (PID=552) to work on /home/airflow/.local/lib/python3.12/site-packages/airflow/example_dags/example_branch_datetime_operator.py
[2026-03-14T23:07:18.728+0000] {processor.py:830} INFO - Processing file /home/airflow/.local/lib/python3.12/site-packages/airflow/example_dags/example_branch_datetime_operator.py for tasks to queue
[2026-03-14T23:07:18.730+0000] {logging_mixin.py:188} INFO - [2026-03-14T23:07:18.730+0000] {dagbag.py:545} INFO - Filling up the DagBag from /home/airflow/.local/lib/python3.12/site-packages/airflow/example_dags/example_branch_datetime_operator.py
[2026-03-14T23:07:18.745+0000] {processor.py:840} INFO - DAG(s) 'example_branch_datetime_operator', 'example_branch_datetime_operator_3', 'example_branch_datetime_operator_2' retrieved from /home/airflow/.local/lib/python3.12/site-packages/airflow/example_dags/example_branch_datetime_operator.py
[2026-03-14T23:07:18.784+0000] {logging_mixin.py:188} INFO - [2026-03-14T23:07:18.784+0000] {dag.py:3096} INFO - Sync 3 DAGs
[2026-03-14T23:07:18.821+0000] {logging_mixin.py:188} INFO - [2026-03-14T23:07:18.821+0000] {dag.py:3954} INFO - Setting next_dagrun for example_branch_datetime_operator to 2026-03-13 00:00:00+00:00, run_after=2026-03-14 00:00:00+00:00
[2026-03-14T23:07:18.830+0000] {logging_mixin.py:188} INFO - [2026-03-14T23:07:18.830+0000] {dag.py:3954} INFO - Setting next_dagrun for example_branch_datetime_operator_2 to 2026-03-13 00:00:00+00:00, run_after=2026-03-14 00:00:00+00:00
[2026-03-14T23:07:18.833+0000] {logging_mixin.py:188} INFO - [2026-03-14T23:07:18.833+0000] {dag.py:3954} INFO - Setting next_dagrun for example_branch_datetime_operator_3 to 2026-03-13 00:00:00+00:00, run_after=2026-03-14 00:00:00+00:00
[2026-03-14T23:07:18.857+0000] {processor.py:183} INFO - Processing /home/airflow/.local/lib/python3.12/site-packages/airflow/example_dags/example_branch_datetime_operator.py took 0.139 seconds
[2026-03-14T23:07:49.271+0000] {processor.py:161} INFO - Started process (PID=610) to work on /home/airflow/.local/lib/python3.12/site-packages/airflow/example_dags/example_branch_datetime_operator.py
[2026-03-14T23:07:49.275+0000] {processor.py:830} INFO - Processing file /home/airflow/.local/lib/python3.12/site-packages/airflow/example_dags/example_branch_datetime_operator.py for tasks to queue
[2026-03-14T23:07:49.278+0000] {logging_mixin.py:188} INFO - [2026-03-14T23:07:49.278+0000] {dagbag.py:545} INFO - Filling up the DagBag from /home/airflow/.local/lib/python3.12/site-packages/airflow/example_dags/example_branch_datetime_operator.py
[2026-03-14T23:07:49.293+0000] {processor.py:840} INFO - DAG(s) 'example_branch_datetime_operator_3', 'example_branch_datetime_operator_2', 'example_branch_datetime_operator' retrieved from /home/airflow/.local/lib/python3.12/site-packages/airflow/example_dags/example_branch_datetime_operator.py
[2026-03-14T23:07:49.335+0000] {logging_mixin.py:188} INFO - [2026-03-14T23:07:49.335+0000] {dag.py:3096} INFO - Sync 3 DAGs
[2026-03-14T23:07:49.372+0000] {logging_mixin.py:188} INFO - [2026-03-14T23:07:49.371+0000] {dag.py:3954} INFO - Setting next_dagrun for example_branch_datetime_operator to 2026-03-13 00:00:00+00:00, run_after=2026-03-14 00:00:00+00:00
[2026-03-14T23:07:49.379+0000] {logging_mixin.py:188} INFO - [2026-03-14T23:07:49.379+0000] {dag.py:3954} INFO - Setting next_dagrun for example_branch_datetime_operator_2 to 2026-03-13 00:00:00+00:00, run_after=2026-03-14 00:00:00+00:00
[2026-03-14T23:07:49.382+0000] {logging_mixin.py:188} INFO - [2026-03-14T23:07:49.381+0000] {dag.py:3954} INFO - Setting next_dagrun for example_branch_datetime_operator_3 to 2026-03-13 00:00:00+00:00, run_after=2026-03-14 00:00:00+00:00
[2026-03-14T23:07:49.412+0000] {processor.py:183} INFO - Processing /home/airflow/.local/lib/python3.12/site-packages/airflow/example_dags/example_branch_datetime_operator.py took 0.148 seconds
[2026-03-14T23:08:19.880+0000] {processor.py:161} INFO - Started process (PID=668) to work on /home/airflow/.local/lib/python3.12/site-packages/airflow/example_dags/example_branch_datetime_operator.py
[2026-03-14T23:08:19.882+0000] {processor.py:830} INFO - Processing file /home/airflow/.local/lib/python3.12/site-packages/airflow/example_dags/example_branch_datetime_operator.py for tasks to queue
[2026-03-14T23:08:19.885+0000] {logging_mixin.py:188} INFO - [2026-03-14T23:08:19.885+0000] {dagbag.py:545} INFO - Filling up the DagBag from /home/airflow/.local/lib/python3.12/site-packages/airflow/example_dags/example_branch_datetime_operator.py
[2026-03-14T23:08:19.899+0000] {processor.py:840} INFO - DAG(s) 'example_branch_datetime_operator_2', 'example_branch_datetime_operator', 'example_branch_datetime_operator_3' retrieved from /home/airflow/.local/lib/python3.12/site-packages/airflow/example_dags/example_branch_datetime_operator.py
[2026-03-14T23:08:19.943+0000] {logging_mixin.py:188} INFO - [2026-03-14T23:08:19.943+0000] {dag.py:3096} INFO - Sync 3 DAGs
[2026-03-14T23:08:19.977+0000] {logging_mixin.py:188} INFO - [2026-03-14T23:08:19.977+0000] {dag.py:3954} INFO - Setting next_dagrun for example_branch_datetime_operator to 2026-03-13 00:00:00+00:00, run_after=2026-03-14 00:00:00+00:00
[2026-03-14T23:08:19.983+0000] {logging_mixin.py:188} INFO - [2026-03-14T23:08:19.983+0000] {dag.py:3954} INFO - Setting next_dagrun for example_branch_datetime_operator_2 to 2026-03-13 00:00:00+00:00, run_after=2026-03-14 00:00:00+00:00
[2026-03-14T23:08:19.988+0000] {logging_mixin.py:188} INFO - [2026-03-14T23:08:19.987+0000] {dag.py:3954} INFO - Setting next_dagrun for example_branch_datetime_operator_3 to 2026-03-13 00:00:00+00:00, run_after=2026-03-14 00:00:00+00:00
[2026-03-14T23:08:20.022+0000] {processor.py:183} INFO - Processing /home/airflow/.local/lib/python3.12/site-packages/airflow/example_dags/example_branch_datetime_operator.py took 0.151 seconds
[2026-03-14T23:08:51.223+0000] {processor.py:161} INFO - Started process (PID=726) to work on /home/airflow/.local/lib/python3.12/site-packages/airflow/example_dags/example_branch_datetime_operator.py
[2026-03-14T23:08:51.226+0000] {processor.py:830} INFO - Processing file /home/airflow/.local/lib/python3.12/site-packages/airflow/example_dags/example_branch_datetime_operator.py for tasks to queue
[2026-03-14T23:08:51.229+0000] {logging_mixin.py:188} INFO - [2026-03-14T23:08:51.229+0000] {dagbag.py:545} INFO - Filling up the DagBag from /home/airflow/.local/lib/python3.12/site-packages/airflow/example_dags/example_branch_datetime_operator.py
[2026-03-14T23:08:51.251+0000] {processor.py:840} INFO - DAG(s) 'example_branch_datetime_operator', 'example_branch_datetime_operator_2', 'example_branch_datetime_operator_3' retrieved from /home/airflow/.local/lib/python3.12/site-packages/airflow/example_dags/example_branch_datetime_operator.py
[2026-03-14T23:08:51.300+0000] {logging_mixin.py:188} INFO - [2026-03-14T23:08:51.299+0000] {dag.py:3096} INFO - Sync 3 DAGs
[2026-03-14T23:08:51.338+0000] {logging_mixin.py:188} INFO - [2026-03-14T23:08:51.338+0000] {dag.py:3954} INFO - Setting next_dagrun for example_branch_datetime_operator to 2026-03-13 00:00:00+00:00, run_after=2026-03-14 00:00:00+00:00
[2026-03-14T23:08:51.344+0000] {logging_mixin.py:188} INFO - [2026-03-14T23:08:51.344+0000] {dag.py:3954} INFO - Setting next_dagrun for example_branch_datetime_operator_2 to 2026-03-13 00:00:00+00:00, run_after=2026-03-14 00:00:00+00:00
[2026-03-14T23:08:51.349+0000] {logging_mixin.py:188} INFO - [2026-03-14T23:08:51.348+0000] {dag.py:3954} INFO - Setting next_dagrun for example_branch_datetime_operator_3 to 2026-03-13 00:00:00+00:00, run_after=2026-03-14 00:00:00+00:00
[2026-03-14T23:08:51.381+0000] {processor.py:183} INFO - Processing /home/airflow/.local/lib/python3.12/site-packages/airflow/example_dags/example_branch_datetime_operator.py took 0.166 seconds
[2026-03-14T23:09:22.188+0000] {processor.py:161} INFO - Started process (PID=784) to work on /home/airflow/.local/lib/python3.12/site-packages/airflow/example_dags/example_branch_datetime_operator.py
[2026-03-14T23:09:22.190+0000] {processor.py:830} INFO - Processing file /home/airflow/.local/lib/python3.12/site-packages/airflow/example_dags/example_branch_datetime_operator.py for tasks to queue
[2026-03-14T23:09:22.193+0000] {logging_mixin.py:188} INFO - [2026-03-14T23:09:22.192+0000] {dagbag.py:545} INFO - Filling up the DagBag from /home/airflow/.local/lib/python3.12/site-packages/airflow/example_dags/example_branch_datetime_operator.py
[2026-03-14T23:09:22.206+0000] {processor.py:840} INFO - DAG(s) 'example_branch_datetime_operator', 'example_branch_datetime_operator_3', 'example_branch_datetime_operator_2' retrieved from /home/airflow/.local/lib/python3.12/site-packages/airflow/example_dags/example_branch_datetime_operator.py
[2026-03-14T23:09:22.272+0000] {logging_mixin.py:188} INFO - [2026-03-14T23:09:22.271+0000] {dag.py:3096} INFO - Sync 3 DAGs
[2026-03-14T23:09:22.305+0000] {logging_mixin.py:188} INFO - [2026-03-14T23:09:22.304+0000] {dag.py:3954} INFO - Setting next_dagrun for example_branch_datetime_operator to 2026-03-13 00:00:00+00:00, run_after=2026-03-14 00:00:00+00:00
[2026-03-14T23:09:22.313+0000] {logging_mixin.py:188} INFO - [2026-03-14T23:09:22.313+0000] {dag.py:3954} INFO - Setting next_dagrun for example_branch_datetime_operator_2 to 2026-03-13 00:00:00+00:00, run_after=2026-03-14 00:00:00+00:00
[2026-03-14T23:09:22.318+0000] {logging_mixin.py:188} INFO - [2026-03-14T23:09:22.318+0000] {dag.py:3954} INFO - Setting next_dagrun for example_branch_datetime_operator_3 to 2026-03-13 00:00:00+00:00, run_after=2026-03-14 00:00:00+00:00
[2026-03-14T23:09:22.347+0000] {processor.py:183} INFO - Processing /home/airflow/.local/lib/python3.12/site-packages/airflow/example_dags/example_branch_datetime_operator.py took 0.168 seconds
