[2026-03-14T23:03:26.394+0000] {processor.py:161} INFO - Started process (PID=112) to work on /home/airflow/.local/lib/python3.12/site-packages/airflow/example_dags/example_display_name.py
[2026-03-14T23:03:26.395+0000] {processor.py:830} INFO - Processing file /home/airflow/.local/lib/python3.12/site-packages/airflow/example_dags/example_display_name.py for tasks to queue
[2026-03-14T23:03:26.510+0000] {logging_mixin.py:188} INFO - [2026-03-14T23:03:26.509+0000] {dagbag.py:545} INFO - Filling up the DagBag from /home/airflow/.local/lib/python3.12/site-packages/airflow/example_dags/example_display_name.py
[2026-03-14T23:03:26.645+0000] {processor.py:840} INFO - DAG(s) 'example_display_name' retrieved from /home/airflow/.local/lib/python3.12/site-packages/airflow/example_dags/example_display_name.py
[2026-03-14T23:03:27.732+0000] {logging_mixin.py:188} INFO - [2026-03-14T23:03:27.732+0000] {dag.py:3096} INFO - Sync 1 DAGs
[2026-03-14T23:03:27.896+0000] {logging_mixin.py:188} INFO - [2026-03-14T23:03:27.895+0000] {dag.py:3954} INFO - Setting next_dagrun for example_display_name to None, run_after=None
[2026-03-14T23:03:28.119+0000] {processor.py:183} INFO - Processing /home/airflow/.local/lib/python3.12/site-packages/airflow/example_dags/example_display_name.py took 1.913 seconds
[2026-03-14T23:03:58.726+0000] {processor.py:161} INFO - Started process (PID=170) to work on /home/airflow/.local/lib/python3.12/site-packages/airflow/example_dags/example_display_name.py
[2026-03-14T23:03:58.728+0000] {processor.py:830} INFO - Processing file /home/airflow/.local/lib/python3.12/site-packages/airflow/example_dags/example_display_name.py for tasks to queue
[2026-03-14T23:03:58.732+0000] {logging_mixin.py:188} INFO - [2026-03-14T23:03:58.731+0000] {dagbag.py:545} INFO - Filling up the DagBag from /home/airflow/.local/lib/python3.12/site-packages/airflow/example_dags/example_display_name.py
[2026-03-14T23:03:58.745+0000] {processor.py:840} INFO - DAG(s) 'example_display_name' retrieved from /home/airflow/.local/lib/python3.12/site-packages/airflow/example_dags/example_display_name.py
[2026-03-14T23:03:58.782+0000] {logging_mixin.py:188} INFO - [2026-03-14T23:03:58.782+0000] {dag.py:3096} INFO - Sync 1 DAGs
[2026-03-14T23:03:58.812+0000] {logging_mixin.py:188} INFO - [2026-03-14T23:03:58.811+0000] {dag.py:3954} INFO - Setting next_dagrun for example_display_name to None, run_after=None
[2026-03-14T23:03:58.878+0000] {processor.py:183} INFO - Processing /home/airflow/.local/lib/python3.12/site-packages/airflow/example_dags/example_display_name.py took 0.164 seconds
[2026-03-14T23:04:29.211+0000] {processor.py:161} INFO - Started process (PID=228) to work on /home/airflow/.local/lib/python3.12/site-packages/airflow/example_dags/example_display_name.py
[2026-03-14T23:04:29.212+0000] {processor.py:830} INFO - Processing file /home/airflow/.local/lib/python3.12/site-packages/airflow/example_dags/example_display_name.py for tasks to queue
[2026-03-14T23:04:29.215+0000] {logging_mixin.py:188} INFO - [2026-03-14T23:04:29.215+0000] {dagbag.py:545} INFO - Filling up the DagBag from /home/airflow/.local/lib/python3.12/site-packages/airflow/example_dags/example_display_name.py
[2026-03-14T23:04:29.230+0000] {processor.py:840} INFO - DAG(s) 'example_display_name' retrieved from /home/airflow/.local/lib/python3.12/site-packages/airflow/example_dags/example_display_name.py
[2026-03-14T23:04:29.268+0000] {logging_mixin.py:188} INFO - [2026-03-14T23:04:29.268+0000] {dag.py:3096} INFO - Sync 1 DAGs
[2026-03-14T23:04:29.289+0000] {logging_mixin.py:188} INFO - [2026-03-14T23:04:29.288+0000] {dag.py:3954} INFO - Setting next_dagrun for example_display_name to None, run_after=None
[2026-03-14T23:04:29.327+0000] {processor.py:183} INFO - Processing /home/airflow/.local/lib/python3.12/site-packages/airflow/example_dags/example_display_name.py took 0.128 seconds
[2026-03-14T23:04:59.448+0000] {processor.py:161} INFO - Started process (PID=287) to work on /home/airflow/.local/lib/python3.12/site-packages/airflow/example_dags/example_display_name.py
[2026-03-14T23:04:59.450+0000] {processor.py:830} INFO - Processing file /home/airflow/.local/lib/python3.12/site-packages/airflow/example_dags/example_display_name.py for tasks to queue
[2026-03-14T23:04:59.453+0000] {logging_mixin.py:188} INFO - [2026-03-14T23:04:59.452+0000] {dagbag.py:545} INFO - Filling up the DagBag from /home/airflow/.local/lib/python3.12/site-packages/airflow/example_dags/example_display_name.py
[2026-03-14T23:04:59.460+0000] {processor.py:840} INFO - DAG(s) 'example_display_name' retrieved from /home/airflow/.local/lib/python3.12/site-packages/airflow/example_dags/example_display_name.py
[2026-03-14T23:04:59.490+0000] {logging_mixin.py:188} INFO - [2026-03-14T23:04:59.490+0000] {dag.py:3096} INFO - Sync 1 DAGs
[2026-03-14T23:04:59.506+0000] {logging_mixin.py:188} INFO - [2026-03-14T23:04:59.506+0000] {dag.py:3954} INFO - Setting next_dagrun for example_display_name to None, run_after=None
[2026-03-14T23:04:59.542+0000] {processor.py:183} INFO - Processing /home/airflow/.local/lib/python3.12/site-packages/airflow/example_dags/example_display_name.py took 0.104 seconds
[2026-03-14T23:05:29.881+0000] {processor.py:161} INFO - Started process (PID=345) to work on /home/airflow/.local/lib/python3.12/site-packages/airflow/example_dags/example_display_name.py
[2026-03-14T23:05:29.882+0000] {processor.py:830} INFO - Processing file /home/airflow/.local/lib/python3.12/site-packages/airflow/example_dags/example_display_name.py for tasks to queue
[2026-03-14T23:05:29.885+0000] {logging_mixin.py:188} INFO - [2026-03-14T23:05:29.884+0000] {dagbag.py:545} INFO - Filling up the DagBag from /home/airflow/.local/lib/python3.12/site-packages/airflow/example_dags/example_display_name.py
[2026-03-14T23:05:29.894+0000] {processor.py:840} INFO - DAG(s) 'example_display_name' retrieved from /home/airflow/.local/lib/python3.12/site-packages/airflow/example_dags/example_display_name.py
[2026-03-14T23:05:29.926+0000] {logging_mixin.py:188} INFO - [2026-03-14T23:05:29.925+0000] {dag.py:3096} INFO - Sync 1 DAGs
[2026-03-14T23:05:29.944+0000] {logging_mixin.py:188} INFO - [2026-03-14T23:05:29.943+0000] {dag.py:3954} INFO - Setting next_dagrun for example_display_name to None, run_after=None
[2026-03-14T23:05:29.983+0000] {processor.py:183} INFO - Processing /home/airflow/.local/lib/python3.12/site-packages/airflow/example_dags/example_display_name.py took 0.111 seconds
[2026-03-14T23:06:00.820+0000] {processor.py:161} INFO - Started process (PID=403) to work on /home/airflow/.local/lib/python3.12/site-packages/airflow/example_dags/example_display_name.py
[2026-03-14T23:06:00.822+0000] {processor.py:830} INFO - Processing file /home/airflow/.local/lib/python3.12/site-packages/airflow/example_dags/example_display_name.py for tasks to queue
[2026-03-14T23:06:00.824+0000] {logging_mixin.py:188} INFO - [2026-03-14T23:06:00.824+0000] {dagbag.py:545} INFO - Filling up the DagBag from /home/airflow/.local/lib/python3.12/site-packages/airflow/example_dags/example_display_name.py
[2026-03-14T23:06:00.833+0000] {processor.py:840} INFO - DAG(s) 'example_display_name' retrieved from /home/airflow/.local/lib/python3.12/site-packages/airflow/example_dags/example_display_name.py
[2026-03-14T23:06:00.864+0000] {logging_mixin.py:188} INFO - [2026-03-14T23:06:00.863+0000] {dag.py:3096} INFO - Sync 1 DAGs
[2026-03-14T23:06:00.881+0000] {logging_mixin.py:188} INFO - [2026-03-14T23:06:00.880+0000] {dag.py:3954} INFO - Setting next_dagrun for example_display_name to None, run_after=None
[2026-03-14T23:06:00.914+0000] {processor.py:183} INFO - Processing /home/airflow/.local/lib/python3.12/site-packages/airflow/example_dags/example_display_name.py took 0.103 seconds
[2026-03-14T23:06:31.767+0000] {processor.py:161} INFO - Started process (PID=461) to work on /home/airflow/.local/lib/python3.12/site-packages/airflow/example_dags/example_display_name.py
[2026-03-14T23:06:31.769+0000] {processor.py:830} INFO - Processing file /home/airflow/.local/lib/python3.12/site-packages/airflow/example_dags/example_display_name.py for tasks to queue
[2026-03-14T23:06:31.771+0000] {logging_mixin.py:188} INFO - [2026-03-14T23:06:31.771+0000] {dagbag.py:545} INFO - Filling up the DagBag from /home/airflow/.local/lib/python3.12/site-packages/airflow/example_dags/example_display_name.py
[2026-03-14T23:06:31.779+0000] {processor.py:840} INFO - DAG(s) 'example_display_name' retrieved from /home/airflow/.local/lib/python3.12/site-packages/airflow/example_dags/example_display_name.py
[2026-03-14T23:06:31.808+0000] {logging_mixin.py:188} INFO - [2026-03-14T23:06:31.808+0000] {dag.py:3096} INFO - Sync 1 DAGs
[2026-03-14T23:06:31.826+0000] {logging_mixin.py:188} INFO - [2026-03-14T23:06:31.825+0000] {dag.py:3954} INFO - Setting next_dagrun for example_display_name to None, run_after=None
[2026-03-14T23:06:31.851+0000] {processor.py:183} INFO - Processing /home/airflow/.local/lib/python3.12/site-packages/airflow/example_dags/example_display_name.py took 0.091 seconds
[2026-03-14T23:07:02.215+0000] {processor.py:161} INFO - Started process (PID=519) to work on /home/airflow/.local/lib/python3.12/site-packages/airflow/example_dags/example_display_name.py
[2026-03-14T23:07:02.225+0000] {processor.py:830} INFO - Processing file /home/airflow/.local/lib/python3.12/site-packages/airflow/example_dags/example_display_name.py for tasks to queue
[2026-03-14T23:07:02.228+0000] {logging_mixin.py:188} INFO - [2026-03-14T23:07:02.227+0000] {dagbag.py:545} INFO - Filling up the DagBag from /home/airflow/.local/lib/python3.12/site-packages/airflow/example_dags/example_display_name.py
[2026-03-14T23:07:02.239+0000] {processor.py:840} INFO - DAG(s) 'example_display_name' retrieved from /home/airflow/.local/lib/python3.12/site-packages/airflow/example_dags/example_display_name.py
[2026-03-14T23:07:02.269+0000] {logging_mixin.py:188} INFO - [2026-03-14T23:07:02.269+0000] {dag.py:3096} INFO - Sync 1 DAGs
[2026-03-14T23:07:02.287+0000] {logging_mixin.py:188} INFO - [2026-03-14T23:07:02.287+0000] {dag.py:3954} INFO - Setting next_dagrun for example_display_name to None, run_after=None
[2026-03-14T23:07:02.317+0000] {processor.py:183} INFO - Processing /home/airflow/.local/lib/python3.12/site-packages/airflow/example_dags/example_display_name.py took 0.109 seconds
[2026-03-14T23:07:32.657+0000] {processor.py:161} INFO - Started process (PID=577) to work on /home/airflow/.local/lib/python3.12/site-packages/airflow/example_dags/example_display_name.py
[2026-03-14T23:07:32.659+0000] {processor.py:830} INFO - Processing file /home/airflow/.local/lib/python3.12/site-packages/airflow/example_dags/example_display_name.py for tasks to queue
[2026-03-14T23:07:32.665+0000] {logging_mixin.py:188} INFO - [2026-03-14T23:07:32.664+0000] {dagbag.py:545} INFO - Filling up the DagBag from /home/airflow/.local/lib/python3.12/site-packages/airflow/example_dags/example_display_name.py
[2026-03-14T23:07:32.673+0000] {processor.py:840} INFO - DAG(s) 'example_display_name' retrieved from /home/airflow/.local/lib/python3.12/site-packages/airflow/example_dags/example_display_name.py
[2026-03-14T23:07:32.707+0000] {logging_mixin.py:188} INFO - [2026-03-14T23:07:32.707+0000] {dag.py:3096} INFO - Sync 1 DAGs
[2026-03-14T23:07:32.725+0000] {logging_mixin.py:188} INFO - [2026-03-14T23:07:32.725+0000] {dag.py:3954} INFO - Setting next_dagrun for example_display_name to None, run_after=None
[2026-03-14T23:07:32.756+0000] {processor.py:183} INFO - Processing /home/airflow/.local/lib/python3.12/site-packages/airflow/example_dags/example_display_name.py took 0.106 seconds
[2026-03-14T23:08:03.271+0000] {processor.py:161} INFO - Started process (PID=635) to work on /home/airflow/.local/lib/python3.12/site-packages/airflow/example_dags/example_display_name.py
[2026-03-14T23:08:03.273+0000] {processor.py:830} INFO - Processing file /home/airflow/.local/lib/python3.12/site-packages/airflow/example_dags/example_display_name.py for tasks to queue
[2026-03-14T23:08:03.276+0000] {logging_mixin.py:188} INFO - [2026-03-14T23:08:03.276+0000] {dagbag.py:545} INFO - Filling up the DagBag from /home/airflow/.local/lib/python3.12/site-packages/airflow/example_dags/example_display_name.py
[2026-03-14T23:08:03.284+0000] {processor.py:840} INFO - DAG(s) 'example_display_name' retrieved from /home/airflow/.local/lib/python3.12/site-packages/airflow/example_dags/example_display_name.py
[2026-03-14T23:08:03.321+0000] {logging_mixin.py:188} INFO - [2026-03-14T23:08:03.320+0000] {dag.py:3096} INFO - Sync 1 DAGs
[2026-03-14T23:08:03.341+0000] {logging_mixin.py:188} INFO - [2026-03-14T23:08:03.341+0000] {dag.py:3954} INFO - Setting next_dagrun for example_display_name to None, run_after=None
[2026-03-14T23:08:03.376+0000] {processor.py:183} INFO - Processing /home/airflow/.local/lib/python3.12/site-packages/airflow/example_dags/example_display_name.py took 0.114 seconds
[2026-03-14T23:08:33.743+0000] {processor.py:161} INFO - Started process (PID=693) to work on /home/airflow/.local/lib/python3.12/site-packages/airflow/example_dags/example_display_name.py
[2026-03-14T23:08:33.744+0000] {processor.py:830} INFO - Processing file /home/airflow/.local/lib/python3.12/site-packages/airflow/example_dags/example_display_name.py for tasks to queue
[2026-03-14T23:08:33.746+0000] {logging_mixin.py:188} INFO - [2026-03-14T23:08:33.746+0000] {dagbag.py:545} INFO - Filling up the DagBag from /home/airflow/.local/lib/python3.12/site-packages/airflow/example_dags/example_display_name.py
[2026-03-14T23:08:33.754+0000] {processor.py:840} INFO - DAG(s) 'example_display_name' retrieved from /home/airflow/.local/lib/python3.12/site-packages/airflow/example_dags/example_display_name.py
[2026-03-14T23:08:33.788+0000] {logging_mixin.py:188} INFO - [2026-03-14T23:08:33.787+0000] {dag.py:3096} INFO - Sync 1 DAGs
[2026-03-14T23:08:33.806+0000] {logging_mixin.py:188} INFO - [2026-03-14T23:08:33.806+0000] {dag.py:3954} INFO - Setting next_dagrun for example_display_name to None, run_after=None
[2026-03-14T23:08:33.842+0000] {processor.py:183} INFO - Processing /home/airflow/.local/lib/python3.12/site-packages/airflow/example_dags/example_display_name.py took 0.107 seconds
[2026-03-14T23:09:04.468+0000] {processor.py:161} INFO - Started process (PID=751) to work on /home/airflow/.local/lib/python3.12/site-packages/airflow/example_dags/example_display_name.py
[2026-03-14T23:09:04.470+0000] {processor.py:830} INFO - Processing file /home/airflow/.local/lib/python3.12/site-packages/airflow/example_dags/example_display_name.py for tasks to queue
[2026-03-14T23:09:04.473+0000] {logging_mixin.py:188} INFO - [2026-03-14T23:09:04.472+0000] {dagbag.py:545} INFO - Filling up the DagBag from /home/airflow/.local/lib/python3.12/site-packages/airflow/example_dags/example_display_name.py
[2026-03-14T23:09:04.482+0000] {processor.py:840} INFO - DAG(s) 'example_display_name' retrieved from /home/airflow/.local/lib/python3.12/site-packages/airflow/example_dags/example_display_name.py
[2026-03-14T23:09:04.516+0000] {logging_mixin.py:188} INFO - [2026-03-14T23:09:04.515+0000] {dag.py:3096} INFO - Sync 1 DAGs
[2026-03-14T23:09:04.534+0000] {logging_mixin.py:188} INFO - [2026-03-14T23:09:04.533+0000] {dag.py:3954} INFO - Setting next_dagrun for example_display_name to None, run_after=None
[2026-03-14T23:09:04.566+0000] {processor.py:183} INFO - Processing /home/airflow/.local/lib/python3.12/site-packages/airflow/example_dags/example_display_name.py took 0.109 seconds
