[2026-03-14T23:03:13.151+0000] {processor.py:161} INFO - Started process (PID=96) to work on /home/airflow/.local/lib/python3.12/site-packages/airflow/example_dags/example_external_task_marker_dag.py
[2026-03-14T23:03:13.153+0000] {processor.py:830} INFO - Processing file /home/airflow/.local/lib/python3.12/site-packages/airflow/example_dags/example_external_task_marker_dag.py for tasks to queue
[2026-03-14T23:03:13.157+0000] {logging_mixin.py:188} INFO - [2026-03-14T23:03:13.156+0000] {dagbag.py:545} INFO - Filling up the DagBag from /home/airflow/.local/lib/python3.12/site-packages/airflow/example_dags/example_external_task_marker_dag.py
[2026-03-14T23:03:13.191+0000] {processor.py:840} INFO - DAG(s) 'example_external_task_marker_child', 'example_external_task_marker_parent' retrieved from /home/airflow/.local/lib/python3.12/site-packages/airflow/example_dags/example_external_task_marker_dag.py
[2026-03-14T23:03:14.197+0000] {logging_mixin.py:188} INFO - [2026-03-14T23:03:14.191+0000] {dag.py:3096} INFO - Sync 2 DAGs
[2026-03-14T23:03:14.367+0000] {logging_mixin.py:188} INFO - [2026-03-14T23:03:14.366+0000] {dag.py:3954} INFO - Setting next_dagrun for example_external_task_marker_child to None, run_after=None
[2026-03-14T23:03:14.377+0000] {logging_mixin.py:188} INFO - [2026-03-14T23:03:14.376+0000] {dag.py:3954} INFO - Setting next_dagrun for example_external_task_marker_parent to None, run_after=None
[2026-03-14T23:03:14.672+0000] {processor.py:183} INFO - Processing /home/airflow/.local/lib/python3.12/site-packages/airflow/example_dags/example_external_task_marker_dag.py took 1.531 seconds
[2026-03-14T23:03:46.291+0000] {processor.py:161} INFO - Started process (PID=154) to work on /home/airflow/.local/lib/python3.12/site-packages/airflow/example_dags/example_external_task_marker_dag.py
[2026-03-14T23:03:46.293+0000] {processor.py:830} INFO - Processing file /home/airflow/.local/lib/python3.12/site-packages/airflow/example_dags/example_external_task_marker_dag.py for tasks to queue
[2026-03-14T23:03:46.296+0000] {logging_mixin.py:188} INFO - [2026-03-14T23:03:46.295+0000] {dagbag.py:545} INFO - Filling up the DagBag from /home/airflow/.local/lib/python3.12/site-packages/airflow/example_dags/example_external_task_marker_dag.py
[2026-03-14T23:03:46.305+0000] {processor.py:840} INFO - DAG(s) 'example_external_task_marker_parent', 'example_external_task_marker_child' retrieved from /home/airflow/.local/lib/python3.12/site-packages/airflow/example_dags/example_external_task_marker_dag.py
[2026-03-14T23:03:46.349+0000] {logging_mixin.py:188} INFO - [2026-03-14T23:03:46.349+0000] {dag.py:3096} INFO - Sync 2 DAGs
[2026-03-14T23:03:46.373+0000] {logging_mixin.py:188} INFO - [2026-03-14T23:03:46.372+0000] {dag.py:3954} INFO - Setting next_dagrun for example_external_task_marker_child to None, run_after=None
[2026-03-14T23:03:46.384+0000] {logging_mixin.py:188} INFO - [2026-03-14T23:03:46.384+0000] {dag.py:3954} INFO - Setting next_dagrun for example_external_task_marker_parent to None, run_after=None
[2026-03-14T23:03:46.431+0000] {processor.py:183} INFO - Processing /home/airflow/.local/lib/python3.12/site-packages/airflow/example_dags/example_external_task_marker_dag.py took 0.149 seconds
[2026-03-14T23:04:16.889+0000] {processor.py:161} INFO - Started process (PID=212) to work on /home/airflow/.local/lib/python3.12/site-packages/airflow/example_dags/example_external_task_marker_dag.py
[2026-03-14T23:04:16.891+0000] {processor.py:830} INFO - Processing file /home/airflow/.local/lib/python3.12/site-packages/airflow/example_dags/example_external_task_marker_dag.py for tasks to queue
[2026-03-14T23:04:16.895+0000] {logging_mixin.py:188} INFO - [2026-03-14T23:04:16.894+0000] {dagbag.py:545} INFO - Filling up the DagBag from /home/airflow/.local/lib/python3.12/site-packages/airflow/example_dags/example_external_task_marker_dag.py
[2026-03-14T23:04:16.906+0000] {processor.py:840} INFO - DAG(s) 'example_external_task_marker_parent', 'example_external_task_marker_child' retrieved from /home/airflow/.local/lib/python3.12/site-packages/airflow/example_dags/example_external_task_marker_dag.py
[2026-03-14T23:04:16.949+0000] {logging_mixin.py:188} INFO - [2026-03-14T23:04:16.948+0000] {dag.py:3096} INFO - Sync 2 DAGs
[2026-03-14T23:04:16.969+0000] {logging_mixin.py:188} INFO - [2026-03-14T23:04:16.969+0000] {dag.py:3954} INFO - Setting next_dagrun for example_external_task_marker_child to None, run_after=None
[2026-03-14T23:04:16.975+0000] {logging_mixin.py:188} INFO - [2026-03-14T23:04:16.975+0000] {dag.py:3954} INFO - Setting next_dagrun for example_external_task_marker_parent to None, run_after=None
[2026-03-14T23:04:17.002+0000] {processor.py:183} INFO - Processing /home/airflow/.local/lib/python3.12/site-packages/airflow/example_dags/example_external_task_marker_dag.py took 0.125 seconds
[2026-03-14T23:04:47.364+0000] {processor.py:161} INFO - Started process (PID=270) to work on /home/airflow/.local/lib/python3.12/site-packages/airflow/example_dags/example_external_task_marker_dag.py
[2026-03-14T23:04:47.367+0000] {processor.py:830} INFO - Processing file /home/airflow/.local/lib/python3.12/site-packages/airflow/example_dags/example_external_task_marker_dag.py for tasks to queue
[2026-03-14T23:04:47.369+0000] {logging_mixin.py:188} INFO - [2026-03-14T23:04:47.369+0000] {dagbag.py:545} INFO - Filling up the DagBag from /home/airflow/.local/lib/python3.12/site-packages/airflow/example_dags/example_external_task_marker_dag.py
[2026-03-14T23:04:47.377+0000] {processor.py:840} INFO - DAG(s) 'example_external_task_marker_parent', 'example_external_task_marker_child' retrieved from /home/airflow/.local/lib/python3.12/site-packages/airflow/example_dags/example_external_task_marker_dag.py
[2026-03-14T23:04:47.413+0000] {logging_mixin.py:188} INFO - [2026-03-14T23:04:47.412+0000] {dag.py:3096} INFO - Sync 2 DAGs
[2026-03-14T23:04:47.436+0000] {logging_mixin.py:188} INFO - [2026-03-14T23:04:47.436+0000] {dag.py:3954} INFO - Setting next_dagrun for example_external_task_marker_child to None, run_after=None
[2026-03-14T23:04:47.442+0000] {logging_mixin.py:188} INFO - [2026-03-14T23:04:47.441+0000] {dag.py:3954} INFO - Setting next_dagrun for example_external_task_marker_parent to None, run_after=None
[2026-03-14T23:04:47.473+0000] {processor.py:183} INFO - Processing /home/airflow/.local/lib/python3.12/site-packages/airflow/example_dags/example_external_task_marker_dag.py took 0.117 seconds
[2026-03-14T23:05:17.843+0000] {processor.py:161} INFO - Started process (PID=329) to work on /home/airflow/.local/lib/python3.12/site-packages/airflow/example_dags/example_external_task_marker_dag.py
[2026-03-14T23:05:17.845+0000] {processor.py:830} INFO - Processing file /home/airflow/.local/lib/python3.12/site-packages/airflow/example_dags/example_external_task_marker_dag.py for tasks to queue
[2026-03-14T23:05:17.848+0000] {logging_mixin.py:188} INFO - [2026-03-14T23:05:17.847+0000] {dagbag.py:545} INFO - Filling up the DagBag from /home/airflow/.local/lib/python3.12/site-packages/airflow/example_dags/example_external_task_marker_dag.py
[2026-03-14T23:05:17.856+0000] {processor.py:840} INFO - DAG(s) 'example_external_task_marker_parent', 'example_external_task_marker_child' retrieved from /home/airflow/.local/lib/python3.12/site-packages/airflow/example_dags/example_external_task_marker_dag.py
[2026-03-14T23:05:17.891+0000] {logging_mixin.py:188} INFO - [2026-03-14T23:05:17.890+0000] {dag.py:3096} INFO - Sync 2 DAGs
[2026-03-14T23:05:17.911+0000] {logging_mixin.py:188} INFO - [2026-03-14T23:05:17.911+0000] {dag.py:3954} INFO - Setting next_dagrun for example_external_task_marker_child to None, run_after=None
[2026-03-14T23:05:17.916+0000] {logging_mixin.py:188} INFO - [2026-03-14T23:05:17.916+0000] {dag.py:3954} INFO - Setting next_dagrun for example_external_task_marker_parent to None, run_after=None
[2026-03-14T23:05:17.941+0000] {processor.py:183} INFO - Processing /home/airflow/.local/lib/python3.12/site-packages/airflow/example_dags/example_external_task_marker_dag.py took 0.108 seconds
[2026-03-14T23:05:48.930+0000] {processor.py:161} INFO - Started process (PID=387) to work on /home/airflow/.local/lib/python3.12/site-packages/airflow/example_dags/example_external_task_marker_dag.py
[2026-03-14T23:05:48.932+0000] {processor.py:830} INFO - Processing file /home/airflow/.local/lib/python3.12/site-packages/airflow/example_dags/example_external_task_marker_dag.py for tasks to queue
[2026-03-14T23:05:48.936+0000] {logging_mixin.py:188} INFO - [2026-03-14T23:05:48.935+0000] {dagbag.py:545} INFO - Filling up the DagBag from /home/airflow/.local/lib/python3.12/site-packages/airflow/example_dags/example_external_task_marker_dag.py
[2026-03-14T23:05:48.945+0000] {processor.py:840} INFO - DAG(s) 'example_external_task_marker_child', 'example_external_task_marker_parent' retrieved from /home/airflow/.local/lib/python3.12/site-packages/airflow/example_dags/example_external_task_marker_dag.py
[2026-03-14T23:05:48.979+0000] {logging_mixin.py:188} INFO - [2026-03-14T23:05:48.979+0000] {dag.py:3096} INFO - Sync 2 DAGs
[2026-03-14T23:05:48.997+0000] {logging_mixin.py:188} INFO - [2026-03-14T23:05:48.997+0000] {dag.py:3954} INFO - Setting next_dagrun for example_external_task_marker_child to None, run_after=None
[2026-03-14T23:05:49.002+0000] {logging_mixin.py:188} INFO - [2026-03-14T23:05:49.001+0000] {dag.py:3954} INFO - Setting next_dagrun for example_external_task_marker_parent to None, run_after=None
[2026-03-14T23:05:49.030+0000] {processor.py:183} INFO - Processing /home/airflow/.local/lib/python3.12/site-packages/airflow/example_dags/example_external_task_marker_dag.py took 0.108 seconds
[2026-03-14T23:06:20.713+0000] {processor.py:161} INFO - Started process (PID=445) to work on /home/airflow/.local/lib/python3.12/site-packages/airflow/example_dags/example_external_task_marker_dag.py
[2026-03-14T23:06:20.714+0000] {processor.py:830} INFO - Processing file /home/airflow/.local/lib/python3.12/site-packages/airflow/example_dags/example_external_task_marker_dag.py for tasks to queue
[2026-03-14T23:06:20.717+0000] {logging_mixin.py:188} INFO - [2026-03-14T23:06:20.716+0000] {dagbag.py:545} INFO - Filling up the DagBag from /home/airflow/.local/lib/python3.12/site-packages/airflow/example_dags/example_external_task_marker_dag.py
[2026-03-14T23:06:20.725+0000] {processor.py:840} INFO - DAG(s) 'example_external_task_marker_parent', 'example_external_task_marker_child' retrieved from /home/airflow/.local/lib/python3.12/site-packages/airflow/example_dags/example_external_task_marker_dag.py
[2026-03-14T23:06:20.768+0000] {logging_mixin.py:188} INFO - [2026-03-14T23:06:20.768+0000] {dag.py:3096} INFO - Sync 2 DAGs
[2026-03-14T23:06:20.786+0000] {logging_mixin.py:188} INFO - [2026-03-14T23:06:20.786+0000] {dag.py:3954} INFO - Setting next_dagrun for example_external_task_marker_child to None, run_after=None
[2026-03-14T23:06:20.792+0000] {logging_mixin.py:188} INFO - [2026-03-14T23:06:20.792+0000] {dag.py:3954} INFO - Setting next_dagrun for example_external_task_marker_parent to None, run_after=None
[2026-03-14T23:06:20.818+0000] {processor.py:183} INFO - Processing /home/airflow/.local/lib/python3.12/site-packages/airflow/example_dags/example_external_task_marker_dag.py took 0.118 seconds
[2026-03-14T23:06:51.355+0000] {processor.py:161} INFO - Started process (PID=501) to work on /home/airflow/.local/lib/python3.12/site-packages/airflow/example_dags/example_external_task_marker_dag.py
[2026-03-14T23:06:51.356+0000] {processor.py:830} INFO - Processing file /home/airflow/.local/lib/python3.12/site-packages/airflow/example_dags/example_external_task_marker_dag.py for tasks to queue
[2026-03-14T23:06:51.361+0000] {logging_mixin.py:188} INFO - [2026-03-14T23:06:51.360+0000] {dagbag.py:545} INFO - Filling up the DagBag from /home/airflow/.local/lib/python3.12/site-packages/airflow/example_dags/example_external_task_marker_dag.py
[2026-03-14T23:06:51.371+0000] {processor.py:840} INFO - DAG(s) 'example_external_task_marker_child', 'example_external_task_marker_parent' retrieved from /home/airflow/.local/lib/python3.12/site-packages/airflow/example_dags/example_external_task_marker_dag.py
[2026-03-14T23:06:51.414+0000] {logging_mixin.py:188} INFO - [2026-03-14T23:06:51.414+0000] {dag.py:3096} INFO - Sync 2 DAGs
[2026-03-14T23:06:51.439+0000] {logging_mixin.py:188} INFO - [2026-03-14T23:06:51.439+0000] {dag.py:3954} INFO - Setting next_dagrun for example_external_task_marker_child to None, run_after=None
[2026-03-14T23:06:51.445+0000] {logging_mixin.py:188} INFO - [2026-03-14T23:06:51.445+0000] {dag.py:3954} INFO - Setting next_dagrun for example_external_task_marker_parent to None, run_after=None
[2026-03-14T23:06:51.472+0000] {processor.py:183} INFO - Processing /home/airflow/.local/lib/python3.12/site-packages/airflow/example_dags/example_external_task_marker_dag.py took 0.126 seconds
[2026-03-14T23:07:22.205+0000] {processor.py:161} INFO - Started process (PID=559) to work on /home/airflow/.local/lib/python3.12/site-packages/airflow/example_dags/example_external_task_marker_dag.py
[2026-03-14T23:07:22.207+0000] {processor.py:830} INFO - Processing file /home/airflow/.local/lib/python3.12/site-packages/airflow/example_dags/example_external_task_marker_dag.py for tasks to queue
[2026-03-14T23:07:22.210+0000] {logging_mixin.py:188} INFO - [2026-03-14T23:07:22.210+0000] {dagbag.py:545} INFO - Filling up the DagBag from /home/airflow/.local/lib/python3.12/site-packages/airflow/example_dags/example_external_task_marker_dag.py
[2026-03-14T23:07:22.230+0000] {processor.py:840} INFO - DAG(s) 'example_external_task_marker_parent', 'example_external_task_marker_child' retrieved from /home/airflow/.local/lib/python3.12/site-packages/airflow/example_dags/example_external_task_marker_dag.py
[2026-03-14T23:07:22.281+0000] {logging_mixin.py:188} INFO - [2026-03-14T23:07:22.281+0000] {dag.py:3096} INFO - Sync 2 DAGs
[2026-03-14T23:07:22.299+0000] {logging_mixin.py:188} INFO - [2026-03-14T23:07:22.299+0000] {dag.py:3954} INFO - Setting next_dagrun for example_external_task_marker_child to None, run_after=None
[2026-03-14T23:07:22.306+0000] {logging_mixin.py:188} INFO - [2026-03-14T23:07:22.304+0000] {dag.py:3954} INFO - Setting next_dagrun for example_external_task_marker_parent to None, run_after=None
[2026-03-14T23:07:22.342+0000] {processor.py:183} INFO - Processing /home/airflow/.local/lib/python3.12/site-packages/airflow/example_dags/example_external_task_marker_dag.py took 0.145 seconds
[2026-03-14T23:07:52.795+0000] {processor.py:161} INFO - Started process (PID=617) to work on /home/airflow/.local/lib/python3.12/site-packages/airflow/example_dags/example_external_task_marker_dag.py
[2026-03-14T23:07:52.796+0000] {processor.py:830} INFO - Processing file /home/airflow/.local/lib/python3.12/site-packages/airflow/example_dags/example_external_task_marker_dag.py for tasks to queue
[2026-03-14T23:07:52.798+0000] {logging_mixin.py:188} INFO - [2026-03-14T23:07:52.798+0000] {dagbag.py:545} INFO - Filling up the DagBag from /home/airflow/.local/lib/python3.12/site-packages/airflow/example_dags/example_external_task_marker_dag.py
[2026-03-14T23:07:52.806+0000] {processor.py:840} INFO - DAG(s) 'example_external_task_marker_parent', 'example_external_task_marker_child' retrieved from /home/airflow/.local/lib/python3.12/site-packages/airflow/example_dags/example_external_task_marker_dag.py
[2026-03-14T23:07:52.839+0000] {logging_mixin.py:188} INFO - [2026-03-14T23:07:52.838+0000] {dag.py:3096} INFO - Sync 2 DAGs
[2026-03-14T23:07:52.858+0000] {logging_mixin.py:188} INFO - [2026-03-14T23:07:52.858+0000] {dag.py:3954} INFO - Setting next_dagrun for example_external_task_marker_child to None, run_after=None
[2026-03-14T23:07:52.863+0000] {logging_mixin.py:188} INFO - [2026-03-14T23:07:52.862+0000] {dag.py:3954} INFO - Setting next_dagrun for example_external_task_marker_parent to None, run_after=None
[2026-03-14T23:07:52.887+0000] {processor.py:183} INFO - Processing /home/airflow/.local/lib/python3.12/site-packages/airflow/example_dags/example_external_task_marker_dag.py took 0.102 seconds
[2026-03-14T23:08:23.367+0000] {processor.py:161} INFO - Started process (PID=675) to work on /home/airflow/.local/lib/python3.12/site-packages/airflow/example_dags/example_external_task_marker_dag.py
[2026-03-14T23:08:23.369+0000] {processor.py:830} INFO - Processing file /home/airflow/.local/lib/python3.12/site-packages/airflow/example_dags/example_external_task_marker_dag.py for tasks to queue
[2026-03-14T23:08:23.372+0000] {logging_mixin.py:188} INFO - [2026-03-14T23:08:23.371+0000] {dagbag.py:545} INFO - Filling up the DagBag from /home/airflow/.local/lib/python3.12/site-packages/airflow/example_dags/example_external_task_marker_dag.py
[2026-03-14T23:08:23.382+0000] {processor.py:840} INFO - DAG(s) 'example_external_task_marker_parent', 'example_external_task_marker_child' retrieved from /home/airflow/.local/lib/python3.12/site-packages/airflow/example_dags/example_external_task_marker_dag.py
[2026-03-14T23:08:23.421+0000] {logging_mixin.py:188} INFO - [2026-03-14T23:08:23.421+0000] {dag.py:3096} INFO - Sync 2 DAGs
[2026-03-14T23:08:23.439+0000] {logging_mixin.py:188} INFO - [2026-03-14T23:08:23.439+0000] {dag.py:3954} INFO - Setting next_dagrun for example_external_task_marker_child to None, run_after=None
[2026-03-14T23:08:23.447+0000] {logging_mixin.py:188} INFO - [2026-03-14T23:08:23.446+0000] {dag.py:3954} INFO - Setting next_dagrun for example_external_task_marker_parent to None, run_after=None
[2026-03-14T23:08:23.479+0000] {processor.py:183} INFO - Processing /home/airflow/.local/lib/python3.12/site-packages/airflow/example_dags/example_external_task_marker_dag.py took 0.122 seconds
[2026-03-14T23:08:53.824+0000] {processor.py:161} INFO - Started process (PID=733) to work on /home/airflow/.local/lib/python3.12/site-packages/airflow/example_dags/example_external_task_marker_dag.py
[2026-03-14T23:08:53.825+0000] {processor.py:830} INFO - Processing file /home/airflow/.local/lib/python3.12/site-packages/airflow/example_dags/example_external_task_marker_dag.py for tasks to queue
[2026-03-14T23:08:53.828+0000] {logging_mixin.py:188} INFO - [2026-03-14T23:08:53.827+0000] {dagbag.py:545} INFO - Filling up the DagBag from /home/airflow/.local/lib/python3.12/site-packages/airflow/example_dags/example_external_task_marker_dag.py
[2026-03-14T23:08:53.838+0000] {processor.py:840} INFO - DAG(s) 'example_external_task_marker_parent', 'example_external_task_marker_child' retrieved from /home/airflow/.local/lib/python3.12/site-packages/airflow/example_dags/example_external_task_marker_dag.py
[2026-03-14T23:08:53.876+0000] {logging_mixin.py:188} INFO - [2026-03-14T23:08:53.876+0000] {dag.py:3096} INFO - Sync 2 DAGs
[2026-03-14T23:08:53.899+0000] {logging_mixin.py:188} INFO - [2026-03-14T23:08:53.898+0000] {dag.py:3954} INFO - Setting next_dagrun for example_external_task_marker_child to None, run_after=None
[2026-03-14T23:08:53.905+0000] {logging_mixin.py:188} INFO - [2026-03-14T23:08:53.905+0000] {dag.py:3954} INFO - Setting next_dagrun for example_external_task_marker_parent to None, run_after=None
[2026-03-14T23:08:53.937+0000] {processor.py:183} INFO - Processing /home/airflow/.local/lib/python3.12/site-packages/airflow/example_dags/example_external_task_marker_dag.py took 0.129 seconds
[2026-03-14T23:09:24.756+0000] {processor.py:161} INFO - Started process (PID=791) to work on /home/airflow/.local/lib/python3.12/site-packages/airflow/example_dags/example_external_task_marker_dag.py
[2026-03-14T23:09:24.758+0000] {processor.py:830} INFO - Processing file /home/airflow/.local/lib/python3.12/site-packages/airflow/example_dags/example_external_task_marker_dag.py for tasks to queue
[2026-03-14T23:09:24.760+0000] {logging_mixin.py:188} INFO - [2026-03-14T23:09:24.759+0000] {dagbag.py:545} INFO - Filling up the DagBag from /home/airflow/.local/lib/python3.12/site-packages/airflow/example_dags/example_external_task_marker_dag.py
[2026-03-14T23:09:24.767+0000] {processor.py:840} INFO - DAG(s) 'example_external_task_marker_child', 'example_external_task_marker_parent' retrieved from /home/airflow/.local/lib/python3.12/site-packages/airflow/example_dags/example_external_task_marker_dag.py
[2026-03-14T23:09:24.800+0000] {logging_mixin.py:188} INFO - [2026-03-14T23:09:24.799+0000] {dag.py:3096} INFO - Sync 2 DAGs
[2026-03-14T23:09:24.819+0000] {logging_mixin.py:188} INFO - [2026-03-14T23:09:24.818+0000] {dag.py:3954} INFO - Setting next_dagrun for example_external_task_marker_child to None, run_after=None
[2026-03-14T23:09:24.823+0000] {logging_mixin.py:188} INFO - [2026-03-14T23:09:24.822+0000] {dag.py:3954} INFO - Setting next_dagrun for example_external_task_marker_parent to None, run_after=None
[2026-03-14T23:09:24.846+0000] {processor.py:183} INFO - Processing /home/airflow/.local/lib/python3.12/site-packages/airflow/example_dags/example_external_task_marker_dag.py took 0.097 seconds
