[2026-03-14T23:03:15.317+0000] {processor.py:161} INFO - Started process (PID=99) to work on /home/airflow/.local/lib/python3.12/site-packages/airflow/example_dags/example_complex.py
[2026-03-14T23:03:15.364+0000] {processor.py:830} INFO - Processing file /home/airflow/.local/lib/python3.12/site-packages/airflow/example_dags/example_complex.py for tasks to queue
[2026-03-14T23:03:15.440+0000] {logging_mixin.py:188} INFO - [2026-03-14T23:03:15.434+0000] {dagbag.py:545} INFO - Filling up the DagBag from /home/airflow/.local/lib/python3.12/site-packages/airflow/example_dags/example_complex.py
[2026-03-14T23:03:15.596+0000] {processor.py:840} INFO - DAG(s) 'example_complex' retrieved from /home/airflow/.local/lib/python3.12/site-packages/airflow/example_dags/example_complex.py
[2026-03-14T23:03:16.991+0000] {logging_mixin.py:188} INFO - [2026-03-14T23:03:16.990+0000] {dag.py:3096} INFO - Sync 1 DAGs
[2026-03-14T23:03:17.167+0000] {logging_mixin.py:188} INFO - [2026-03-14T23:03:17.167+0000] {dag.py:3954} INFO - Setting next_dagrun for example_complex to None, run_after=None
[2026-03-14T23:03:17.981+0000] {processor.py:183} INFO - Processing /home/airflow/.local/lib/python3.12/site-packages/airflow/example_dags/example_complex.py took 2.879 seconds
[2026-03-14T23:03:48.612+0000] {processor.py:161} INFO - Started process (PID=157) to work on /home/airflow/.local/lib/python3.12/site-packages/airflow/example_dags/example_complex.py
[2026-03-14T23:03:48.613+0000] {processor.py:830} INFO - Processing file /home/airflow/.local/lib/python3.12/site-packages/airflow/example_dags/example_complex.py for tasks to queue
[2026-03-14T23:03:48.616+0000] {logging_mixin.py:188} INFO - [2026-03-14T23:03:48.616+0000] {dagbag.py:545} INFO - Filling up the DagBag from /home/airflow/.local/lib/python3.12/site-packages/airflow/example_dags/example_complex.py
[2026-03-14T23:03:48.635+0000] {processor.py:840} INFO - DAG(s) 'example_complex' retrieved from /home/airflow/.local/lib/python3.12/site-packages/airflow/example_dags/example_complex.py
[2026-03-14T23:03:48.694+0000] {logging_mixin.py:188} INFO - [2026-03-14T23:03:48.693+0000] {dag.py:3096} INFO - Sync 1 DAGs
[2026-03-14T23:03:48.716+0000] {logging_mixin.py:188} INFO - [2026-03-14T23:03:48.716+0000] {dag.py:3954} INFO - Setting next_dagrun for example_complex to None, run_after=None
[2026-03-14T23:03:48.752+0000] {processor.py:183} INFO - Processing /home/airflow/.local/lib/python3.12/site-packages/airflow/example_dags/example_complex.py took 0.152 seconds
[2026-03-14T23:04:19.178+0000] {processor.py:161} INFO - Started process (PID=215) to work on /home/airflow/.local/lib/python3.12/site-packages/airflow/example_dags/example_complex.py
[2026-03-14T23:04:19.179+0000] {processor.py:830} INFO - Processing file /home/airflow/.local/lib/python3.12/site-packages/airflow/example_dags/example_complex.py for tasks to queue
[2026-03-14T23:04:19.182+0000] {logging_mixin.py:188} INFO - [2026-03-14T23:04:19.182+0000] {dagbag.py:545} INFO - Filling up the DagBag from /home/airflow/.local/lib/python3.12/site-packages/airflow/example_dags/example_complex.py
[2026-03-14T23:04:19.195+0000] {processor.py:840} INFO - DAG(s) 'example_complex' retrieved from /home/airflow/.local/lib/python3.12/site-packages/airflow/example_dags/example_complex.py
[2026-03-14T23:04:19.242+0000] {logging_mixin.py:188} INFO - [2026-03-14T23:04:19.242+0000] {dag.py:3096} INFO - Sync 1 DAGs
[2026-03-14T23:04:19.262+0000] {logging_mixin.py:188} INFO - [2026-03-14T23:04:19.261+0000] {dag.py:3954} INFO - Setting next_dagrun for example_complex to None, run_after=None
[2026-03-14T23:04:19.295+0000] {processor.py:183} INFO - Processing /home/airflow/.local/lib/python3.12/site-packages/airflow/example_dags/example_complex.py took 0.125 seconds
[2026-03-14T23:04:49.638+0000] {processor.py:161} INFO - Started process (PID=273) to work on /home/airflow/.local/lib/python3.12/site-packages/airflow/example_dags/example_complex.py
[2026-03-14T23:04:49.639+0000] {processor.py:830} INFO - Processing file /home/airflow/.local/lib/python3.12/site-packages/airflow/example_dags/example_complex.py for tasks to queue
[2026-03-14T23:04:49.642+0000] {logging_mixin.py:188} INFO - [2026-03-14T23:04:49.641+0000] {dagbag.py:545} INFO - Filling up the DagBag from /home/airflow/.local/lib/python3.12/site-packages/airflow/example_dags/example_complex.py
[2026-03-14T23:04:49.656+0000] {processor.py:840} INFO - DAG(s) 'example_complex' retrieved from /home/airflow/.local/lib/python3.12/site-packages/airflow/example_dags/example_complex.py
[2026-03-14T23:04:49.700+0000] {logging_mixin.py:188} INFO - [2026-03-14T23:04:49.700+0000] {dag.py:3096} INFO - Sync 1 DAGs
[2026-03-14T23:04:49.716+0000] {logging_mixin.py:188} INFO - [2026-03-14T23:04:49.716+0000] {dag.py:3954} INFO - Setting next_dagrun for example_complex to None, run_after=None
[2026-03-14T23:04:49.741+0000] {processor.py:183} INFO - Processing /home/airflow/.local/lib/python3.12/site-packages/airflow/example_dags/example_complex.py took 0.111 seconds
[2026-03-14T23:05:20.112+0000] {processor.py:161} INFO - Started process (PID=332) to work on /home/airflow/.local/lib/python3.12/site-packages/airflow/example_dags/example_complex.py
[2026-03-14T23:05:20.113+0000] {processor.py:830} INFO - Processing file /home/airflow/.local/lib/python3.12/site-packages/airflow/example_dags/example_complex.py for tasks to queue
[2026-03-14T23:05:20.116+0000] {logging_mixin.py:188} INFO - [2026-03-14T23:05:20.115+0000] {dagbag.py:545} INFO - Filling up the DagBag from /home/airflow/.local/lib/python3.12/site-packages/airflow/example_dags/example_complex.py
[2026-03-14T23:05:20.131+0000] {processor.py:840} INFO - DAG(s) 'example_complex' retrieved from /home/airflow/.local/lib/python3.12/site-packages/airflow/example_dags/example_complex.py
[2026-03-14T23:05:20.175+0000] {logging_mixin.py:188} INFO - [2026-03-14T23:05:20.175+0000] {dag.py:3096} INFO - Sync 1 DAGs
[2026-03-14T23:05:20.194+0000] {logging_mixin.py:188} INFO - [2026-03-14T23:05:20.194+0000] {dag.py:3954} INFO - Setting next_dagrun for example_complex to None, run_after=None
[2026-03-14T23:05:20.231+0000] {processor.py:183} INFO - Processing /home/airflow/.local/lib/python3.12/site-packages/airflow/example_dags/example_complex.py took 0.129 seconds
[2026-03-14T23:05:51.118+0000] {processor.py:161} INFO - Started process (PID=390) to work on /home/airflow/.local/lib/python3.12/site-packages/airflow/example_dags/example_complex.py
[2026-03-14T23:05:51.120+0000] {processor.py:830} INFO - Processing file /home/airflow/.local/lib/python3.12/site-packages/airflow/example_dags/example_complex.py for tasks to queue
[2026-03-14T23:05:51.122+0000] {logging_mixin.py:188} INFO - [2026-03-14T23:05:51.122+0000] {dagbag.py:545} INFO - Filling up the DagBag from /home/airflow/.local/lib/python3.12/site-packages/airflow/example_dags/example_complex.py
[2026-03-14T23:05:51.136+0000] {processor.py:840} INFO - DAG(s) 'example_complex' retrieved from /home/airflow/.local/lib/python3.12/site-packages/airflow/example_dags/example_complex.py
[2026-03-14T23:05:51.178+0000] {logging_mixin.py:188} INFO - [2026-03-14T23:05:51.178+0000] {dag.py:3096} INFO - Sync 1 DAGs
[2026-03-14T23:05:51.196+0000] {logging_mixin.py:188} INFO - [2026-03-14T23:05:51.196+0000] {dag.py:3954} INFO - Setting next_dagrun for example_complex to None, run_after=None
[2026-03-14T23:05:51.229+0000] {processor.py:183} INFO - Processing /home/airflow/.local/lib/python3.12/site-packages/airflow/example_dags/example_complex.py took 0.118 seconds
[2026-03-14T23:06:22.035+0000] {processor.py:161} INFO - Started process (PID=448) to work on /home/airflow/.local/lib/python3.12/site-packages/airflow/example_dags/example_complex.py
[2026-03-14T23:06:22.053+0000] {processor.py:830} INFO - Processing file /home/airflow/.local/lib/python3.12/site-packages/airflow/example_dags/example_complex.py for tasks to queue
[2026-03-14T23:06:22.056+0000] {logging_mixin.py:188} INFO - [2026-03-14T23:06:22.055+0000] {dagbag.py:545} INFO - Filling up the DagBag from /home/airflow/.local/lib/python3.12/site-packages/airflow/example_dags/example_complex.py
[2026-03-14T23:06:22.069+0000] {processor.py:840} INFO - DAG(s) 'example_complex' retrieved from /home/airflow/.local/lib/python3.12/site-packages/airflow/example_dags/example_complex.py
[2026-03-14T23:06:22.114+0000] {logging_mixin.py:188} INFO - [2026-03-14T23:06:22.113+0000] {dag.py:3096} INFO - Sync 1 DAGs
[2026-03-14T23:06:22.137+0000] {logging_mixin.py:188} INFO - [2026-03-14T23:06:22.137+0000] {dag.py:3954} INFO - Setting next_dagrun for example_complex to None, run_after=None
[2026-03-14T23:06:22.203+0000] {processor.py:183} INFO - Processing /home/airflow/.local/lib/python3.12/site-packages/airflow/example_dags/example_complex.py took 0.177 seconds
[2026-03-14T23:06:52.596+0000] {processor.py:161} INFO - Started process (PID=506) to work on /home/airflow/.local/lib/python3.12/site-packages/airflow/example_dags/example_complex.py
[2026-03-14T23:06:52.599+0000] {processor.py:830} INFO - Processing file /home/airflow/.local/lib/python3.12/site-packages/airflow/example_dags/example_complex.py for tasks to queue
[2026-03-14T23:06:52.602+0000] {logging_mixin.py:188} INFO - [2026-03-14T23:06:52.602+0000] {dagbag.py:545} INFO - Filling up the DagBag from /home/airflow/.local/lib/python3.12/site-packages/airflow/example_dags/example_complex.py
[2026-03-14T23:06:52.621+0000] {processor.py:840} INFO - DAG(s) 'example_complex' retrieved from /home/airflow/.local/lib/python3.12/site-packages/airflow/example_dags/example_complex.py
[2026-03-14T23:06:52.667+0000] {logging_mixin.py:188} INFO - [2026-03-14T23:06:52.667+0000] {dag.py:3096} INFO - Sync 1 DAGs
[2026-03-14T23:06:52.688+0000] {logging_mixin.py:188} INFO - [2026-03-14T23:06:52.688+0000] {dag.py:3954} INFO - Setting next_dagrun for example_complex to None, run_after=None
[2026-03-14T23:06:52.719+0000] {processor.py:183} INFO - Processing /home/airflow/.local/lib/python3.12/site-packages/airflow/example_dags/example_complex.py took 0.138 seconds
[2026-03-14T23:07:23.243+0000] {processor.py:161} INFO - Started process (PID=564) to work on /home/airflow/.local/lib/python3.12/site-packages/airflow/example_dags/example_complex.py
[2026-03-14T23:07:23.245+0000] {processor.py:830} INFO - Processing file /home/airflow/.local/lib/python3.12/site-packages/airflow/example_dags/example_complex.py for tasks to queue
[2026-03-14T23:07:23.247+0000] {logging_mixin.py:188} INFO - [2026-03-14T23:07:23.247+0000] {dagbag.py:545} INFO - Filling up the DagBag from /home/airflow/.local/lib/python3.12/site-packages/airflow/example_dags/example_complex.py
[2026-03-14T23:07:23.262+0000] {processor.py:840} INFO - DAG(s) 'example_complex' retrieved from /home/airflow/.local/lib/python3.12/site-packages/airflow/example_dags/example_complex.py
[2026-03-14T23:07:23.307+0000] {logging_mixin.py:188} INFO - [2026-03-14T23:07:23.307+0000] {dag.py:3096} INFO - Sync 1 DAGs
[2026-03-14T23:07:23.324+0000] {logging_mixin.py:188} INFO - [2026-03-14T23:07:23.323+0000] {dag.py:3954} INFO - Setting next_dagrun for example_complex to None, run_after=None
[2026-03-14T23:07:23.350+0000] {processor.py:183} INFO - Processing /home/airflow/.local/lib/python3.12/site-packages/airflow/example_dags/example_complex.py took 0.116 seconds
[2026-03-14T23:07:54.087+0000] {processor.py:161} INFO - Started process (PID=620) to work on /home/airflow/.local/lib/python3.12/site-packages/airflow/example_dags/example_complex.py
[2026-03-14T23:07:54.088+0000] {processor.py:830} INFO - Processing file /home/airflow/.local/lib/python3.12/site-packages/airflow/example_dags/example_complex.py for tasks to queue
[2026-03-14T23:07:54.090+0000] {logging_mixin.py:188} INFO - [2026-03-14T23:07:54.090+0000] {dagbag.py:545} INFO - Filling up the DagBag from /home/airflow/.local/lib/python3.12/site-packages/airflow/example_dags/example_complex.py
[2026-03-14T23:07:54.103+0000] {processor.py:840} INFO - DAG(s) 'example_complex' retrieved from /home/airflow/.local/lib/python3.12/site-packages/airflow/example_dags/example_complex.py
[2026-03-14T23:07:54.146+0000] {logging_mixin.py:188} INFO - [2026-03-14T23:07:54.145+0000] {dag.py:3096} INFO - Sync 1 DAGs
[2026-03-14T23:07:54.163+0000] {logging_mixin.py:188} INFO - [2026-03-14T23:07:54.162+0000] {dag.py:3954} INFO - Setting next_dagrun for example_complex to None, run_after=None
[2026-03-14T23:07:54.190+0000] {processor.py:183} INFO - Processing /home/airflow/.local/lib/python3.12/site-packages/airflow/example_dags/example_complex.py took 0.111 seconds
[2026-03-14T23:08:24.677+0000] {processor.py:161} INFO - Started process (PID=678) to work on /home/airflow/.local/lib/python3.12/site-packages/airflow/example_dags/example_complex.py
[2026-03-14T23:08:24.678+0000] {processor.py:830} INFO - Processing file /home/airflow/.local/lib/python3.12/site-packages/airflow/example_dags/example_complex.py for tasks to queue
[2026-03-14T23:08:24.681+0000] {logging_mixin.py:188} INFO - [2026-03-14T23:08:24.681+0000] {dagbag.py:545} INFO - Filling up the DagBag from /home/airflow/.local/lib/python3.12/site-packages/airflow/example_dags/example_complex.py
[2026-03-14T23:08:24.694+0000] {processor.py:840} INFO - DAG(s) 'example_complex' retrieved from /home/airflow/.local/lib/python3.12/site-packages/airflow/example_dags/example_complex.py
[2026-03-14T23:08:24.734+0000] {logging_mixin.py:188} INFO - [2026-03-14T23:08:24.734+0000] {dag.py:3096} INFO - Sync 1 DAGs
[2026-03-14T23:08:24.751+0000] {logging_mixin.py:188} INFO - [2026-03-14T23:08:24.750+0000] {dag.py:3954} INFO - Setting next_dagrun for example_complex to None, run_after=None
[2026-03-14T23:08:24.781+0000] {processor.py:183} INFO - Processing /home/airflow/.local/lib/python3.12/site-packages/airflow/example_dags/example_complex.py took 0.112 seconds
[2026-03-14T23:08:55.179+0000] {processor.py:161} INFO - Started process (PID=736) to work on /home/airflow/.local/lib/python3.12/site-packages/airflow/example_dags/example_complex.py
[2026-03-14T23:08:55.180+0000] {processor.py:830} INFO - Processing file /home/airflow/.local/lib/python3.12/site-packages/airflow/example_dags/example_complex.py for tasks to queue
[2026-03-14T23:08:55.182+0000] {logging_mixin.py:188} INFO - [2026-03-14T23:08:55.182+0000] {dagbag.py:545} INFO - Filling up the DagBag from /home/airflow/.local/lib/python3.12/site-packages/airflow/example_dags/example_complex.py
[2026-03-14T23:08:55.197+0000] {processor.py:840} INFO - DAG(s) 'example_complex' retrieved from /home/airflow/.local/lib/python3.12/site-packages/airflow/example_dags/example_complex.py
[2026-03-14T23:08:55.241+0000] {logging_mixin.py:188} INFO - [2026-03-14T23:08:55.241+0000] {dag.py:3096} INFO - Sync 1 DAGs
[2026-03-14T23:08:55.258+0000] {logging_mixin.py:188} INFO - [2026-03-14T23:08:55.258+0000] {dag.py:3954} INFO - Setting next_dagrun for example_complex to None, run_after=None
[2026-03-14T23:08:55.295+0000] {processor.py:183} INFO - Processing /home/airflow/.local/lib/python3.12/site-packages/airflow/example_dags/example_complex.py took 0.123 seconds
[2026-03-14T23:09:26.547+0000] {processor.py:161} INFO - Started process (PID=794) to work on /home/airflow/.local/lib/python3.12/site-packages/airflow/example_dags/example_complex.py
[2026-03-14T23:09:26.572+0000] {processor.py:830} INFO - Processing file /home/airflow/.local/lib/python3.12/site-packages/airflow/example_dags/example_complex.py for tasks to queue
[2026-03-14T23:09:26.659+0000] {logging_mixin.py:188} INFO - [2026-03-14T23:09:26.658+0000] {dagbag.py:545} INFO - Filling up the DagBag from /home/airflow/.local/lib/python3.12/site-packages/airflow/example_dags/example_complex.py
[2026-03-14T23:09:26.859+0000] {processor.py:840} INFO - DAG(s) 'example_complex' retrieved from /home/airflow/.local/lib/python3.12/site-packages/airflow/example_dags/example_complex.py
