[2026-03-14T23:03:07.207+0000] {processor.py:161} INFO - Started process (PID=91) to work on /home/airflow/.local/lib/python3.12/site-packages/airflow/example_dags/example_latest_only.py
[2026-03-14T23:03:07.209+0000] {processor.py:830} INFO - Processing file /home/airflow/.local/lib/python3.12/site-packages/airflow/example_dags/example_latest_only.py for tasks to queue
[2026-03-14T23:03:07.213+0000] {logging_mixin.py:188} INFO - [2026-03-14T23:03:07.212+0000] {dagbag.py:545} INFO - Filling up the DagBag from /home/airflow/.local/lib/python3.12/site-packages/airflow/example_dags/example_latest_only.py
[2026-03-14T23:03:07.224+0000] {processor.py:840} INFO - DAG(s) 'latest_only' retrieved from /home/airflow/.local/lib/python3.12/site-packages/airflow/example_dags/example_latest_only.py
[2026-03-14T23:03:07.694+0000] {logging_mixin.py:188} INFO - [2026-03-14T23:03:07.693+0000] {dag.py:3096} INFO - Sync 1 DAGs
[2026-03-14T23:03:07.972+0000] {logging_mixin.py:188} INFO - [2026-03-14T23:03:07.972+0000] {dag.py:3954} INFO - Setting next_dagrun for latest_only to 2026-03-14 16:00:00+00:00, run_after=2026-03-14 20:00:00+00:00
[2026-03-14T23:03:08.087+0000] {processor.py:183} INFO - Processing /home/airflow/.local/lib/python3.12/site-packages/airflow/example_dags/example_latest_only.py took 0.726 seconds
[2026-03-14T23:03:45.695+0000] {processor.py:161} INFO - Started process (PID=149) to work on /home/airflow/.local/lib/python3.12/site-packages/airflow/example_dags/example_latest_only.py
[2026-03-14T23:03:45.698+0000] {processor.py:830} INFO - Processing file /home/airflow/.local/lib/python3.12/site-packages/airflow/example_dags/example_latest_only.py for tasks to queue
[2026-03-14T23:03:45.701+0000] {logging_mixin.py:188} INFO - [2026-03-14T23:03:45.700+0000] {dagbag.py:545} INFO - Filling up the DagBag from /home/airflow/.local/lib/python3.12/site-packages/airflow/example_dags/example_latest_only.py
[2026-03-14T23:03:45.713+0000] {processor.py:840} INFO - DAG(s) 'latest_only' retrieved from /home/airflow/.local/lib/python3.12/site-packages/airflow/example_dags/example_latest_only.py
[2026-03-14T23:03:45.754+0000] {logging_mixin.py:188} INFO - [2026-03-14T23:03:45.753+0000] {dag.py:3096} INFO - Sync 1 DAGs
[2026-03-14T23:03:45.795+0000] {logging_mixin.py:188} INFO - [2026-03-14T23:03:45.794+0000] {dag.py:3954} INFO - Setting next_dagrun for latest_only to 2026-03-14 16:00:00+00:00, run_after=2026-03-14 20:00:00+00:00
[2026-03-14T23:03:45.830+0000] {processor.py:183} INFO - Processing /home/airflow/.local/lib/python3.12/site-packages/airflow/example_dags/example_latest_only.py took 0.147 seconds
[2026-03-14T23:04:16.407+0000] {processor.py:161} INFO - Started process (PID=207) to work on /home/airflow/.local/lib/python3.12/site-packages/airflow/example_dags/example_latest_only.py
[2026-03-14T23:04:16.412+0000] {processor.py:830} INFO - Processing file /home/airflow/.local/lib/python3.12/site-packages/airflow/example_dags/example_latest_only.py for tasks to queue
[2026-03-14T23:04:16.419+0000] {logging_mixin.py:188} INFO - [2026-03-14T23:04:16.418+0000] {dagbag.py:545} INFO - Filling up the DagBag from /home/airflow/.local/lib/python3.12/site-packages/airflow/example_dags/example_latest_only.py
[2026-03-14T23:04:16.438+0000] {processor.py:840} INFO - DAG(s) 'latest_only' retrieved from /home/airflow/.local/lib/python3.12/site-packages/airflow/example_dags/example_latest_only.py
[2026-03-14T23:04:16.493+0000] {logging_mixin.py:188} INFO - [2026-03-14T23:04:16.492+0000] {dag.py:3096} INFO - Sync 1 DAGs
[2026-03-14T23:04:16.526+0000] {logging_mixin.py:188} INFO - [2026-03-14T23:04:16.526+0000] {dag.py:3954} INFO - Setting next_dagrun for latest_only to 2026-03-14 16:00:00+00:00, run_after=2026-03-14 20:00:00+00:00
[2026-03-14T23:04:16.564+0000] {processor.py:183} INFO - Processing /home/airflow/.local/lib/python3.12/site-packages/airflow/example_dags/example_latest_only.py took 0.186 seconds
[2026-03-14T23:04:46.958+0000] {processor.py:161} INFO - Started process (PID=265) to work on /home/airflow/.local/lib/python3.12/site-packages/airflow/example_dags/example_latest_only.py
[2026-03-14T23:04:46.961+0000] {processor.py:830} INFO - Processing file /home/airflow/.local/lib/python3.12/site-packages/airflow/example_dags/example_latest_only.py for tasks to queue
[2026-03-14T23:04:46.964+0000] {logging_mixin.py:188} INFO - [2026-03-14T23:04:46.964+0000] {dagbag.py:545} INFO - Filling up the DagBag from /home/airflow/.local/lib/python3.12/site-packages/airflow/example_dags/example_latest_only.py
[2026-03-14T23:04:46.972+0000] {processor.py:840} INFO - DAG(s) 'latest_only' retrieved from /home/airflow/.local/lib/python3.12/site-packages/airflow/example_dags/example_latest_only.py
[2026-03-14T23:04:47.009+0000] {logging_mixin.py:188} INFO - [2026-03-14T23:04:47.009+0000] {dag.py:3096} INFO - Sync 1 DAGs
[2026-03-14T23:04:47.043+0000] {logging_mixin.py:188} INFO - [2026-03-14T23:04:47.042+0000] {dag.py:3954} INFO - Setting next_dagrun for latest_only to 2026-03-14 16:00:00+00:00, run_after=2026-03-14 20:00:00+00:00
[2026-03-14T23:04:47.072+0000] {processor.py:183} INFO - Processing /home/airflow/.local/lib/python3.12/site-packages/airflow/example_dags/example_latest_only.py took 0.121 seconds
[2026-03-14T23:05:17.459+0000] {processor.py:161} INFO - Started process (PID=324) to work on /home/airflow/.local/lib/python3.12/site-packages/airflow/example_dags/example_latest_only.py
[2026-03-14T23:05:17.463+0000] {processor.py:830} INFO - Processing file /home/airflow/.local/lib/python3.12/site-packages/airflow/example_dags/example_latest_only.py for tasks to queue
[2026-03-14T23:05:17.467+0000] {logging_mixin.py:188} INFO - [2026-03-14T23:05:17.466+0000] {dagbag.py:545} INFO - Filling up the DagBag from /home/airflow/.local/lib/python3.12/site-packages/airflow/example_dags/example_latest_only.py
[2026-03-14T23:05:17.474+0000] {processor.py:840} INFO - DAG(s) 'latest_only' retrieved from /home/airflow/.local/lib/python3.12/site-packages/airflow/example_dags/example_latest_only.py
[2026-03-14T23:05:17.503+0000] {logging_mixin.py:188} INFO - [2026-03-14T23:05:17.503+0000] {dag.py:3096} INFO - Sync 1 DAGs
[2026-03-14T23:05:17.535+0000] {logging_mixin.py:188} INFO - [2026-03-14T23:05:17.535+0000] {dag.py:3954} INFO - Setting next_dagrun for latest_only to 2026-03-14 16:00:00+00:00, run_after=2026-03-14 20:00:00+00:00
[2026-03-14T23:05:17.562+0000] {processor.py:183} INFO - Processing /home/airflow/.local/lib/python3.12/site-packages/airflow/example_dags/example_latest_only.py took 0.112 seconds
[2026-03-14T23:05:47.749+0000] {processor.py:161} INFO - Started process (PID=382) to work on /home/airflow/.local/lib/python3.12/site-packages/airflow/example_dags/example_latest_only.py
[2026-03-14T23:05:47.751+0000] {processor.py:830} INFO - Processing file /home/airflow/.local/lib/python3.12/site-packages/airflow/example_dags/example_latest_only.py for tasks to queue
[2026-03-14T23:05:47.755+0000] {logging_mixin.py:188} INFO - [2026-03-14T23:05:47.754+0000] {dagbag.py:545} INFO - Filling up the DagBag from /home/airflow/.local/lib/python3.12/site-packages/airflow/example_dags/example_latest_only.py
[2026-03-14T23:05:47.761+0000] {processor.py:840} INFO - DAG(s) 'latest_only' retrieved from /home/airflow/.local/lib/python3.12/site-packages/airflow/example_dags/example_latest_only.py
[2026-03-14T23:05:47.795+0000] {logging_mixin.py:188} INFO - [2026-03-14T23:05:47.794+0000] {dag.py:3096} INFO - Sync 1 DAGs
[2026-03-14T23:05:47.826+0000] {logging_mixin.py:188} INFO - [2026-03-14T23:05:47.826+0000] {dag.py:3954} INFO - Setting next_dagrun for latest_only to 2026-03-14 16:00:00+00:00, run_after=2026-03-14 20:00:00+00:00
[2026-03-14T23:05:47.857+0000] {processor.py:183} INFO - Processing /home/airflow/.local/lib/python3.12/site-packages/airflow/example_dags/example_latest_only.py took 0.117 seconds
[2026-03-14T23:06:17.930+0000] {processor.py:161} INFO - Started process (PID=438) to work on /home/airflow/.local/lib/python3.12/site-packages/airflow/example_dags/example_latest_only.py
[2026-03-14T23:06:17.931+0000] {processor.py:830} INFO - Processing file /home/airflow/.local/lib/python3.12/site-packages/airflow/example_dags/example_latest_only.py for tasks to queue
[2026-03-14T23:06:17.933+0000] {logging_mixin.py:188} INFO - [2026-03-14T23:06:17.933+0000] {dagbag.py:545} INFO - Filling up the DagBag from /home/airflow/.local/lib/python3.12/site-packages/airflow/example_dags/example_latest_only.py
[2026-03-14T23:06:17.941+0000] {processor.py:840} INFO - DAG(s) 'latest_only' retrieved from /home/airflow/.local/lib/python3.12/site-packages/airflow/example_dags/example_latest_only.py
[2026-03-14T23:06:17.973+0000] {logging_mixin.py:188} INFO - [2026-03-14T23:06:17.972+0000] {dag.py:3096} INFO - Sync 1 DAGs
[2026-03-14T23:06:18.002+0000] {logging_mixin.py:188} INFO - [2026-03-14T23:06:18.002+0000] {dag.py:3954} INFO - Setting next_dagrun for latest_only to 2026-03-14 16:00:00+00:00, run_after=2026-03-14 20:00:00+00:00
[2026-03-14T23:06:18.035+0000] {processor.py:183} INFO - Processing /home/airflow/.local/lib/python3.12/site-packages/airflow/example_dags/example_latest_only.py took 0.113 seconds
[2026-03-14T23:06:48.143+0000] {processor.py:161} INFO - Started process (PID=496) to work on /home/airflow/.local/lib/python3.12/site-packages/airflow/example_dags/example_latest_only.py
[2026-03-14T23:06:48.145+0000] {processor.py:830} INFO - Processing file /home/airflow/.local/lib/python3.12/site-packages/airflow/example_dags/example_latest_only.py for tasks to queue
[2026-03-14T23:06:48.147+0000] {logging_mixin.py:188} INFO - [2026-03-14T23:06:48.147+0000] {dagbag.py:545} INFO - Filling up the DagBag from /home/airflow/.local/lib/python3.12/site-packages/airflow/example_dags/example_latest_only.py
[2026-03-14T23:06:48.154+0000] {processor.py:840} INFO - DAG(s) 'latest_only' retrieved from /home/airflow/.local/lib/python3.12/site-packages/airflow/example_dags/example_latest_only.py
[2026-03-14T23:06:48.184+0000] {logging_mixin.py:188} INFO - [2026-03-14T23:06:48.184+0000] {dag.py:3096} INFO - Sync 1 DAGs
[2026-03-14T23:06:48.213+0000] {logging_mixin.py:188} INFO - [2026-03-14T23:06:48.213+0000] {dag.py:3954} INFO - Setting next_dagrun for latest_only to 2026-03-14 16:00:00+00:00, run_after=2026-03-14 20:00:00+00:00
[2026-03-14T23:06:48.242+0000] {processor.py:183} INFO - Processing /home/airflow/.local/lib/python3.12/site-packages/airflow/example_dags/example_latest_only.py took 0.107 seconds
[2026-03-14T23:07:18.907+0000] {processor.py:161} INFO - Started process (PID=554) to work on /home/airflow/.local/lib/python3.12/site-packages/airflow/example_dags/example_latest_only.py
[2026-03-14T23:07:18.909+0000] {processor.py:830} INFO - Processing file /home/airflow/.local/lib/python3.12/site-packages/airflow/example_dags/example_latest_only.py for tasks to queue
[2026-03-14T23:07:18.911+0000] {logging_mixin.py:188} INFO - [2026-03-14T23:07:18.910+0000] {dagbag.py:545} INFO - Filling up the DagBag from /home/airflow/.local/lib/python3.12/site-packages/airflow/example_dags/example_latest_only.py
[2026-03-14T23:07:18.917+0000] {processor.py:840} INFO - DAG(s) 'latest_only' retrieved from /home/airflow/.local/lib/python3.12/site-packages/airflow/example_dags/example_latest_only.py
[2026-03-14T23:07:18.950+0000] {logging_mixin.py:188} INFO - [2026-03-14T23:07:18.949+0000] {dag.py:3096} INFO - Sync 1 DAGs
[2026-03-14T23:07:18.981+0000] {logging_mixin.py:188} INFO - [2026-03-14T23:07:18.981+0000] {dag.py:3954} INFO - Setting next_dagrun for latest_only to 2026-03-14 16:00:00+00:00, run_after=2026-03-14 20:00:00+00:00
[2026-03-14T23:07:19.014+0000] {processor.py:183} INFO - Processing /home/airflow/.local/lib/python3.12/site-packages/airflow/example_dags/example_latest_only.py took 0.116 seconds
[2026-03-14T23:07:49.453+0000] {processor.py:161} INFO - Started process (PID=612) to work on /home/airflow/.local/lib/python3.12/site-packages/airflow/example_dags/example_latest_only.py
[2026-03-14T23:07:49.454+0000] {processor.py:830} INFO - Processing file /home/airflow/.local/lib/python3.12/site-packages/airflow/example_dags/example_latest_only.py for tasks to queue
[2026-03-14T23:07:49.458+0000] {logging_mixin.py:188} INFO - [2026-03-14T23:07:49.458+0000] {dagbag.py:545} INFO - Filling up the DagBag from /home/airflow/.local/lib/python3.12/site-packages/airflow/example_dags/example_latest_only.py
[2026-03-14T23:07:49.467+0000] {processor.py:840} INFO - DAG(s) 'latest_only' retrieved from /home/airflow/.local/lib/python3.12/site-packages/airflow/example_dags/example_latest_only.py
[2026-03-14T23:07:49.499+0000] {logging_mixin.py:188} INFO - [2026-03-14T23:07:49.499+0000] {dag.py:3096} INFO - Sync 1 DAGs
[2026-03-14T23:07:49.534+0000] {logging_mixin.py:188} INFO - [2026-03-14T23:07:49.533+0000] {dag.py:3954} INFO - Setting next_dagrun for latest_only to 2026-03-14 16:00:00+00:00, run_after=2026-03-14 20:00:00+00:00
[2026-03-14T23:07:49.568+0000] {processor.py:183} INFO - Processing /home/airflow/.local/lib/python3.12/site-packages/airflow/example_dags/example_latest_only.py took 0.123 seconds
[2026-03-14T23:08:20.076+0000] {processor.py:161} INFO - Started process (PID=670) to work on /home/airflow/.local/lib/python3.12/site-packages/airflow/example_dags/example_latest_only.py
[2026-03-14T23:08:20.077+0000] {processor.py:830} INFO - Processing file /home/airflow/.local/lib/python3.12/site-packages/airflow/example_dags/example_latest_only.py for tasks to queue
[2026-03-14T23:08:20.080+0000] {logging_mixin.py:188} INFO - [2026-03-14T23:08:20.079+0000] {dagbag.py:545} INFO - Filling up the DagBag from /home/airflow/.local/lib/python3.12/site-packages/airflow/example_dags/example_latest_only.py
[2026-03-14T23:08:20.090+0000] {processor.py:840} INFO - DAG(s) 'latest_only' retrieved from /home/airflow/.local/lib/python3.12/site-packages/airflow/example_dags/example_latest_only.py
[2026-03-14T23:08:20.122+0000] {logging_mixin.py:188} INFO - [2026-03-14T23:08:20.121+0000] {dag.py:3096} INFO - Sync 1 DAGs
[2026-03-14T23:08:20.159+0000] {logging_mixin.py:188} INFO - [2026-03-14T23:08:20.159+0000] {dag.py:3954} INFO - Setting next_dagrun for latest_only to 2026-03-14 16:00:00+00:00, run_after=2026-03-14 20:00:00+00:00
[2026-03-14T23:08:20.190+0000] {processor.py:183} INFO - Processing /home/airflow/.local/lib/python3.12/site-packages/airflow/example_dags/example_latest_only.py took 0.127 seconds
[2026-03-14T23:08:51.437+0000] {processor.py:161} INFO - Started process (PID=728) to work on /home/airflow/.local/lib/python3.12/site-packages/airflow/example_dags/example_latest_only.py
[2026-03-14T23:08:51.439+0000] {processor.py:830} INFO - Processing file /home/airflow/.local/lib/python3.12/site-packages/airflow/example_dags/example_latest_only.py for tasks to queue
[2026-03-14T23:08:51.442+0000] {logging_mixin.py:188} INFO - [2026-03-14T23:08:51.441+0000] {dagbag.py:545} INFO - Filling up the DagBag from /home/airflow/.local/lib/python3.12/site-packages/airflow/example_dags/example_latest_only.py
[2026-03-14T23:08:51.450+0000] {processor.py:840} INFO - DAG(s) 'latest_only' retrieved from /home/airflow/.local/lib/python3.12/site-packages/airflow/example_dags/example_latest_only.py
[2026-03-14T23:08:51.487+0000] {logging_mixin.py:188} INFO - [2026-03-14T23:08:51.487+0000] {dag.py:3096} INFO - Sync 1 DAGs
[2026-03-14T23:08:51.521+0000] {logging_mixin.py:188} INFO - [2026-03-14T23:08:51.521+0000] {dag.py:3954} INFO - Setting next_dagrun for latest_only to 2026-03-14 16:00:00+00:00, run_after=2026-03-14 20:00:00+00:00
[2026-03-14T23:08:51.549+0000] {processor.py:183} INFO - Processing /home/airflow/.local/lib/python3.12/site-packages/airflow/example_dags/example_latest_only.py took 0.124 seconds
[2026-03-14T23:09:22.401+0000] {processor.py:161} INFO - Started process (PID=786) to work on /home/airflow/.local/lib/python3.12/site-packages/airflow/example_dags/example_latest_only.py
[2026-03-14T23:09:22.404+0000] {processor.py:830} INFO - Processing file /home/airflow/.local/lib/python3.12/site-packages/airflow/example_dags/example_latest_only.py for tasks to queue
[2026-03-14T23:09:22.407+0000] {logging_mixin.py:188} INFO - [2026-03-14T23:09:22.407+0000] {dagbag.py:545} INFO - Filling up the DagBag from /home/airflow/.local/lib/python3.12/site-packages/airflow/example_dags/example_latest_only.py
[2026-03-14T23:09:22.415+0000] {processor.py:840} INFO - DAG(s) 'latest_only' retrieved from /home/airflow/.local/lib/python3.12/site-packages/airflow/example_dags/example_latest_only.py
[2026-03-14T23:09:22.446+0000] {logging_mixin.py:188} INFO - [2026-03-14T23:09:22.446+0000] {dag.py:3096} INFO - Sync 1 DAGs
[2026-03-14T23:09:22.487+0000] {logging_mixin.py:188} INFO - [2026-03-14T23:09:22.486+0000] {dag.py:3954} INFO - Setting next_dagrun for latest_only to 2026-03-14 16:00:00+00:00, run_after=2026-03-14 20:00:00+00:00
[2026-03-14T23:09:22.522+0000] {processor.py:183} INFO - Processing /home/airflow/.local/lib/python3.12/site-packages/airflow/example_dags/example_latest_only.py took 0.133 seconds
