[2026-03-14T23:03:07.964+0000] {processor.py:161} INFO - Started process (PID=92) to work on /home/airflow/.local/lib/python3.12/site-packages/airflow/example_dags/example_skip_dag.py
[2026-03-14T23:03:07.975+0000] {processor.py:830} INFO - Processing file /home/airflow/.local/lib/python3.12/site-packages/airflow/example_dags/example_skip_dag.py for tasks to queue
[2026-03-14T23:03:07.999+0000] {logging_mixin.py:188} INFO - [2026-03-14T23:03:07.996+0000] {dagbag.py:545} INFO - Filling up the DagBag from /home/airflow/.local/lib/python3.12/site-packages/airflow/example_dags/example_skip_dag.py
[2026-03-14T23:03:08.176+0000] {processor.py:840} INFO - DAG(s) 'example_skip_dag' retrieved from /home/airflow/.local/lib/python3.12/site-packages/airflow/example_dags/example_skip_dag.py
[2026-03-14T23:03:09.409+0000] {logging_mixin.py:188} INFO - [2026-03-14T23:03:09.409+0000] {dag.py:3096} INFO - Sync 1 DAGs
[2026-03-14T23:03:09.644+0000] {logging_mixin.py:188} INFO - [2026-03-14T23:03:09.644+0000] {dag.py:3954} INFO - Setting next_dagrun for example_skip_dag to 2026-03-13 00:00:00+00:00, run_after=2026-03-14 00:00:00+00:00
[2026-03-14T23:03:10.111+0000] {processor.py:183} INFO - Processing /home/airflow/.local/lib/python3.12/site-packages/airflow/example_dags/example_skip_dag.py took 2.257 seconds
[2026-03-14T23:03:45.803+0000] {processor.py:161} INFO - Started process (PID=150) to work on /home/airflow/.local/lib/python3.12/site-packages/airflow/example_dags/example_skip_dag.py
[2026-03-14T23:03:45.805+0000] {processor.py:830} INFO - Processing file /home/airflow/.local/lib/python3.12/site-packages/airflow/example_dags/example_skip_dag.py for tasks to queue
[2026-03-14T23:03:45.810+0000] {logging_mixin.py:188} INFO - [2026-03-14T23:03:45.809+0000] {dagbag.py:545} INFO - Filling up the DagBag from /home/airflow/.local/lib/python3.12/site-packages/airflow/example_dags/example_skip_dag.py
[2026-03-14T23:03:45.825+0000] {processor.py:840} INFO - DAG(s) 'example_skip_dag' retrieved from /home/airflow/.local/lib/python3.12/site-packages/airflow/example_dags/example_skip_dag.py
[2026-03-14T23:03:45.866+0000] {logging_mixin.py:188} INFO - [2026-03-14T23:03:45.866+0000] {dag.py:3096} INFO - Sync 1 DAGs
[2026-03-14T23:03:45.908+0000] {logging_mixin.py:188} INFO - [2026-03-14T23:03:45.908+0000] {dag.py:3954} INFO - Setting next_dagrun for example_skip_dag to 2026-03-13 00:00:00+00:00, run_after=2026-03-14 00:00:00+00:00
[2026-03-14T23:03:45.950+0000] {processor.py:183} INFO - Processing /home/airflow/.local/lib/python3.12/site-packages/airflow/example_dags/example_skip_dag.py took 0.158 seconds
[2026-03-14T23:04:16.487+0000] {processor.py:161} INFO - Started process (PID=208) to work on /home/airflow/.local/lib/python3.12/site-packages/airflow/example_dags/example_skip_dag.py
[2026-03-14T23:04:16.490+0000] {processor.py:830} INFO - Processing file /home/airflow/.local/lib/python3.12/site-packages/airflow/example_dags/example_skip_dag.py for tasks to queue
[2026-03-14T23:04:16.494+0000] {logging_mixin.py:188} INFO - [2026-03-14T23:04:16.493+0000] {dagbag.py:545} INFO - Filling up the DagBag from /home/airflow/.local/lib/python3.12/site-packages/airflow/example_dags/example_skip_dag.py
[2026-03-14T23:04:16.504+0000] {processor.py:840} INFO - DAG(s) 'example_skip_dag' retrieved from /home/airflow/.local/lib/python3.12/site-packages/airflow/example_dags/example_skip_dag.py
[2026-03-14T23:04:16.540+0000] {logging_mixin.py:188} INFO - [2026-03-14T23:04:16.539+0000] {dag.py:3096} INFO - Sync 1 DAGs
[2026-03-14T23:04:16.580+0000] {logging_mixin.py:188} INFO - [2026-03-14T23:04:16.580+0000] {dag.py:3954} INFO - Setting next_dagrun for example_skip_dag to 2026-03-13 00:00:00+00:00, run_after=2026-03-14 00:00:00+00:00
[2026-03-14T23:04:16.618+0000] {processor.py:183} INFO - Processing /home/airflow/.local/lib/python3.12/site-packages/airflow/example_dags/example_skip_dag.py took 0.145 seconds
[2026-03-14T23:04:47.024+0000] {processor.py:161} INFO - Started process (PID=266) to work on /home/airflow/.local/lib/python3.12/site-packages/airflow/example_dags/example_skip_dag.py
[2026-03-14T23:04:47.026+0000] {processor.py:830} INFO - Processing file /home/airflow/.local/lib/python3.12/site-packages/airflow/example_dags/example_skip_dag.py for tasks to queue
[2026-03-14T23:04:47.028+0000] {logging_mixin.py:188} INFO - [2026-03-14T23:04:47.028+0000] {dagbag.py:545} INFO - Filling up the DagBag from /home/airflow/.local/lib/python3.12/site-packages/airflow/example_dags/example_skip_dag.py
[2026-03-14T23:04:47.039+0000] {processor.py:840} INFO - DAG(s) 'example_skip_dag' retrieved from /home/airflow/.local/lib/python3.12/site-packages/airflow/example_dags/example_skip_dag.py
[2026-03-14T23:04:47.072+0000] {logging_mixin.py:188} INFO - [2026-03-14T23:04:47.071+0000] {dag.py:3096} INFO - Sync 1 DAGs
[2026-03-14T23:04:47.104+0000] {logging_mixin.py:188} INFO - [2026-03-14T23:04:47.104+0000] {dag.py:3954} INFO - Setting next_dagrun for example_skip_dag to 2026-03-13 00:00:00+00:00, run_after=2026-03-14 00:00:00+00:00
[2026-03-14T23:04:47.136+0000] {processor.py:183} INFO - Processing /home/airflow/.local/lib/python3.12/site-packages/airflow/example_dags/example_skip_dag.py took 0.120 seconds
[2026-03-14T23:05:17.515+0000] {processor.py:161} INFO - Started process (PID=325) to work on /home/airflow/.local/lib/python3.12/site-packages/airflow/example_dags/example_skip_dag.py
[2026-03-14T23:05:17.517+0000] {processor.py:830} INFO - Processing file /home/airflow/.local/lib/python3.12/site-packages/airflow/example_dags/example_skip_dag.py for tasks to queue
[2026-03-14T23:05:17.519+0000] {logging_mixin.py:188} INFO - [2026-03-14T23:05:17.519+0000] {dagbag.py:545} INFO - Filling up the DagBag from /home/airflow/.local/lib/python3.12/site-packages/airflow/example_dags/example_skip_dag.py
[2026-03-14T23:05:17.528+0000] {processor.py:840} INFO - DAG(s) 'example_skip_dag' retrieved from /home/airflow/.local/lib/python3.12/site-packages/airflow/example_dags/example_skip_dag.py
[2026-03-14T23:05:17.560+0000] {logging_mixin.py:188} INFO - [2026-03-14T23:05:17.560+0000] {dag.py:3096} INFO - Sync 1 DAGs
[2026-03-14T23:05:17.592+0000] {logging_mixin.py:188} INFO - [2026-03-14T23:05:17.592+0000] {dag.py:3954} INFO - Setting next_dagrun for example_skip_dag to 2026-03-13 00:00:00+00:00, run_after=2026-03-14 00:00:00+00:00
[2026-03-14T23:05:17.628+0000] {processor.py:183} INFO - Processing /home/airflow/.local/lib/python3.12/site-packages/airflow/example_dags/example_skip_dag.py took 0.123 seconds
[2026-03-14T23:05:47.904+0000] {processor.py:161} INFO - Started process (PID=383) to work on /home/airflow/.local/lib/python3.12/site-packages/airflow/example_dags/example_skip_dag.py
[2026-03-14T23:05:47.908+0000] {processor.py:830} INFO - Processing file /home/airflow/.local/lib/python3.12/site-packages/airflow/example_dags/example_skip_dag.py for tasks to queue
[2026-03-14T23:05:47.913+0000] {logging_mixin.py:188} INFO - [2026-03-14T23:05:47.911+0000] {dagbag.py:545} INFO - Filling up the DagBag from /home/airflow/.local/lib/python3.12/site-packages/airflow/example_dags/example_skip_dag.py
[2026-03-14T23:05:47.965+0000] {processor.py:840} INFO - DAG(s) 'example_skip_dag' retrieved from /home/airflow/.local/lib/python3.12/site-packages/airflow/example_dags/example_skip_dag.py
[2026-03-14T23:05:48.397+0000] {logging_mixin.py:188} INFO - [2026-03-14T23:05:48.397+0000] {dag.py:3096} INFO - Sync 1 DAGs
[2026-03-14T23:05:48.457+0000] {logging_mixin.py:188} INFO - [2026-03-14T23:05:48.457+0000] {dag.py:3954} INFO - Setting next_dagrun for example_skip_dag to 2026-03-13 00:00:00+00:00, run_after=2026-03-14 00:00:00+00:00
[2026-03-14T23:05:48.495+0000] {processor.py:183} INFO - Processing /home/airflow/.local/lib/python3.12/site-packages/airflow/example_dags/example_skip_dag.py took 0.603 seconds
[2026-03-14T23:06:18.955+0000] {processor.py:161} INFO - Started process (PID=439) to work on /home/airflow/.local/lib/python3.12/site-packages/airflow/example_dags/example_skip_dag.py
[2026-03-14T23:06:18.957+0000] {processor.py:830} INFO - Processing file /home/airflow/.local/lib/python3.12/site-packages/airflow/example_dags/example_skip_dag.py for tasks to queue
[2026-03-14T23:06:18.965+0000] {logging_mixin.py:188} INFO - [2026-03-14T23:06:18.965+0000] {dagbag.py:545} INFO - Filling up the DagBag from /home/airflow/.local/lib/python3.12/site-packages/airflow/example_dags/example_skip_dag.py
[2026-03-14T23:06:18.976+0000] {processor.py:840} INFO - DAG(s) 'example_skip_dag' retrieved from /home/airflow/.local/lib/python3.12/site-packages/airflow/example_dags/example_skip_dag.py
[2026-03-14T23:06:19.016+0000] {logging_mixin.py:188} INFO - [2026-03-14T23:06:19.016+0000] {dag.py:3096} INFO - Sync 1 DAGs
[2026-03-14T23:06:19.053+0000] {logging_mixin.py:188} INFO - [2026-03-14T23:06:19.052+0000] {dag.py:3954} INFO - Setting next_dagrun for example_skip_dag to 2026-03-13 00:00:00+00:00, run_after=2026-03-14 00:00:00+00:00
[2026-03-14T23:06:19.090+0000] {processor.py:183} INFO - Processing /home/airflow/.local/lib/python3.12/site-packages/airflow/example_dags/example_skip_dag.py took 0.151 seconds
[2026-03-14T23:06:49.160+0000] {processor.py:161} INFO - Started process (PID=497) to work on /home/airflow/.local/lib/python3.12/site-packages/airflow/example_dags/example_skip_dag.py
[2026-03-14T23:06:49.174+0000] {processor.py:830} INFO - Processing file /home/airflow/.local/lib/python3.12/site-packages/airflow/example_dags/example_skip_dag.py for tasks to queue
[2026-03-14T23:06:49.177+0000] {logging_mixin.py:188} INFO - [2026-03-14T23:06:49.176+0000] {dagbag.py:545} INFO - Filling up the DagBag from /home/airflow/.local/lib/python3.12/site-packages/airflow/example_dags/example_skip_dag.py
[2026-03-14T23:06:49.185+0000] {processor.py:840} INFO - DAG(s) 'example_skip_dag' retrieved from /home/airflow/.local/lib/python3.12/site-packages/airflow/example_dags/example_skip_dag.py
[2026-03-14T23:06:49.216+0000] {logging_mixin.py:188} INFO - [2026-03-14T23:06:49.216+0000] {dag.py:3096} INFO - Sync 1 DAGs
[2026-03-14T23:06:49.247+0000] {logging_mixin.py:188} INFO - [2026-03-14T23:06:49.247+0000] {dag.py:3954} INFO - Setting next_dagrun for example_skip_dag to 2026-03-13 00:00:00+00:00, run_after=2026-03-14 00:00:00+00:00
[2026-03-14T23:06:49.284+0000] {processor.py:183} INFO - Processing /home/airflow/.local/lib/python3.12/site-packages/airflow/example_dags/example_skip_dag.py took 0.134 seconds
[2026-03-14T23:07:19.968+0000] {processor.py:161} INFO - Started process (PID=555) to work on /home/airflow/.local/lib/python3.12/site-packages/airflow/example_dags/example_skip_dag.py
[2026-03-14T23:07:19.970+0000] {processor.py:830} INFO - Processing file /home/airflow/.local/lib/python3.12/site-packages/airflow/example_dags/example_skip_dag.py for tasks to queue
[2026-03-14T23:07:19.975+0000] {logging_mixin.py:188} INFO - [2026-03-14T23:07:19.973+0000] {dagbag.py:545} INFO - Filling up the DagBag from /home/airflow/.local/lib/python3.12/site-packages/airflow/example_dags/example_skip_dag.py
[2026-03-14T23:07:19.984+0000] {processor.py:840} INFO - DAG(s) 'example_skip_dag' retrieved from /home/airflow/.local/lib/python3.12/site-packages/airflow/example_dags/example_skip_dag.py
[2026-03-14T23:07:20.025+0000] {logging_mixin.py:188} INFO - [2026-03-14T23:07:20.025+0000] {dag.py:3096} INFO - Sync 1 DAGs
[2026-03-14T23:07:20.063+0000] {logging_mixin.py:188} INFO - [2026-03-14T23:07:20.062+0000] {dag.py:3954} INFO - Setting next_dagrun for example_skip_dag to 2026-03-13 00:00:00+00:00, run_after=2026-03-14 00:00:00+00:00
[2026-03-14T23:07:20.098+0000] {processor.py:183} INFO - Processing /home/airflow/.local/lib/python3.12/site-packages/airflow/example_dags/example_skip_dag.py took 0.139 seconds
[2026-03-14T23:07:50.561+0000] {processor.py:161} INFO - Started process (PID=613) to work on /home/airflow/.local/lib/python3.12/site-packages/airflow/example_dags/example_skip_dag.py
[2026-03-14T23:07:50.565+0000] {processor.py:830} INFO - Processing file /home/airflow/.local/lib/python3.12/site-packages/airflow/example_dags/example_skip_dag.py for tasks to queue
[2026-03-14T23:07:50.568+0000] {logging_mixin.py:188} INFO - [2026-03-14T23:07:50.567+0000] {dagbag.py:545} INFO - Filling up the DagBag from /home/airflow/.local/lib/python3.12/site-packages/airflow/example_dags/example_skip_dag.py
[2026-03-14T23:07:50.578+0000] {processor.py:840} INFO - DAG(s) 'example_skip_dag' retrieved from /home/airflow/.local/lib/python3.12/site-packages/airflow/example_dags/example_skip_dag.py
[2026-03-14T23:07:50.623+0000] {logging_mixin.py:188} INFO - [2026-03-14T23:07:50.622+0000] {dag.py:3096} INFO - Sync 1 DAGs
[2026-03-14T23:07:50.661+0000] {logging_mixin.py:188} INFO - [2026-03-14T23:07:50.661+0000] {dag.py:3954} INFO - Setting next_dagrun for example_skip_dag to 2026-03-13 00:00:00+00:00, run_after=2026-03-14 00:00:00+00:00
[2026-03-14T23:07:50.712+0000] {processor.py:183} INFO - Processing /home/airflow/.local/lib/python3.12/site-packages/airflow/example_dags/example_skip_dag.py took 0.169 seconds
[2026-03-14T23:08:21.166+0000] {processor.py:161} INFO - Started process (PID=671) to work on /home/airflow/.local/lib/python3.12/site-packages/airflow/example_dags/example_skip_dag.py
[2026-03-14T23:08:21.167+0000] {processor.py:830} INFO - Processing file /home/airflow/.local/lib/python3.12/site-packages/airflow/example_dags/example_skip_dag.py for tasks to queue
[2026-03-14T23:08:21.170+0000] {logging_mixin.py:188} INFO - [2026-03-14T23:08:21.170+0000] {dagbag.py:545} INFO - Filling up the DagBag from /home/airflow/.local/lib/python3.12/site-packages/airflow/example_dags/example_skip_dag.py
[2026-03-14T23:08:21.180+0000] {processor.py:840} INFO - DAG(s) 'example_skip_dag' retrieved from /home/airflow/.local/lib/python3.12/site-packages/airflow/example_dags/example_skip_dag.py
[2026-03-14T23:08:21.219+0000] {logging_mixin.py:188} INFO - [2026-03-14T23:08:21.218+0000] {dag.py:3096} INFO - Sync 1 DAGs
[2026-03-14T23:08:21.247+0000] {logging_mixin.py:188} INFO - [2026-03-14T23:08:21.246+0000] {dag.py:3954} INFO - Setting next_dagrun for example_skip_dag to 2026-03-13 00:00:00+00:00, run_after=2026-03-14 00:00:00+00:00
[2026-03-14T23:08:21.274+0000] {processor.py:183} INFO - Processing /home/airflow/.local/lib/python3.12/site-packages/airflow/example_dags/example_skip_dag.py took 0.118 seconds
[2026-03-14T23:08:51.588+0000] {processor.py:161} INFO - Started process (PID=729) to work on /home/airflow/.local/lib/python3.12/site-packages/airflow/example_dags/example_skip_dag.py
[2026-03-14T23:08:51.590+0000] {processor.py:830} INFO - Processing file /home/airflow/.local/lib/python3.12/site-packages/airflow/example_dags/example_skip_dag.py for tasks to queue
[2026-03-14T23:08:51.592+0000] {logging_mixin.py:188} INFO - [2026-03-14T23:08:51.592+0000] {dagbag.py:545} INFO - Filling up the DagBag from /home/airflow/.local/lib/python3.12/site-packages/airflow/example_dags/example_skip_dag.py
[2026-03-14T23:08:51.602+0000] {processor.py:840} INFO - DAG(s) 'example_skip_dag' retrieved from /home/airflow/.local/lib/python3.12/site-packages/airflow/example_dags/example_skip_dag.py
[2026-03-14T23:08:51.636+0000] {logging_mixin.py:188} INFO - [2026-03-14T23:08:51.636+0000] {dag.py:3096} INFO - Sync 1 DAGs
[2026-03-14T23:08:51.667+0000] {logging_mixin.py:188} INFO - [2026-03-14T23:08:51.667+0000] {dag.py:3954} INFO - Setting next_dagrun for example_skip_dag to 2026-03-13 00:00:00+00:00, run_after=2026-03-14 00:00:00+00:00
[2026-03-14T23:08:51.704+0000] {processor.py:183} INFO - Processing /home/airflow/.local/lib/python3.12/site-packages/airflow/example_dags/example_skip_dag.py took 0.123 seconds
[2026-03-14T23:09:22.457+0000] {processor.py:161} INFO - Started process (PID=787) to work on /home/airflow/.local/lib/python3.12/site-packages/airflow/example_dags/example_skip_dag.py
[2026-03-14T23:09:22.458+0000] {processor.py:830} INFO - Processing file /home/airflow/.local/lib/python3.12/site-packages/airflow/example_dags/example_skip_dag.py for tasks to queue
[2026-03-14T23:09:22.461+0000] {logging_mixin.py:188} INFO - [2026-03-14T23:09:22.461+0000] {dagbag.py:545} INFO - Filling up the DagBag from /home/airflow/.local/lib/python3.12/site-packages/airflow/example_dags/example_skip_dag.py
[2026-03-14T23:09:22.474+0000] {processor.py:840} INFO - DAG(s) 'example_skip_dag' retrieved from /home/airflow/.local/lib/python3.12/site-packages/airflow/example_dags/example_skip_dag.py
[2026-03-14T23:09:22.510+0000] {logging_mixin.py:188} INFO - [2026-03-14T23:09:22.510+0000] {dag.py:3096} INFO - Sync 1 DAGs
[2026-03-14T23:09:22.549+0000] {logging_mixin.py:188} INFO - [2026-03-14T23:09:22.549+0000] {dag.py:3954} INFO - Setting next_dagrun for example_skip_dag to 2026-03-13 00:00:00+00:00, run_after=2026-03-14 00:00:00+00:00
[2026-03-14T23:09:22.582+0000] {processor.py:183} INFO - Processing /home/airflow/.local/lib/python3.12/site-packages/airflow/example_dags/example_skip_dag.py took 0.136 seconds
