[2026-03-14T23:03:24.237+0000] {processor.py:161} INFO - Started process (PID=110) to work on /home/airflow/.local/lib/python3.12/site-packages/airflow/example_dags/example_branch_operator.py
[2026-03-14T23:03:24.245+0000] {processor.py:830} INFO - Processing file /home/airflow/.local/lib/python3.12/site-packages/airflow/example_dags/example_branch_operator.py for tasks to queue
[2026-03-14T23:03:24.249+0000] {logging_mixin.py:188} INFO - [2026-03-14T23:03:24.248+0000] {dagbag.py:545} INFO - Filling up the DagBag from /home/airflow/.local/lib/python3.12/site-packages/airflow/example_dags/example_branch_operator.py
[2026-03-14T23:03:24.454+0000] {processor.py:840} INFO - DAG(s) 'example_branch_operator' retrieved from /home/airflow/.local/lib/python3.12/site-packages/airflow/example_dags/example_branch_operator.py
[2026-03-14T23:03:25.736+0000] {logging_mixin.py:188} INFO - [2026-03-14T23:03:25.736+0000] {dag.py:3096} INFO - Sync 1 DAGs
[2026-03-14T23:03:25.918+0000] {logging_mixin.py:188} INFO - [2026-03-14T23:03:25.918+0000] {dag.py:3954} INFO - Setting next_dagrun for example_branch_operator to 2026-03-13 00:00:00+00:00, run_after=2026-03-14 00:00:00+00:00
[2026-03-14T23:03:26.013+0000] {processor.py:183} INFO - Processing /home/airflow/.local/lib/python3.12/site-packages/airflow/example_dags/example_branch_operator.py took 1.796 seconds
[2026-03-14T23:03:56.519+0000] {processor.py:161} INFO - Started process (PID=168) to work on /home/airflow/.local/lib/python3.12/site-packages/airflow/example_dags/example_branch_operator.py
[2026-03-14T23:03:56.521+0000] {processor.py:830} INFO - Processing file /home/airflow/.local/lib/python3.12/site-packages/airflow/example_dags/example_branch_operator.py for tasks to queue
[2026-03-14T23:03:56.524+0000] {logging_mixin.py:188} INFO - [2026-03-14T23:03:56.523+0000] {dagbag.py:545} INFO - Filling up the DagBag from /home/airflow/.local/lib/python3.12/site-packages/airflow/example_dags/example_branch_operator.py
[2026-03-14T23:03:56.551+0000] {processor.py:840} INFO - DAG(s) 'example_branch_operator' retrieved from /home/airflow/.local/lib/python3.12/site-packages/airflow/example_dags/example_branch_operator.py
[2026-03-14T23:03:56.593+0000] {logging_mixin.py:188} INFO - [2026-03-14T23:03:56.592+0000] {dag.py:3096} INFO - Sync 1 DAGs
[2026-03-14T23:03:56.630+0000] {logging_mixin.py:188} INFO - [2026-03-14T23:03:56.629+0000] {dag.py:3954} INFO - Setting next_dagrun for example_branch_operator to 2026-03-13 00:00:00+00:00, run_after=2026-03-14 00:00:00+00:00
[2026-03-14T23:03:56.661+0000] {processor.py:183} INFO - Processing /home/airflow/.local/lib/python3.12/site-packages/airflow/example_dags/example_branch_operator.py took 0.153 seconds
[2026-03-14T23:04:27.020+0000] {processor.py:161} INFO - Started process (PID=226) to work on /home/airflow/.local/lib/python3.12/site-packages/airflow/example_dags/example_branch_operator.py
[2026-03-14T23:04:27.022+0000] {processor.py:830} INFO - Processing file /home/airflow/.local/lib/python3.12/site-packages/airflow/example_dags/example_branch_operator.py for tasks to queue
[2026-03-14T23:04:27.025+0000] {logging_mixin.py:188} INFO - [2026-03-14T23:04:27.025+0000] {dagbag.py:545} INFO - Filling up the DagBag from /home/airflow/.local/lib/python3.12/site-packages/airflow/example_dags/example_branch_operator.py
[2026-03-14T23:04:27.047+0000] {processor.py:840} INFO - DAG(s) 'example_branch_operator' retrieved from /home/airflow/.local/lib/python3.12/site-packages/airflow/example_dags/example_branch_operator.py
[2026-03-14T23:04:27.091+0000] {logging_mixin.py:188} INFO - [2026-03-14T23:04:27.091+0000] {dag.py:3096} INFO - Sync 1 DAGs
[2026-03-14T23:04:27.124+0000] {logging_mixin.py:188} INFO - [2026-03-14T23:04:27.123+0000] {dag.py:3954} INFO - Setting next_dagrun for example_branch_operator to 2026-03-13 00:00:00+00:00, run_after=2026-03-14 00:00:00+00:00
[2026-03-14T23:04:27.152+0000] {processor.py:183} INFO - Processing /home/airflow/.local/lib/python3.12/site-packages/airflow/example_dags/example_branch_operator.py took 0.140 seconds
[2026-03-14T23:04:58.009+0000] {processor.py:161} INFO - Started process (PID=285) to work on /home/airflow/.local/lib/python3.12/site-packages/airflow/example_dags/example_branch_operator.py
[2026-03-14T23:04:58.010+0000] {processor.py:830} INFO - Processing file /home/airflow/.local/lib/python3.12/site-packages/airflow/example_dags/example_branch_operator.py for tasks to queue
[2026-03-14T23:04:58.013+0000] {logging_mixin.py:188} INFO - [2026-03-14T23:04:58.012+0000] {dagbag.py:545} INFO - Filling up the DagBag from /home/airflow/.local/lib/python3.12/site-packages/airflow/example_dags/example_branch_operator.py
[2026-03-14T23:04:58.040+0000] {processor.py:840} INFO - DAG(s) 'example_branch_operator' retrieved from /home/airflow/.local/lib/python3.12/site-packages/airflow/example_dags/example_branch_operator.py
[2026-03-14T23:04:58.092+0000] {logging_mixin.py:188} INFO - [2026-03-14T23:04:58.092+0000] {dag.py:3096} INFO - Sync 1 DAGs
[2026-03-14T23:04:58.130+0000] {logging_mixin.py:188} INFO - [2026-03-14T23:04:58.130+0000] {dag.py:3954} INFO - Setting next_dagrun for example_branch_operator to 2026-03-13 00:00:00+00:00, run_after=2026-03-14 00:00:00+00:00
[2026-03-14T23:04:58.164+0000] {processor.py:183} INFO - Processing /home/airflow/.local/lib/python3.12/site-packages/airflow/example_dags/example_branch_operator.py took 0.168 seconds
[2026-03-14T23:05:28.536+0000] {processor.py:161} INFO - Started process (PID=343) to work on /home/airflow/.local/lib/python3.12/site-packages/airflow/example_dags/example_branch_operator.py
[2026-03-14T23:05:28.537+0000] {processor.py:830} INFO - Processing file /home/airflow/.local/lib/python3.12/site-packages/airflow/example_dags/example_branch_operator.py for tasks to queue
[2026-03-14T23:05:28.540+0000] {logging_mixin.py:188} INFO - [2026-03-14T23:05:28.539+0000] {dagbag.py:545} INFO - Filling up the DagBag from /home/airflow/.local/lib/python3.12/site-packages/airflow/example_dags/example_branch_operator.py
[2026-03-14T23:05:28.563+0000] {processor.py:840} INFO - DAG(s) 'example_branch_operator' retrieved from /home/airflow/.local/lib/python3.12/site-packages/airflow/example_dags/example_branch_operator.py
[2026-03-14T23:05:28.607+0000] {logging_mixin.py:188} INFO - [2026-03-14T23:05:28.606+0000] {dag.py:3096} INFO - Sync 1 DAGs
[2026-03-14T23:05:28.636+0000] {logging_mixin.py:188} INFO - [2026-03-14T23:05:28.636+0000] {dag.py:3954} INFO - Setting next_dagrun for example_branch_operator to 2026-03-13 00:00:00+00:00, run_after=2026-03-14 00:00:00+00:00
[2026-03-14T23:05:28.668+0000] {processor.py:183} INFO - Processing /home/airflow/.local/lib/python3.12/site-packages/airflow/example_dags/example_branch_operator.py took 0.140 seconds
[2026-03-14T23:05:59.482+0000] {processor.py:161} INFO - Started process (PID=401) to work on /home/airflow/.local/lib/python3.12/site-packages/airflow/example_dags/example_branch_operator.py
[2026-03-14T23:05:59.483+0000] {processor.py:830} INFO - Processing file /home/airflow/.local/lib/python3.12/site-packages/airflow/example_dags/example_branch_operator.py for tasks to queue
[2026-03-14T23:05:59.488+0000] {logging_mixin.py:188} INFO - [2026-03-14T23:05:59.487+0000] {dagbag.py:545} INFO - Filling up the DagBag from /home/airflow/.local/lib/python3.12/site-packages/airflow/example_dags/example_branch_operator.py
[2026-03-14T23:05:59.508+0000] {processor.py:840} INFO - DAG(s) 'example_branch_operator' retrieved from /home/airflow/.local/lib/python3.12/site-packages/airflow/example_dags/example_branch_operator.py
[2026-03-14T23:05:59.547+0000] {logging_mixin.py:188} INFO - [2026-03-14T23:05:59.547+0000] {dag.py:3096} INFO - Sync 1 DAGs
[2026-03-14T23:05:59.579+0000] {logging_mixin.py:188} INFO - [2026-03-14T23:05:59.579+0000] {dag.py:3954} INFO - Setting next_dagrun for example_branch_operator to 2026-03-13 00:00:00+00:00, run_after=2026-03-14 00:00:00+00:00
[2026-03-14T23:05:59.608+0000] {processor.py:183} INFO - Processing /home/airflow/.local/lib/python3.12/site-packages/airflow/example_dags/example_branch_operator.py took 0.134 seconds
[2026-03-14T23:06:30.366+0000] {processor.py:161} INFO - Started process (PID=459) to work on /home/airflow/.local/lib/python3.12/site-packages/airflow/example_dags/example_branch_operator.py
[2026-03-14T23:06:30.368+0000] {processor.py:830} INFO - Processing file /home/airflow/.local/lib/python3.12/site-packages/airflow/example_dags/example_branch_operator.py for tasks to queue
[2026-03-14T23:06:30.370+0000] {logging_mixin.py:188} INFO - [2026-03-14T23:06:30.369+0000] {dagbag.py:545} INFO - Filling up the DagBag from /home/airflow/.local/lib/python3.12/site-packages/airflow/example_dags/example_branch_operator.py
[2026-03-14T23:06:30.391+0000] {processor.py:840} INFO - DAG(s) 'example_branch_operator' retrieved from /home/airflow/.local/lib/python3.12/site-packages/airflow/example_dags/example_branch_operator.py
[2026-03-14T23:06:30.448+0000] {logging_mixin.py:188} INFO - [2026-03-14T23:06:30.447+0000] {dag.py:3096} INFO - Sync 1 DAGs
[2026-03-14T23:06:30.481+0000] {logging_mixin.py:188} INFO - [2026-03-14T23:06:30.481+0000] {dag.py:3954} INFO - Setting next_dagrun for example_branch_operator to 2026-03-13 00:00:00+00:00, run_after=2026-03-14 00:00:00+00:00
[2026-03-14T23:06:30.524+0000] {processor.py:183} INFO - Processing /home/airflow/.local/lib/python3.12/site-packages/airflow/example_dags/example_branch_operator.py took 0.169 seconds
[2026-03-14T23:07:00.844+0000] {processor.py:161} INFO - Started process (PID=517) to work on /home/airflow/.local/lib/python3.12/site-packages/airflow/example_dags/example_branch_operator.py
[2026-03-14T23:07:00.845+0000] {processor.py:830} INFO - Processing file /home/airflow/.local/lib/python3.12/site-packages/airflow/example_dags/example_branch_operator.py for tasks to queue
[2026-03-14T23:07:00.848+0000] {logging_mixin.py:188} INFO - [2026-03-14T23:07:00.847+0000] {dagbag.py:545} INFO - Filling up the DagBag from /home/airflow/.local/lib/python3.12/site-packages/airflow/example_dags/example_branch_operator.py
[2026-03-14T23:07:00.869+0000] {processor.py:840} INFO - DAG(s) 'example_branch_operator' retrieved from /home/airflow/.local/lib/python3.12/site-packages/airflow/example_dags/example_branch_operator.py
[2026-03-14T23:07:00.911+0000] {logging_mixin.py:188} INFO - [2026-03-14T23:07:00.910+0000] {dag.py:3096} INFO - Sync 1 DAGs
[2026-03-14T23:07:00.941+0000] {logging_mixin.py:188} INFO - [2026-03-14T23:07:00.941+0000] {dag.py:3954} INFO - Setting next_dagrun for example_branch_operator to 2026-03-13 00:00:00+00:00, run_after=2026-03-14 00:00:00+00:00
[2026-03-14T23:07:00.974+0000] {processor.py:183} INFO - Processing /home/airflow/.local/lib/python3.12/site-packages/airflow/example_dags/example_branch_operator.py took 0.139 seconds
[2026-03-14T23:07:31.474+0000] {processor.py:161} INFO - Started process (PID=575) to work on /home/airflow/.local/lib/python3.12/site-packages/airflow/example_dags/example_branch_operator.py
[2026-03-14T23:07:31.475+0000] {processor.py:830} INFO - Processing file /home/airflow/.local/lib/python3.12/site-packages/airflow/example_dags/example_branch_operator.py for tasks to queue
[2026-03-14T23:07:31.478+0000] {logging_mixin.py:188} INFO - [2026-03-14T23:07:31.478+0000] {dagbag.py:545} INFO - Filling up the DagBag from /home/airflow/.local/lib/python3.12/site-packages/airflow/example_dags/example_branch_operator.py
[2026-03-14T23:07:31.501+0000] {processor.py:840} INFO - DAG(s) 'example_branch_operator' retrieved from /home/airflow/.local/lib/python3.12/site-packages/airflow/example_dags/example_branch_operator.py
[2026-03-14T23:07:31.539+0000] {logging_mixin.py:188} INFO - [2026-03-14T23:07:31.539+0000] {dag.py:3096} INFO - Sync 1 DAGs
[2026-03-14T23:07:31.572+0000] {logging_mixin.py:188} INFO - [2026-03-14T23:07:31.572+0000] {dag.py:3954} INFO - Setting next_dagrun for example_branch_operator to 2026-03-13 00:00:00+00:00, run_after=2026-03-14 00:00:00+00:00
[2026-03-14T23:07:31.604+0000] {processor.py:183} INFO - Processing /home/airflow/.local/lib/python3.12/site-packages/airflow/example_dags/example_branch_operator.py took 0.138 seconds
[2026-03-14T23:08:02.060+0000] {processor.py:161} INFO - Started process (PID=633) to work on /home/airflow/.local/lib/python3.12/site-packages/airflow/example_dags/example_branch_operator.py
[2026-03-14T23:08:02.066+0000] {processor.py:830} INFO - Processing file /home/airflow/.local/lib/python3.12/site-packages/airflow/example_dags/example_branch_operator.py for tasks to queue
[2026-03-14T23:08:02.070+0000] {logging_mixin.py:188} INFO - [2026-03-14T23:08:02.069+0000] {dagbag.py:545} INFO - Filling up the DagBag from /home/airflow/.local/lib/python3.12/site-packages/airflow/example_dags/example_branch_operator.py
[2026-03-14T23:08:02.096+0000] {processor.py:840} INFO - DAG(s) 'example_branch_operator' retrieved from /home/airflow/.local/lib/python3.12/site-packages/airflow/example_dags/example_branch_operator.py
[2026-03-14T23:08:02.141+0000] {logging_mixin.py:188} INFO - [2026-03-14T23:08:02.141+0000] {dag.py:3096} INFO - Sync 1 DAGs
[2026-03-14T23:08:02.177+0000] {logging_mixin.py:188} INFO - [2026-03-14T23:08:02.177+0000] {dag.py:3954} INFO - Setting next_dagrun for example_branch_operator to 2026-03-13 00:00:00+00:00, run_after=2026-03-14 00:00:00+00:00
[2026-03-14T23:08:02.209+0000] {processor.py:183} INFO - Processing /home/airflow/.local/lib/python3.12/site-packages/airflow/example_dags/example_branch_operator.py took 0.158 seconds
[2026-03-14T23:08:32.549+0000] {processor.py:161} INFO - Started process (PID=691) to work on /home/airflow/.local/lib/python3.12/site-packages/airflow/example_dags/example_branch_operator.py
[2026-03-14T23:08:32.554+0000] {processor.py:830} INFO - Processing file /home/airflow/.local/lib/python3.12/site-packages/airflow/example_dags/example_branch_operator.py for tasks to queue
[2026-03-14T23:08:32.557+0000] {logging_mixin.py:188} INFO - [2026-03-14T23:08:32.556+0000] {dagbag.py:545} INFO - Filling up the DagBag from /home/airflow/.local/lib/python3.12/site-packages/airflow/example_dags/example_branch_operator.py
[2026-03-14T23:08:32.577+0000] {processor.py:840} INFO - DAG(s) 'example_branch_operator' retrieved from /home/airflow/.local/lib/python3.12/site-packages/airflow/example_dags/example_branch_operator.py
[2026-03-14T23:08:32.617+0000] {logging_mixin.py:188} INFO - [2026-03-14T23:08:32.616+0000] {dag.py:3096} INFO - Sync 1 DAGs
[2026-03-14T23:08:32.655+0000] {logging_mixin.py:188} INFO - [2026-03-14T23:08:32.655+0000] {dag.py:3954} INFO - Setting next_dagrun for example_branch_operator to 2026-03-13 00:00:00+00:00, run_after=2026-03-14 00:00:00+00:00
[2026-03-14T23:08:32.684+0000] {processor.py:183} INFO - Processing /home/airflow/.local/lib/python3.12/site-packages/airflow/example_dags/example_branch_operator.py took 0.144 seconds
[2026-03-14T23:09:03.076+0000] {processor.py:161} INFO - Started process (PID=749) to work on /home/airflow/.local/lib/python3.12/site-packages/airflow/example_dags/example_branch_operator.py
[2026-03-14T23:09:03.078+0000] {processor.py:830} INFO - Processing file /home/airflow/.local/lib/python3.12/site-packages/airflow/example_dags/example_branch_operator.py for tasks to queue
[2026-03-14T23:09:03.080+0000] {logging_mixin.py:188} INFO - [2026-03-14T23:09:03.080+0000] {dagbag.py:545} INFO - Filling up the DagBag from /home/airflow/.local/lib/python3.12/site-packages/airflow/example_dags/example_branch_operator.py
[2026-03-14T23:09:03.104+0000] {processor.py:840} INFO - DAG(s) 'example_branch_operator' retrieved from /home/airflow/.local/lib/python3.12/site-packages/airflow/example_dags/example_branch_operator.py
[2026-03-14T23:09:03.145+0000] {logging_mixin.py:188} INFO - [2026-03-14T23:09:03.145+0000] {dag.py:3096} INFO - Sync 1 DAGs
[2026-03-14T23:09:03.175+0000] {logging_mixin.py:188} INFO - [2026-03-14T23:09:03.175+0000] {dag.py:3954} INFO - Setting next_dagrun for example_branch_operator to 2026-03-13 00:00:00+00:00, run_after=2026-03-14 00:00:00+00:00
[2026-03-14T23:09:03.207+0000] {processor.py:183} INFO - Processing /home/airflow/.local/lib/python3.12/site-packages/airflow/example_dags/example_branch_operator.py took 0.140 seconds
