[2026-03-14T23:02:55.337+0000] {processor.py:161} INFO - Started process (PID=65) to work on /home/airflow/.local/lib/python3.12/site-packages/airflow/example_dags/example_python_operator.py
[2026-03-14T23:02:55.362+0000] {processor.py:830} INFO - Processing file /home/airflow/.local/lib/python3.12/site-packages/airflow/example_dags/example_python_operator.py for tasks to queue
[2026-03-14T23:02:55.390+0000] {logging_mixin.py:188} INFO - [2026-03-14T23:02:55.386+0000] {dagbag.py:545} INFO - Filling up the DagBag from /home/airflow/.local/lib/python3.12/site-packages/airflow/example_dags/example_python_operator.py
[2026-03-14T23:02:55.656+0000] {processor.py:840} INFO - DAG(s) 'example_python_operator' retrieved from /home/airflow/.local/lib/python3.12/site-packages/airflow/example_dags/example_python_operator.py
[2026-03-14T23:02:56.320+0000] {logging_mixin.py:188} INFO - [2026-03-14T23:02:56.319+0000] {dag.py:3096} INFO - Sync 1 DAGs
[2026-03-14T23:02:56.383+0000] {logging_mixin.py:188} INFO - [2026-03-14T23:02:56.382+0000] {dag.py:3954} INFO - Setting next_dagrun for example_python_operator to None, run_after=None
[2026-03-14T23:02:56.466+0000] {processor.py:183} INFO - Processing /home/airflow/.local/lib/python3.12/site-packages/airflow/example_dags/example_python_operator.py took 1.238 seconds
[2026-03-14T23:03:32.070+0000] {processor.py:161} INFO - Started process (PID=123) to work on /home/airflow/.local/lib/python3.12/site-packages/airflow/example_dags/example_python_operator.py
[2026-03-14T23:03:32.077+0000] {processor.py:830} INFO - Processing file /home/airflow/.local/lib/python3.12/site-packages/airflow/example_dags/example_python_operator.py for tasks to queue
[2026-03-14T23:03:32.102+0000] {logging_mixin.py:188} INFO - [2026-03-14T23:03:32.102+0000] {dagbag.py:545} INFO - Filling up the DagBag from /home/airflow/.local/lib/python3.12/site-packages/airflow/example_dags/example_python_operator.py
[2026-03-14T23:03:32.169+0000] {processor.py:840} INFO - DAG(s) 'example_python_operator' retrieved from /home/airflow/.local/lib/python3.12/site-packages/airflow/example_dags/example_python_operator.py
[2026-03-14T23:03:32.448+0000] {logging_mixin.py:188} INFO - [2026-03-14T23:03:32.447+0000] {dag.py:3096} INFO - Sync 1 DAGs
[2026-03-14T23:03:32.729+0000] {logging_mixin.py:188} INFO - [2026-03-14T23:03:32.729+0000] {dag.py:3954} INFO - Setting next_dagrun for example_python_operator to None, run_after=None
[2026-03-14T23:03:32.858+0000] {processor.py:183} INFO - Processing /home/airflow/.local/lib/python3.12/site-packages/airflow/example_dags/example_python_operator.py took 0.884 seconds
[2026-03-14T23:04:02.920+0000] {processor.py:161} INFO - Started process (PID=179) to work on /home/airflow/.local/lib/python3.12/site-packages/airflow/example_dags/example_python_operator.py
[2026-03-14T23:04:02.936+0000] {processor.py:830} INFO - Processing file /home/airflow/.local/lib/python3.12/site-packages/airflow/example_dags/example_python_operator.py for tasks to queue
[2026-03-14T23:04:02.939+0000] {logging_mixin.py:188} INFO - [2026-03-14T23:04:02.939+0000] {dagbag.py:545} INFO - Filling up the DagBag from /home/airflow/.local/lib/python3.12/site-packages/airflow/example_dags/example_python_operator.py
[2026-03-14T23:04:02.986+0000] {processor.py:840} INFO - DAG(s) 'example_python_operator' retrieved from /home/airflow/.local/lib/python3.12/site-packages/airflow/example_dags/example_python_operator.py
[2026-03-14T23:04:03.038+0000] {logging_mixin.py:188} INFO - [2026-03-14T23:04:03.037+0000] {dag.py:3096} INFO - Sync 1 DAGs
[2026-03-14T23:04:03.060+0000] {logging_mixin.py:188} INFO - [2026-03-14T23:04:03.059+0000] {dag.py:3954} INFO - Setting next_dagrun for example_python_operator to None, run_after=None
[2026-03-14T23:04:03.101+0000] {processor.py:183} INFO - Processing /home/airflow/.local/lib/python3.12/site-packages/airflow/example_dags/example_python_operator.py took 0.190 seconds
[2026-03-14T23:04:33.780+0000] {processor.py:161} INFO - Started process (PID=237) to work on /home/airflow/.local/lib/python3.12/site-packages/airflow/example_dags/example_python_operator.py
[2026-03-14T23:04:33.782+0000] {processor.py:830} INFO - Processing file /home/airflow/.local/lib/python3.12/site-packages/airflow/example_dags/example_python_operator.py for tasks to queue
[2026-03-14T23:04:33.785+0000] {logging_mixin.py:188} INFO - [2026-03-14T23:04:33.784+0000] {dagbag.py:545} INFO - Filling up the DagBag from /home/airflow/.local/lib/python3.12/site-packages/airflow/example_dags/example_python_operator.py
[2026-03-14T23:04:33.816+0000] {processor.py:840} INFO - DAG(s) 'example_python_operator' retrieved from /home/airflow/.local/lib/python3.12/site-packages/airflow/example_dags/example_python_operator.py
[2026-03-14T23:04:33.863+0000] {logging_mixin.py:188} INFO - [2026-03-14T23:04:33.862+0000] {dag.py:3096} INFO - Sync 1 DAGs
[2026-03-14T23:04:33.887+0000] {logging_mixin.py:188} INFO - [2026-03-14T23:04:33.886+0000] {dag.py:3954} INFO - Setting next_dagrun for example_python_operator to None, run_after=None
[2026-03-14T23:04:33.919+0000] {processor.py:183} INFO - Processing /home/airflow/.local/lib/python3.12/site-packages/airflow/example_dags/example_python_operator.py took 0.151 seconds
[2026-03-14T23:05:04.010+0000] {processor.py:161} INFO - Started process (PID=296) to work on /home/airflow/.local/lib/python3.12/site-packages/airflow/example_dags/example_python_operator.py
[2026-03-14T23:05:04.012+0000] {processor.py:830} INFO - Processing file /home/airflow/.local/lib/python3.12/site-packages/airflow/example_dags/example_python_operator.py for tasks to queue
[2026-03-14T23:05:04.014+0000] {logging_mixin.py:188} INFO - [2026-03-14T23:05:04.014+0000] {dagbag.py:545} INFO - Filling up the DagBag from /home/airflow/.local/lib/python3.12/site-packages/airflow/example_dags/example_python_operator.py
[2026-03-14T23:05:04.029+0000] {processor.py:840} INFO - DAG(s) 'example_python_operator' retrieved from /home/airflow/.local/lib/python3.12/site-packages/airflow/example_dags/example_python_operator.py
[2026-03-14T23:05:04.065+0000] {logging_mixin.py:188} INFO - [2026-03-14T23:05:04.065+0000] {dag.py:3096} INFO - Sync 1 DAGs
[2026-03-14T23:05:04.082+0000] {logging_mixin.py:188} INFO - [2026-03-14T23:05:04.082+0000] {dag.py:3954} INFO - Setting next_dagrun for example_python_operator to None, run_after=None
[2026-03-14T23:05:04.113+0000] {processor.py:183} INFO - Processing /home/airflow/.local/lib/python3.12/site-packages/airflow/example_dags/example_python_operator.py took 0.113 seconds
[2026-03-14T23:05:34.275+0000] {processor.py:161} INFO - Started process (PID=354) to work on /home/airflow/.local/lib/python3.12/site-packages/airflow/example_dags/example_python_operator.py
[2026-03-14T23:05:34.277+0000] {processor.py:830} INFO - Processing file /home/airflow/.local/lib/python3.12/site-packages/airflow/example_dags/example_python_operator.py for tasks to queue
[2026-03-14T23:05:34.280+0000] {logging_mixin.py:188} INFO - [2026-03-14T23:05:34.280+0000] {dagbag.py:545} INFO - Filling up the DagBag from /home/airflow/.local/lib/python3.12/site-packages/airflow/example_dags/example_python_operator.py
[2026-03-14T23:05:34.295+0000] {processor.py:840} INFO - DAG(s) 'example_python_operator' retrieved from /home/airflow/.local/lib/python3.12/site-packages/airflow/example_dags/example_python_operator.py
[2026-03-14T23:05:34.327+0000] {logging_mixin.py:188} INFO - [2026-03-14T23:05:34.326+0000] {dag.py:3096} INFO - Sync 1 DAGs
[2026-03-14T23:05:34.346+0000] {logging_mixin.py:188} INFO - [2026-03-14T23:05:34.345+0000] {dag.py:3954} INFO - Setting next_dagrun for example_python_operator to None, run_after=None
[2026-03-14T23:05:34.374+0000] {processor.py:183} INFO - Processing /home/airflow/.local/lib/python3.12/site-packages/airflow/example_dags/example_python_operator.py took 0.106 seconds
[2026-03-14T23:06:05.246+0000] {processor.py:161} INFO - Started process (PID=412) to work on /home/airflow/.local/lib/python3.12/site-packages/airflow/example_dags/example_python_operator.py
[2026-03-14T23:06:05.247+0000] {processor.py:830} INFO - Processing file /home/airflow/.local/lib/python3.12/site-packages/airflow/example_dags/example_python_operator.py for tasks to queue
[2026-03-14T23:06:05.250+0000] {logging_mixin.py:188} INFO - [2026-03-14T23:06:05.250+0000] {dagbag.py:545} INFO - Filling up the DagBag from /home/airflow/.local/lib/python3.12/site-packages/airflow/example_dags/example_python_operator.py
[2026-03-14T23:06:05.271+0000] {processor.py:840} INFO - DAG(s) 'example_python_operator' retrieved from /home/airflow/.local/lib/python3.12/site-packages/airflow/example_dags/example_python_operator.py
[2026-03-14T23:06:05.310+0000] {logging_mixin.py:188} INFO - [2026-03-14T23:06:05.309+0000] {dag.py:3096} INFO - Sync 1 DAGs
[2026-03-14T23:06:05.327+0000] {logging_mixin.py:188} INFO - [2026-03-14T23:06:05.327+0000] {dag.py:3954} INFO - Setting next_dagrun for example_python_operator to None, run_after=None
[2026-03-14T23:06:05.360+0000] {processor.py:183} INFO - Processing /home/airflow/.local/lib/python3.12/site-packages/airflow/example_dags/example_python_operator.py took 0.125 seconds
[2026-03-14T23:06:36.362+0000] {processor.py:161} INFO - Started process (PID=470) to work on /home/airflow/.local/lib/python3.12/site-packages/airflow/example_dags/example_python_operator.py
[2026-03-14T23:06:36.372+0000] {processor.py:830} INFO - Processing file /home/airflow/.local/lib/python3.12/site-packages/airflow/example_dags/example_python_operator.py for tasks to queue
[2026-03-14T23:06:36.374+0000] {logging_mixin.py:188} INFO - [2026-03-14T23:06:36.373+0000] {dagbag.py:545} INFO - Filling up the DagBag from /home/airflow/.local/lib/python3.12/site-packages/airflow/example_dags/example_python_operator.py
[2026-03-14T23:06:36.393+0000] {processor.py:840} INFO - DAG(s) 'example_python_operator' retrieved from /home/airflow/.local/lib/python3.12/site-packages/airflow/example_dags/example_python_operator.py
[2026-03-14T23:06:36.428+0000] {logging_mixin.py:188} INFO - [2026-03-14T23:06:36.428+0000] {dag.py:3096} INFO - Sync 1 DAGs
[2026-03-14T23:06:36.450+0000] {logging_mixin.py:188} INFO - [2026-03-14T23:06:36.449+0000] {dag.py:3954} INFO - Setting next_dagrun for example_python_operator to None, run_after=None
[2026-03-14T23:06:36.494+0000] {processor.py:183} INFO - Processing /home/airflow/.local/lib/python3.12/site-packages/airflow/example_dags/example_python_operator.py took 0.147 seconds
[2026-03-14T23:07:06.716+0000] {processor.py:161} INFO - Started process (PID=528) to work on /home/airflow/.local/lib/python3.12/site-packages/airflow/example_dags/example_python_operator.py
[2026-03-14T23:07:06.718+0000] {processor.py:830} INFO - Processing file /home/airflow/.local/lib/python3.12/site-packages/airflow/example_dags/example_python_operator.py for tasks to queue
[2026-03-14T23:07:06.720+0000] {logging_mixin.py:188} INFO - [2026-03-14T23:07:06.720+0000] {dagbag.py:545} INFO - Filling up the DagBag from /home/airflow/.local/lib/python3.12/site-packages/airflow/example_dags/example_python_operator.py
[2026-03-14T23:07:06.738+0000] {processor.py:840} INFO - DAG(s) 'example_python_operator' retrieved from /home/airflow/.local/lib/python3.12/site-packages/airflow/example_dags/example_python_operator.py
[2026-03-14T23:07:06.775+0000] {logging_mixin.py:188} INFO - [2026-03-14T23:07:06.774+0000] {dag.py:3096} INFO - Sync 1 DAGs
[2026-03-14T23:07:06.792+0000] {logging_mixin.py:188} INFO - [2026-03-14T23:07:06.791+0000] {dag.py:3954} INFO - Setting next_dagrun for example_python_operator to None, run_after=None
[2026-03-14T23:07:06.823+0000] {processor.py:183} INFO - Processing /home/airflow/.local/lib/python3.12/site-packages/airflow/example_dags/example_python_operator.py took 0.116 seconds
[2026-03-14T23:07:37.156+0000] {processor.py:161} INFO - Started process (PID=586) to work on /home/airflow/.local/lib/python3.12/site-packages/airflow/example_dags/example_python_operator.py
[2026-03-14T23:07:37.158+0000] {processor.py:830} INFO - Processing file /home/airflow/.local/lib/python3.12/site-packages/airflow/example_dags/example_python_operator.py for tasks to queue
[2026-03-14T23:07:37.160+0000] {logging_mixin.py:188} INFO - [2026-03-14T23:07:37.160+0000] {dagbag.py:545} INFO - Filling up the DagBag from /home/airflow/.local/lib/python3.12/site-packages/airflow/example_dags/example_python_operator.py
[2026-03-14T23:07:37.175+0000] {processor.py:840} INFO - DAG(s) 'example_python_operator' retrieved from /home/airflow/.local/lib/python3.12/site-packages/airflow/example_dags/example_python_operator.py
[2026-03-14T23:07:37.207+0000] {logging_mixin.py:188} INFO - [2026-03-14T23:07:37.207+0000] {dag.py:3096} INFO - Sync 1 DAGs
[2026-03-14T23:07:37.224+0000] {logging_mixin.py:188} INFO - [2026-03-14T23:07:37.223+0000] {dag.py:3954} INFO - Setting next_dagrun for example_python_operator to None, run_after=None
[2026-03-14T23:07:37.252+0000] {processor.py:183} INFO - Processing /home/airflow/.local/lib/python3.12/site-packages/airflow/example_dags/example_python_operator.py took 0.104 seconds
[2026-03-14T23:08:07.775+0000] {processor.py:161} INFO - Started process (PID=644) to work on /home/airflow/.local/lib/python3.12/site-packages/airflow/example_dags/example_python_operator.py
[2026-03-14T23:08:07.776+0000] {processor.py:830} INFO - Processing file /home/airflow/.local/lib/python3.12/site-packages/airflow/example_dags/example_python_operator.py for tasks to queue
[2026-03-14T23:08:07.779+0000] {logging_mixin.py:188} INFO - [2026-03-14T23:08:07.778+0000] {dagbag.py:545} INFO - Filling up the DagBag from /home/airflow/.local/lib/python3.12/site-packages/airflow/example_dags/example_python_operator.py
[2026-03-14T23:08:07.798+0000] {processor.py:840} INFO - DAG(s) 'example_python_operator' retrieved from /home/airflow/.local/lib/python3.12/site-packages/airflow/example_dags/example_python_operator.py
[2026-03-14T23:08:07.836+0000] {logging_mixin.py:188} INFO - [2026-03-14T23:08:07.836+0000] {dag.py:3096} INFO - Sync 1 DAGs
[2026-03-14T23:08:07.856+0000] {logging_mixin.py:188} INFO - [2026-03-14T23:08:07.855+0000] {dag.py:3954} INFO - Setting next_dagrun for example_python_operator to None, run_after=None
[2026-03-14T23:08:07.890+0000] {processor.py:183} INFO - Processing /home/airflow/.local/lib/python3.12/site-packages/airflow/example_dags/example_python_operator.py took 0.126 seconds
[2026-03-14T23:08:38.287+0000] {processor.py:161} INFO - Started process (PID=702) to work on /home/airflow/.local/lib/python3.12/site-packages/airflow/example_dags/example_python_operator.py
[2026-03-14T23:08:38.291+0000] {processor.py:830} INFO - Processing file /home/airflow/.local/lib/python3.12/site-packages/airflow/example_dags/example_python_operator.py for tasks to queue
[2026-03-14T23:08:38.294+0000] {logging_mixin.py:188} INFO - [2026-03-14T23:08:38.293+0000] {dagbag.py:545} INFO - Filling up the DagBag from /home/airflow/.local/lib/python3.12/site-packages/airflow/example_dags/example_python_operator.py
[2026-03-14T23:08:38.308+0000] {processor.py:840} INFO - DAG(s) 'example_python_operator' retrieved from /home/airflow/.local/lib/python3.12/site-packages/airflow/example_dags/example_python_operator.py
[2026-03-14T23:08:38.347+0000] {logging_mixin.py:188} INFO - [2026-03-14T23:08:38.347+0000] {dag.py:3096} INFO - Sync 1 DAGs
[2026-03-14T23:08:38.370+0000] {logging_mixin.py:188} INFO - [2026-03-14T23:08:38.369+0000] {dag.py:3954} INFO - Setting next_dagrun for example_python_operator to None, run_after=None
[2026-03-14T23:08:38.404+0000] {processor.py:183} INFO - Processing /home/airflow/.local/lib/python3.12/site-packages/airflow/example_dags/example_python_operator.py took 0.127 seconds
[2026-03-14T23:09:09.008+0000] {processor.py:161} INFO - Started process (PID=760) to work on /home/airflow/.local/lib/python3.12/site-packages/airflow/example_dags/example_python_operator.py
[2026-03-14T23:09:09.010+0000] {processor.py:830} INFO - Processing file /home/airflow/.local/lib/python3.12/site-packages/airflow/example_dags/example_python_operator.py for tasks to queue
[2026-03-14T23:09:09.013+0000] {logging_mixin.py:188} INFO - [2026-03-14T23:09:09.013+0000] {dagbag.py:545} INFO - Filling up the DagBag from /home/airflow/.local/lib/python3.12/site-packages/airflow/example_dags/example_python_operator.py
[2026-03-14T23:09:09.035+0000] {processor.py:840} INFO - DAG(s) 'example_python_operator' retrieved from /home/airflow/.local/lib/python3.12/site-packages/airflow/example_dags/example_python_operator.py
[2026-03-14T23:09:09.077+0000] {logging_mixin.py:188} INFO - [2026-03-14T23:09:09.077+0000] {dag.py:3096} INFO - Sync 1 DAGs
[2026-03-14T23:09:09.098+0000] {logging_mixin.py:188} INFO - [2026-03-14T23:09:09.097+0000] {dag.py:3954} INFO - Setting next_dagrun for example_python_operator to None, run_after=None
[2026-03-14T23:09:09.145+0000] {processor.py:183} INFO - Processing /home/airflow/.local/lib/python3.12/site-packages/airflow/example_dags/example_python_operator.py took 0.147 seconds
