[2026-03-14T23:03:18.147+0000] {processor.py:161} INFO - Started process (PID=101) to work on /home/airflow/.local/lib/python3.12/site-packages/airflow/example_dags/example_task_group_decorator.py
[2026-03-14T23:03:18.155+0000] {processor.py:830} INFO - Processing file /home/airflow/.local/lib/python3.12/site-packages/airflow/example_dags/example_task_group_decorator.py for tasks to queue
[2026-03-14T23:03:18.164+0000] {logging_mixin.py:188} INFO - [2026-03-14T23:03:18.158+0000] {dagbag.py:545} INFO - Filling up the DagBag from /home/airflow/.local/lib/python3.12/site-packages/airflow/example_dags/example_task_group_decorator.py
[2026-03-14T23:03:18.422+0000] {processor.py:840} INFO - DAG(s) 'example_task_group_decorator' retrieved from /home/airflow/.local/lib/python3.12/site-packages/airflow/example_dags/example_task_group_decorator.py
[2026-03-14T23:03:20.885+0000] {logging_mixin.py:188} INFO - [2026-03-14T23:03:20.867+0000] {dag.py:3096} INFO - Sync 1 DAGs
[2026-03-14T23:03:21.245+0000] {logging_mixin.py:188} INFO - [2026-03-14T23:03:21.245+0000] {dag.py:3954} INFO - Setting next_dagrun for example_task_group_decorator to 2026-03-13 00:00:00+00:00, run_after=2026-03-14 00:00:00+00:00
[2026-03-14T23:03:22.017+0000] {processor.py:183} INFO - Processing /home/airflow/.local/lib/python3.12/site-packages/airflow/example_dags/example_task_group_decorator.py took 3.923 seconds
[2026-03-14T23:03:52.832+0000] {processor.py:161} INFO - Started process (PID=159) to work on /home/airflow/.local/lib/python3.12/site-packages/airflow/example_dags/example_task_group_decorator.py
[2026-03-14T23:03:52.834+0000] {processor.py:830} INFO - Processing file /home/airflow/.local/lib/python3.12/site-packages/airflow/example_dags/example_task_group_decorator.py for tasks to queue
[2026-03-14T23:03:52.838+0000] {logging_mixin.py:188} INFO - [2026-03-14T23:03:52.838+0000] {dagbag.py:545} INFO - Filling up the DagBag from /home/airflow/.local/lib/python3.12/site-packages/airflow/example_dags/example_task_group_decorator.py
[2026-03-14T23:03:52.859+0000] {processor.py:840} INFO - DAG(s) 'example_task_group_decorator' retrieved from /home/airflow/.local/lib/python3.12/site-packages/airflow/example_dags/example_task_group_decorator.py
[2026-03-14T23:03:52.903+0000] {logging_mixin.py:188} INFO - [2026-03-14T23:03:52.903+0000] {dag.py:3096} INFO - Sync 1 DAGs
[2026-03-14T23:03:52.936+0000] {logging_mixin.py:188} INFO - [2026-03-14T23:03:52.935+0000] {dag.py:3954} INFO - Setting next_dagrun for example_task_group_decorator to 2026-03-13 00:00:00+00:00, run_after=2026-03-14 00:00:00+00:00
[2026-03-14T23:03:52.966+0000] {processor.py:183} INFO - Processing /home/airflow/.local/lib/python3.12/site-packages/airflow/example_dags/example_task_group_decorator.py took 0.143 seconds
[2026-03-14T23:04:23.369+0000] {processor.py:161} INFO - Started process (PID=217) to work on /home/airflow/.local/lib/python3.12/site-packages/airflow/example_dags/example_task_group_decorator.py
[2026-03-14T23:04:23.371+0000] {processor.py:830} INFO - Processing file /home/airflow/.local/lib/python3.12/site-packages/airflow/example_dags/example_task_group_decorator.py for tasks to queue
[2026-03-14T23:04:23.374+0000] {logging_mixin.py:188} INFO - [2026-03-14T23:04:23.373+0000] {dagbag.py:545} INFO - Filling up the DagBag from /home/airflow/.local/lib/python3.12/site-packages/airflow/example_dags/example_task_group_decorator.py
[2026-03-14T23:04:23.395+0000] {processor.py:840} INFO - DAG(s) 'example_task_group_decorator' retrieved from /home/airflow/.local/lib/python3.12/site-packages/airflow/example_dags/example_task_group_decorator.py
[2026-03-14T23:04:23.432+0000] {logging_mixin.py:188} INFO - [2026-03-14T23:04:23.431+0000] {dag.py:3096} INFO - Sync 1 DAGs
[2026-03-14T23:04:23.464+0000] {logging_mixin.py:188} INFO - [2026-03-14T23:04:23.464+0000] {dag.py:3954} INFO - Setting next_dagrun for example_task_group_decorator to 2026-03-13 00:00:00+00:00, run_after=2026-03-14 00:00:00+00:00
[2026-03-14T23:04:23.495+0000] {processor.py:183} INFO - Processing /home/airflow/.local/lib/python3.12/site-packages/airflow/example_dags/example_task_group_decorator.py took 0.135 seconds
[2026-03-14T23:04:53.802+0000] {processor.py:161} INFO - Started process (PID=275) to work on /home/airflow/.local/lib/python3.12/site-packages/airflow/example_dags/example_task_group_decorator.py
[2026-03-14T23:04:53.804+0000] {processor.py:830} INFO - Processing file /home/airflow/.local/lib/python3.12/site-packages/airflow/example_dags/example_task_group_decorator.py for tasks to queue
[2026-03-14T23:04:53.808+0000] {logging_mixin.py:188} INFO - [2026-03-14T23:04:53.807+0000] {dagbag.py:545} INFO - Filling up the DagBag from /home/airflow/.local/lib/python3.12/site-packages/airflow/example_dags/example_task_group_decorator.py
[2026-03-14T23:04:53.824+0000] {processor.py:840} INFO - DAG(s) 'example_task_group_decorator' retrieved from /home/airflow/.local/lib/python3.12/site-packages/airflow/example_dags/example_task_group_decorator.py
[2026-03-14T23:04:53.859+0000] {logging_mixin.py:188} INFO - [2026-03-14T23:04:53.859+0000] {dag.py:3096} INFO - Sync 1 DAGs
[2026-03-14T23:04:53.887+0000] {logging_mixin.py:188} INFO - [2026-03-14T23:04:53.887+0000] {dag.py:3954} INFO - Setting next_dagrun for example_task_group_decorator to 2026-03-13 00:00:00+00:00, run_after=2026-03-14 00:00:00+00:00
[2026-03-14T23:04:53.917+0000] {processor.py:183} INFO - Processing /home/airflow/.local/lib/python3.12/site-packages/airflow/example_dags/example_task_group_decorator.py took 0.123 seconds
[2026-03-14T23:05:24.314+0000] {processor.py:161} INFO - Started process (PID=334) to work on /home/airflow/.local/lib/python3.12/site-packages/airflow/example_dags/example_task_group_decorator.py
[2026-03-14T23:05:24.316+0000] {processor.py:830} INFO - Processing file /home/airflow/.local/lib/python3.12/site-packages/airflow/example_dags/example_task_group_decorator.py for tasks to queue
[2026-03-14T23:05:24.319+0000] {logging_mixin.py:188} INFO - [2026-03-14T23:05:24.318+0000] {dagbag.py:545} INFO - Filling up the DagBag from /home/airflow/.local/lib/python3.12/site-packages/airflow/example_dags/example_task_group_decorator.py
[2026-03-14T23:05:24.341+0000] {processor.py:840} INFO - DAG(s) 'example_task_group_decorator' retrieved from /home/airflow/.local/lib/python3.12/site-packages/airflow/example_dags/example_task_group_decorator.py
[2026-03-14T23:05:24.378+0000] {logging_mixin.py:188} INFO - [2026-03-14T23:05:24.378+0000] {dag.py:3096} INFO - Sync 1 DAGs
[2026-03-14T23:05:24.414+0000] {logging_mixin.py:188} INFO - [2026-03-14T23:05:24.413+0000] {dag.py:3954} INFO - Setting next_dagrun for example_task_group_decorator to 2026-03-13 00:00:00+00:00, run_after=2026-03-14 00:00:00+00:00
[2026-03-14T23:05:24.450+0000] {processor.py:183} INFO - Processing /home/airflow/.local/lib/python3.12/site-packages/airflow/example_dags/example_task_group_decorator.py took 0.143 seconds
[2026-03-14T23:05:55.289+0000] {processor.py:161} INFO - Started process (PID=392) to work on /home/airflow/.local/lib/python3.12/site-packages/airflow/example_dags/example_task_group_decorator.py
[2026-03-14T23:05:55.291+0000] {processor.py:830} INFO - Processing file /home/airflow/.local/lib/python3.12/site-packages/airflow/example_dags/example_task_group_decorator.py for tasks to queue
[2026-03-14T23:05:55.293+0000] {logging_mixin.py:188} INFO - [2026-03-14T23:05:55.293+0000] {dagbag.py:545} INFO - Filling up the DagBag from /home/airflow/.local/lib/python3.12/site-packages/airflow/example_dags/example_task_group_decorator.py
[2026-03-14T23:05:55.309+0000] {processor.py:840} INFO - DAG(s) 'example_task_group_decorator' retrieved from /home/airflow/.local/lib/python3.12/site-packages/airflow/example_dags/example_task_group_decorator.py
[2026-03-14T23:05:55.344+0000] {logging_mixin.py:188} INFO - [2026-03-14T23:05:55.344+0000] {dag.py:3096} INFO - Sync 1 DAGs
[2026-03-14T23:05:55.376+0000] {logging_mixin.py:188} INFO - [2026-03-14T23:05:55.376+0000] {dag.py:3954} INFO - Setting next_dagrun for example_task_group_decorator to 2026-03-13 00:00:00+00:00, run_after=2026-03-14 00:00:00+00:00
[2026-03-14T23:05:55.408+0000] {processor.py:183} INFO - Processing /home/airflow/.local/lib/python3.12/site-packages/airflow/example_dags/example_task_group_decorator.py took 0.129 seconds
[2026-03-14T23:06:26.130+0000] {processor.py:161} INFO - Started process (PID=456) to work on /home/airflow/.local/lib/python3.12/site-packages/airflow/example_dags/example_task_group_decorator.py
[2026-03-14T23:06:26.133+0000] {processor.py:830} INFO - Processing file /home/airflow/.local/lib/python3.12/site-packages/airflow/example_dags/example_task_group_decorator.py for tasks to queue
[2026-03-14T23:06:26.135+0000] {logging_mixin.py:188} INFO - [2026-03-14T23:06:26.135+0000] {dagbag.py:545} INFO - Filling up the DagBag from /home/airflow/.local/lib/python3.12/site-packages/airflow/example_dags/example_task_group_decorator.py
[2026-03-14T23:06:26.156+0000] {processor.py:840} INFO - DAG(s) 'example_task_group_decorator' retrieved from /home/airflow/.local/lib/python3.12/site-packages/airflow/example_dags/example_task_group_decorator.py
[2026-03-14T23:06:26.189+0000] {logging_mixin.py:188} INFO - [2026-03-14T23:06:26.189+0000] {dag.py:3096} INFO - Sync 1 DAGs
[2026-03-14T23:06:26.222+0000] {logging_mixin.py:188} INFO - [2026-03-14T23:06:26.222+0000] {dag.py:3954} INFO - Setting next_dagrun for example_task_group_decorator to 2026-03-13 00:00:00+00:00, run_after=2026-03-14 00:00:00+00:00
[2026-03-14T23:06:26.255+0000] {processor.py:183} INFO - Processing /home/airflow/.local/lib/python3.12/site-packages/airflow/example_dags/example_task_group_decorator.py took 0.135 seconds
[2026-03-14T23:06:56.644+0000] {processor.py:161} INFO - Started process (PID=514) to work on /home/airflow/.local/lib/python3.12/site-packages/airflow/example_dags/example_task_group_decorator.py
[2026-03-14T23:06:56.646+0000] {processor.py:830} INFO - Processing file /home/airflow/.local/lib/python3.12/site-packages/airflow/example_dags/example_task_group_decorator.py for tasks to queue
[2026-03-14T23:06:56.649+0000] {logging_mixin.py:188} INFO - [2026-03-14T23:06:56.648+0000] {dagbag.py:545} INFO - Filling up the DagBag from /home/airflow/.local/lib/python3.12/site-packages/airflow/example_dags/example_task_group_decorator.py
[2026-03-14T23:06:56.666+0000] {processor.py:840} INFO - DAG(s) 'example_task_group_decorator' retrieved from /home/airflow/.local/lib/python3.12/site-packages/airflow/example_dags/example_task_group_decorator.py
[2026-03-14T23:06:56.709+0000] {logging_mixin.py:188} INFO - [2026-03-14T23:06:56.709+0000] {dag.py:3096} INFO - Sync 1 DAGs
[2026-03-14T23:06:56.736+0000] {logging_mixin.py:188} INFO - [2026-03-14T23:06:56.735+0000] {dag.py:3954} INFO - Setting next_dagrun for example_task_group_decorator to 2026-03-13 00:00:00+00:00, run_after=2026-03-14 00:00:00+00:00
[2026-03-14T23:06:56.763+0000] {processor.py:183} INFO - Processing /home/airflow/.local/lib/python3.12/site-packages/airflow/example_dags/example_task_group_decorator.py took 0.130 seconds
[2026-03-14T23:07:27.417+0000] {processor.py:161} INFO - Started process (PID=572) to work on /home/airflow/.local/lib/python3.12/site-packages/airflow/example_dags/example_task_group_decorator.py
[2026-03-14T23:07:27.420+0000] {processor.py:830} INFO - Processing file /home/airflow/.local/lib/python3.12/site-packages/airflow/example_dags/example_task_group_decorator.py for tasks to queue
[2026-03-14T23:07:27.423+0000] {logging_mixin.py:188} INFO - [2026-03-14T23:07:27.423+0000] {dagbag.py:545} INFO - Filling up the DagBag from /home/airflow/.local/lib/python3.12/site-packages/airflow/example_dags/example_task_group_decorator.py
[2026-03-14T23:07:27.454+0000] {processor.py:840} INFO - DAG(s) 'example_task_group_decorator' retrieved from /home/airflow/.local/lib/python3.12/site-packages/airflow/example_dags/example_task_group_decorator.py
[2026-03-14T23:07:27.501+0000] {logging_mixin.py:188} INFO - [2026-03-14T23:07:27.501+0000] {dag.py:3096} INFO - Sync 1 DAGs
[2026-03-14T23:07:27.535+0000] {logging_mixin.py:188} INFO - [2026-03-14T23:07:27.534+0000] {dag.py:3954} INFO - Setting next_dagrun for example_task_group_decorator to 2026-03-13 00:00:00+00:00, run_after=2026-03-14 00:00:00+00:00
[2026-03-14T23:07:27.576+0000] {processor.py:183} INFO - Processing /home/airflow/.local/lib/python3.12/site-packages/airflow/example_dags/example_task_group_decorator.py took 0.167 seconds
[2026-03-14T23:07:57.814+0000] {processor.py:161} INFO - Started process (PID=630) to work on /home/airflow/.local/lib/python3.12/site-packages/airflow/example_dags/example_task_group_decorator.py
[2026-03-14T23:07:57.816+0000] {processor.py:830} INFO - Processing file /home/airflow/.local/lib/python3.12/site-packages/airflow/example_dags/example_task_group_decorator.py for tasks to queue
[2026-03-14T23:07:57.818+0000] {logging_mixin.py:188} INFO - [2026-03-14T23:07:57.818+0000] {dagbag.py:545} INFO - Filling up the DagBag from /home/airflow/.local/lib/python3.12/site-packages/airflow/example_dags/example_task_group_decorator.py
[2026-03-14T23:07:57.838+0000] {processor.py:840} INFO - DAG(s) 'example_task_group_decorator' retrieved from /home/airflow/.local/lib/python3.12/site-packages/airflow/example_dags/example_task_group_decorator.py
[2026-03-14T23:07:57.874+0000] {logging_mixin.py:188} INFO - [2026-03-14T23:07:57.873+0000] {dag.py:3096} INFO - Sync 1 DAGs
[2026-03-14T23:07:57.903+0000] {logging_mixin.py:188} INFO - [2026-03-14T23:07:57.903+0000] {dag.py:3954} INFO - Setting next_dagrun for example_task_group_decorator to 2026-03-13 00:00:00+00:00, run_after=2026-03-14 00:00:00+00:00
[2026-03-14T23:07:57.932+0000] {processor.py:183} INFO - Processing /home/airflow/.local/lib/python3.12/site-packages/airflow/example_dags/example_task_group_decorator.py took 0.128 seconds
[2026-03-14T23:08:28.493+0000] {processor.py:161} INFO - Started process (PID=688) to work on /home/airflow/.local/lib/python3.12/site-packages/airflow/example_dags/example_task_group_decorator.py
[2026-03-14T23:08:28.494+0000] {processor.py:830} INFO - Processing file /home/airflow/.local/lib/python3.12/site-packages/airflow/example_dags/example_task_group_decorator.py for tasks to queue
[2026-03-14T23:08:28.496+0000] {logging_mixin.py:188} INFO - [2026-03-14T23:08:28.496+0000] {dagbag.py:545} INFO - Filling up the DagBag from /home/airflow/.local/lib/python3.12/site-packages/airflow/example_dags/example_task_group_decorator.py
[2026-03-14T23:08:28.514+0000] {processor.py:840} INFO - DAG(s) 'example_task_group_decorator' retrieved from /home/airflow/.local/lib/python3.12/site-packages/airflow/example_dags/example_task_group_decorator.py
[2026-03-14T23:08:28.552+0000] {logging_mixin.py:188} INFO - [2026-03-14T23:08:28.552+0000] {dag.py:3096} INFO - Sync 1 DAGs
[2026-03-14T23:08:28.579+0000] {logging_mixin.py:188} INFO - [2026-03-14T23:08:28.579+0000] {dag.py:3954} INFO - Setting next_dagrun for example_task_group_decorator to 2026-03-13 00:00:00+00:00, run_after=2026-03-14 00:00:00+00:00
[2026-03-14T23:08:28.608+0000] {processor.py:183} INFO - Processing /home/airflow/.local/lib/python3.12/site-packages/airflow/example_dags/example_task_group_decorator.py took 0.123 seconds
[2026-03-14T23:08:58.869+0000] {processor.py:161} INFO - Started process (PID=746) to work on /home/airflow/.local/lib/python3.12/site-packages/airflow/example_dags/example_task_group_decorator.py
[2026-03-14T23:08:58.871+0000] {processor.py:830} INFO - Processing file /home/airflow/.local/lib/python3.12/site-packages/airflow/example_dags/example_task_group_decorator.py for tasks to queue
[2026-03-14T23:08:58.874+0000] {logging_mixin.py:188} INFO - [2026-03-14T23:08:58.873+0000] {dagbag.py:545} INFO - Filling up the DagBag from /home/airflow/.local/lib/python3.12/site-packages/airflow/example_dags/example_task_group_decorator.py
[2026-03-14T23:08:58.892+0000] {processor.py:840} INFO - DAG(s) 'example_task_group_decorator' retrieved from /home/airflow/.local/lib/python3.12/site-packages/airflow/example_dags/example_task_group_decorator.py
[2026-03-14T23:08:58.931+0000] {logging_mixin.py:188} INFO - [2026-03-14T23:08:58.931+0000] {dag.py:3096} INFO - Sync 1 DAGs
[2026-03-14T23:08:58.965+0000] {logging_mixin.py:188} INFO - [2026-03-14T23:08:58.965+0000] {dag.py:3954} INFO - Setting next_dagrun for example_task_group_decorator to 2026-03-13 00:00:00+00:00, run_after=2026-03-14 00:00:00+00:00
[2026-03-14T23:08:58.997+0000] {processor.py:183} INFO - Processing /home/airflow/.local/lib/python3.12/site-packages/airflow/example_dags/example_task_group_decorator.py took 0.140 seconds
