[2026-03-14T23:03:04.222+0000] {processor.py:161} INFO - Started process (PID=85) to work on /home/airflow/.local/lib/python3.12/site-packages/airflow/example_dags/example_setup_teardown.py
[2026-03-14T23:03:04.224+0000] {processor.py:830} INFO - Processing file /home/airflow/.local/lib/python3.12/site-packages/airflow/example_dags/example_setup_teardown.py for tasks to queue
[2026-03-14T23:03:04.231+0000] {logging_mixin.py:188} INFO - [2026-03-14T23:03:04.230+0000] {dagbag.py:545} INFO - Filling up the DagBag from /home/airflow/.local/lib/python3.12/site-packages/airflow/example_dags/example_setup_teardown.py
[2026-03-14T23:03:04.357+0000] {processor.py:840} INFO - DAG(s) 'example_setup_teardown' retrieved from /home/airflow/.local/lib/python3.12/site-packages/airflow/example_dags/example_setup_teardown.py
[2026-03-14T23:03:04.933+0000] {logging_mixin.py:188} INFO - [2026-03-14T23:03:04.932+0000] {dag.py:3096} INFO - Sync 1 DAGs
[2026-03-14T23:03:05.028+0000] {logging_mixin.py:188} INFO - [2026-03-14T23:03:05.028+0000] {dag.py:3954} INFO - Setting next_dagrun for example_setup_teardown to 2026-03-13 00:00:00+00:00, run_after=2026-03-14 00:00:00+00:00
[2026-03-14T23:03:05.080+0000] {processor.py:183} INFO - Processing /home/airflow/.local/lib/python3.12/site-packages/airflow/example_dags/example_setup_teardown.py took 0.893 seconds
[2026-03-14T23:03:44.799+0000] {processor.py:161} INFO - Started process (PID=143) to work on /home/airflow/.local/lib/python3.12/site-packages/airflow/example_dags/example_setup_teardown.py
[2026-03-14T23:03:44.813+0000] {processor.py:830} INFO - Processing file /home/airflow/.local/lib/python3.12/site-packages/airflow/example_dags/example_setup_teardown.py for tasks to queue
[2026-03-14T23:03:44.819+0000] {logging_mixin.py:188} INFO - [2026-03-14T23:03:44.817+0000] {dagbag.py:545} INFO - Filling up the DagBag from /home/airflow/.local/lib/python3.12/site-packages/airflow/example_dags/example_setup_teardown.py
[2026-03-14T23:03:44.841+0000] {processor.py:840} INFO - DAG(s) 'example_setup_teardown' retrieved from /home/airflow/.local/lib/python3.12/site-packages/airflow/example_dags/example_setup_teardown.py
[2026-03-14T23:03:44.894+0000] {logging_mixin.py:188} INFO - [2026-03-14T23:03:44.894+0000] {dag.py:3096} INFO - Sync 1 DAGs
[2026-03-14T23:03:45.000+0000] {logging_mixin.py:188} INFO - [2026-03-14T23:03:44.999+0000] {dag.py:3954} INFO - Setting next_dagrun for example_setup_teardown to 2026-03-13 00:00:00+00:00, run_after=2026-03-14 00:00:00+00:00
[2026-03-14T23:03:45.064+0000] {processor.py:183} INFO - Processing /home/airflow/.local/lib/python3.12/site-packages/airflow/example_dags/example_setup_teardown.py took 0.284 seconds
[2026-03-14T23:04:15.833+0000] {processor.py:161} INFO - Started process (PID=201) to work on /home/airflow/.local/lib/python3.12/site-packages/airflow/example_dags/example_setup_teardown.py
[2026-03-14T23:04:15.837+0000] {processor.py:830} INFO - Processing file /home/airflow/.local/lib/python3.12/site-packages/airflow/example_dags/example_setup_teardown.py for tasks to queue
[2026-03-14T23:04:15.841+0000] {logging_mixin.py:188} INFO - [2026-03-14T23:04:15.841+0000] {dagbag.py:545} INFO - Filling up the DagBag from /home/airflow/.local/lib/python3.12/site-packages/airflow/example_dags/example_setup_teardown.py
[2026-03-14T23:04:15.852+0000] {processor.py:840} INFO - DAG(s) 'example_setup_teardown' retrieved from /home/airflow/.local/lib/python3.12/site-packages/airflow/example_dags/example_setup_teardown.py
[2026-03-14T23:04:15.893+0000] {logging_mixin.py:188} INFO - [2026-03-14T23:04:15.893+0000] {dag.py:3096} INFO - Sync 1 DAGs
[2026-03-14T23:04:15.938+0000] {logging_mixin.py:188} INFO - [2026-03-14T23:04:15.938+0000] {dag.py:3954} INFO - Setting next_dagrun for example_setup_teardown to 2026-03-13 00:00:00+00:00, run_after=2026-03-14 00:00:00+00:00
[2026-03-14T23:04:15.970+0000] {processor.py:183} INFO - Processing /home/airflow/.local/lib/python3.12/site-packages/airflow/example_dags/example_setup_teardown.py took 0.146 seconds
[2026-03-14T23:04:46.338+0000] {processor.py:161} INFO - Started process (PID=259) to work on /home/airflow/.local/lib/python3.12/site-packages/airflow/example_dags/example_setup_teardown.py
[2026-03-14T23:04:46.340+0000] {processor.py:830} INFO - Processing file /home/airflow/.local/lib/python3.12/site-packages/airflow/example_dags/example_setup_teardown.py for tasks to queue
[2026-03-14T23:04:46.343+0000] {logging_mixin.py:188} INFO - [2026-03-14T23:04:46.343+0000] {dagbag.py:545} INFO - Filling up the DagBag from /home/airflow/.local/lib/python3.12/site-packages/airflow/example_dags/example_setup_teardown.py
[2026-03-14T23:04:46.361+0000] {processor.py:840} INFO - DAG(s) 'example_setup_teardown' retrieved from /home/airflow/.local/lib/python3.12/site-packages/airflow/example_dags/example_setup_teardown.py
[2026-03-14T23:04:46.412+0000] {logging_mixin.py:188} INFO - [2026-03-14T23:04:46.411+0000] {dag.py:3096} INFO - Sync 1 DAGs
[2026-03-14T23:04:46.453+0000] {logging_mixin.py:188} INFO - [2026-03-14T23:04:46.453+0000] {dag.py:3954} INFO - Setting next_dagrun for example_setup_teardown to 2026-03-13 00:00:00+00:00, run_after=2026-03-14 00:00:00+00:00
[2026-03-14T23:04:46.483+0000] {processor.py:183} INFO - Processing /home/airflow/.local/lib/python3.12/site-packages/airflow/example_dags/example_setup_teardown.py took 0.161 seconds
[2026-03-14T23:05:16.575+0000] {processor.py:161} INFO - Started process (PID=316) to work on /home/airflow/.local/lib/python3.12/site-packages/airflow/example_dags/example_setup_teardown.py
[2026-03-14T23:05:16.577+0000] {processor.py:830} INFO - Processing file /home/airflow/.local/lib/python3.12/site-packages/airflow/example_dags/example_setup_teardown.py for tasks to queue
[2026-03-14T23:05:16.579+0000] {logging_mixin.py:188} INFO - [2026-03-14T23:05:16.579+0000] {dagbag.py:545} INFO - Filling up the DagBag from /home/airflow/.local/lib/python3.12/site-packages/airflow/example_dags/example_setup_teardown.py
[2026-03-14T23:05:16.588+0000] {processor.py:840} INFO - DAG(s) 'example_setup_teardown' retrieved from /home/airflow/.local/lib/python3.12/site-packages/airflow/example_dags/example_setup_teardown.py
[2026-03-14T23:05:16.619+0000] {logging_mixin.py:188} INFO - [2026-03-14T23:05:16.618+0000] {dag.py:3096} INFO - Sync 1 DAGs
[2026-03-14T23:05:16.650+0000] {logging_mixin.py:188} INFO - [2026-03-14T23:05:16.650+0000] {dag.py:3954} INFO - Setting next_dagrun for example_setup_teardown to 2026-03-13 00:00:00+00:00, run_after=2026-03-14 00:00:00+00:00
[2026-03-14T23:05:16.679+0000] {processor.py:183} INFO - Processing /home/airflow/.local/lib/python3.12/site-packages/airflow/example_dags/example_setup_teardown.py took 0.113 seconds
[2026-03-14T23:05:46.758+0000] {processor.py:161} INFO - Started process (PID=374) to work on /home/airflow/.local/lib/python3.12/site-packages/airflow/example_dags/example_setup_teardown.py
[2026-03-14T23:05:46.760+0000] {processor.py:830} INFO - Processing file /home/airflow/.local/lib/python3.12/site-packages/airflow/example_dags/example_setup_teardown.py for tasks to queue
[2026-03-14T23:05:46.762+0000] {logging_mixin.py:188} INFO - [2026-03-14T23:05:46.762+0000] {dagbag.py:545} INFO - Filling up the DagBag from /home/airflow/.local/lib/python3.12/site-packages/airflow/example_dags/example_setup_teardown.py
[2026-03-14T23:05:46.774+0000] {processor.py:840} INFO - DAG(s) 'example_setup_teardown' retrieved from /home/airflow/.local/lib/python3.12/site-packages/airflow/example_dags/example_setup_teardown.py
[2026-03-14T23:05:46.804+0000] {logging_mixin.py:188} INFO - [2026-03-14T23:05:46.804+0000] {dag.py:3096} INFO - Sync 1 DAGs
[2026-03-14T23:05:46.841+0000] {logging_mixin.py:188} INFO - [2026-03-14T23:05:46.840+0000] {dag.py:3954} INFO - Setting next_dagrun for example_setup_teardown to 2026-03-13 00:00:00+00:00, run_after=2026-03-14 00:00:00+00:00
[2026-03-14T23:05:46.868+0000] {processor.py:183} INFO - Processing /home/airflow/.local/lib/python3.12/site-packages/airflow/example_dags/example_setup_teardown.py took 0.119 seconds
[2026-03-14T23:06:17.131+0000] {processor.py:161} INFO - Started process (PID=432) to work on /home/airflow/.local/lib/python3.12/site-packages/airflow/example_dags/example_setup_teardown.py
[2026-03-14T23:06:17.133+0000] {processor.py:830} INFO - Processing file /home/airflow/.local/lib/python3.12/site-packages/airflow/example_dags/example_setup_teardown.py for tasks to queue
[2026-03-14T23:06:17.136+0000] {logging_mixin.py:188} INFO - [2026-03-14T23:06:17.135+0000] {dagbag.py:545} INFO - Filling up the DagBag from /home/airflow/.local/lib/python3.12/site-packages/airflow/example_dags/example_setup_teardown.py
[2026-03-14T23:06:17.148+0000] {processor.py:840} INFO - DAG(s) 'example_setup_teardown' retrieved from /home/airflow/.local/lib/python3.12/site-packages/airflow/example_dags/example_setup_teardown.py
[2026-03-14T23:06:17.181+0000] {logging_mixin.py:188} INFO - [2026-03-14T23:06:17.180+0000] {dag.py:3096} INFO - Sync 1 DAGs
[2026-03-14T23:06:17.214+0000] {logging_mixin.py:188} INFO - [2026-03-14T23:06:17.213+0000] {dag.py:3954} INFO - Setting next_dagrun for example_setup_teardown to 2026-03-13 00:00:00+00:00, run_after=2026-03-14 00:00:00+00:00
[2026-03-14T23:06:17.244+0000] {processor.py:183} INFO - Processing /home/airflow/.local/lib/python3.12/site-packages/airflow/example_dags/example_setup_teardown.py took 0.120 seconds
[2026-03-14T23:06:47.413+0000] {processor.py:161} INFO - Started process (PID=490) to work on /home/airflow/.local/lib/python3.12/site-packages/airflow/example_dags/example_setup_teardown.py
[2026-03-14T23:06:47.414+0000] {processor.py:830} INFO - Processing file /home/airflow/.local/lib/python3.12/site-packages/airflow/example_dags/example_setup_teardown.py for tasks to queue
[2026-03-14T23:06:47.417+0000] {logging_mixin.py:188} INFO - [2026-03-14T23:06:47.416+0000] {dagbag.py:545} INFO - Filling up the DagBag from /home/airflow/.local/lib/python3.12/site-packages/airflow/example_dags/example_setup_teardown.py
[2026-03-14T23:06:47.427+0000] {processor.py:840} INFO - DAG(s) 'example_setup_teardown' retrieved from /home/airflow/.local/lib/python3.12/site-packages/airflow/example_dags/example_setup_teardown.py
[2026-03-14T23:06:47.460+0000] {logging_mixin.py:188} INFO - [2026-03-14T23:06:47.460+0000] {dag.py:3096} INFO - Sync 1 DAGs
[2026-03-14T23:06:47.487+0000] {logging_mixin.py:188} INFO - [2026-03-14T23:06:47.487+0000] {dag.py:3954} INFO - Setting next_dagrun for example_setup_teardown to 2026-03-13 00:00:00+00:00, run_after=2026-03-14 00:00:00+00:00
[2026-03-14T23:06:47.516+0000] {processor.py:183} INFO - Processing /home/airflow/.local/lib/python3.12/site-packages/airflow/example_dags/example_setup_teardown.py took 0.113 seconds
[2026-03-14T23:07:18.412+0000] {processor.py:161} INFO - Started process (PID=548) to work on /home/airflow/.local/lib/python3.12/site-packages/airflow/example_dags/example_setup_teardown.py
[2026-03-14T23:07:18.413+0000] {processor.py:830} INFO - Processing file /home/airflow/.local/lib/python3.12/site-packages/airflow/example_dags/example_setup_teardown.py for tasks to queue
[2026-03-14T23:07:18.415+0000] {logging_mixin.py:188} INFO - [2026-03-14T23:07:18.415+0000] {dagbag.py:545} INFO - Filling up the DagBag from /home/airflow/.local/lib/python3.12/site-packages/airflow/example_dags/example_setup_teardown.py
[2026-03-14T23:07:18.428+0000] {processor.py:840} INFO - DAG(s) 'example_setup_teardown' retrieved from /home/airflow/.local/lib/python3.12/site-packages/airflow/example_dags/example_setup_teardown.py
[2026-03-14T23:07:18.462+0000] {logging_mixin.py:188} INFO - [2026-03-14T23:07:18.461+0000] {dag.py:3096} INFO - Sync 1 DAGs
[2026-03-14T23:07:18.494+0000] {logging_mixin.py:188} INFO - [2026-03-14T23:07:18.494+0000] {dag.py:3954} INFO - Setting next_dagrun for example_setup_teardown to 2026-03-13 00:00:00+00:00, run_after=2026-03-14 00:00:00+00:00
[2026-03-14T23:07:18.527+0000] {processor.py:183} INFO - Processing /home/airflow/.local/lib/python3.12/site-packages/airflow/example_dags/example_setup_teardown.py took 0.126 seconds
[2026-03-14T23:07:48.949+0000] {processor.py:161} INFO - Started process (PID=606) to work on /home/airflow/.local/lib/python3.12/site-packages/airflow/example_dags/example_setup_teardown.py
[2026-03-14T23:07:48.951+0000] {processor.py:830} INFO - Processing file /home/airflow/.local/lib/python3.12/site-packages/airflow/example_dags/example_setup_teardown.py for tasks to queue
[2026-03-14T23:07:48.953+0000] {logging_mixin.py:188} INFO - [2026-03-14T23:07:48.952+0000] {dagbag.py:545} INFO - Filling up the DagBag from /home/airflow/.local/lib/python3.12/site-packages/airflow/example_dags/example_setup_teardown.py
[2026-03-14T23:07:48.963+0000] {processor.py:840} INFO - DAG(s) 'example_setup_teardown' retrieved from /home/airflow/.local/lib/python3.12/site-packages/airflow/example_dags/example_setup_teardown.py
[2026-03-14T23:07:49.002+0000] {logging_mixin.py:188} INFO - [2026-03-14T23:07:49.001+0000] {dag.py:3096} INFO - Sync 1 DAGs
[2026-03-14T23:07:49.038+0000] {logging_mixin.py:188} INFO - [2026-03-14T23:07:49.037+0000] {dag.py:3954} INFO - Setting next_dagrun for example_setup_teardown to 2026-03-13 00:00:00+00:00, run_after=2026-03-14 00:00:00+00:00
[2026-03-14T23:07:49.077+0000] {processor.py:183} INFO - Processing /home/airflow/.local/lib/python3.12/site-packages/airflow/example_dags/example_setup_teardown.py took 0.139 seconds
[2026-03-14T23:08:19.574+0000] {processor.py:161} INFO - Started process (PID=664) to work on /home/airflow/.local/lib/python3.12/site-packages/airflow/example_dags/example_setup_teardown.py
[2026-03-14T23:08:19.576+0000] {processor.py:830} INFO - Processing file /home/airflow/.local/lib/python3.12/site-packages/airflow/example_dags/example_setup_teardown.py for tasks to queue
[2026-03-14T23:08:19.578+0000] {logging_mixin.py:188} INFO - [2026-03-14T23:08:19.577+0000] {dagbag.py:545} INFO - Filling up the DagBag from /home/airflow/.local/lib/python3.12/site-packages/airflow/example_dags/example_setup_teardown.py
[2026-03-14T23:08:19.587+0000] {processor.py:840} INFO - DAG(s) 'example_setup_teardown' retrieved from /home/airflow/.local/lib/python3.12/site-packages/airflow/example_dags/example_setup_teardown.py
[2026-03-14T23:08:19.619+0000] {logging_mixin.py:188} INFO - [2026-03-14T23:08:19.619+0000] {dag.py:3096} INFO - Sync 1 DAGs
[2026-03-14T23:08:19.651+0000] {logging_mixin.py:188} INFO - [2026-03-14T23:08:19.650+0000] {dag.py:3954} INFO - Setting next_dagrun for example_setup_teardown to 2026-03-13 00:00:00+00:00, run_after=2026-03-14 00:00:00+00:00
[2026-03-14T23:08:19.689+0000] {processor.py:183} INFO - Processing /home/airflow/.local/lib/python3.12/site-packages/airflow/example_dags/example_setup_teardown.py took 0.124 seconds
[2026-03-14T23:08:50.622+0000] {processor.py:161} INFO - Started process (PID=722) to work on /home/airflow/.local/lib/python3.12/site-packages/airflow/example_dags/example_setup_teardown.py
[2026-03-14T23:08:50.628+0000] {processor.py:830} INFO - Processing file /home/airflow/.local/lib/python3.12/site-packages/airflow/example_dags/example_setup_teardown.py for tasks to queue
[2026-03-14T23:08:50.632+0000] {logging_mixin.py:188} INFO - [2026-03-14T23:08:50.631+0000] {dagbag.py:545} INFO - Filling up the DagBag from /home/airflow/.local/lib/python3.12/site-packages/airflow/example_dags/example_setup_teardown.py
[2026-03-14T23:08:50.643+0000] {processor.py:840} INFO - DAG(s) 'example_setup_teardown' retrieved from /home/airflow/.local/lib/python3.12/site-packages/airflow/example_dags/example_setup_teardown.py
[2026-03-14T23:08:50.674+0000] {logging_mixin.py:188} INFO - [2026-03-14T23:08:50.673+0000] {dag.py:3096} INFO - Sync 1 DAGs
[2026-03-14T23:08:50.726+0000] {logging_mixin.py:188} INFO - [2026-03-14T23:08:50.726+0000] {dag.py:3954} INFO - Setting next_dagrun for example_setup_teardown to 2026-03-13 00:00:00+00:00, run_after=2026-03-14 00:00:00+00:00
[2026-03-14T23:08:50.827+0000] {processor.py:183} INFO - Processing /home/airflow/.local/lib/python3.12/site-packages/airflow/example_dags/example_setup_teardown.py took 0.215 seconds
[2026-03-14T23:09:21.773+0000] {processor.py:161} INFO - Started process (PID=780) to work on /home/airflow/.local/lib/python3.12/site-packages/airflow/example_dags/example_setup_teardown.py
[2026-03-14T23:09:21.775+0000] {processor.py:830} INFO - Processing file /home/airflow/.local/lib/python3.12/site-packages/airflow/example_dags/example_setup_teardown.py for tasks to queue
[2026-03-14T23:09:21.778+0000] {logging_mixin.py:188} INFO - [2026-03-14T23:09:21.778+0000] {dagbag.py:545} INFO - Filling up the DagBag from /home/airflow/.local/lib/python3.12/site-packages/airflow/example_dags/example_setup_teardown.py
[2026-03-14T23:09:21.789+0000] {processor.py:840} INFO - DAG(s) 'example_setup_teardown' retrieved from /home/airflow/.local/lib/python3.12/site-packages/airflow/example_dags/example_setup_teardown.py
[2026-03-14T23:09:21.824+0000] {logging_mixin.py:188} INFO - [2026-03-14T23:09:21.824+0000] {dag.py:3096} INFO - Sync 1 DAGs
[2026-03-14T23:09:21.854+0000] {logging_mixin.py:188} INFO - [2026-03-14T23:09:21.854+0000] {dag.py:3954} INFO - Setting next_dagrun for example_setup_teardown to 2026-03-13 00:00:00+00:00, run_after=2026-03-14 00:00:00+00:00
[2026-03-14T23:09:21.885+0000] {processor.py:183} INFO - Processing /home/airflow/.local/lib/python3.12/site-packages/airflow/example_dags/example_setup_teardown.py took 0.121 seconds
