[2026-03-14T23:03:16.998+0000] {processor.py:161} INFO - Started process (PID=100) to work on /home/airflow/.local/lib/python3.12/site-packages/airflow/example_dags/example_short_circuit_operator.py
[2026-03-14T23:03:16.999+0000] {processor.py:830} INFO - Processing file /home/airflow/.local/lib/python3.12/site-packages/airflow/example_dags/example_short_circuit_operator.py for tasks to queue
[2026-03-14T23:03:17.015+0000] {logging_mixin.py:188} INFO - [2026-03-14T23:03:17.012+0000] {dagbag.py:545} INFO - Filling up the DagBag from /home/airflow/.local/lib/python3.12/site-packages/airflow/example_dags/example_short_circuit_operator.py
[2026-03-14T23:03:17.060+0000] {processor.py:840} INFO - DAG(s) 'example_short_circuit_operator' retrieved from /home/airflow/.local/lib/python3.12/site-packages/airflow/example_dags/example_short_circuit_operator.py
[2026-03-14T23:03:19.037+0000] {logging_mixin.py:188} INFO - [2026-03-14T23:03:19.031+0000] {dag.py:3096} INFO - Sync 1 DAGs
[2026-03-14T23:03:19.568+0000] {logging_mixin.py:188} INFO - [2026-03-14T23:03:19.567+0000] {dag.py:3954} INFO - Setting next_dagrun for example_short_circuit_operator to 2026-03-13 00:00:00+00:00, run_after=2026-03-14 00:00:00+00:00
[2026-03-14T23:03:19.962+0000] {processor.py:183} INFO - Processing /home/airflow/.local/lib/python3.12/site-packages/airflow/example_dags/example_short_circuit_operator.py took 2.988 seconds
[2026-03-14T23:03:50.792+0000] {processor.py:161} INFO - Started process (PID=158) to work on /home/airflow/.local/lib/python3.12/site-packages/airflow/example_dags/example_short_circuit_operator.py
[2026-03-14T23:03:50.793+0000] {processor.py:830} INFO - Processing file /home/airflow/.local/lib/python3.12/site-packages/airflow/example_dags/example_short_circuit_operator.py for tasks to queue
[2026-03-14T23:03:50.796+0000] {logging_mixin.py:188} INFO - [2026-03-14T23:03:50.796+0000] {dagbag.py:545} INFO - Filling up the DagBag from /home/airflow/.local/lib/python3.12/site-packages/airflow/example_dags/example_short_circuit_operator.py
[2026-03-14T23:03:50.809+0000] {processor.py:840} INFO - DAG(s) 'example_short_circuit_operator' retrieved from /home/airflow/.local/lib/python3.12/site-packages/airflow/example_dags/example_short_circuit_operator.py
[2026-03-14T23:03:50.852+0000] {logging_mixin.py:188} INFO - [2026-03-14T23:03:50.851+0000] {dag.py:3096} INFO - Sync 1 DAGs
[2026-03-14T23:03:50.919+0000] {logging_mixin.py:188} INFO - [2026-03-14T23:03:50.919+0000] {dag.py:3954} INFO - Setting next_dagrun for example_short_circuit_operator to 2026-03-13 00:00:00+00:00, run_after=2026-03-14 00:00:00+00:00
[2026-03-14T23:03:50.966+0000] {processor.py:183} INFO - Processing /home/airflow/.local/lib/python3.12/site-packages/airflow/example_dags/example_short_circuit_operator.py took 0.182 seconds
[2026-03-14T23:04:21.244+0000] {processor.py:161} INFO - Started process (PID=216) to work on /home/airflow/.local/lib/python3.12/site-packages/airflow/example_dags/example_short_circuit_operator.py
[2026-03-14T23:04:21.245+0000] {processor.py:830} INFO - Processing file /home/airflow/.local/lib/python3.12/site-packages/airflow/example_dags/example_short_circuit_operator.py for tasks to queue
[2026-03-14T23:04:21.247+0000] {logging_mixin.py:188} INFO - [2026-03-14T23:04:21.247+0000] {dagbag.py:545} INFO - Filling up the DagBag from /home/airflow/.local/lib/python3.12/site-packages/airflow/example_dags/example_short_circuit_operator.py
[2026-03-14T23:04:21.259+0000] {processor.py:840} INFO - DAG(s) 'example_short_circuit_operator' retrieved from /home/airflow/.local/lib/python3.12/site-packages/airflow/example_dags/example_short_circuit_operator.py
[2026-03-14T23:04:21.297+0000] {logging_mixin.py:188} INFO - [2026-03-14T23:04:21.297+0000] {dag.py:3096} INFO - Sync 1 DAGs
[2026-03-14T23:04:21.332+0000] {logging_mixin.py:188} INFO - [2026-03-14T23:04:21.332+0000] {dag.py:3954} INFO - Setting next_dagrun for example_short_circuit_operator to 2026-03-13 00:00:00+00:00, run_after=2026-03-14 00:00:00+00:00
[2026-03-14T23:04:21.370+0000] {processor.py:183} INFO - Processing /home/airflow/.local/lib/python3.12/site-packages/airflow/example_dags/example_short_circuit_operator.py took 0.136 seconds
[2026-03-14T23:04:51.703+0000] {processor.py:161} INFO - Started process (PID=274) to work on /home/airflow/.local/lib/python3.12/site-packages/airflow/example_dags/example_short_circuit_operator.py
[2026-03-14T23:04:51.704+0000] {processor.py:830} INFO - Processing file /home/airflow/.local/lib/python3.12/site-packages/airflow/example_dags/example_short_circuit_operator.py for tasks to queue
[2026-03-14T23:04:51.707+0000] {logging_mixin.py:188} INFO - [2026-03-14T23:04:51.706+0000] {dagbag.py:545} INFO - Filling up the DagBag from /home/airflow/.local/lib/python3.12/site-packages/airflow/example_dags/example_short_circuit_operator.py
[2026-03-14T23:04:51.718+0000] {processor.py:840} INFO - DAG(s) 'example_short_circuit_operator' retrieved from /home/airflow/.local/lib/python3.12/site-packages/airflow/example_dags/example_short_circuit_operator.py
[2026-03-14T23:04:51.753+0000] {logging_mixin.py:188} INFO - [2026-03-14T23:04:51.752+0000] {dag.py:3096} INFO - Sync 1 DAGs
[2026-03-14T23:04:51.784+0000] {logging_mixin.py:188} INFO - [2026-03-14T23:04:51.784+0000] {dag.py:3954} INFO - Setting next_dagrun for example_short_circuit_operator to 2026-03-13 00:00:00+00:00, run_after=2026-03-14 00:00:00+00:00
[2026-03-14T23:04:51.808+0000] {processor.py:183} INFO - Processing /home/airflow/.local/lib/python3.12/site-packages/airflow/example_dags/example_short_circuit_operator.py took 0.115 seconds
[2026-03-14T23:05:22.182+0000] {processor.py:161} INFO - Started process (PID=333) to work on /home/airflow/.local/lib/python3.12/site-packages/airflow/example_dags/example_short_circuit_operator.py
[2026-03-14T23:05:22.184+0000] {processor.py:830} INFO - Processing file /home/airflow/.local/lib/python3.12/site-packages/airflow/example_dags/example_short_circuit_operator.py for tasks to queue
[2026-03-14T23:05:22.186+0000] {logging_mixin.py:188} INFO - [2026-03-14T23:05:22.186+0000] {dagbag.py:545} INFO - Filling up the DagBag from /home/airflow/.local/lib/python3.12/site-packages/airflow/example_dags/example_short_circuit_operator.py
[2026-03-14T23:05:22.198+0000] {processor.py:840} INFO - DAG(s) 'example_short_circuit_operator' retrieved from /home/airflow/.local/lib/python3.12/site-packages/airflow/example_dags/example_short_circuit_operator.py
[2026-03-14T23:05:22.234+0000] {logging_mixin.py:188} INFO - [2026-03-14T23:05:22.233+0000] {dag.py:3096} INFO - Sync 1 DAGs
[2026-03-14T23:05:22.270+0000] {logging_mixin.py:188} INFO - [2026-03-14T23:05:22.270+0000] {dag.py:3954} INFO - Setting next_dagrun for example_short_circuit_operator to 2026-03-13 00:00:00+00:00, run_after=2026-03-14 00:00:00+00:00
[2026-03-14T23:05:22.303+0000] {processor.py:183} INFO - Processing /home/airflow/.local/lib/python3.12/site-packages/airflow/example_dags/example_short_circuit_operator.py took 0.130 seconds
[2026-03-14T23:05:53.138+0000] {processor.py:161} INFO - Started process (PID=391) to work on /home/airflow/.local/lib/python3.12/site-packages/airflow/example_dags/example_short_circuit_operator.py
[2026-03-14T23:05:53.140+0000] {processor.py:830} INFO - Processing file /home/airflow/.local/lib/python3.12/site-packages/airflow/example_dags/example_short_circuit_operator.py for tasks to queue
[2026-03-14T23:05:53.144+0000] {logging_mixin.py:188} INFO - [2026-03-14T23:05:53.143+0000] {dagbag.py:545} INFO - Filling up the DagBag from /home/airflow/.local/lib/python3.12/site-packages/airflow/example_dags/example_short_circuit_operator.py
[2026-03-14T23:05:53.153+0000] {processor.py:840} INFO - DAG(s) 'example_short_circuit_operator' retrieved from /home/airflow/.local/lib/python3.12/site-packages/airflow/example_dags/example_short_circuit_operator.py
[2026-03-14T23:05:53.193+0000] {logging_mixin.py:188} INFO - [2026-03-14T23:05:53.193+0000] {dag.py:3096} INFO - Sync 1 DAGs
[2026-03-14T23:05:53.222+0000] {logging_mixin.py:188} INFO - [2026-03-14T23:05:53.222+0000] {dag.py:3954} INFO - Setting next_dagrun for example_short_circuit_operator to 2026-03-13 00:00:00+00:00, run_after=2026-03-14 00:00:00+00:00
[2026-03-14T23:05:53.256+0000] {processor.py:183} INFO - Processing /home/airflow/.local/lib/python3.12/site-packages/airflow/example_dags/example_short_circuit_operator.py took 0.125 seconds
[2026-03-14T23:06:24.111+0000] {processor.py:161} INFO - Started process (PID=449) to work on /home/airflow/.local/lib/python3.12/site-packages/airflow/example_dags/example_short_circuit_operator.py
[2026-03-14T23:06:24.112+0000] {processor.py:830} INFO - Processing file /home/airflow/.local/lib/python3.12/site-packages/airflow/example_dags/example_short_circuit_operator.py for tasks to queue
[2026-03-14T23:06:24.114+0000] {logging_mixin.py:188} INFO - [2026-03-14T23:06:24.114+0000] {dagbag.py:545} INFO - Filling up the DagBag from /home/airflow/.local/lib/python3.12/site-packages/airflow/example_dags/example_short_circuit_operator.py
[2026-03-14T23:06:24.124+0000] {processor.py:840} INFO - DAG(s) 'example_short_circuit_operator' retrieved from /home/airflow/.local/lib/python3.12/site-packages/airflow/example_dags/example_short_circuit_operator.py
[2026-03-14T23:06:24.159+0000] {logging_mixin.py:188} INFO - [2026-03-14T23:06:24.159+0000] {dag.py:3096} INFO - Sync 1 DAGs
[2026-03-14T23:06:24.190+0000] {logging_mixin.py:188} INFO - [2026-03-14T23:06:24.190+0000] {dag.py:3954} INFO - Setting next_dagrun for example_short_circuit_operator to 2026-03-13 00:00:00+00:00, run_after=2026-03-14 00:00:00+00:00
[2026-03-14T23:06:24.222+0000] {processor.py:183} INFO - Processing /home/airflow/.local/lib/python3.12/site-packages/airflow/example_dags/example_short_circuit_operator.py took 0.119 seconds
[2026-03-14T23:06:54.616+0000] {processor.py:161} INFO - Started process (PID=507) to work on /home/airflow/.local/lib/python3.12/site-packages/airflow/example_dags/example_short_circuit_operator.py
[2026-03-14T23:06:54.618+0000] {processor.py:830} INFO - Processing file /home/airflow/.local/lib/python3.12/site-packages/airflow/example_dags/example_short_circuit_operator.py for tasks to queue
[2026-03-14T23:06:54.621+0000] {logging_mixin.py:188} INFO - [2026-03-14T23:06:54.620+0000] {dagbag.py:545} INFO - Filling up the DagBag from /home/airflow/.local/lib/python3.12/site-packages/airflow/example_dags/example_short_circuit_operator.py
[2026-03-14T23:06:54.629+0000] {processor.py:840} INFO - DAG(s) 'example_short_circuit_operator' retrieved from /home/airflow/.local/lib/python3.12/site-packages/airflow/example_dags/example_short_circuit_operator.py
[2026-03-14T23:06:54.665+0000] {logging_mixin.py:188} INFO - [2026-03-14T23:06:54.665+0000] {dag.py:3096} INFO - Sync 1 DAGs
[2026-03-14T23:06:54.695+0000] {logging_mixin.py:188} INFO - [2026-03-14T23:06:54.695+0000] {dag.py:3954} INFO - Setting next_dagrun for example_short_circuit_operator to 2026-03-13 00:00:00+00:00, run_after=2026-03-14 00:00:00+00:00
[2026-03-14T23:06:54.724+0000] {processor.py:183} INFO - Processing /home/airflow/.local/lib/python3.12/site-packages/airflow/example_dags/example_short_circuit_operator.py took 0.117 seconds
[2026-03-14T23:07:25.262+0000] {processor.py:161} INFO - Started process (PID=565) to work on /home/airflow/.local/lib/python3.12/site-packages/airflow/example_dags/example_short_circuit_operator.py
[2026-03-14T23:07:25.264+0000] {processor.py:830} INFO - Processing file /home/airflow/.local/lib/python3.12/site-packages/airflow/example_dags/example_short_circuit_operator.py for tasks to queue
[2026-03-14T23:07:25.266+0000] {logging_mixin.py:188} INFO - [2026-03-14T23:07:25.266+0000] {dagbag.py:545} INFO - Filling up the DagBag from /home/airflow/.local/lib/python3.12/site-packages/airflow/example_dags/example_short_circuit_operator.py
[2026-03-14T23:07:25.276+0000] {processor.py:840} INFO - DAG(s) 'example_short_circuit_operator' retrieved from /home/airflow/.local/lib/python3.12/site-packages/airflow/example_dags/example_short_circuit_operator.py
[2026-03-14T23:07:25.310+0000] {logging_mixin.py:188} INFO - [2026-03-14T23:07:25.309+0000] {dag.py:3096} INFO - Sync 1 DAGs
[2026-03-14T23:07:25.342+0000] {logging_mixin.py:188} INFO - [2026-03-14T23:07:25.342+0000] {dag.py:3954} INFO - Setting next_dagrun for example_short_circuit_operator to 2026-03-13 00:00:00+00:00, run_after=2026-03-14 00:00:00+00:00
[2026-03-14T23:07:25.374+0000] {processor.py:183} INFO - Processing /home/airflow/.local/lib/python3.12/site-packages/airflow/example_dags/example_short_circuit_operator.py took 0.120 seconds
[2026-03-14T23:07:55.789+0000] {processor.py:161} INFO - Started process (PID=623) to work on /home/airflow/.local/lib/python3.12/site-packages/airflow/example_dags/example_short_circuit_operator.py
[2026-03-14T23:07:55.807+0000] {processor.py:830} INFO - Processing file /home/airflow/.local/lib/python3.12/site-packages/airflow/example_dags/example_short_circuit_operator.py for tasks to queue
[2026-03-14T23:07:55.810+0000] {logging_mixin.py:188} INFO - [2026-03-14T23:07:55.809+0000] {dagbag.py:545} INFO - Filling up the DagBag from /home/airflow/.local/lib/python3.12/site-packages/airflow/example_dags/example_short_circuit_operator.py
[2026-03-14T23:07:55.820+0000] {processor.py:840} INFO - DAG(s) 'example_short_circuit_operator' retrieved from /home/airflow/.local/lib/python3.12/site-packages/airflow/example_dags/example_short_circuit_operator.py
[2026-03-14T23:07:55.852+0000] {logging_mixin.py:188} INFO - [2026-03-14T23:07:55.851+0000] {dag.py:3096} INFO - Sync 1 DAGs
[2026-03-14T23:07:55.881+0000] {logging_mixin.py:188} INFO - [2026-03-14T23:07:55.880+0000] {dag.py:3954} INFO - Setting next_dagrun for example_short_circuit_operator to 2026-03-13 00:00:00+00:00, run_after=2026-03-14 00:00:00+00:00
[2026-03-14T23:07:55.909+0000] {processor.py:183} INFO - Processing /home/airflow/.local/lib/python3.12/site-packages/airflow/example_dags/example_short_circuit_operator.py took 0.127 seconds
[2026-03-14T23:08:26.471+0000] {processor.py:161} INFO - Started process (PID=681) to work on /home/airflow/.local/lib/python3.12/site-packages/airflow/example_dags/example_short_circuit_operator.py
[2026-03-14T23:08:26.489+0000] {processor.py:830} INFO - Processing file /home/airflow/.local/lib/python3.12/site-packages/airflow/example_dags/example_short_circuit_operator.py for tasks to queue
[2026-03-14T23:08:26.492+0000] {logging_mixin.py:188} INFO - [2026-03-14T23:08:26.491+0000] {dagbag.py:545} INFO - Filling up the DagBag from /home/airflow/.local/lib/python3.12/site-packages/airflow/example_dags/example_short_circuit_operator.py
[2026-03-14T23:08:26.504+0000] {processor.py:840} INFO - DAG(s) 'example_short_circuit_operator' retrieved from /home/airflow/.local/lib/python3.12/site-packages/airflow/example_dags/example_short_circuit_operator.py
[2026-03-14T23:08:26.542+0000] {logging_mixin.py:188} INFO - [2026-03-14T23:08:26.542+0000] {dag.py:3096} INFO - Sync 1 DAGs
[2026-03-14T23:08:26.581+0000] {logging_mixin.py:188} INFO - [2026-03-14T23:08:26.580+0000] {dag.py:3954} INFO - Setting next_dagrun for example_short_circuit_operator to 2026-03-13 00:00:00+00:00, run_after=2026-03-14 00:00:00+00:00
[2026-03-14T23:08:26.607+0000] {processor.py:183} INFO - Processing /home/airflow/.local/lib/python3.12/site-packages/airflow/example_dags/example_short_circuit_operator.py took 0.144 seconds
[2026-03-14T23:08:56.846+0000] {processor.py:161} INFO - Started process (PID=739) to work on /home/airflow/.local/lib/python3.12/site-packages/airflow/example_dags/example_short_circuit_operator.py
[2026-03-14T23:08:56.848+0000] {processor.py:830} INFO - Processing file /home/airflow/.local/lib/python3.12/site-packages/airflow/example_dags/example_short_circuit_operator.py for tasks to queue
[2026-03-14T23:08:56.853+0000] {logging_mixin.py:188} INFO - [2026-03-14T23:08:56.852+0000] {dagbag.py:545} INFO - Filling up the DagBag from /home/airflow/.local/lib/python3.12/site-packages/airflow/example_dags/example_short_circuit_operator.py
[2026-03-14T23:08:56.862+0000] {processor.py:840} INFO - DAG(s) 'example_short_circuit_operator' retrieved from /home/airflow/.local/lib/python3.12/site-packages/airflow/example_dags/example_short_circuit_operator.py
[2026-03-14T23:08:56.900+0000] {logging_mixin.py:188} INFO - [2026-03-14T23:08:56.900+0000] {dag.py:3096} INFO - Sync 1 DAGs
[2026-03-14T23:08:56.936+0000] {logging_mixin.py:188} INFO - [2026-03-14T23:08:56.936+0000] {dag.py:3954} INFO - Setting next_dagrun for example_short_circuit_operator to 2026-03-13 00:00:00+00:00, run_after=2026-03-14 00:00:00+00:00
[2026-03-14T23:08:56.966+0000] {processor.py:183} INFO - Processing /home/airflow/.local/lib/python3.12/site-packages/airflow/example_dags/example_short_circuit_operator.py took 0.128 seconds
