[2026-03-14T23:03:00.436+0000] {processor.py:161} INFO - Started process (PID=77) to work on /home/airflow/.local/lib/python3.12/site-packages/airflow/example_dags/example_latest_only_with_trigger.py
[2026-03-14T23:03:00.439+0000] {processor.py:830} INFO - Processing file /home/airflow/.local/lib/python3.12/site-packages/airflow/example_dags/example_latest_only_with_trigger.py for tasks to queue
[2026-03-14T23:03:00.446+0000] {logging_mixin.py:188} INFO - [2026-03-14T23:03:00.443+0000] {dagbag.py:545} INFO - Filling up the DagBag from /home/airflow/.local/lib/python3.12/site-packages/airflow/example_dags/example_latest_only_with_trigger.py
[2026-03-14T23:03:00.458+0000] {processor.py:840} INFO - DAG(s) 'latest_only_with_trigger' retrieved from /home/airflow/.local/lib/python3.12/site-packages/airflow/example_dags/example_latest_only_with_trigger.py
[2026-03-14T23:03:00.757+0000] {logging_mixin.py:188} INFO - [2026-03-14T23:03:00.757+0000] {dag.py:3096} INFO - Sync 1 DAGs
[2026-03-14T23:03:00.789+0000] {logging_mixin.py:188} INFO - [2026-03-14T23:03:00.788+0000] {dag.py:3954} INFO - Setting next_dagrun for latest_only_with_trigger to 2026-03-14 16:00:00+00:00, run_after=2026-03-14 20:00:00+00:00
[2026-03-14T23:03:00.859+0000] {processor.py:183} INFO - Processing /home/airflow/.local/lib/python3.12/site-packages/airflow/example_dags/example_latest_only_with_trigger.py took 0.439 seconds
[2026-03-14T23:03:42.652+0000] {processor.py:161} INFO - Started process (PID=135) to work on /home/airflow/.local/lib/python3.12/site-packages/airflow/example_dags/example_latest_only_with_trigger.py
[2026-03-14T23:03:42.656+0000] {processor.py:830} INFO - Processing file /home/airflow/.local/lib/python3.12/site-packages/airflow/example_dags/example_latest_only_with_trigger.py for tasks to queue
[2026-03-14T23:03:42.660+0000] {logging_mixin.py:188} INFO - [2026-03-14T23:03:42.659+0000] {dagbag.py:545} INFO - Filling up the DagBag from /home/airflow/.local/lib/python3.12/site-packages/airflow/example_dags/example_latest_only_with_trigger.py
[2026-03-14T23:03:42.674+0000] {processor.py:840} INFO - DAG(s) 'latest_only_with_trigger' retrieved from /home/airflow/.local/lib/python3.12/site-packages/airflow/example_dags/example_latest_only_with_trigger.py
[2026-03-14T23:03:42.718+0000] {logging_mixin.py:188} INFO - [2026-03-14T23:03:42.718+0000] {dag.py:3096} INFO - Sync 1 DAGs
[2026-03-14T23:03:42.765+0000] {logging_mixin.py:188} INFO - [2026-03-14T23:03:42.764+0000] {dag.py:3954} INFO - Setting next_dagrun for latest_only_with_trigger to 2026-03-14 16:00:00+00:00, run_after=2026-03-14 20:00:00+00:00
[2026-03-14T23:03:42.802+0000] {processor.py:183} INFO - Processing /home/airflow/.local/lib/python3.12/site-packages/airflow/example_dags/example_latest_only_with_trigger.py took 0.167 seconds
[2026-03-14T23:04:13.430+0000] {processor.py:161} INFO - Started process (PID=191) to work on /home/airflow/.local/lib/python3.12/site-packages/airflow/example_dags/example_latest_only_with_trigger.py
[2026-03-14T23:04:13.432+0000] {processor.py:830} INFO - Processing file /home/airflow/.local/lib/python3.12/site-packages/airflow/example_dags/example_latest_only_with_trigger.py for tasks to queue
[2026-03-14T23:04:13.435+0000] {logging_mixin.py:188} INFO - [2026-03-14T23:04:13.435+0000] {dagbag.py:545} INFO - Filling up the DagBag from /home/airflow/.local/lib/python3.12/site-packages/airflow/example_dags/example_latest_only_with_trigger.py
[2026-03-14T23:04:13.444+0000] {processor.py:840} INFO - DAG(s) 'latest_only_with_trigger' retrieved from /home/airflow/.local/lib/python3.12/site-packages/airflow/example_dags/example_latest_only_with_trigger.py
[2026-03-14T23:04:13.533+0000] {logging_mixin.py:188} INFO - [2026-03-14T23:04:13.532+0000] {dag.py:3096} INFO - Sync 1 DAGs
[2026-03-14T23:04:13.578+0000] {logging_mixin.py:188} INFO - [2026-03-14T23:04:13.578+0000] {dag.py:3954} INFO - Setting next_dagrun for latest_only_with_trigger to 2026-03-14 16:00:00+00:00, run_after=2026-03-14 20:00:00+00:00
[2026-03-14T23:04:13.618+0000] {processor.py:183} INFO - Processing /home/airflow/.local/lib/python3.12/site-packages/airflow/example_dags/example_latest_only_with_trigger.py took 0.202 seconds
[2026-03-14T23:04:44.094+0000] {processor.py:161} INFO - Started process (PID=249) to work on /home/airflow/.local/lib/python3.12/site-packages/airflow/example_dags/example_latest_only_with_trigger.py
[2026-03-14T23:04:44.096+0000] {processor.py:830} INFO - Processing file /home/airflow/.local/lib/python3.12/site-packages/airflow/example_dags/example_latest_only_with_trigger.py for tasks to queue
[2026-03-14T23:04:44.101+0000] {logging_mixin.py:188} INFO - [2026-03-14T23:04:44.100+0000] {dagbag.py:545} INFO - Filling up the DagBag from /home/airflow/.local/lib/python3.12/site-packages/airflow/example_dags/example_latest_only_with_trigger.py
[2026-03-14T23:04:44.111+0000] {processor.py:840} INFO - DAG(s) 'latest_only_with_trigger' retrieved from /home/airflow/.local/lib/python3.12/site-packages/airflow/example_dags/example_latest_only_with_trigger.py
[2026-03-14T23:04:44.158+0000] {logging_mixin.py:188} INFO - [2026-03-14T23:04:44.158+0000] {dag.py:3096} INFO - Sync 1 DAGs
[2026-03-14T23:04:44.194+0000] {logging_mixin.py:188} INFO - [2026-03-14T23:04:44.194+0000] {dag.py:3954} INFO - Setting next_dagrun for latest_only_with_trigger to 2026-03-14 16:00:00+00:00, run_after=2026-03-14 20:00:00+00:00
[2026-03-14T23:04:44.227+0000] {processor.py:183} INFO - Processing /home/airflow/.local/lib/python3.12/site-packages/airflow/example_dags/example_latest_only_with_trigger.py took 0.143 seconds
[2026-03-14T23:05:14.484+0000] {processor.py:161} INFO - Started process (PID=308) to work on /home/airflow/.local/lib/python3.12/site-packages/airflow/example_dags/example_latest_only_with_trigger.py
[2026-03-14T23:05:14.485+0000] {processor.py:830} INFO - Processing file /home/airflow/.local/lib/python3.12/site-packages/airflow/example_dags/example_latest_only_with_trigger.py for tasks to queue
[2026-03-14T23:05:14.487+0000] {logging_mixin.py:188} INFO - [2026-03-14T23:05:14.487+0000] {dagbag.py:545} INFO - Filling up the DagBag from /home/airflow/.local/lib/python3.12/site-packages/airflow/example_dags/example_latest_only_with_trigger.py
[2026-03-14T23:05:14.495+0000] {processor.py:840} INFO - DAG(s) 'latest_only_with_trigger' retrieved from /home/airflow/.local/lib/python3.12/site-packages/airflow/example_dags/example_latest_only_with_trigger.py
[2026-03-14T23:05:14.530+0000] {logging_mixin.py:188} INFO - [2026-03-14T23:05:14.529+0000] {dag.py:3096} INFO - Sync 1 DAGs
[2026-03-14T23:05:14.563+0000] {logging_mixin.py:188} INFO - [2026-03-14T23:05:14.563+0000] {dag.py:3954} INFO - Setting next_dagrun for latest_only_with_trigger to 2026-03-14 16:00:00+00:00, run_after=2026-03-14 20:00:00+00:00
[2026-03-14T23:05:14.597+0000] {processor.py:183} INFO - Processing /home/airflow/.local/lib/python3.12/site-packages/airflow/example_dags/example_latest_only_with_trigger.py took 0.122 seconds
[2026-03-14T23:05:44.702+0000] {processor.py:161} INFO - Started process (PID=366) to work on /home/airflow/.local/lib/python3.12/site-packages/airflow/example_dags/example_latest_only_with_trigger.py
[2026-03-14T23:05:44.704+0000] {processor.py:830} INFO - Processing file /home/airflow/.local/lib/python3.12/site-packages/airflow/example_dags/example_latest_only_with_trigger.py for tasks to queue
[2026-03-14T23:05:44.708+0000] {logging_mixin.py:188} INFO - [2026-03-14T23:05:44.707+0000] {dagbag.py:545} INFO - Filling up the DagBag from /home/airflow/.local/lib/python3.12/site-packages/airflow/example_dags/example_latest_only_with_trigger.py
[2026-03-14T23:05:44.724+0000] {processor.py:840} INFO - DAG(s) 'latest_only_with_trigger' retrieved from /home/airflow/.local/lib/python3.12/site-packages/airflow/example_dags/example_latest_only_with_trigger.py
[2026-03-14T23:05:44.758+0000] {logging_mixin.py:188} INFO - [2026-03-14T23:05:44.758+0000] {dag.py:3096} INFO - Sync 1 DAGs
[2026-03-14T23:05:44.792+0000] {logging_mixin.py:188} INFO - [2026-03-14T23:05:44.792+0000] {dag.py:3954} INFO - Setting next_dagrun for latest_only_with_trigger to 2026-03-14 16:00:00+00:00, run_after=2026-03-14 20:00:00+00:00
[2026-03-14T23:05:44.826+0000] {processor.py:183} INFO - Processing /home/airflow/.local/lib/python3.12/site-packages/airflow/example_dags/example_latest_only_with_trigger.py took 0.134 seconds
[2026-03-14T23:06:15.253+0000] {processor.py:161} INFO - Started process (PID=424) to work on /home/airflow/.local/lib/python3.12/site-packages/airflow/example_dags/example_latest_only_with_trigger.py
[2026-03-14T23:06:15.255+0000] {processor.py:830} INFO - Processing file /home/airflow/.local/lib/python3.12/site-packages/airflow/example_dags/example_latest_only_with_trigger.py for tasks to queue
[2026-03-14T23:06:15.258+0000] {logging_mixin.py:188} INFO - [2026-03-14T23:06:15.257+0000] {dagbag.py:545} INFO - Filling up the DagBag from /home/airflow/.local/lib/python3.12/site-packages/airflow/example_dags/example_latest_only_with_trigger.py
[2026-03-14T23:06:15.267+0000] {processor.py:840} INFO - DAG(s) 'latest_only_with_trigger' retrieved from /home/airflow/.local/lib/python3.12/site-packages/airflow/example_dags/example_latest_only_with_trigger.py
[2026-03-14T23:06:15.299+0000] {logging_mixin.py:188} INFO - [2026-03-14T23:06:15.299+0000] {dag.py:3096} INFO - Sync 1 DAGs
[2026-03-14T23:06:15.327+0000] {logging_mixin.py:188} INFO - [2026-03-14T23:06:15.327+0000] {dag.py:3954} INFO - Setting next_dagrun for latest_only_with_trigger to 2026-03-14 16:00:00+00:00, run_after=2026-03-14 20:00:00+00:00
[2026-03-14T23:06:15.356+0000] {processor.py:183} INFO - Processing /home/airflow/.local/lib/python3.12/site-packages/airflow/example_dags/example_latest_only_with_trigger.py took 0.113 seconds
[2026-03-14T23:06:45.566+0000] {processor.py:161} INFO - Started process (PID=482) to work on /home/airflow/.local/lib/python3.12/site-packages/airflow/example_dags/example_latest_only_with_trigger.py
[2026-03-14T23:06:45.567+0000] {processor.py:830} INFO - Processing file /home/airflow/.local/lib/python3.12/site-packages/airflow/example_dags/example_latest_only_with_trigger.py for tasks to queue
[2026-03-14T23:06:45.570+0000] {logging_mixin.py:188} INFO - [2026-03-14T23:06:45.569+0000] {dagbag.py:545} INFO - Filling up the DagBag from /home/airflow/.local/lib/python3.12/site-packages/airflow/example_dags/example_latest_only_with_trigger.py
[2026-03-14T23:06:45.579+0000] {processor.py:840} INFO - DAG(s) 'latest_only_with_trigger' retrieved from /home/airflow/.local/lib/python3.12/site-packages/airflow/example_dags/example_latest_only_with_trigger.py
[2026-03-14T23:06:45.611+0000] {logging_mixin.py:188} INFO - [2026-03-14T23:06:45.611+0000] {dag.py:3096} INFO - Sync 1 DAGs
[2026-03-14T23:06:45.643+0000] {logging_mixin.py:188} INFO - [2026-03-14T23:06:45.643+0000] {dag.py:3954} INFO - Setting next_dagrun for latest_only_with_trigger to 2026-03-14 16:00:00+00:00, run_after=2026-03-14 20:00:00+00:00
[2026-03-14T23:06:45.673+0000] {processor.py:183} INFO - Processing /home/airflow/.local/lib/python3.12/site-packages/airflow/example_dags/example_latest_only_with_trigger.py took 0.117 seconds
[2026-03-14T23:07:15.751+0000] {processor.py:161} INFO - Started process (PID=540) to work on /home/airflow/.local/lib/python3.12/site-packages/airflow/example_dags/example_latest_only_with_trigger.py
[2026-03-14T23:07:15.759+0000] {processor.py:830} INFO - Processing file /home/airflow/.local/lib/python3.12/site-packages/airflow/example_dags/example_latest_only_with_trigger.py for tasks to queue
[2026-03-14T23:07:15.761+0000] {logging_mixin.py:188} INFO - [2026-03-14T23:07:15.760+0000] {dagbag.py:545} INFO - Filling up the DagBag from /home/airflow/.local/lib/python3.12/site-packages/airflow/example_dags/example_latest_only_with_trigger.py
[2026-03-14T23:07:15.769+0000] {processor.py:840} INFO - DAG(s) 'latest_only_with_trigger' retrieved from /home/airflow/.local/lib/python3.12/site-packages/airflow/example_dags/example_latest_only_with_trigger.py
[2026-03-14T23:07:15.804+0000] {logging_mixin.py:188} INFO - [2026-03-14T23:07:15.803+0000] {dag.py:3096} INFO - Sync 1 DAGs
[2026-03-14T23:07:15.833+0000] {logging_mixin.py:188} INFO - [2026-03-14T23:07:15.832+0000] {dag.py:3954} INFO - Setting next_dagrun for latest_only_with_trigger to 2026-03-14 16:00:00+00:00, run_after=2026-03-14 20:00:00+00:00
[2026-03-14T23:07:15.862+0000] {processor.py:183} INFO - Processing /home/airflow/.local/lib/python3.12/site-packages/airflow/example_dags/example_latest_only_with_trigger.py took 0.120 seconds
[2026-03-14T23:07:46.156+0000] {processor.py:161} INFO - Started process (PID=598) to work on /home/airflow/.local/lib/python3.12/site-packages/airflow/example_dags/example_latest_only_with_trigger.py
[2026-03-14T23:07:46.158+0000] {processor.py:830} INFO - Processing file /home/airflow/.local/lib/python3.12/site-packages/airflow/example_dags/example_latest_only_with_trigger.py for tasks to queue
[2026-03-14T23:07:46.160+0000] {logging_mixin.py:188} INFO - [2026-03-14T23:07:46.160+0000] {dagbag.py:545} INFO - Filling up the DagBag from /home/airflow/.local/lib/python3.12/site-packages/airflow/example_dags/example_latest_only_with_trigger.py
[2026-03-14T23:07:46.168+0000] {processor.py:840} INFO - DAG(s) 'latest_only_with_trigger' retrieved from /home/airflow/.local/lib/python3.12/site-packages/airflow/example_dags/example_latest_only_with_trigger.py
[2026-03-14T23:07:46.199+0000] {logging_mixin.py:188} INFO - [2026-03-14T23:07:46.198+0000] {dag.py:3096} INFO - Sync 1 DAGs
[2026-03-14T23:07:46.229+0000] {logging_mixin.py:188} INFO - [2026-03-14T23:07:46.229+0000] {dag.py:3954} INFO - Setting next_dagrun for latest_only_with_trigger to 2026-03-14 16:00:00+00:00, run_after=2026-03-14 20:00:00+00:00
[2026-03-14T23:07:46.259+0000] {processor.py:183} INFO - Processing /home/airflow/.local/lib/python3.12/site-packages/airflow/example_dags/example_latest_only_with_trigger.py took 0.112 seconds
[2026-03-14T23:08:16.839+0000] {processor.py:161} INFO - Started process (PID=656) to work on /home/airflow/.local/lib/python3.12/site-packages/airflow/example_dags/example_latest_only_with_trigger.py
[2026-03-14T23:08:16.840+0000] {processor.py:830} INFO - Processing file /home/airflow/.local/lib/python3.12/site-packages/airflow/example_dags/example_latest_only_with_trigger.py for tasks to queue
[2026-03-14T23:08:16.843+0000] {logging_mixin.py:188} INFO - [2026-03-14T23:08:16.842+0000] {dagbag.py:545} INFO - Filling up the DagBag from /home/airflow/.local/lib/python3.12/site-packages/airflow/example_dags/example_latest_only_with_trigger.py
[2026-03-14T23:08:16.851+0000] {processor.py:840} INFO - DAG(s) 'latest_only_with_trigger' retrieved from /home/airflow/.local/lib/python3.12/site-packages/airflow/example_dags/example_latest_only_with_trigger.py
[2026-03-14T23:08:16.882+0000] {logging_mixin.py:188} INFO - [2026-03-14T23:08:16.881+0000] {dag.py:3096} INFO - Sync 1 DAGs
[2026-03-14T23:08:16.910+0000] {logging_mixin.py:188} INFO - [2026-03-14T23:08:16.910+0000] {dag.py:3954} INFO - Setting next_dagrun for latest_only_with_trigger to 2026-03-14 16:00:00+00:00, run_after=2026-03-14 20:00:00+00:00
[2026-03-14T23:08:16.941+0000] {processor.py:183} INFO - Processing /home/airflow/.local/lib/python3.12/site-packages/airflow/example_dags/example_latest_only_with_trigger.py took 0.111 seconds
[2026-03-14T23:08:47.550+0000] {processor.py:161} INFO - Started process (PID=714) to work on /home/airflow/.local/lib/python3.12/site-packages/airflow/example_dags/example_latest_only_with_trigger.py
[2026-03-14T23:08:47.552+0000] {processor.py:830} INFO - Processing file /home/airflow/.local/lib/python3.12/site-packages/airflow/example_dags/example_latest_only_with_trigger.py for tasks to queue
[2026-03-14T23:08:47.555+0000] {logging_mixin.py:188} INFO - [2026-03-14T23:08:47.555+0000] {dagbag.py:545} INFO - Filling up the DagBag from /home/airflow/.local/lib/python3.12/site-packages/airflow/example_dags/example_latest_only_with_trigger.py
[2026-03-14T23:08:47.563+0000] {processor.py:840} INFO - DAG(s) 'latest_only_with_trigger' retrieved from /home/airflow/.local/lib/python3.12/site-packages/airflow/example_dags/example_latest_only_with_trigger.py
[2026-03-14T23:08:47.593+0000] {logging_mixin.py:188} INFO - [2026-03-14T23:08:47.592+0000] {dag.py:3096} INFO - Sync 1 DAGs
[2026-03-14T23:08:47.623+0000] {logging_mixin.py:188} INFO - [2026-03-14T23:08:47.623+0000] {dag.py:3954} INFO - Setting next_dagrun for latest_only_with_trigger to 2026-03-14 16:00:00+00:00, run_after=2026-03-14 20:00:00+00:00
[2026-03-14T23:08:47.653+0000] {processor.py:183} INFO - Processing /home/airflow/.local/lib/python3.12/site-packages/airflow/example_dags/example_latest_only_with_trigger.py took 0.111 seconds
[2026-03-14T23:09:18.083+0000] {processor.py:161} INFO - Started process (PID=772) to work on /home/airflow/.local/lib/python3.12/site-packages/airflow/example_dags/example_latest_only_with_trigger.py
[2026-03-14T23:09:18.093+0000] {processor.py:830} INFO - Processing file /home/airflow/.local/lib/python3.12/site-packages/airflow/example_dags/example_latest_only_with_trigger.py for tasks to queue
[2026-03-14T23:09:18.095+0000] {logging_mixin.py:188} INFO - [2026-03-14T23:09:18.094+0000] {dagbag.py:545} INFO - Filling up the DagBag from /home/airflow/.local/lib/python3.12/site-packages/airflow/example_dags/example_latest_only_with_trigger.py
[2026-03-14T23:09:18.103+0000] {processor.py:840} INFO - DAG(s) 'latest_only_with_trigger' retrieved from /home/airflow/.local/lib/python3.12/site-packages/airflow/example_dags/example_latest_only_with_trigger.py
[2026-03-14T23:09:18.135+0000] {logging_mixin.py:188} INFO - [2026-03-14T23:09:18.135+0000] {dag.py:3096} INFO - Sync 1 DAGs
[2026-03-14T23:09:18.168+0000] {logging_mixin.py:188} INFO - [2026-03-14T23:09:18.168+0000] {dag.py:3954} INFO - Setting next_dagrun for latest_only_with_trigger to 2026-03-14 16:00:00+00:00, run_after=2026-03-14 20:00:00+00:00
[2026-03-14T23:09:18.198+0000] {processor.py:183} INFO - Processing /home/airflow/.local/lib/python3.12/site-packages/airflow/example_dags/example_latest_only_with_trigger.py took 0.123 seconds
