[2026-03-14T23:03:22.247+0000] {processor.py:161} INFO - Started process (PID=109) to work on /home/airflow/.local/lib/python3.12/site-packages/airflow/example_dags/example_dag_decorator.py
[2026-03-14T23:03:22.261+0000] {processor.py:830} INFO - Processing file /home/airflow/.local/lib/python3.12/site-packages/airflow/example_dags/example_dag_decorator.py for tasks to queue
[2026-03-14T23:03:22.290+0000] {logging_mixin.py:188} INFO - [2026-03-14T23:03:22.288+0000] {dagbag.py:545} INFO - Filling up the DagBag from /home/airflow/.local/lib/python3.12/site-packages/airflow/example_dags/example_dag_decorator.py
[2026-03-14T23:03:24.727+0000] {processor.py:840} INFO - DAG(s) 'example_dag_decorator' retrieved from /home/airflow/.local/lib/python3.12/site-packages/airflow/example_dags/example_dag_decorator.py
[2026-03-14T23:03:25.677+0000] {logging_mixin.py:188} INFO - [2026-03-14T23:03:25.677+0000] {dag.py:3096} INFO - Sync 1 DAGs
[2026-03-14T23:03:25.764+0000] {logging_mixin.py:188} INFO - [2026-03-14T23:03:25.764+0000] {dag.py:3954} INFO - Setting next_dagrun for example_dag_decorator to None, run_after=None
[2026-03-14T23:03:25.901+0000] {processor.py:183} INFO - Processing /home/airflow/.local/lib/python3.12/site-packages/airflow/example_dags/example_dag_decorator.py took 3.673 seconds
[2026-03-14T23:03:56.002+0000] {processor.py:161} INFO - Started process (PID=167) to work on /home/airflow/.local/lib/python3.12/site-packages/airflow/example_dags/example_dag_decorator.py
[2026-03-14T23:03:56.005+0000] {processor.py:830} INFO - Processing file /home/airflow/.local/lib/python3.12/site-packages/airflow/example_dags/example_dag_decorator.py for tasks to queue
[2026-03-14T23:03:56.010+0000] {logging_mixin.py:188} INFO - [2026-03-14T23:03:56.009+0000] {dagbag.py:545} INFO - Filling up the DagBag from /home/airflow/.local/lib/python3.12/site-packages/airflow/example_dags/example_dag_decorator.py
[2026-03-14T23:03:56.230+0000] {processor.py:840} INFO - DAG(s) 'example_dag_decorator' retrieved from /home/airflow/.local/lib/python3.12/site-packages/airflow/example_dags/example_dag_decorator.py
[2026-03-14T23:03:56.412+0000] {logging_mixin.py:188} INFO - [2026-03-14T23:03:56.412+0000] {dag.py:3096} INFO - Sync 1 DAGs
[2026-03-14T23:03:56.429+0000] {logging_mixin.py:188} INFO - [2026-03-14T23:03:56.429+0000] {dag.py:3954} INFO - Setting next_dagrun for example_dag_decorator to None, run_after=None
[2026-03-14T23:03:56.471+0000] {processor.py:183} INFO - Processing /home/airflow/.local/lib/python3.12/site-packages/airflow/example_dags/example_dag_decorator.py took 0.476 seconds
[2026-03-14T23:04:26.560+0000] {processor.py:161} INFO - Started process (PID=225) to work on /home/airflow/.local/lib/python3.12/site-packages/airflow/example_dags/example_dag_decorator.py
[2026-03-14T23:04:26.566+0000] {processor.py:830} INFO - Processing file /home/airflow/.local/lib/python3.12/site-packages/airflow/example_dags/example_dag_decorator.py for tasks to queue
[2026-03-14T23:04:26.569+0000] {logging_mixin.py:188} INFO - [2026-03-14T23:04:26.569+0000] {dagbag.py:545} INFO - Filling up the DagBag from /home/airflow/.local/lib/python3.12/site-packages/airflow/example_dags/example_dag_decorator.py
[2026-03-14T23:04:26.772+0000] {processor.py:840} INFO - DAG(s) 'example_dag_decorator' retrieved from /home/airflow/.local/lib/python3.12/site-packages/airflow/example_dags/example_dag_decorator.py
[2026-03-14T23:04:26.929+0000] {logging_mixin.py:188} INFO - [2026-03-14T23:04:26.929+0000] {dag.py:3096} INFO - Sync 1 DAGs
[2026-03-14T23:04:26.945+0000] {logging_mixin.py:188} INFO - [2026-03-14T23:04:26.945+0000] {dag.py:3954} INFO - Setting next_dagrun for example_dag_decorator to None, run_after=None
[2026-03-14T23:04:26.974+0000] {processor.py:183} INFO - Processing /home/airflow/.local/lib/python3.12/site-packages/airflow/example_dags/example_dag_decorator.py took 0.424 seconds
[2026-03-14T23:04:57.991+0000] {processor.py:161} INFO - Started process (PID=284) to work on /home/airflow/.local/lib/python3.12/site-packages/airflow/example_dags/example_dag_decorator.py
[2026-03-14T23:04:57.993+0000] {processor.py:830} INFO - Processing file /home/airflow/.local/lib/python3.12/site-packages/airflow/example_dags/example_dag_decorator.py for tasks to queue
[2026-03-14T23:04:57.998+0000] {logging_mixin.py:188} INFO - [2026-03-14T23:04:57.996+0000] {dagbag.py:545} INFO - Filling up the DagBag from /home/airflow/.local/lib/python3.12/site-packages/airflow/example_dags/example_dag_decorator.py
[2026-03-14T23:04:58.163+0000] {processor.py:840} INFO - DAG(s) 'example_dag_decorator' retrieved from /home/airflow/.local/lib/python3.12/site-packages/airflow/example_dags/example_dag_decorator.py
[2026-03-14T23:04:58.343+0000] {logging_mixin.py:188} INFO - [2026-03-14T23:04:58.343+0000] {dag.py:3096} INFO - Sync 1 DAGs
[2026-03-14T23:04:58.357+0000] {logging_mixin.py:188} INFO - [2026-03-14T23:04:58.357+0000] {dag.py:3954} INFO - Setting next_dagrun for example_dag_decorator to None, run_after=None
[2026-03-14T23:04:58.388+0000] {processor.py:183} INFO - Processing /home/airflow/.local/lib/python3.12/site-packages/airflow/example_dags/example_dag_decorator.py took 0.409 seconds
[2026-03-14T23:05:28.517+0000] {processor.py:161} INFO - Started process (PID=342) to work on /home/airflow/.local/lib/python3.12/site-packages/airflow/example_dags/example_dag_decorator.py
[2026-03-14T23:05:28.518+0000] {processor.py:830} INFO - Processing file /home/airflow/.local/lib/python3.12/site-packages/airflow/example_dags/example_dag_decorator.py for tasks to queue
[2026-03-14T23:05:28.521+0000] {logging_mixin.py:188} INFO - [2026-03-14T23:05:28.521+0000] {dagbag.py:545} INFO - Filling up the DagBag from /home/airflow/.local/lib/python3.12/site-packages/airflow/example_dags/example_dag_decorator.py
[2026-03-14T23:05:28.667+0000] {processor.py:840} INFO - DAG(s) 'example_dag_decorator' retrieved from /home/airflow/.local/lib/python3.12/site-packages/airflow/example_dags/example_dag_decorator.py
[2026-03-14T23:05:28.805+0000] {logging_mixin.py:188} INFO - [2026-03-14T23:05:28.804+0000] {dag.py:3096} INFO - Sync 1 DAGs
[2026-03-14T23:05:28.817+0000] {logging_mixin.py:188} INFO - [2026-03-14T23:05:28.817+0000] {dag.py:3954} INFO - Setting next_dagrun for example_dag_decorator to None, run_after=None
[2026-03-14T23:05:28.850+0000] {processor.py:183} INFO - Processing /home/airflow/.local/lib/python3.12/site-packages/airflow/example_dags/example_dag_decorator.py took 0.341 seconds
[2026-03-14T23:05:59.469+0000] {processor.py:161} INFO - Started process (PID=400) to work on /home/airflow/.local/lib/python3.12/site-packages/airflow/example_dags/example_dag_decorator.py
[2026-03-14T23:05:59.471+0000] {processor.py:830} INFO - Processing file /home/airflow/.local/lib/python3.12/site-packages/airflow/example_dags/example_dag_decorator.py for tasks to queue
[2026-03-14T23:05:59.474+0000] {logging_mixin.py:188} INFO - [2026-03-14T23:05:59.473+0000] {dagbag.py:545} INFO - Filling up the DagBag from /home/airflow/.local/lib/python3.12/site-packages/airflow/example_dags/example_dag_decorator.py
[2026-03-14T23:05:59.607+0000] {processor.py:840} INFO - DAG(s) 'example_dag_decorator' retrieved from /home/airflow/.local/lib/python3.12/site-packages/airflow/example_dags/example_dag_decorator.py
[2026-03-14T23:05:59.740+0000] {logging_mixin.py:188} INFO - [2026-03-14T23:05:59.739+0000] {dag.py:3096} INFO - Sync 1 DAGs
[2026-03-14T23:05:59.753+0000] {logging_mixin.py:188} INFO - [2026-03-14T23:05:59.752+0000] {dag.py:3954} INFO - Setting next_dagrun for example_dag_decorator to None, run_after=None
[2026-03-14T23:05:59.782+0000] {processor.py:183} INFO - Processing /home/airflow/.local/lib/python3.12/site-packages/airflow/example_dags/example_dag_decorator.py took 0.321 seconds
[2026-03-14T23:06:30.348+0000] {processor.py:161} INFO - Started process (PID=458) to work on /home/airflow/.local/lib/python3.12/site-packages/airflow/example_dags/example_dag_decorator.py
[2026-03-14T23:06:30.352+0000] {processor.py:830} INFO - Processing file /home/airflow/.local/lib/python3.12/site-packages/airflow/example_dags/example_dag_decorator.py for tasks to queue
[2026-03-14T23:06:30.355+0000] {logging_mixin.py:188} INFO - [2026-03-14T23:06:30.354+0000] {dagbag.py:545} INFO - Filling up the DagBag from /home/airflow/.local/lib/python3.12/site-packages/airflow/example_dags/example_dag_decorator.py
[2026-03-14T23:06:30.580+0000] {processor.py:840} INFO - DAG(s) 'example_dag_decorator' retrieved from /home/airflow/.local/lib/python3.12/site-packages/airflow/example_dags/example_dag_decorator.py
[2026-03-14T23:06:30.720+0000] {logging_mixin.py:188} INFO - [2026-03-14T23:06:30.720+0000] {dag.py:3096} INFO - Sync 1 DAGs
[2026-03-14T23:06:30.732+0000] {logging_mixin.py:188} INFO - [2026-03-14T23:06:30.732+0000] {dag.py:3954} INFO - Setting next_dagrun for example_dag_decorator to None, run_after=None
[2026-03-14T23:06:30.761+0000] {processor.py:183} INFO - Processing /home/airflow/.local/lib/python3.12/site-packages/airflow/example_dags/example_dag_decorator.py took 0.430 seconds
[2026-03-14T23:07:00.830+0000] {processor.py:161} INFO - Started process (PID=516) to work on /home/airflow/.local/lib/python3.12/site-packages/airflow/example_dags/example_dag_decorator.py
[2026-03-14T23:07:00.832+0000] {processor.py:830} INFO - Processing file /home/airflow/.local/lib/python3.12/site-packages/airflow/example_dags/example_dag_decorator.py for tasks to queue
[2026-03-14T23:07:00.835+0000] {logging_mixin.py:188} INFO - [2026-03-14T23:07:00.834+0000] {dagbag.py:545} INFO - Filling up the DagBag from /home/airflow/.local/lib/python3.12/site-packages/airflow/example_dags/example_dag_decorator.py
[2026-03-14T23:07:00.970+0000] {processor.py:840} INFO - DAG(s) 'example_dag_decorator' retrieved from /home/airflow/.local/lib/python3.12/site-packages/airflow/example_dags/example_dag_decorator.py
[2026-03-14T23:07:01.125+0000] {logging_mixin.py:188} INFO - [2026-03-14T23:07:01.125+0000] {dag.py:3096} INFO - Sync 1 DAGs
[2026-03-14T23:07:01.144+0000] {logging_mixin.py:188} INFO - [2026-03-14T23:07:01.144+0000] {dag.py:3954} INFO - Setting next_dagrun for example_dag_decorator to None, run_after=None
[2026-03-14T23:07:01.177+0000] {processor.py:183} INFO - Processing /home/airflow/.local/lib/python3.12/site-packages/airflow/example_dags/example_dag_decorator.py took 0.354 seconds
[2026-03-14T23:07:31.460+0000] {processor.py:161} INFO - Started process (PID=574) to work on /home/airflow/.local/lib/python3.12/site-packages/airflow/example_dags/example_dag_decorator.py
[2026-03-14T23:07:31.462+0000] {processor.py:830} INFO - Processing file /home/airflow/.local/lib/python3.12/site-packages/airflow/example_dags/example_dag_decorator.py for tasks to queue
[2026-03-14T23:07:31.466+0000] {logging_mixin.py:188} INFO - [2026-03-14T23:07:31.466+0000] {dagbag.py:545} INFO - Filling up the DagBag from /home/airflow/.local/lib/python3.12/site-packages/airflow/example_dags/example_dag_decorator.py
[2026-03-14T23:07:31.598+0000] {processor.py:840} INFO - DAG(s) 'example_dag_decorator' retrieved from /home/airflow/.local/lib/python3.12/site-packages/airflow/example_dags/example_dag_decorator.py
[2026-03-14T23:07:31.729+0000] {logging_mixin.py:188} INFO - [2026-03-14T23:07:31.729+0000] {dag.py:3096} INFO - Sync 1 DAGs
[2026-03-14T23:07:31.746+0000] {logging_mixin.py:188} INFO - [2026-03-14T23:07:31.746+0000] {dag.py:3954} INFO - Setting next_dagrun for example_dag_decorator to None, run_after=None
[2026-03-14T23:07:31.787+0000] {processor.py:183} INFO - Processing /home/airflow/.local/lib/python3.12/site-packages/airflow/example_dags/example_dag_decorator.py took 0.334 seconds
[2026-03-14T23:08:02.048+0000] {processor.py:161} INFO - Started process (PID=632) to work on /home/airflow/.local/lib/python3.12/site-packages/airflow/example_dags/example_dag_decorator.py
[2026-03-14T23:08:02.066+0000] {processor.py:830} INFO - Processing file /home/airflow/.local/lib/python3.12/site-packages/airflow/example_dags/example_dag_decorator.py for tasks to queue
[2026-03-14T23:08:02.070+0000] {logging_mixin.py:188} INFO - [2026-03-14T23:08:02.069+0000] {dagbag.py:545} INFO - Filling up the DagBag from /home/airflow/.local/lib/python3.12/site-packages/airflow/example_dags/example_dag_decorator.py
[2026-03-14T23:08:02.210+0000] {processor.py:840} INFO - DAG(s) 'example_dag_decorator' retrieved from /home/airflow/.local/lib/python3.12/site-packages/airflow/example_dags/example_dag_decorator.py
[2026-03-14T23:08:02.397+0000] {logging_mixin.py:188} INFO - [2026-03-14T23:08:02.397+0000] {dag.py:3096} INFO - Sync 1 DAGs
[2026-03-14T23:08:02.412+0000] {logging_mixin.py:188} INFO - [2026-03-14T23:08:02.411+0000] {dag.py:3954} INFO - Setting next_dagrun for example_dag_decorator to None, run_after=None
[2026-03-14T23:08:02.452+0000] {processor.py:183} INFO - Processing /home/airflow/.local/lib/python3.12/site-packages/airflow/example_dags/example_dag_decorator.py took 0.414 seconds
[2026-03-14T23:08:32.536+0000] {processor.py:161} INFO - Started process (PID=690) to work on /home/airflow/.local/lib/python3.12/site-packages/airflow/example_dags/example_dag_decorator.py
[2026-03-14T23:08:32.554+0000] {processor.py:830} INFO - Processing file /home/airflow/.local/lib/python3.12/site-packages/airflow/example_dags/example_dag_decorator.py for tasks to queue
[2026-03-14T23:08:32.556+0000] {logging_mixin.py:188} INFO - [2026-03-14T23:08:32.556+0000] {dagbag.py:545} INFO - Filling up the DagBag from /home/airflow/.local/lib/python3.12/site-packages/airflow/example_dags/example_dag_decorator.py
[2026-03-14T23:08:32.694+0000] {processor.py:840} INFO - DAG(s) 'example_dag_decorator' retrieved from /home/airflow/.local/lib/python3.12/site-packages/airflow/example_dags/example_dag_decorator.py
[2026-03-14T23:08:32.837+0000] {logging_mixin.py:188} INFO - [2026-03-14T23:08:32.837+0000] {dag.py:3096} INFO - Sync 1 DAGs
[2026-03-14T23:08:32.850+0000] {logging_mixin.py:188} INFO - [2026-03-14T23:08:32.850+0000] {dag.py:3954} INFO - Setting next_dagrun for example_dag_decorator to None, run_after=None
[2026-03-14T23:08:32.882+0000] {processor.py:183} INFO - Processing /home/airflow/.local/lib/python3.12/site-packages/airflow/example_dags/example_dag_decorator.py took 0.354 seconds
[2026-03-14T23:09:03.062+0000] {processor.py:161} INFO - Started process (PID=748) to work on /home/airflow/.local/lib/python3.12/site-packages/airflow/example_dags/example_dag_decorator.py
[2026-03-14T23:09:03.064+0000] {processor.py:830} INFO - Processing file /home/airflow/.local/lib/python3.12/site-packages/airflow/example_dags/example_dag_decorator.py for tasks to queue
[2026-03-14T23:09:03.066+0000] {logging_mixin.py:188} INFO - [2026-03-14T23:09:03.066+0000] {dagbag.py:545} INFO - Filling up the DagBag from /home/airflow/.local/lib/python3.12/site-packages/airflow/example_dags/example_dag_decorator.py
[2026-03-14T23:09:03.210+0000] {processor.py:840} INFO - DAG(s) 'example_dag_decorator' retrieved from /home/airflow/.local/lib/python3.12/site-packages/airflow/example_dags/example_dag_decorator.py
[2026-03-14T23:09:03.377+0000] {logging_mixin.py:188} INFO - [2026-03-14T23:09:03.376+0000] {dag.py:3096} INFO - Sync 1 DAGs
[2026-03-14T23:09:03.610+0000] {logging_mixin.py:188} INFO - [2026-03-14T23:09:03.609+0000] {dag.py:3954} INFO - Setting next_dagrun for example_dag_decorator to None, run_after=None
[2026-03-14T23:09:03.637+0000] {processor.py:183} INFO - Processing /home/airflow/.local/lib/python3.12/site-packages/airflow/example_dags/example_dag_decorator.py took 0.583 seconds
