[2026-03-14T23:02:58.341+0000] {processor.py:161} INFO - Started process (PID=71) to work on /home/airflow/.local/lib/python3.12/site-packages/airflow/example_dags/example_branch_python_dop_operator_3.py
[2026-03-14T23:02:58.342+0000] {processor.py:830} INFO - Processing file /home/airflow/.local/lib/python3.12/site-packages/airflow/example_dags/example_branch_python_dop_operator_3.py for tasks to queue
[2026-03-14T23:02:58.360+0000] {logging_mixin.py:188} INFO - [2026-03-14T23:02:58.354+0000] {dagbag.py:545} INFO - Filling up the DagBag from /home/airflow/.local/lib/python3.12/site-packages/airflow/example_dags/example_branch_python_dop_operator_3.py
[2026-03-14T23:02:58.408+0000] {processor.py:840} INFO - DAG(s) 'example_branch_dop_operator_v3' retrieved from /home/airflow/.local/lib/python3.12/site-packages/airflow/example_dags/example_branch_python_dop_operator_3.py
[2026-03-14T23:02:58.914+0000] {logging_mixin.py:188} INFO - [2026-03-14T23:02:58.914+0000] {dag.py:3096} INFO - Sync 1 DAGs
[2026-03-14T23:02:59.133+0000] {logging_mixin.py:188} INFO - [2026-03-14T23:02:59.133+0000] {dag.py:3954} INFO - Setting next_dagrun for example_branch_dop_operator_v3 to 2026-03-14 23:01:00+00:00, run_after=2026-03-14 23:02:00+00:00
[2026-03-14T23:02:59.235+0000] {processor.py:183} INFO - Processing /home/airflow/.local/lib/python3.12/site-packages/airflow/example_dags/example_branch_python_dop_operator_3.py took 0.909 seconds
[2026-03-14T23:03:40.434+0000] {processor.py:161} INFO - Started process (PID=129) to work on /home/airflow/.local/lib/python3.12/site-packages/airflow/example_dags/example_branch_python_dop_operator_3.py
[2026-03-14T23:03:40.441+0000] {processor.py:830} INFO - Processing file /home/airflow/.local/lib/python3.12/site-packages/airflow/example_dags/example_branch_python_dop_operator_3.py for tasks to queue
[2026-03-14T23:03:40.548+0000] {logging_mixin.py:188} INFO - [2026-03-14T23:03:40.493+0000] {dagbag.py:545} INFO - Filling up the DagBag from /home/airflow/.local/lib/python3.12/site-packages/airflow/example_dags/example_branch_python_dop_operator_3.py
[2026-03-14T23:03:41.038+0000] {processor.py:840} INFO - DAG(s) 'example_branch_dop_operator_v3' retrieved from /home/airflow/.local/lib/python3.12/site-packages/airflow/example_dags/example_branch_python_dop_operator_3.py
[2026-03-14T23:03:41.177+0000] {logging_mixin.py:188} INFO - [2026-03-14T23:03:41.176+0000] {dag.py:3096} INFO - Sync 1 DAGs
[2026-03-14T23:03:41.247+0000] {logging_mixin.py:188} INFO - [2026-03-14T23:03:41.247+0000] {dag.py:3954} INFO - Setting next_dagrun for example_branch_dop_operator_v3 to 2026-03-14 23:02:00+00:00, run_after=2026-03-14 23:03:00+00:00
[2026-03-14T23:03:41.312+0000] {processor.py:183} INFO - Processing /home/airflow/.local/lib/python3.12/site-packages/airflow/example_dags/example_branch_python_dop_operator_3.py took 1.019 seconds
[2026-03-14T23:04:11.645+0000] {processor.py:161} INFO - Started process (PID=185) to work on /home/airflow/.local/lib/python3.12/site-packages/airflow/example_dags/example_branch_python_dop_operator_3.py
[2026-03-14T23:04:11.648+0000] {processor.py:830} INFO - Processing file /home/airflow/.local/lib/python3.12/site-packages/airflow/example_dags/example_branch_python_dop_operator_3.py for tasks to queue
[2026-03-14T23:04:11.651+0000] {logging_mixin.py:188} INFO - [2026-03-14T23:04:11.651+0000] {dagbag.py:545} INFO - Filling up the DagBag from /home/airflow/.local/lib/python3.12/site-packages/airflow/example_dags/example_branch_python_dop_operator_3.py
[2026-03-14T23:04:11.665+0000] {processor.py:840} INFO - DAG(s) 'example_branch_dop_operator_v3' retrieved from /home/airflow/.local/lib/python3.12/site-packages/airflow/example_dags/example_branch_python_dop_operator_3.py
[2026-03-14T23:04:11.694+0000] {logging_mixin.py:188} INFO - [2026-03-14T23:04:11.694+0000] {dag.py:3096} INFO - Sync 1 DAGs
[2026-03-14T23:04:11.737+0000] {logging_mixin.py:188} INFO - [2026-03-14T23:04:11.736+0000] {dag.py:3954} INFO - Setting next_dagrun for example_branch_dop_operator_v3 to 2026-03-14 23:03:00+00:00, run_after=2026-03-14 23:04:00+00:00
[2026-03-14T23:04:11.792+0000] {processor.py:183} INFO - Processing /home/airflow/.local/lib/python3.12/site-packages/airflow/example_dags/example_branch_python_dop_operator_3.py took 0.159 seconds
[2026-03-14T23:04:42.691+0000] {processor.py:161} INFO - Started process (PID=243) to work on /home/airflow/.local/lib/python3.12/site-packages/airflow/example_dags/example_branch_python_dop_operator_3.py
[2026-03-14T23:04:42.693+0000] {processor.py:830} INFO - Processing file /home/airflow/.local/lib/python3.12/site-packages/airflow/example_dags/example_branch_python_dop_operator_3.py for tasks to queue
[2026-03-14T23:04:42.695+0000] {logging_mixin.py:188} INFO - [2026-03-14T23:04:42.695+0000] {dagbag.py:545} INFO - Filling up the DagBag from /home/airflow/.local/lib/python3.12/site-packages/airflow/example_dags/example_branch_python_dop_operator_3.py
[2026-03-14T23:04:42.707+0000] {processor.py:840} INFO - DAG(s) 'example_branch_dop_operator_v3' retrieved from /home/airflow/.local/lib/python3.12/site-packages/airflow/example_dags/example_branch_python_dop_operator_3.py
[2026-03-14T23:04:42.745+0000] {logging_mixin.py:188} INFO - [2026-03-14T23:04:42.745+0000] {dag.py:3096} INFO - Sync 1 DAGs
[2026-03-14T23:04:42.784+0000] {logging_mixin.py:188} INFO - [2026-03-14T23:04:42.783+0000] {dag.py:3954} INFO - Setting next_dagrun for example_branch_dop_operator_v3 to 2026-03-14 23:03:00+00:00, run_after=2026-03-14 23:04:00+00:00
[2026-03-14T23:04:42.817+0000] {processor.py:183} INFO - Processing /home/airflow/.local/lib/python3.12/site-packages/airflow/example_dags/example_branch_python_dop_operator_3.py took 0.136 seconds
[2026-03-14T23:05:12.890+0000] {processor.py:161} INFO - Started process (PID=302) to work on /home/airflow/.local/lib/python3.12/site-packages/airflow/example_dags/example_branch_python_dop_operator_3.py
[2026-03-14T23:05:12.891+0000] {processor.py:830} INFO - Processing file /home/airflow/.local/lib/python3.12/site-packages/airflow/example_dags/example_branch_python_dop_operator_3.py for tasks to queue
[2026-03-14T23:05:12.894+0000] {logging_mixin.py:188} INFO - [2026-03-14T23:05:12.893+0000] {dagbag.py:545} INFO - Filling up the DagBag from /home/airflow/.local/lib/python3.12/site-packages/airflow/example_dags/example_branch_python_dop_operator_3.py
[2026-03-14T23:05:12.907+0000] {processor.py:840} INFO - DAG(s) 'example_branch_dop_operator_v3' retrieved from /home/airflow/.local/lib/python3.12/site-packages/airflow/example_dags/example_branch_python_dop_operator_3.py
[2026-03-14T23:05:12.941+0000] {logging_mixin.py:188} INFO - [2026-03-14T23:05:12.940+0000] {dag.py:3096} INFO - Sync 1 DAGs
[2026-03-14T23:05:12.981+0000] {logging_mixin.py:188} INFO - [2026-03-14T23:05:12.981+0000] {dag.py:3954} INFO - Setting next_dagrun for example_branch_dop_operator_v3 to 2026-03-14 23:04:00+00:00, run_after=2026-03-14 23:05:00+00:00
[2026-03-14T23:05:13.026+0000] {processor.py:183} INFO - Processing /home/airflow/.local/lib/python3.12/site-packages/airflow/example_dags/example_branch_python_dop_operator_3.py took 0.145 seconds
[2026-03-14T23:05:43.098+0000] {processor.py:161} INFO - Started process (PID=360) to work on /home/airflow/.local/lib/python3.12/site-packages/airflow/example_dags/example_branch_python_dop_operator_3.py
[2026-03-14T23:05:43.100+0000] {processor.py:830} INFO - Processing file /home/airflow/.local/lib/python3.12/site-packages/airflow/example_dags/example_branch_python_dop_operator_3.py for tasks to queue
[2026-03-14T23:05:43.103+0000] {logging_mixin.py:188} INFO - [2026-03-14T23:05:43.102+0000] {dagbag.py:545} INFO - Filling up the DagBag from /home/airflow/.local/lib/python3.12/site-packages/airflow/example_dags/example_branch_python_dop_operator_3.py
[2026-03-14T23:05:43.117+0000] {processor.py:840} INFO - DAG(s) 'example_branch_dop_operator_v3' retrieved from /home/airflow/.local/lib/python3.12/site-packages/airflow/example_dags/example_branch_python_dop_operator_3.py
[2026-03-14T23:05:43.149+0000] {logging_mixin.py:188} INFO - [2026-03-14T23:05:43.149+0000] {dag.py:3096} INFO - Sync 1 DAGs
[2026-03-14T23:05:43.189+0000] {logging_mixin.py:188} INFO - [2026-03-14T23:05:43.189+0000] {dag.py:3954} INFO - Setting next_dagrun for example_branch_dop_operator_v3 to 2026-03-14 23:04:00+00:00, run_after=2026-03-14 23:05:00+00:00
[2026-03-14T23:05:43.224+0000] {processor.py:183} INFO - Processing /home/airflow/.local/lib/python3.12/site-packages/airflow/example_dags/example_branch_python_dop_operator_3.py took 0.141 seconds
[2026-03-14T23:06:13.757+0000] {processor.py:161} INFO - Started process (PID=418) to work on /home/airflow/.local/lib/python3.12/site-packages/airflow/example_dags/example_branch_python_dop_operator_3.py
[2026-03-14T23:06:13.759+0000] {processor.py:830} INFO - Processing file /home/airflow/.local/lib/python3.12/site-packages/airflow/example_dags/example_branch_python_dop_operator_3.py for tasks to queue
[2026-03-14T23:06:13.761+0000] {logging_mixin.py:188} INFO - [2026-03-14T23:06:13.761+0000] {dagbag.py:545} INFO - Filling up the DagBag from /home/airflow/.local/lib/python3.12/site-packages/airflow/example_dags/example_branch_python_dop_operator_3.py
[2026-03-14T23:06:13.772+0000] {processor.py:840} INFO - DAG(s) 'example_branch_dop_operator_v3' retrieved from /home/airflow/.local/lib/python3.12/site-packages/airflow/example_dags/example_branch_python_dop_operator_3.py
[2026-03-14T23:06:13.800+0000] {logging_mixin.py:188} INFO - [2026-03-14T23:06:13.800+0000] {dag.py:3096} INFO - Sync 1 DAGs
[2026-03-14T23:06:13.833+0000] {logging_mixin.py:188} INFO - [2026-03-14T23:06:13.833+0000] {dag.py:3954} INFO - Setting next_dagrun for example_branch_dop_operator_v3 to 2026-03-14 23:05:00+00:00, run_after=2026-03-14 23:06:00+00:00
[2026-03-14T23:06:13.859+0000] {processor.py:183} INFO - Processing /home/airflow/.local/lib/python3.12/site-packages/airflow/example_dags/example_branch_python_dop_operator_3.py took 0.109 seconds
[2026-03-14T23:06:44.057+0000] {processor.py:161} INFO - Started process (PID=476) to work on /home/airflow/.local/lib/python3.12/site-packages/airflow/example_dags/example_branch_python_dop_operator_3.py
[2026-03-14T23:06:44.058+0000] {processor.py:830} INFO - Processing file /home/airflow/.local/lib/python3.12/site-packages/airflow/example_dags/example_branch_python_dop_operator_3.py for tasks to queue
[2026-03-14T23:06:44.060+0000] {logging_mixin.py:188} INFO - [2026-03-14T23:06:44.060+0000] {dagbag.py:545} INFO - Filling up the DagBag from /home/airflow/.local/lib/python3.12/site-packages/airflow/example_dags/example_branch_python_dop_operator_3.py
[2026-03-14T23:06:44.074+0000] {processor.py:840} INFO - DAG(s) 'example_branch_dop_operator_v3' retrieved from /home/airflow/.local/lib/python3.12/site-packages/airflow/example_dags/example_branch_python_dop_operator_3.py
[2026-03-14T23:06:44.106+0000] {logging_mixin.py:188} INFO - [2026-03-14T23:06:44.106+0000] {dag.py:3096} INFO - Sync 1 DAGs
[2026-03-14T23:06:44.144+0000] {logging_mixin.py:188} INFO - [2026-03-14T23:06:44.144+0000] {dag.py:3954} INFO - Setting next_dagrun for example_branch_dop_operator_v3 to 2026-03-14 23:05:00+00:00, run_after=2026-03-14 23:06:00+00:00
[2026-03-14T23:06:44.174+0000] {processor.py:183} INFO - Processing /home/airflow/.local/lib/python3.12/site-packages/airflow/example_dags/example_branch_python_dop_operator_3.py took 0.128 seconds
[2026-03-14T23:07:14.236+0000] {processor.py:161} INFO - Started process (PID=534) to work on /home/airflow/.local/lib/python3.12/site-packages/airflow/example_dags/example_branch_python_dop_operator_3.py
[2026-03-14T23:07:14.238+0000] {processor.py:830} INFO - Processing file /home/airflow/.local/lib/python3.12/site-packages/airflow/example_dags/example_branch_python_dop_operator_3.py for tasks to queue
[2026-03-14T23:07:14.241+0000] {logging_mixin.py:188} INFO - [2026-03-14T23:07:14.241+0000] {dagbag.py:545} INFO - Filling up the DagBag from /home/airflow/.local/lib/python3.12/site-packages/airflow/example_dags/example_branch_python_dop_operator_3.py
[2026-03-14T23:07:14.254+0000] {processor.py:840} INFO - DAG(s) 'example_branch_dop_operator_v3' retrieved from /home/airflow/.local/lib/python3.12/site-packages/airflow/example_dags/example_branch_python_dop_operator_3.py
[2026-03-14T23:07:14.288+0000] {logging_mixin.py:188} INFO - [2026-03-14T23:07:14.287+0000] {dag.py:3096} INFO - Sync 1 DAGs
[2026-03-14T23:07:14.319+0000] {logging_mixin.py:188} INFO - [2026-03-14T23:07:14.319+0000] {dag.py:3954} INFO - Setting next_dagrun for example_branch_dop_operator_v3 to 2026-03-14 23:06:00+00:00, run_after=2026-03-14 23:07:00+00:00
[2026-03-14T23:07:14.347+0000] {processor.py:183} INFO - Processing /home/airflow/.local/lib/python3.12/site-packages/airflow/example_dags/example_branch_python_dop_operator_3.py took 0.120 seconds
[2026-03-14T23:07:44.657+0000] {processor.py:161} INFO - Started process (PID=592) to work on /home/airflow/.local/lib/python3.12/site-packages/airflow/example_dags/example_branch_python_dop_operator_3.py
[2026-03-14T23:07:44.659+0000] {processor.py:830} INFO - Processing file /home/airflow/.local/lib/python3.12/site-packages/airflow/example_dags/example_branch_python_dop_operator_3.py for tasks to queue
[2026-03-14T23:07:44.662+0000] {logging_mixin.py:188} INFO - [2026-03-14T23:07:44.661+0000] {dagbag.py:545} INFO - Filling up the DagBag from /home/airflow/.local/lib/python3.12/site-packages/airflow/example_dags/example_branch_python_dop_operator_3.py
[2026-03-14T23:07:44.675+0000] {processor.py:840} INFO - DAG(s) 'example_branch_dop_operator_v3' retrieved from /home/airflow/.local/lib/python3.12/site-packages/airflow/example_dags/example_branch_python_dop_operator_3.py
[2026-03-14T23:07:44.704+0000] {logging_mixin.py:188} INFO - [2026-03-14T23:07:44.704+0000] {dag.py:3096} INFO - Sync 1 DAGs
[2026-03-14T23:07:44.735+0000] {logging_mixin.py:188} INFO - [2026-03-14T23:07:44.735+0000] {dag.py:3954} INFO - Setting next_dagrun for example_branch_dop_operator_v3 to 2026-03-14 23:06:00+00:00, run_after=2026-03-14 23:07:00+00:00
[2026-03-14T23:07:44.765+0000] {processor.py:183} INFO - Processing /home/airflow/.local/lib/python3.12/site-packages/airflow/example_dags/example_branch_python_dop_operator_3.py took 0.120 seconds
[2026-03-14T23:08:15.318+0000] {processor.py:161} INFO - Started process (PID=650) to work on /home/airflow/.local/lib/python3.12/site-packages/airflow/example_dags/example_branch_python_dop_operator_3.py
[2026-03-14T23:08:15.319+0000] {processor.py:830} INFO - Processing file /home/airflow/.local/lib/python3.12/site-packages/airflow/example_dags/example_branch_python_dop_operator_3.py for tasks to queue
[2026-03-14T23:08:15.322+0000] {logging_mixin.py:188} INFO - [2026-03-14T23:08:15.321+0000] {dagbag.py:545} INFO - Filling up the DagBag from /home/airflow/.local/lib/python3.12/site-packages/airflow/example_dags/example_branch_python_dop_operator_3.py
[2026-03-14T23:08:15.337+0000] {processor.py:840} INFO - DAG(s) 'example_branch_dop_operator_v3' retrieved from /home/airflow/.local/lib/python3.12/site-packages/airflow/example_dags/example_branch_python_dop_operator_3.py
[2026-03-14T23:08:15.370+0000] {logging_mixin.py:188} INFO - [2026-03-14T23:08:15.370+0000] {dag.py:3096} INFO - Sync 1 DAGs
[2026-03-14T23:08:15.407+0000] {logging_mixin.py:188} INFO - [2026-03-14T23:08:15.407+0000] {dag.py:3954} INFO - Setting next_dagrun for example_branch_dop_operator_v3 to 2026-03-14 23:07:00+00:00, run_after=2026-03-14 23:08:00+00:00
[2026-03-14T23:08:15.438+0000] {processor.py:183} INFO - Processing /home/airflow/.local/lib/python3.12/site-packages/airflow/example_dags/example_branch_python_dop_operator_3.py took 0.130 seconds
[2026-03-14T23:08:46.027+0000] {processor.py:161} INFO - Started process (PID=708) to work on /home/airflow/.local/lib/python3.12/site-packages/airflow/example_dags/example_branch_python_dop_operator_3.py
[2026-03-14T23:08:46.034+0000] {processor.py:830} INFO - Processing file /home/airflow/.local/lib/python3.12/site-packages/airflow/example_dags/example_branch_python_dop_operator_3.py for tasks to queue
[2026-03-14T23:08:46.037+0000] {logging_mixin.py:188} INFO - [2026-03-14T23:08:46.036+0000] {dagbag.py:545} INFO - Filling up the DagBag from /home/airflow/.local/lib/python3.12/site-packages/airflow/example_dags/example_branch_python_dop_operator_3.py
[2026-03-14T23:08:46.048+0000] {processor.py:840} INFO - DAG(s) 'example_branch_dop_operator_v3' retrieved from /home/airflow/.local/lib/python3.12/site-packages/airflow/example_dags/example_branch_python_dop_operator_3.py
[2026-03-14T23:08:46.080+0000] {logging_mixin.py:188} INFO - [2026-03-14T23:08:46.080+0000] {dag.py:3096} INFO - Sync 1 DAGs
[2026-03-14T23:08:46.116+0000] {logging_mixin.py:188} INFO - [2026-03-14T23:08:46.114+0000] {dag.py:3954} INFO - Setting next_dagrun for example_branch_dop_operator_v3 to 2026-03-14 23:07:00+00:00, run_after=2026-03-14 23:08:00+00:00
[2026-03-14T23:08:46.147+0000] {processor.py:183} INFO - Processing /home/airflow/.local/lib/python3.12/site-packages/airflow/example_dags/example_branch_python_dop_operator_3.py took 0.128 seconds
[2026-03-14T23:09:16.625+0000] {processor.py:161} INFO - Started process (PID=766) to work on /home/airflow/.local/lib/python3.12/site-packages/airflow/example_dags/example_branch_python_dop_operator_3.py
[2026-03-14T23:09:16.627+0000] {processor.py:830} INFO - Processing file /home/airflow/.local/lib/python3.12/site-packages/airflow/example_dags/example_branch_python_dop_operator_3.py for tasks to queue
[2026-03-14T23:09:16.631+0000] {logging_mixin.py:188} INFO - [2026-03-14T23:09:16.630+0000] {dagbag.py:545} INFO - Filling up the DagBag from /home/airflow/.local/lib/python3.12/site-packages/airflow/example_dags/example_branch_python_dop_operator_3.py
[2026-03-14T23:09:16.642+0000] {processor.py:840} INFO - DAG(s) 'example_branch_dop_operator_v3' retrieved from /home/airflow/.local/lib/python3.12/site-packages/airflow/example_dags/example_branch_python_dop_operator_3.py
[2026-03-14T23:09:16.674+0000] {logging_mixin.py:188} INFO - [2026-03-14T23:09:16.674+0000] {dag.py:3096} INFO - Sync 1 DAGs
[2026-03-14T23:09:16.707+0000] {logging_mixin.py:188} INFO - [2026-03-14T23:09:16.707+0000] {dag.py:3954} INFO - Setting next_dagrun for example_branch_dop_operator_v3 to 2026-03-14 23:08:00+00:00, run_after=2026-03-14 23:09:00+00:00
[2026-03-14T23:09:16.736+0000] {processor.py:183} INFO - Processing /home/airflow/.local/lib/python3.12/site-packages/airflow/example_dags/example_branch_python_dop_operator_3.py took 0.119 seconds
