[2026-03-14T23:02:58.501+0000] {processor.py:161} INFO - Started process (PID=72) to work on /home/airflow/.local/lib/python3.12/site-packages/airflow/example_dags/example_subdag_operator.py
[2026-03-14T23:02:58.517+0000] {processor.py:830} INFO - Processing file /home/airflow/.local/lib/python3.12/site-packages/airflow/example_dags/example_subdag_operator.py for tasks to queue
[2026-03-14T23:02:58.535+0000] {logging_mixin.py:188} INFO - [2026-03-14T23:02:58.534+0000] {dagbag.py:545} INFO - Filling up the DagBag from /home/airflow/.local/lib/python3.12/site-packages/airflow/example_dags/example_subdag_operator.py
[2026-03-14T23:02:58.898+0000] {processor.py:840} INFO - DAG(s) 'example_subdag_operator.section-1', 'example_subdag_operator.section-2', 'example_subdag_operator' retrieved from /home/airflow/.local/lib/python3.12/site-packages/airflow/example_dags/example_subdag_operator.py
[2026-03-14T23:02:59.311+0000] {logging_mixin.py:188} INFO - [2026-03-14T23:02:59.310+0000] {dag.py:3096} INFO - Sync 3 DAGs
[2026-03-14T23:02:59.353+0000] {logging_mixin.py:188} INFO - [2026-03-14T23:02:59.352+0000] {dag.py:3954} INFO - Setting next_dagrun for example_subdag_operator to 2022-01-01 00:00:00+00:00, run_after=2022-01-01 00:00:00+00:00
[2026-03-14T23:02:59.362+0000] {logging_mixin.py:188} INFO - [2026-03-14T23:02:59.360+0000] {dag.py:3954} INFO - Setting next_dagrun for example_subdag_operator.section-1 to None, run_after=None
[2026-03-14T23:02:59.369+0000] {logging_mixin.py:188} INFO - [2026-03-14T23:02:59.369+0000] {dag.py:3954} INFO - Setting next_dagrun for example_subdag_operator.section-2 to None, run_after=None
[2026-03-14T23:02:59.401+0000] {logging_mixin.py:188} INFO - [2026-03-14T23:02:59.400+0000] {dag.py:3096} INFO - Sync 2 DAGs
[2026-03-14T23:02:59.414+0000] {logging_mixin.py:188} INFO - [2026-03-14T23:02:59.413+0000] {dag.py:3954} INFO - Setting next_dagrun for example_subdag_operator.section-1 to None, run_after=None
[2026-03-14T23:02:59.414+0000] {logging_mixin.py:188} INFO - [2026-03-14T23:02:59.414+0000] {dag.py:3954} INFO - Setting next_dagrun for example_subdag_operator.section-2 to None, run_after=None
[2026-03-14T23:02:59.456+0000] {processor.py:183} INFO - Processing /home/airflow/.local/lib/python3.12/site-packages/airflow/example_dags/example_subdag_operator.py took 1.016 seconds
[2026-03-14T23:03:41.385+0000] {processor.py:161} INFO - Started process (PID=130) to work on /home/airflow/.local/lib/python3.12/site-packages/airflow/example_dags/example_subdag_operator.py
[2026-03-14T23:03:41.388+0000] {processor.py:830} INFO - Processing file /home/airflow/.local/lib/python3.12/site-packages/airflow/example_dags/example_subdag_operator.py for tasks to queue
[2026-03-14T23:03:41.395+0000] {logging_mixin.py:188} INFO - [2026-03-14T23:03:41.394+0000] {dagbag.py:545} INFO - Filling up the DagBag from /home/airflow/.local/lib/python3.12/site-packages/airflow/example_dags/example_subdag_operator.py
[2026-03-14T23:03:41.444+0000] {processor.py:840} INFO - DAG(s) 'example_subdag_operator.section-1', 'example_subdag_operator.section-2', 'example_subdag_operator' retrieved from /home/airflow/.local/lib/python3.12/site-packages/airflow/example_dags/example_subdag_operator.py
[2026-03-14T23:03:41.468+0000] {logging_mixin.py:188} INFO - [2026-03-14T23:03:41.467+0000] {dag.py:3096} INFO - Sync 3 DAGs
[2026-03-14T23:03:41.533+0000] {logging_mixin.py:188} INFO - [2026-03-14T23:03:41.533+0000] {dag.py:3954} INFO - Setting next_dagrun for example_subdag_operator to 2022-01-01 00:00:00+00:00, run_after=2022-01-01 00:00:00+00:00
[2026-03-14T23:03:41.544+0000] {logging_mixin.py:188} INFO - [2026-03-14T23:03:41.540+0000] {dag.py:3954} INFO - Setting next_dagrun for example_subdag_operator.section-1 to None, run_after=None
[2026-03-14T23:03:41.548+0000] {logging_mixin.py:188} INFO - [2026-03-14T23:03:41.548+0000] {dag.py:3954} INFO - Setting next_dagrun for example_subdag_operator.section-2 to None, run_after=None
[2026-03-14T23:03:41.563+0000] {logging_mixin.py:188} INFO - [2026-03-14T23:03:41.563+0000] {dag.py:3096} INFO - Sync 2 DAGs
[2026-03-14T23:03:41.575+0000] {logging_mixin.py:188} INFO - [2026-03-14T23:03:41.574+0000] {dag.py:3954} INFO - Setting next_dagrun for example_subdag_operator.section-1 to None, run_after=None
[2026-03-14T23:03:41.578+0000] {logging_mixin.py:188} INFO - [2026-03-14T23:03:41.577+0000] {dag.py:3954} INFO - Setting next_dagrun for example_subdag_operator.section-2 to None, run_after=None
[2026-03-14T23:03:41.605+0000] {processor.py:183} INFO - Processing /home/airflow/.local/lib/python3.12/site-packages/airflow/example_dags/example_subdag_operator.py took 0.232 seconds
[2026-03-14T23:04:11.790+0000] {processor.py:161} INFO - Started process (PID=186) to work on /home/airflow/.local/lib/python3.12/site-packages/airflow/example_dags/example_subdag_operator.py
[2026-03-14T23:04:11.792+0000] {processor.py:830} INFO - Processing file /home/airflow/.local/lib/python3.12/site-packages/airflow/example_dags/example_subdag_operator.py for tasks to queue
[2026-03-14T23:04:11.795+0000] {logging_mixin.py:188} INFO - [2026-03-14T23:04:11.795+0000] {dagbag.py:545} INFO - Filling up the DagBag from /home/airflow/.local/lib/python3.12/site-packages/airflow/example_dags/example_subdag_operator.py
[2026-03-14T23:04:11.857+0000] {processor.py:840} INFO - DAG(s) 'example_subdag_operator.section-1', 'example_subdag_operator.section-2', 'example_subdag_operator' retrieved from /home/airflow/.local/lib/python3.12/site-packages/airflow/example_dags/example_subdag_operator.py
[2026-03-14T23:04:11.877+0000] {logging_mixin.py:188} INFO - [2026-03-14T23:04:11.877+0000] {dag.py:3096} INFO - Sync 3 DAGs
[2026-03-14T23:04:11.916+0000] {logging_mixin.py:188} INFO - [2026-03-14T23:04:11.914+0000] {dag.py:3954} INFO - Setting next_dagrun for example_subdag_operator to 2022-01-01 00:00:00+00:00, run_after=2022-01-01 00:00:00+00:00
[2026-03-14T23:04:11.923+0000] {logging_mixin.py:188} INFO - [2026-03-14T23:04:11.923+0000] {dag.py:3954} INFO - Setting next_dagrun for example_subdag_operator.section-1 to None, run_after=None
[2026-03-14T23:04:11.925+0000] {logging_mixin.py:188} INFO - [2026-03-14T23:04:11.925+0000] {dag.py:3954} INFO - Setting next_dagrun for example_subdag_operator.section-2 to None, run_after=None
[2026-03-14T23:04:11.938+0000] {logging_mixin.py:188} INFO - [2026-03-14T23:04:11.937+0000] {dag.py:3096} INFO - Sync 2 DAGs
[2026-03-14T23:04:11.946+0000] {logging_mixin.py:188} INFO - [2026-03-14T23:04:11.945+0000] {dag.py:3954} INFO - Setting next_dagrun for example_subdag_operator.section-1 to None, run_after=None
[2026-03-14T23:04:11.946+0000] {logging_mixin.py:188} INFO - [2026-03-14T23:04:11.946+0000] {dag.py:3954} INFO - Setting next_dagrun for example_subdag_operator.section-2 to None, run_after=None
[2026-03-14T23:04:11.981+0000] {processor.py:183} INFO - Processing /home/airflow/.local/lib/python3.12/site-packages/airflow/example_dags/example_subdag_operator.py took 0.201 seconds
[2026-03-14T23:04:42.706+0000] {processor.py:161} INFO - Started process (PID=244) to work on /home/airflow/.local/lib/python3.12/site-packages/airflow/example_dags/example_subdag_operator.py
[2026-03-14T23:04:42.707+0000] {processor.py:830} INFO - Processing file /home/airflow/.local/lib/python3.12/site-packages/airflow/example_dags/example_subdag_operator.py for tasks to queue
[2026-03-14T23:04:42.710+0000] {logging_mixin.py:188} INFO - [2026-03-14T23:04:42.709+0000] {dagbag.py:545} INFO - Filling up the DagBag from /home/airflow/.local/lib/python3.12/site-packages/airflow/example_dags/example_subdag_operator.py
[2026-03-14T23:04:42.755+0000] {processor.py:840} INFO - DAG(s) 'example_subdag_operator.section-1', 'example_subdag_operator.section-2', 'example_subdag_operator' retrieved from /home/airflow/.local/lib/python3.12/site-packages/airflow/example_dags/example_subdag_operator.py
[2026-03-14T23:04:42.778+0000] {logging_mixin.py:188} INFO - [2026-03-14T23:04:42.778+0000] {dag.py:3096} INFO - Sync 3 DAGs
[2026-03-14T23:04:42.811+0000] {logging_mixin.py:188} INFO - [2026-03-14T23:04:42.811+0000] {dag.py:3954} INFO - Setting next_dagrun for example_subdag_operator to 2022-01-01 00:00:00+00:00, run_after=2022-01-01 00:00:00+00:00
[2026-03-14T23:04:42.818+0000] {logging_mixin.py:188} INFO - [2026-03-14T23:04:42.818+0000] {dag.py:3954} INFO - Setting next_dagrun for example_subdag_operator.section-1 to None, run_after=None
[2026-03-14T23:04:42.821+0000] {logging_mixin.py:188} INFO - [2026-03-14T23:04:42.820+0000] {dag.py:3954} INFO - Setting next_dagrun for example_subdag_operator.section-2 to None, run_after=None
[2026-03-14T23:04:42.833+0000] {logging_mixin.py:188} INFO - [2026-03-14T23:04:42.832+0000] {dag.py:3096} INFO - Sync 2 DAGs
[2026-03-14T23:04:42.841+0000] {logging_mixin.py:188} INFO - [2026-03-14T23:04:42.840+0000] {dag.py:3954} INFO - Setting next_dagrun for example_subdag_operator.section-1 to None, run_after=None
[2026-03-14T23:04:42.841+0000] {logging_mixin.py:188} INFO - [2026-03-14T23:04:42.841+0000] {dag.py:3954} INFO - Setting next_dagrun for example_subdag_operator.section-2 to None, run_after=None
[2026-03-14T23:04:42.863+0000] {processor.py:183} INFO - Processing /home/airflow/.local/lib/python3.12/site-packages/airflow/example_dags/example_subdag_operator.py took 0.168 seconds
[2026-03-14T23:05:13.065+0000] {processor.py:161} INFO - Started process (PID=303) to work on /home/airflow/.local/lib/python3.12/site-packages/airflow/example_dags/example_subdag_operator.py
[2026-03-14T23:05:13.066+0000] {processor.py:830} INFO - Processing file /home/airflow/.local/lib/python3.12/site-packages/airflow/example_dags/example_subdag_operator.py for tasks to queue
[2026-03-14T23:05:13.070+0000] {logging_mixin.py:188} INFO - [2026-03-14T23:05:13.070+0000] {dagbag.py:545} INFO - Filling up the DagBag from /home/airflow/.local/lib/python3.12/site-packages/airflow/example_dags/example_subdag_operator.py
[2026-03-14T23:05:13.110+0000] {processor.py:840} INFO - DAG(s) 'example_subdag_operator.section-1', 'example_subdag_operator.section-2', 'example_subdag_operator' retrieved from /home/airflow/.local/lib/python3.12/site-packages/airflow/example_dags/example_subdag_operator.py
[2026-03-14T23:05:13.131+0000] {logging_mixin.py:188} INFO - [2026-03-14T23:05:13.130+0000] {dag.py:3096} INFO - Sync 3 DAGs
[2026-03-14T23:05:13.164+0000] {logging_mixin.py:188} INFO - [2026-03-14T23:05:13.164+0000] {dag.py:3954} INFO - Setting next_dagrun for example_subdag_operator to 2022-01-01 00:00:00+00:00, run_after=2022-01-01 00:00:00+00:00
[2026-03-14T23:05:13.170+0000] {logging_mixin.py:188} INFO - [2026-03-14T23:05:13.169+0000] {dag.py:3954} INFO - Setting next_dagrun for example_subdag_operator.section-1 to None, run_after=None
[2026-03-14T23:05:13.172+0000] {logging_mixin.py:188} INFO - [2026-03-14T23:05:13.172+0000] {dag.py:3954} INFO - Setting next_dagrun for example_subdag_operator.section-2 to None, run_after=None
[2026-03-14T23:05:13.185+0000] {logging_mixin.py:188} INFO - [2026-03-14T23:05:13.185+0000] {dag.py:3096} INFO - Sync 2 DAGs
[2026-03-14T23:05:13.196+0000] {logging_mixin.py:188} INFO - [2026-03-14T23:05:13.196+0000] {dag.py:3954} INFO - Setting next_dagrun for example_subdag_operator.section-1 to None, run_after=None
[2026-03-14T23:05:13.196+0000] {logging_mixin.py:188} INFO - [2026-03-14T23:05:13.196+0000] {dag.py:3954} INFO - Setting next_dagrun for example_subdag_operator.section-2 to None, run_after=None
[2026-03-14T23:05:13.217+0000] {processor.py:183} INFO - Processing /home/airflow/.local/lib/python3.12/site-packages/airflow/example_dags/example_subdag_operator.py took 0.162 seconds
[2026-03-14T23:05:43.270+0000] {processor.py:161} INFO - Started process (PID=361) to work on /home/airflow/.local/lib/python3.12/site-packages/airflow/example_dags/example_subdag_operator.py
[2026-03-14T23:05:43.272+0000] {processor.py:830} INFO - Processing file /home/airflow/.local/lib/python3.12/site-packages/airflow/example_dags/example_subdag_operator.py for tasks to queue
[2026-03-14T23:05:43.275+0000] {logging_mixin.py:188} INFO - [2026-03-14T23:05:43.275+0000] {dagbag.py:545} INFO - Filling up the DagBag from /home/airflow/.local/lib/python3.12/site-packages/airflow/example_dags/example_subdag_operator.py
[2026-03-14T23:05:43.321+0000] {processor.py:840} INFO - DAG(s) 'example_subdag_operator.section-1', 'example_subdag_operator.section-2', 'example_subdag_operator' retrieved from /home/airflow/.local/lib/python3.12/site-packages/airflow/example_dags/example_subdag_operator.py
[2026-03-14T23:05:43.349+0000] {logging_mixin.py:188} INFO - [2026-03-14T23:05:43.349+0000] {dag.py:3096} INFO - Sync 3 DAGs
[2026-03-14T23:05:43.386+0000] {logging_mixin.py:188} INFO - [2026-03-14T23:05:43.386+0000] {dag.py:3954} INFO - Setting next_dagrun for example_subdag_operator to 2022-01-01 00:00:00+00:00, run_after=2022-01-01 00:00:00+00:00
[2026-03-14T23:05:43.391+0000] {logging_mixin.py:188} INFO - [2026-03-14T23:05:43.391+0000] {dag.py:3954} INFO - Setting next_dagrun for example_subdag_operator.section-1 to None, run_after=None
[2026-03-14T23:05:43.393+0000] {logging_mixin.py:188} INFO - [2026-03-14T23:05:43.393+0000] {dag.py:3954} INFO - Setting next_dagrun for example_subdag_operator.section-2 to None, run_after=None
[2026-03-14T23:05:43.405+0000] {logging_mixin.py:188} INFO - [2026-03-14T23:05:43.405+0000] {dag.py:3096} INFO - Sync 2 DAGs
[2026-03-14T23:05:43.414+0000] {logging_mixin.py:188} INFO - [2026-03-14T23:05:43.413+0000] {dag.py:3954} INFO - Setting next_dagrun for example_subdag_operator.section-1 to None, run_after=None
[2026-03-14T23:05:43.414+0000] {logging_mixin.py:188} INFO - [2026-03-14T23:05:43.414+0000] {dag.py:3954} INFO - Setting next_dagrun for example_subdag_operator.section-2 to None, run_after=None
[2026-03-14T23:05:43.435+0000] {processor.py:183} INFO - Processing /home/airflow/.local/lib/python3.12/site-packages/airflow/example_dags/example_subdag_operator.py took 0.174 seconds
[2026-03-14T23:06:13.893+0000] {processor.py:161} INFO - Started process (PID=419) to work on /home/airflow/.local/lib/python3.12/site-packages/airflow/example_dags/example_subdag_operator.py
[2026-03-14T23:06:13.895+0000] {processor.py:830} INFO - Processing file /home/airflow/.local/lib/python3.12/site-packages/airflow/example_dags/example_subdag_operator.py for tasks to queue
[2026-03-14T23:06:13.899+0000] {logging_mixin.py:188} INFO - [2026-03-14T23:06:13.899+0000] {dagbag.py:545} INFO - Filling up the DagBag from /home/airflow/.local/lib/python3.12/site-packages/airflow/example_dags/example_subdag_operator.py
[2026-03-14T23:06:13.936+0000] {processor.py:840} INFO - DAG(s) 'example_subdag_operator.section-1', 'example_subdag_operator.section-2', 'example_subdag_operator' retrieved from /home/airflow/.local/lib/python3.12/site-packages/airflow/example_dags/example_subdag_operator.py
[2026-03-14T23:06:13.958+0000] {logging_mixin.py:188} INFO - [2026-03-14T23:06:13.957+0000] {dag.py:3096} INFO - Sync 3 DAGs
[2026-03-14T23:06:13.988+0000] {logging_mixin.py:188} INFO - [2026-03-14T23:06:13.988+0000] {dag.py:3954} INFO - Setting next_dagrun for example_subdag_operator to 2022-01-01 00:00:00+00:00, run_after=2022-01-01 00:00:00+00:00
[2026-03-14T23:06:13.992+0000] {logging_mixin.py:188} INFO - [2026-03-14T23:06:13.992+0000] {dag.py:3954} INFO - Setting next_dagrun for example_subdag_operator.section-1 to None, run_after=None
[2026-03-14T23:06:13.994+0000] {logging_mixin.py:188} INFO - [2026-03-14T23:06:13.994+0000] {dag.py:3954} INFO - Setting next_dagrun for example_subdag_operator.section-2 to None, run_after=None
[2026-03-14T23:06:14.005+0000] {logging_mixin.py:188} INFO - [2026-03-14T23:06:14.005+0000] {dag.py:3096} INFO - Sync 2 DAGs
[2026-03-14T23:06:14.013+0000] {logging_mixin.py:188} INFO - [2026-03-14T23:06:14.013+0000] {dag.py:3954} INFO - Setting next_dagrun for example_subdag_operator.section-1 to None, run_after=None
[2026-03-14T23:06:14.013+0000] {logging_mixin.py:188} INFO - [2026-03-14T23:06:14.013+0000] {dag.py:3954} INFO - Setting next_dagrun for example_subdag_operator.section-2 to None, run_after=None
[2026-03-14T23:06:14.030+0000] {processor.py:183} INFO - Processing /home/airflow/.local/lib/python3.12/site-packages/airflow/example_dags/example_subdag_operator.py took 0.145 seconds
[2026-03-14T23:06:44.208+0000] {processor.py:161} INFO - Started process (PID=477) to work on /home/airflow/.local/lib/python3.12/site-packages/airflow/example_dags/example_subdag_operator.py
[2026-03-14T23:06:44.210+0000] {processor.py:830} INFO - Processing file /home/airflow/.local/lib/python3.12/site-packages/airflow/example_dags/example_subdag_operator.py for tasks to queue
[2026-03-14T23:06:44.212+0000] {logging_mixin.py:188} INFO - [2026-03-14T23:06:44.211+0000] {dagbag.py:545} INFO - Filling up the DagBag from /home/airflow/.local/lib/python3.12/site-packages/airflow/example_dags/example_subdag_operator.py
[2026-03-14T23:06:44.251+0000] {processor.py:840} INFO - DAG(s) 'example_subdag_operator.section-1', 'example_subdag_operator.section-2', 'example_subdag_operator' retrieved from /home/airflow/.local/lib/python3.12/site-packages/airflow/example_dags/example_subdag_operator.py
[2026-03-14T23:06:44.273+0000] {logging_mixin.py:188} INFO - [2026-03-14T23:06:44.273+0000] {dag.py:3096} INFO - Sync 3 DAGs
[2026-03-14T23:06:44.306+0000] {logging_mixin.py:188} INFO - [2026-03-14T23:06:44.305+0000] {dag.py:3954} INFO - Setting next_dagrun for example_subdag_operator to 2022-01-01 00:00:00+00:00, run_after=2022-01-01 00:00:00+00:00
[2026-03-14T23:06:44.311+0000] {logging_mixin.py:188} INFO - [2026-03-14T23:06:44.311+0000] {dag.py:3954} INFO - Setting next_dagrun for example_subdag_operator.section-1 to None, run_after=None
[2026-03-14T23:06:44.313+0000] {logging_mixin.py:188} INFO - [2026-03-14T23:06:44.313+0000] {dag.py:3954} INFO - Setting next_dagrun for example_subdag_operator.section-2 to None, run_after=None
[2026-03-14T23:06:44.324+0000] {logging_mixin.py:188} INFO - [2026-03-14T23:06:44.324+0000] {dag.py:3096} INFO - Sync 2 DAGs
[2026-03-14T23:06:44.331+0000] {logging_mixin.py:188} INFO - [2026-03-14T23:06:44.331+0000] {dag.py:3954} INFO - Setting next_dagrun for example_subdag_operator.section-1 to None, run_after=None
[2026-03-14T23:06:44.332+0000] {logging_mixin.py:188} INFO - [2026-03-14T23:06:44.331+0000] {dag.py:3954} INFO - Setting next_dagrun for example_subdag_operator.section-2 to None, run_after=None
[2026-03-14T23:06:44.350+0000] {processor.py:183} INFO - Processing /home/airflow/.local/lib/python3.12/site-packages/airflow/example_dags/example_subdag_operator.py took 0.150 seconds
[2026-03-14T23:07:14.391+0000] {processor.py:161} INFO - Started process (PID=535) to work on /home/airflow/.local/lib/python3.12/site-packages/airflow/example_dags/example_subdag_operator.py
[2026-03-14T23:07:14.393+0000] {processor.py:830} INFO - Processing file /home/airflow/.local/lib/python3.12/site-packages/airflow/example_dags/example_subdag_operator.py for tasks to queue
[2026-03-14T23:07:14.395+0000] {logging_mixin.py:188} INFO - [2026-03-14T23:07:14.394+0000] {dagbag.py:545} INFO - Filling up the DagBag from /home/airflow/.local/lib/python3.12/site-packages/airflow/example_dags/example_subdag_operator.py
[2026-03-14T23:07:14.430+0000] {processor.py:840} INFO - DAG(s) 'example_subdag_operator.section-1', 'example_subdag_operator.section-2', 'example_subdag_operator' retrieved from /home/airflow/.local/lib/python3.12/site-packages/airflow/example_dags/example_subdag_operator.py
[2026-03-14T23:07:14.450+0000] {logging_mixin.py:188} INFO - [2026-03-14T23:07:14.449+0000] {dag.py:3096} INFO - Sync 3 DAGs
[2026-03-14T23:07:14.482+0000] {logging_mixin.py:188} INFO - [2026-03-14T23:07:14.482+0000] {dag.py:3954} INFO - Setting next_dagrun for example_subdag_operator to 2022-01-01 00:00:00+00:00, run_after=2022-01-01 00:00:00+00:00
[2026-03-14T23:07:14.488+0000] {logging_mixin.py:188} INFO - [2026-03-14T23:07:14.487+0000] {dag.py:3954} INFO - Setting next_dagrun for example_subdag_operator.section-1 to None, run_after=None
[2026-03-14T23:07:14.491+0000] {logging_mixin.py:188} INFO - [2026-03-14T23:07:14.490+0000] {dag.py:3954} INFO - Setting next_dagrun for example_subdag_operator.section-2 to None, run_after=None
[2026-03-14T23:07:14.500+0000] {logging_mixin.py:188} INFO - [2026-03-14T23:07:14.500+0000] {dag.py:3096} INFO - Sync 2 DAGs
[2026-03-14T23:07:14.509+0000] {logging_mixin.py:188} INFO - [2026-03-14T23:07:14.509+0000] {dag.py:3954} INFO - Setting next_dagrun for example_subdag_operator.section-1 to None, run_after=None
[2026-03-14T23:07:14.510+0000] {logging_mixin.py:188} INFO - [2026-03-14T23:07:14.509+0000] {dag.py:3954} INFO - Setting next_dagrun for example_subdag_operator.section-2 to None, run_after=None
[2026-03-14T23:07:14.532+0000] {processor.py:183} INFO - Processing /home/airflow/.local/lib/python3.12/site-packages/airflow/example_dags/example_subdag_operator.py took 0.149 seconds
[2026-03-14T23:07:44.802+0000] {processor.py:161} INFO - Started process (PID=593) to work on /home/airflow/.local/lib/python3.12/site-packages/airflow/example_dags/example_subdag_operator.py
[2026-03-14T23:07:44.804+0000] {processor.py:830} INFO - Processing file /home/airflow/.local/lib/python3.12/site-packages/airflow/example_dags/example_subdag_operator.py for tasks to queue
[2026-03-14T23:07:44.808+0000] {logging_mixin.py:188} INFO - [2026-03-14T23:07:44.808+0000] {dagbag.py:545} INFO - Filling up the DagBag from /home/airflow/.local/lib/python3.12/site-packages/airflow/example_dags/example_subdag_operator.py
[2026-03-14T23:07:44.844+0000] {processor.py:840} INFO - DAG(s) 'example_subdag_operator.section-1', 'example_subdag_operator.section-2', 'example_subdag_operator' retrieved from /home/airflow/.local/lib/python3.12/site-packages/airflow/example_dags/example_subdag_operator.py
[2026-03-14T23:07:44.865+0000] {logging_mixin.py:188} INFO - [2026-03-14T23:07:44.865+0000] {dag.py:3096} INFO - Sync 3 DAGs
[2026-03-14T23:07:44.895+0000] {logging_mixin.py:188} INFO - [2026-03-14T23:07:44.895+0000] {dag.py:3954} INFO - Setting next_dagrun for example_subdag_operator to 2022-01-01 00:00:00+00:00, run_after=2022-01-01 00:00:00+00:00
[2026-03-14T23:07:44.900+0000] {logging_mixin.py:188} INFO - [2026-03-14T23:07:44.900+0000] {dag.py:3954} INFO - Setting next_dagrun for example_subdag_operator.section-1 to None, run_after=None
[2026-03-14T23:07:44.902+0000] {logging_mixin.py:188} INFO - [2026-03-14T23:07:44.902+0000] {dag.py:3954} INFO - Setting next_dagrun for example_subdag_operator.section-2 to None, run_after=None
[2026-03-14T23:07:44.912+0000] {logging_mixin.py:188} INFO - [2026-03-14T23:07:44.912+0000] {dag.py:3096} INFO - Sync 2 DAGs
[2026-03-14T23:07:44.920+0000] {logging_mixin.py:188} INFO - [2026-03-14T23:07:44.919+0000] {dag.py:3954} INFO - Setting next_dagrun for example_subdag_operator.section-1 to None, run_after=None
[2026-03-14T23:07:44.920+0000] {logging_mixin.py:188} INFO - [2026-03-14T23:07:44.920+0000] {dag.py:3954} INFO - Setting next_dagrun for example_subdag_operator.section-2 to None, run_after=None
[2026-03-14T23:07:44.937+0000] {processor.py:183} INFO - Processing /home/airflow/.local/lib/python3.12/site-packages/airflow/example_dags/example_subdag_operator.py took 0.143 seconds
[2026-03-14T23:08:15.466+0000] {processor.py:161} INFO - Started process (PID=651) to work on /home/airflow/.local/lib/python3.12/site-packages/airflow/example_dags/example_subdag_operator.py
[2026-03-14T23:08:15.468+0000] {processor.py:830} INFO - Processing file /home/airflow/.local/lib/python3.12/site-packages/airflow/example_dags/example_subdag_operator.py for tasks to queue
[2026-03-14T23:08:15.470+0000] {logging_mixin.py:188} INFO - [2026-03-14T23:08:15.470+0000] {dagbag.py:545} INFO - Filling up the DagBag from /home/airflow/.local/lib/python3.12/site-packages/airflow/example_dags/example_subdag_operator.py
[2026-03-14T23:08:15.505+0000] {processor.py:840} INFO - DAG(s) 'example_subdag_operator.section-1', 'example_subdag_operator.section-2', 'example_subdag_operator' retrieved from /home/airflow/.local/lib/python3.12/site-packages/airflow/example_dags/example_subdag_operator.py
[2026-03-14T23:08:15.528+0000] {logging_mixin.py:188} INFO - [2026-03-14T23:08:15.527+0000] {dag.py:3096} INFO - Sync 3 DAGs
[2026-03-14T23:08:15.559+0000] {logging_mixin.py:188} INFO - [2026-03-14T23:08:15.559+0000] {dag.py:3954} INFO - Setting next_dagrun for example_subdag_operator to 2022-01-01 00:00:00+00:00, run_after=2022-01-01 00:00:00+00:00
[2026-03-14T23:08:15.563+0000] {logging_mixin.py:188} INFO - [2026-03-14T23:08:15.563+0000] {dag.py:3954} INFO - Setting next_dagrun for example_subdag_operator.section-1 to None, run_after=None
[2026-03-14T23:08:15.566+0000] {logging_mixin.py:188} INFO - [2026-03-14T23:08:15.565+0000] {dag.py:3954} INFO - Setting next_dagrun for example_subdag_operator.section-2 to None, run_after=None
[2026-03-14T23:08:15.578+0000] {logging_mixin.py:188} INFO - [2026-03-14T23:08:15.578+0000] {dag.py:3096} INFO - Sync 2 DAGs
[2026-03-14T23:08:15.588+0000] {logging_mixin.py:188} INFO - [2026-03-14T23:08:15.588+0000] {dag.py:3954} INFO - Setting next_dagrun for example_subdag_operator.section-1 to None, run_after=None
[2026-03-14T23:08:15.589+0000] {logging_mixin.py:188} INFO - [2026-03-14T23:08:15.588+0000] {dag.py:3954} INFO - Setting next_dagrun for example_subdag_operator.section-2 to None, run_after=None
[2026-03-14T23:08:15.609+0000] {processor.py:183} INFO - Processing /home/airflow/.local/lib/python3.12/site-packages/airflow/example_dags/example_subdag_operator.py took 0.151 seconds
[2026-03-14T23:08:46.189+0000] {processor.py:161} INFO - Started process (PID=709) to work on /home/airflow/.local/lib/python3.12/site-packages/airflow/example_dags/example_subdag_operator.py
[2026-03-14T23:08:46.190+0000] {processor.py:830} INFO - Processing file /home/airflow/.local/lib/python3.12/site-packages/airflow/example_dags/example_subdag_operator.py for tasks to queue
[2026-03-14T23:08:46.194+0000] {logging_mixin.py:188} INFO - [2026-03-14T23:08:46.194+0000] {dagbag.py:545} INFO - Filling up the DagBag from /home/airflow/.local/lib/python3.12/site-packages/airflow/example_dags/example_subdag_operator.py
[2026-03-14T23:08:46.232+0000] {processor.py:840} INFO - DAG(s) 'example_subdag_operator.section-1', 'example_subdag_operator.section-2', 'example_subdag_operator' retrieved from /home/airflow/.local/lib/python3.12/site-packages/airflow/example_dags/example_subdag_operator.py
[2026-03-14T23:08:46.252+0000] {logging_mixin.py:188} INFO - [2026-03-14T23:08:46.252+0000] {dag.py:3096} INFO - Sync 3 DAGs
[2026-03-14T23:08:46.285+0000] {logging_mixin.py:188} INFO - [2026-03-14T23:08:46.284+0000] {dag.py:3954} INFO - Setting next_dagrun for example_subdag_operator to 2022-01-01 00:00:00+00:00, run_after=2022-01-01 00:00:00+00:00
[2026-03-14T23:08:46.289+0000] {logging_mixin.py:188} INFO - [2026-03-14T23:08:46.289+0000] {dag.py:3954} INFO - Setting next_dagrun for example_subdag_operator.section-1 to None, run_after=None
[2026-03-14T23:08:46.291+0000] {logging_mixin.py:188} INFO - [2026-03-14T23:08:46.291+0000] {dag.py:3954} INFO - Setting next_dagrun for example_subdag_operator.section-2 to None, run_after=None
[2026-03-14T23:08:46.302+0000] {logging_mixin.py:188} INFO - [2026-03-14T23:08:46.302+0000] {dag.py:3096} INFO - Sync 2 DAGs
[2026-03-14T23:08:46.310+0000] {logging_mixin.py:188} INFO - [2026-03-14T23:08:46.309+0000] {dag.py:3954} INFO - Setting next_dagrun for example_subdag_operator.section-1 to None, run_after=None
[2026-03-14T23:08:46.311+0000] {logging_mixin.py:188} INFO - [2026-03-14T23:08:46.311+0000] {dag.py:3954} INFO - Setting next_dagrun for example_subdag_operator.section-2 to None, run_after=None
[2026-03-14T23:08:46.331+0000] {processor.py:183} INFO - Processing /home/airflow/.local/lib/python3.12/site-packages/airflow/example_dags/example_subdag_operator.py took 0.152 seconds
[2026-03-14T23:09:16.759+0000] {processor.py:161} INFO - Started process (PID=767) to work on /home/airflow/.local/lib/python3.12/site-packages/airflow/example_dags/example_subdag_operator.py
[2026-03-14T23:09:16.760+0000] {processor.py:830} INFO - Processing file /home/airflow/.local/lib/python3.12/site-packages/airflow/example_dags/example_subdag_operator.py for tasks to queue
[2026-03-14T23:09:16.764+0000] {logging_mixin.py:188} INFO - [2026-03-14T23:09:16.763+0000] {dagbag.py:545} INFO - Filling up the DagBag from /home/airflow/.local/lib/python3.12/site-packages/airflow/example_dags/example_subdag_operator.py
[2026-03-14T23:09:16.800+0000] {processor.py:840} INFO - DAG(s) 'example_subdag_operator.section-1', 'example_subdag_operator.section-2', 'example_subdag_operator' retrieved from /home/airflow/.local/lib/python3.12/site-packages/airflow/example_dags/example_subdag_operator.py
[2026-03-14T23:09:16.819+0000] {logging_mixin.py:188} INFO - [2026-03-14T23:09:16.819+0000] {dag.py:3096} INFO - Sync 3 DAGs
[2026-03-14T23:09:16.850+0000] {logging_mixin.py:188} INFO - [2026-03-14T23:09:16.849+0000] {dag.py:3954} INFO - Setting next_dagrun for example_subdag_operator to 2022-01-01 00:00:00+00:00, run_after=2022-01-01 00:00:00+00:00
[2026-03-14T23:09:16.855+0000] {logging_mixin.py:188} INFO - [2026-03-14T23:09:16.855+0000] {dag.py:3954} INFO - Setting next_dagrun for example_subdag_operator.section-1 to None, run_after=None
[2026-03-14T23:09:16.857+0000] {logging_mixin.py:188} INFO - [2026-03-14T23:09:16.856+0000] {dag.py:3954} INFO - Setting next_dagrun for example_subdag_operator.section-2 to None, run_after=None
[2026-03-14T23:09:16.867+0000] {logging_mixin.py:188} INFO - [2026-03-14T23:09:16.867+0000] {dag.py:3096} INFO - Sync 2 DAGs
[2026-03-14T23:09:16.873+0000] {logging_mixin.py:188} INFO - [2026-03-14T23:09:16.873+0000] {dag.py:3954} INFO - Setting next_dagrun for example_subdag_operator.section-1 to None, run_after=None
[2026-03-14T23:09:16.873+0000] {logging_mixin.py:188} INFO - [2026-03-14T23:09:16.873+0000] {dag.py:3954} INFO - Setting next_dagrun for example_subdag_operator.section-2 to None, run_after=None
[2026-03-14T23:09:16.889+0000] {processor.py:183} INFO - Processing /home/airflow/.local/lib/python3.12/site-packages/airflow/example_dags/example_subdag_operator.py took 0.137 seconds
