[2026-03-14T23:03:02.821+0000] {processor.py:161} INFO - Started process (PID=82) to work on /home/airflow/.local/lib/python3.12/site-packages/airflow/example_dags/example_datasets.py
[2026-03-14T23:03:02.823+0000] {processor.py:830} INFO - Processing file /home/airflow/.local/lib/python3.12/site-packages/airflow/example_dags/example_datasets.py for tasks to queue
[2026-03-14T23:03:02.827+0000] {logging_mixin.py:188} INFO - [2026-03-14T23:03:02.826+0000] {dagbag.py:545} INFO - Filling up the DagBag from /home/airflow/.local/lib/python3.12/site-packages/airflow/example_dags/example_datasets.py
[2026-03-14T23:03:02.929+0000] {processor.py:840} INFO - DAG(s) 'dataset_produces_1', 'conditional_dataset_and_time_based_timetable', 'dataset_produces_2', 'dataset_consumes_unknown_never_scheduled', 'dataset_consumes_1', 'consume_1_or_both_2_and_3_with_dataset_expressions', 'dataset_consumes_1_never_scheduled', 'consume_1_or_2_with_dataset_expressions', 'consume_1_and_2_with_dataset_expressions', 'dataset_consumes_1_and_2' retrieved from /home/airflow/.local/lib/python3.12/site-packages/airflow/example_dags/example_datasets.py
[2026-03-14T23:03:03.881+0000] {logging_mixin.py:188} INFO - [2026-03-14T23:03:03.880+0000] {dag.py:3096} INFO - Sync 10 DAGs
[2026-03-14T23:03:03.965+0000] {logging_mixin.py:188} INFO - [2026-03-14T23:03:03.965+0000] {dag.py:3954} INFO - Setting next_dagrun for conditional_dataset_and_time_based_timetable to 2026-03-11 01:00:00+00:00, run_after=2026-03-11 01:00:00+00:00
[2026-03-14T23:03:03.969+0000] {logging_mixin.py:188} INFO - [2026-03-14T23:03:03.969+0000] {dag.py:3954} INFO - Setting next_dagrun for consume_1_and_2_with_dataset_expressions to None, run_after=None
[2026-03-14T23:03:03.972+0000] {logging_mixin.py:188} INFO - [2026-03-14T23:03:03.971+0000] {dag.py:3954} INFO - Setting next_dagrun for consume_1_or_2_with_dataset_expressions to None, run_after=None
[2026-03-14T23:03:03.975+0000] {logging_mixin.py:188} INFO - [2026-03-14T23:03:03.974+0000] {dag.py:3954} INFO - Setting next_dagrun for consume_1_or_both_2_and_3_with_dataset_expressions to None, run_after=None
[2026-03-14T23:03:03.977+0000] {logging_mixin.py:188} INFO - [2026-03-14T23:03:03.977+0000] {dag.py:3954} INFO - Setting next_dagrun for dataset_consumes_1 to None, run_after=None
[2026-03-14T23:03:03.979+0000] {logging_mixin.py:188} INFO - [2026-03-14T23:03:03.979+0000] {dag.py:3954} INFO - Setting next_dagrun for dataset_consumes_1_and_2 to None, run_after=None
[2026-03-14T23:03:03.981+0000] {logging_mixin.py:188} INFO - [2026-03-14T23:03:03.981+0000] {dag.py:3954} INFO - Setting next_dagrun for dataset_consumes_1_never_scheduled to None, run_after=None
[2026-03-14T23:03:03.983+0000] {logging_mixin.py:188} INFO - [2026-03-14T23:03:03.983+0000] {dag.py:3954} INFO - Setting next_dagrun for dataset_consumes_unknown_never_scheduled to None, run_after=None
[2026-03-14T23:03:03.986+0000] {logging_mixin.py:188} INFO - [2026-03-14T23:03:03.986+0000] {dag.py:3954} INFO - Setting next_dagrun for dataset_produces_1 to 2026-03-13 00:00:00+00:00, run_after=2026-03-14 00:00:00+00:00
[2026-03-14T23:03:03.989+0000] {logging_mixin.py:188} INFO - [2026-03-14T23:03:03.989+0000] {dag.py:3954} INFO - Setting next_dagrun for dataset_produces_2 to None, run_after=None
[2026-03-14T23:03:04.125+0000] {processor.py:183} INFO - Processing /home/airflow/.local/lib/python3.12/site-packages/airflow/example_dags/example_datasets.py took 1.370 seconds
[2026-03-14T23:03:44.029+0000] {processor.py:161} INFO - Started process (PID=140) to work on /home/airflow/.local/lib/python3.12/site-packages/airflow/example_dags/example_datasets.py
[2026-03-14T23:03:44.031+0000] {processor.py:830} INFO - Processing file /home/airflow/.local/lib/python3.12/site-packages/airflow/example_dags/example_datasets.py for tasks to queue
[2026-03-14T23:03:44.035+0000] {logging_mixin.py:188} INFO - [2026-03-14T23:03:44.034+0000] {dagbag.py:545} INFO - Filling up the DagBag from /home/airflow/.local/lib/python3.12/site-packages/airflow/example_dags/example_datasets.py
[2026-03-14T23:03:44.081+0000] {processor.py:840} INFO - DAG(s) 'conditional_dataset_and_time_based_timetable', 'consume_1_or_2_with_dataset_expressions', 'dataset_consumes_1_never_scheduled', 'dataset_produces_2', 'dataset_consumes_unknown_never_scheduled', 'dataset_produces_1', 'consume_1_and_2_with_dataset_expressions', 'dataset_consumes_1', 'dataset_consumes_1_and_2', 'consume_1_or_both_2_and_3_with_dataset_expressions' retrieved from /home/airflow/.local/lib/python3.12/site-packages/airflow/example_dags/example_datasets.py
[2026-03-14T23:03:44.295+0000] {logging_mixin.py:188} INFO - [2026-03-14T23:03:44.294+0000] {dag.py:3096} INFO - Sync 10 DAGs
[2026-03-14T23:03:44.443+0000] {logging_mixin.py:188} INFO - [2026-03-14T23:03:44.442+0000] {dag.py:3954} INFO - Setting next_dagrun for conditional_dataset_and_time_based_timetable to 2026-03-11 01:00:00+00:00, run_after=2026-03-11 01:00:00+00:00
[2026-03-14T23:03:44.463+0000] {logging_mixin.py:188} INFO - [2026-03-14T23:03:44.461+0000] {dag.py:3954} INFO - Setting next_dagrun for consume_1_and_2_with_dataset_expressions to None, run_after=None
[2026-03-14T23:03:44.469+0000] {logging_mixin.py:188} INFO - [2026-03-14T23:03:44.468+0000] {dag.py:3954} INFO - Setting next_dagrun for consume_1_or_2_with_dataset_expressions to None, run_after=None
[2026-03-14T23:03:44.482+0000] {logging_mixin.py:188} INFO - [2026-03-14T23:03:44.473+0000] {dag.py:3954} INFO - Setting next_dagrun for consume_1_or_both_2_and_3_with_dataset_expressions to None, run_after=None
[2026-03-14T23:03:44.487+0000] {logging_mixin.py:188} INFO - [2026-03-14T23:03:44.486+0000] {dag.py:3954} INFO - Setting next_dagrun for dataset_consumes_1 to None, run_after=None
[2026-03-14T23:03:44.491+0000] {logging_mixin.py:188} INFO - [2026-03-14T23:03:44.490+0000] {dag.py:3954} INFO - Setting next_dagrun for dataset_consumes_1_and_2 to None, run_after=None
[2026-03-14T23:03:44.504+0000] {logging_mixin.py:188} INFO - [2026-03-14T23:03:44.497+0000] {dag.py:3954} INFO - Setting next_dagrun for dataset_consumes_1_never_scheduled to None, run_after=None
[2026-03-14T23:03:44.507+0000] {logging_mixin.py:188} INFO - [2026-03-14T23:03:44.507+0000] {dag.py:3954} INFO - Setting next_dagrun for dataset_consumes_unknown_never_scheduled to None, run_after=None
[2026-03-14T23:03:44.513+0000] {logging_mixin.py:188} INFO - [2026-03-14T23:03:44.512+0000] {dag.py:3954} INFO - Setting next_dagrun for dataset_produces_1 to 2026-03-13 00:00:00+00:00, run_after=2026-03-14 00:00:00+00:00
[2026-03-14T23:03:44.527+0000] {logging_mixin.py:188} INFO - [2026-03-14T23:03:44.526+0000] {dag.py:3954} INFO - Setting next_dagrun for dataset_produces_2 to None, run_after=None
[2026-03-14T23:03:44.660+0000] {processor.py:183} INFO - Processing /home/airflow/.local/lib/python3.12/site-packages/airflow/example_dags/example_datasets.py took 0.645 seconds
[2026-03-14T23:04:15.273+0000] {processor.py:161} INFO - Started process (PID=198) to work on /home/airflow/.local/lib/python3.12/site-packages/airflow/example_dags/example_datasets.py
[2026-03-14T23:04:15.292+0000] {processor.py:830} INFO - Processing file /home/airflow/.local/lib/python3.12/site-packages/airflow/example_dags/example_datasets.py for tasks to queue
[2026-03-14T23:04:15.327+0000] {logging_mixin.py:188} INFO - [2026-03-14T23:04:15.326+0000] {dagbag.py:545} INFO - Filling up the DagBag from /home/airflow/.local/lib/python3.12/site-packages/airflow/example_dags/example_datasets.py
[2026-03-14T23:04:15.367+0000] {processor.py:840} INFO - DAG(s) 'consume_1_or_2_with_dataset_expressions', 'consume_1_and_2_with_dataset_expressions', 'dataset_consumes_unknown_never_scheduled', 'dataset_consumes_1', 'dataset_produces_1', 'dataset_consumes_1_and_2', 'consume_1_or_both_2_and_3_with_dataset_expressions', 'conditional_dataset_and_time_based_timetable', 'dataset_consumes_1_never_scheduled', 'dataset_produces_2' retrieved from /home/airflow/.local/lib/python3.12/site-packages/airflow/example_dags/example_datasets.py
[2026-03-14T23:04:15.464+0000] {logging_mixin.py:188} INFO - [2026-03-14T23:04:15.464+0000] {dag.py:3096} INFO - Sync 10 DAGs
[2026-03-14T23:04:15.546+0000] {logging_mixin.py:188} INFO - [2026-03-14T23:04:15.546+0000] {dag.py:3954} INFO - Setting next_dagrun for conditional_dataset_and_time_based_timetable to 2026-03-11 01:00:00+00:00, run_after=2026-03-11 01:00:00+00:00
[2026-03-14T23:04:15.559+0000] {logging_mixin.py:188} INFO - [2026-03-14T23:04:15.559+0000] {dag.py:3954} INFO - Setting next_dagrun for consume_1_and_2_with_dataset_expressions to None, run_after=None
[2026-03-14T23:04:15.561+0000] {logging_mixin.py:188} INFO - [2026-03-14T23:04:15.561+0000] {dag.py:3954} INFO - Setting next_dagrun for consume_1_or_2_with_dataset_expressions to None, run_after=None
[2026-03-14T23:04:15.564+0000] {logging_mixin.py:188} INFO - [2026-03-14T23:04:15.564+0000] {dag.py:3954} INFO - Setting next_dagrun for consume_1_or_both_2_and_3_with_dataset_expressions to None, run_after=None
[2026-03-14T23:04:15.567+0000] {logging_mixin.py:188} INFO - [2026-03-14T23:04:15.566+0000] {dag.py:3954} INFO - Setting next_dagrun for dataset_consumes_1 to None, run_after=None
[2026-03-14T23:04:15.570+0000] {logging_mixin.py:188} INFO - [2026-03-14T23:04:15.570+0000] {dag.py:3954} INFO - Setting next_dagrun for dataset_consumes_1_and_2 to None, run_after=None
[2026-03-14T23:04:15.573+0000] {logging_mixin.py:188} INFO - [2026-03-14T23:04:15.573+0000] {dag.py:3954} INFO - Setting next_dagrun for dataset_consumes_1_never_scheduled to None, run_after=None
[2026-03-14T23:04:15.575+0000] {logging_mixin.py:188} INFO - [2026-03-14T23:04:15.575+0000] {dag.py:3954} INFO - Setting next_dagrun for dataset_consumes_unknown_never_scheduled to None, run_after=None
[2026-03-14T23:04:15.579+0000] {logging_mixin.py:188} INFO - [2026-03-14T23:04:15.579+0000] {dag.py:3954} INFO - Setting next_dagrun for dataset_produces_1 to 2026-03-13 00:00:00+00:00, run_after=2026-03-14 00:00:00+00:00
[2026-03-14T23:04:15.582+0000] {logging_mixin.py:188} INFO - [2026-03-14T23:04:15.581+0000] {dag.py:3954} INFO - Setting next_dagrun for dataset_produces_2 to None, run_after=None
[2026-03-14T23:04:15.664+0000] {processor.py:183} INFO - Processing /home/airflow/.local/lib/python3.12/site-packages/airflow/example_dags/example_datasets.py took 0.407 seconds
[2026-03-14T23:04:45.743+0000] {processor.py:161} INFO - Started process (PID=254) to work on /home/airflow/.local/lib/python3.12/site-packages/airflow/example_dags/example_datasets.py
[2026-03-14T23:04:45.745+0000] {processor.py:830} INFO - Processing file /home/airflow/.local/lib/python3.12/site-packages/airflow/example_dags/example_datasets.py for tasks to queue
[2026-03-14T23:04:45.748+0000] {logging_mixin.py:188} INFO - [2026-03-14T23:04:45.748+0000] {dagbag.py:545} INFO - Filling up the DagBag from /home/airflow/.local/lib/python3.12/site-packages/airflow/example_dags/example_datasets.py
[2026-03-14T23:04:45.768+0000] {processor.py:840} INFO - DAG(s) 'dataset_consumes_1', 'conditional_dataset_and_time_based_timetable', 'dataset_consumes_1_and_2', 'dataset_produces_1', 'dataset_produces_2', 'dataset_consumes_unknown_never_scheduled', 'consume_1_or_2_with_dataset_expressions', 'consume_1_and_2_with_dataset_expressions', 'consume_1_or_both_2_and_3_with_dataset_expressions', 'dataset_consumes_1_never_scheduled' retrieved from /home/airflow/.local/lib/python3.12/site-packages/airflow/example_dags/example_datasets.py
[2026-03-14T23:04:45.847+0000] {logging_mixin.py:188} INFO - [2026-03-14T23:04:45.847+0000] {dag.py:3096} INFO - Sync 10 DAGs
[2026-03-14T23:04:45.883+0000] {logging_mixin.py:188} INFO - [2026-03-14T23:04:45.883+0000] {dag.py:3954} INFO - Setting next_dagrun for conditional_dataset_and_time_based_timetable to 2026-03-11 01:00:00+00:00, run_after=2026-03-11 01:00:00+00:00
[2026-03-14T23:04:45.888+0000] {logging_mixin.py:188} INFO - [2026-03-14T23:04:45.888+0000] {dag.py:3954} INFO - Setting next_dagrun for consume_1_and_2_with_dataset_expressions to None, run_after=None
[2026-03-14T23:04:45.890+0000] {logging_mixin.py:188} INFO - [2026-03-14T23:04:45.890+0000] {dag.py:3954} INFO - Setting next_dagrun for consume_1_or_2_with_dataset_expressions to None, run_after=None
[2026-03-14T23:04:45.892+0000] {logging_mixin.py:188} INFO - [2026-03-14T23:04:45.892+0000] {dag.py:3954} INFO - Setting next_dagrun for consume_1_or_both_2_and_3_with_dataset_expressions to None, run_after=None
[2026-03-14T23:04:45.895+0000] {logging_mixin.py:188} INFO - [2026-03-14T23:04:45.895+0000] {dag.py:3954} INFO - Setting next_dagrun for dataset_consumes_1 to None, run_after=None
[2026-03-14T23:04:45.898+0000] {logging_mixin.py:188} INFO - [2026-03-14T23:04:45.897+0000] {dag.py:3954} INFO - Setting next_dagrun for dataset_consumes_1_and_2 to None, run_after=None
[2026-03-14T23:04:45.899+0000] {logging_mixin.py:188} INFO - [2026-03-14T23:04:45.899+0000] {dag.py:3954} INFO - Setting next_dagrun for dataset_consumes_1_never_scheduled to None, run_after=None
[2026-03-14T23:04:45.901+0000] {logging_mixin.py:188} INFO - [2026-03-14T23:04:45.901+0000] {dag.py:3954} INFO - Setting next_dagrun for dataset_consumes_unknown_never_scheduled to None, run_after=None
[2026-03-14T23:04:45.904+0000] {logging_mixin.py:188} INFO - [2026-03-14T23:04:45.904+0000] {dag.py:3954} INFO - Setting next_dagrun for dataset_produces_1 to 2026-03-13 00:00:00+00:00, run_after=2026-03-14 00:00:00+00:00
[2026-03-14T23:04:45.906+0000] {logging_mixin.py:188} INFO - [2026-03-14T23:04:45.906+0000] {dag.py:3954} INFO - Setting next_dagrun for dataset_produces_2 to None, run_after=None
[2026-03-14T23:04:45.963+0000] {processor.py:183} INFO - Processing /home/airflow/.local/lib/python3.12/site-packages/airflow/example_dags/example_datasets.py took 0.228 seconds
[2026-03-14T23:05:16.010+0000] {processor.py:161} INFO - Started process (PID=313) to work on /home/airflow/.local/lib/python3.12/site-packages/airflow/example_dags/example_datasets.py
[2026-03-14T23:05:16.012+0000] {processor.py:830} INFO - Processing file /home/airflow/.local/lib/python3.12/site-packages/airflow/example_dags/example_datasets.py for tasks to queue
[2026-03-14T23:05:16.016+0000] {logging_mixin.py:188} INFO - [2026-03-14T23:05:16.015+0000] {dagbag.py:545} INFO - Filling up the DagBag from /home/airflow/.local/lib/python3.12/site-packages/airflow/example_dags/example_datasets.py
[2026-03-14T23:05:16.039+0000] {processor.py:840} INFO - DAG(s) 'consume_1_or_2_with_dataset_expressions', 'dataset_consumes_unknown_never_scheduled', 'dataset_consumes_1_never_scheduled', 'consume_1_or_both_2_and_3_with_dataset_expressions', 'dataset_produces_2', 'consume_1_and_2_with_dataset_expressions', 'dataset_consumes_1', 'dataset_produces_1', 'conditional_dataset_and_time_based_timetable', 'dataset_consumes_1_and_2' retrieved from /home/airflow/.local/lib/python3.12/site-packages/airflow/example_dags/example_datasets.py
[2026-03-14T23:05:16.119+0000] {logging_mixin.py:188} INFO - [2026-03-14T23:05:16.119+0000] {dag.py:3096} INFO - Sync 10 DAGs
[2026-03-14T23:05:16.154+0000] {logging_mixin.py:188} INFO - [2026-03-14T23:05:16.154+0000] {dag.py:3954} INFO - Setting next_dagrun for conditional_dataset_and_time_based_timetable to 2026-03-11 01:00:00+00:00, run_after=2026-03-11 01:00:00+00:00
[2026-03-14T23:05:16.159+0000] {logging_mixin.py:188} INFO - [2026-03-14T23:05:16.159+0000] {dag.py:3954} INFO - Setting next_dagrun for consume_1_and_2_with_dataset_expressions to None, run_after=None
[2026-03-14T23:05:16.161+0000] {logging_mixin.py:188} INFO - [2026-03-14T23:05:16.161+0000] {dag.py:3954} INFO - Setting next_dagrun for consume_1_or_2_with_dataset_expressions to None, run_after=None
[2026-03-14T23:05:16.165+0000] {logging_mixin.py:188} INFO - [2026-03-14T23:05:16.164+0000] {dag.py:3954} INFO - Setting next_dagrun for consume_1_or_both_2_and_3_with_dataset_expressions to None, run_after=None
[2026-03-14T23:05:16.167+0000] {logging_mixin.py:188} INFO - [2026-03-14T23:05:16.167+0000] {dag.py:3954} INFO - Setting next_dagrun for dataset_consumes_1 to None, run_after=None
[2026-03-14T23:05:16.168+0000] {logging_mixin.py:188} INFO - [2026-03-14T23:05:16.168+0000] {dag.py:3954} INFO - Setting next_dagrun for dataset_consumes_1_and_2 to None, run_after=None
[2026-03-14T23:05:16.170+0000] {logging_mixin.py:188} INFO - [2026-03-14T23:05:16.170+0000] {dag.py:3954} INFO - Setting next_dagrun for dataset_consumes_1_never_scheduled to None, run_after=None
[2026-03-14T23:05:16.172+0000] {logging_mixin.py:188} INFO - [2026-03-14T23:05:16.172+0000] {dag.py:3954} INFO - Setting next_dagrun for dataset_consumes_unknown_never_scheduled to None, run_after=None
[2026-03-14T23:05:16.176+0000] {logging_mixin.py:188} INFO - [2026-03-14T23:05:16.175+0000] {dag.py:3954} INFO - Setting next_dagrun for dataset_produces_1 to 2026-03-13 00:00:00+00:00, run_after=2026-03-14 00:00:00+00:00
[2026-03-14T23:05:16.177+0000] {logging_mixin.py:188} INFO - [2026-03-14T23:05:16.177+0000] {dag.py:3954} INFO - Setting next_dagrun for dataset_produces_2 to None, run_after=None
[2026-03-14T23:05:16.237+0000] {processor.py:183} INFO - Processing /home/airflow/.local/lib/python3.12/site-packages/airflow/example_dags/example_datasets.py took 0.235 seconds
[2026-03-14T23:05:46.318+0000] {processor.py:161} INFO - Started process (PID=371) to work on /home/airflow/.local/lib/python3.12/site-packages/airflow/example_dags/example_datasets.py
[2026-03-14T23:05:46.320+0000] {processor.py:830} INFO - Processing file /home/airflow/.local/lib/python3.12/site-packages/airflow/example_dags/example_datasets.py for tasks to queue
[2026-03-14T23:05:46.323+0000] {logging_mixin.py:188} INFO - [2026-03-14T23:05:46.322+0000] {dagbag.py:545} INFO - Filling up the DagBag from /home/airflow/.local/lib/python3.12/site-packages/airflow/example_dags/example_datasets.py
[2026-03-14T23:05:46.346+0000] {processor.py:840} INFO - DAG(s) 'dataset_produces_1', 'dataset_consumes_1_and_2', 'dataset_consumes_1_never_scheduled', 'conditional_dataset_and_time_based_timetable', 'dataset_consumes_1', 'dataset_consumes_unknown_never_scheduled', 'consume_1_or_both_2_and_3_with_dataset_expressions', 'consume_1_and_2_with_dataset_expressions', 'dataset_produces_2', 'consume_1_or_2_with_dataset_expressions' retrieved from /home/airflow/.local/lib/python3.12/site-packages/airflow/example_dags/example_datasets.py
[2026-03-14T23:05:46.428+0000] {logging_mixin.py:188} INFO - [2026-03-14T23:05:46.427+0000] {dag.py:3096} INFO - Sync 10 DAGs
[2026-03-14T23:05:46.470+0000] {logging_mixin.py:188} INFO - [2026-03-14T23:05:46.470+0000] {dag.py:3954} INFO - Setting next_dagrun for conditional_dataset_and_time_based_timetable to 2026-03-11 01:00:00+00:00, run_after=2026-03-11 01:00:00+00:00
[2026-03-14T23:05:46.476+0000] {logging_mixin.py:188} INFO - [2026-03-14T23:05:46.476+0000] {dag.py:3954} INFO - Setting next_dagrun for consume_1_and_2_with_dataset_expressions to None, run_after=None
[2026-03-14T23:05:46.480+0000] {logging_mixin.py:188} INFO - [2026-03-14T23:05:46.479+0000] {dag.py:3954} INFO - Setting next_dagrun for consume_1_or_2_with_dataset_expressions to None, run_after=None
[2026-03-14T23:05:46.482+0000] {logging_mixin.py:188} INFO - [2026-03-14T23:05:46.481+0000] {dag.py:3954} INFO - Setting next_dagrun for consume_1_or_both_2_and_3_with_dataset_expressions to None, run_after=None
[2026-03-14T23:05:46.484+0000] {logging_mixin.py:188} INFO - [2026-03-14T23:05:46.484+0000] {dag.py:3954} INFO - Setting next_dagrun for dataset_consumes_1 to None, run_after=None
[2026-03-14T23:05:46.488+0000] {logging_mixin.py:188} INFO - [2026-03-14T23:05:46.487+0000] {dag.py:3954} INFO - Setting next_dagrun for dataset_consumes_1_and_2 to None, run_after=None
[2026-03-14T23:05:46.490+0000] {logging_mixin.py:188} INFO - [2026-03-14T23:05:46.489+0000] {dag.py:3954} INFO - Setting next_dagrun for dataset_consumes_1_never_scheduled to None, run_after=None
[2026-03-14T23:05:46.491+0000] {logging_mixin.py:188} INFO - [2026-03-14T23:05:46.491+0000] {dag.py:3954} INFO - Setting next_dagrun for dataset_consumes_unknown_never_scheduled to None, run_after=None
[2026-03-14T23:05:46.494+0000] {logging_mixin.py:188} INFO - [2026-03-14T23:05:46.494+0000] {dag.py:3954} INFO - Setting next_dagrun for dataset_produces_1 to 2026-03-13 00:00:00+00:00, run_after=2026-03-14 00:00:00+00:00
[2026-03-14T23:05:46.496+0000] {logging_mixin.py:188} INFO - [2026-03-14T23:05:46.496+0000] {dag.py:3954} INFO - Setting next_dagrun for dataset_produces_2 to None, run_after=None
[2026-03-14T23:05:46.556+0000] {processor.py:183} INFO - Processing /home/airflow/.local/lib/python3.12/site-packages/airflow/example_dags/example_datasets.py took 0.250 seconds
[2026-03-14T23:06:16.853+0000] {processor.py:161} INFO - Started process (PID=429) to work on /home/airflow/.local/lib/python3.12/site-packages/airflow/example_dags/example_datasets.py
[2026-03-14T23:06:16.855+0000] {processor.py:830} INFO - Processing file /home/airflow/.local/lib/python3.12/site-packages/airflow/example_dags/example_datasets.py for tasks to queue
[2026-03-14T23:06:16.859+0000] {logging_mixin.py:188} INFO - [2026-03-14T23:06:16.859+0000] {dagbag.py:545} INFO - Filling up the DagBag from /home/airflow/.local/lib/python3.12/site-packages/airflow/example_dags/example_datasets.py
[2026-03-14T23:06:16.883+0000] {processor.py:840} INFO - DAG(s) 'consume_1_or_both_2_and_3_with_dataset_expressions', 'consume_1_and_2_with_dataset_expressions', 'consume_1_or_2_with_dataset_expressions', 'conditional_dataset_and_time_based_timetable', 'dataset_consumes_1', 'dataset_consumes_unknown_never_scheduled', 'dataset_consumes_1_and_2', 'dataset_consumes_1_never_scheduled', 'dataset_produces_1', 'dataset_produces_2' retrieved from /home/airflow/.local/lib/python3.12/site-packages/airflow/example_dags/example_datasets.py
[2026-03-14T23:06:16.960+0000] {logging_mixin.py:188} INFO - [2026-03-14T23:06:16.960+0000] {dag.py:3096} INFO - Sync 10 DAGs
[2026-03-14T23:06:16.994+0000] {logging_mixin.py:188} INFO - [2026-03-14T23:06:16.994+0000] {dag.py:3954} INFO - Setting next_dagrun for conditional_dataset_and_time_based_timetable to 2026-03-11 01:00:00+00:00, run_after=2026-03-11 01:00:00+00:00
[2026-03-14T23:06:16.999+0000] {logging_mixin.py:188} INFO - [2026-03-14T23:06:16.999+0000] {dag.py:3954} INFO - Setting next_dagrun for consume_1_and_2_with_dataset_expressions to None, run_after=None
[2026-03-14T23:06:17.002+0000] {logging_mixin.py:188} INFO - [2026-03-14T23:06:17.001+0000] {dag.py:3954} INFO - Setting next_dagrun for consume_1_or_2_with_dataset_expressions to None, run_after=None
[2026-03-14T23:06:17.003+0000] {logging_mixin.py:188} INFO - [2026-03-14T23:06:17.003+0000] {dag.py:3954} INFO - Setting next_dagrun for consume_1_or_both_2_and_3_with_dataset_expressions to None, run_after=None
[2026-03-14T23:06:17.005+0000] {logging_mixin.py:188} INFO - [2026-03-14T23:06:17.005+0000] {dag.py:3954} INFO - Setting next_dagrun for dataset_consumes_1 to None, run_after=None
[2026-03-14T23:06:17.009+0000] {logging_mixin.py:188} INFO - [2026-03-14T23:06:17.009+0000] {dag.py:3954} INFO - Setting next_dagrun for dataset_consumes_1_and_2 to None, run_after=None
[2026-03-14T23:06:17.011+0000] {logging_mixin.py:188} INFO - [2026-03-14T23:06:17.011+0000] {dag.py:3954} INFO - Setting next_dagrun for dataset_consumes_1_never_scheduled to None, run_after=None
[2026-03-14T23:06:17.013+0000] {logging_mixin.py:188} INFO - [2026-03-14T23:06:17.013+0000] {dag.py:3954} INFO - Setting next_dagrun for dataset_consumes_unknown_never_scheduled to None, run_after=None
[2026-03-14T23:06:17.016+0000] {logging_mixin.py:188} INFO - [2026-03-14T23:06:17.016+0000] {dag.py:3954} INFO - Setting next_dagrun for dataset_produces_1 to 2026-03-13 00:00:00+00:00, run_after=2026-03-14 00:00:00+00:00
[2026-03-14T23:06:17.019+0000] {logging_mixin.py:188} INFO - [2026-03-14T23:06:17.018+0000] {dag.py:3954} INFO - Setting next_dagrun for dataset_produces_2 to None, run_after=None
[2026-03-14T23:06:17.080+0000] {processor.py:183} INFO - Processing /home/airflow/.local/lib/python3.12/site-packages/airflow/example_dags/example_datasets.py took 0.235 seconds
[2026-03-14T23:06:47.146+0000] {processor.py:161} INFO - Started process (PID=488) to work on /home/airflow/.local/lib/python3.12/site-packages/airflow/example_dags/example_datasets.py
[2026-03-14T23:06:47.148+0000] {processor.py:830} INFO - Processing file /home/airflow/.local/lib/python3.12/site-packages/airflow/example_dags/example_datasets.py for tasks to queue
[2026-03-14T23:06:47.151+0000] {logging_mixin.py:188} INFO - [2026-03-14T23:06:47.151+0000] {dagbag.py:545} INFO - Filling up the DagBag from /home/airflow/.local/lib/python3.12/site-packages/airflow/example_dags/example_datasets.py
[2026-03-14T23:06:47.174+0000] {processor.py:840} INFO - DAG(s) 'dataset_produces_2', 'dataset_consumes_1', 'consume_1_or_2_with_dataset_expressions', 'consume_1_or_both_2_and_3_with_dataset_expressions', 'dataset_consumes_1_never_scheduled', 'dataset_consumes_unknown_never_scheduled', 'dataset_produces_1', 'consume_1_and_2_with_dataset_expressions', 'dataset_consumes_1_and_2', 'conditional_dataset_and_time_based_timetable' retrieved from /home/airflow/.local/lib/python3.12/site-packages/airflow/example_dags/example_datasets.py
[2026-03-14T23:06:47.248+0000] {logging_mixin.py:188} INFO - [2026-03-14T23:06:47.247+0000] {dag.py:3096} INFO - Sync 10 DAGs
[2026-03-14T23:06:47.282+0000] {logging_mixin.py:188} INFO - [2026-03-14T23:06:47.282+0000] {dag.py:3954} INFO - Setting next_dagrun for conditional_dataset_and_time_based_timetable to 2026-03-11 01:00:00+00:00, run_after=2026-03-11 01:00:00+00:00
[2026-03-14T23:06:47.289+0000] {logging_mixin.py:188} INFO - [2026-03-14T23:06:47.288+0000] {dag.py:3954} INFO - Setting next_dagrun for consume_1_and_2_with_dataset_expressions to None, run_after=None
[2026-03-14T23:06:47.291+0000] {logging_mixin.py:188} INFO - [2026-03-14T23:06:47.291+0000] {dag.py:3954} INFO - Setting next_dagrun for consume_1_or_2_with_dataset_expressions to None, run_after=None
[2026-03-14T23:06:47.292+0000] {logging_mixin.py:188} INFO - [2026-03-14T23:06:47.292+0000] {dag.py:3954} INFO - Setting next_dagrun for consume_1_or_both_2_and_3_with_dataset_expressions to None, run_after=None
[2026-03-14T23:06:47.294+0000] {logging_mixin.py:188} INFO - [2026-03-14T23:06:47.293+0000] {dag.py:3954} INFO - Setting next_dagrun for dataset_consumes_1 to None, run_after=None
[2026-03-14T23:06:47.295+0000] {logging_mixin.py:188} INFO - [2026-03-14T23:06:47.295+0000] {dag.py:3954} INFO - Setting next_dagrun for dataset_consumes_1_and_2 to None, run_after=None
[2026-03-14T23:06:47.297+0000] {logging_mixin.py:188} INFO - [2026-03-14T23:06:47.296+0000] {dag.py:3954} INFO - Setting next_dagrun for dataset_consumes_1_never_scheduled to None, run_after=None
[2026-03-14T23:06:47.298+0000] {logging_mixin.py:188} INFO - [2026-03-14T23:06:47.298+0000] {dag.py:3954} INFO - Setting next_dagrun for dataset_consumes_unknown_never_scheduled to None, run_after=None
[2026-03-14T23:06:47.300+0000] {logging_mixin.py:188} INFO - [2026-03-14T23:06:47.300+0000] {dag.py:3954} INFO - Setting next_dagrun for dataset_produces_1 to 2026-03-13 00:00:00+00:00, run_after=2026-03-14 00:00:00+00:00
[2026-03-14T23:06:47.303+0000] {logging_mixin.py:188} INFO - [2026-03-14T23:06:47.303+0000] {dag.py:3954} INFO - Setting next_dagrun for dataset_produces_2 to None, run_after=None
[2026-03-14T23:06:47.359+0000] {processor.py:183} INFO - Processing /home/airflow/.local/lib/python3.12/site-packages/airflow/example_dags/example_datasets.py took 0.221 seconds
[2026-03-14T23:07:18.240+0000] {processor.py:161} INFO - Started process (PID=546) to work on /home/airflow/.local/lib/python3.12/site-packages/airflow/example_dags/example_datasets.py
[2026-03-14T23:07:18.243+0000] {processor.py:830} INFO - Processing file /home/airflow/.local/lib/python3.12/site-packages/airflow/example_dags/example_datasets.py for tasks to queue
[2026-03-14T23:07:18.245+0000] {logging_mixin.py:188} INFO - [2026-03-14T23:07:18.244+0000] {dagbag.py:545} INFO - Filling up the DagBag from /home/airflow/.local/lib/python3.12/site-packages/airflow/example_dags/example_datasets.py
[2026-03-14T23:07:18.266+0000] {processor.py:840} INFO - DAG(s) 'dataset_produces_1', 'dataset_consumes_1', 'consume_1_or_both_2_and_3_with_dataset_expressions', 'conditional_dataset_and_time_based_timetable', 'dataset_consumes_1_never_scheduled', 'consume_1_and_2_with_dataset_expressions', 'consume_1_or_2_with_dataset_expressions', 'dataset_consumes_unknown_never_scheduled', 'dataset_consumes_1_and_2', 'dataset_produces_2' retrieved from /home/airflow/.local/lib/python3.12/site-packages/airflow/example_dags/example_datasets.py
[2026-03-14T23:07:18.344+0000] {logging_mixin.py:188} INFO - [2026-03-14T23:07:18.344+0000] {dag.py:3096} INFO - Sync 10 DAGs
[2026-03-14T23:07:18.379+0000] {logging_mixin.py:188} INFO - [2026-03-14T23:07:18.378+0000] {dag.py:3954} INFO - Setting next_dagrun for conditional_dataset_and_time_based_timetable to 2026-03-11 01:00:00+00:00, run_after=2026-03-11 01:00:00+00:00
[2026-03-14T23:07:18.384+0000] {logging_mixin.py:188} INFO - [2026-03-14T23:07:18.384+0000] {dag.py:3954} INFO - Setting next_dagrun for consume_1_and_2_with_dataset_expressions to None, run_after=None
[2026-03-14T23:07:18.386+0000] {logging_mixin.py:188} INFO - [2026-03-14T23:07:18.386+0000] {dag.py:3954} INFO - Setting next_dagrun for consume_1_or_2_with_dataset_expressions to None, run_after=None
[2026-03-14T23:07:18.388+0000] {logging_mixin.py:188} INFO - [2026-03-14T23:07:18.388+0000] {dag.py:3954} INFO - Setting next_dagrun for consume_1_or_both_2_and_3_with_dataset_expressions to None, run_after=None
[2026-03-14T23:07:18.394+0000] {logging_mixin.py:188} INFO - [2026-03-14T23:07:18.393+0000] {dag.py:3954} INFO - Setting next_dagrun for dataset_consumes_1 to None, run_after=None
[2026-03-14T23:07:18.396+0000] {logging_mixin.py:188} INFO - [2026-03-14T23:07:18.396+0000] {dag.py:3954} INFO - Setting next_dagrun for dataset_consumes_1_and_2 to None, run_after=None
[2026-03-14T23:07:18.398+0000] {logging_mixin.py:188} INFO - [2026-03-14T23:07:18.398+0000] {dag.py:3954} INFO - Setting next_dagrun for dataset_consumes_1_never_scheduled to None, run_after=None
[2026-03-14T23:07:18.400+0000] {logging_mixin.py:188} INFO - [2026-03-14T23:07:18.400+0000] {dag.py:3954} INFO - Setting next_dagrun for dataset_consumes_unknown_never_scheduled to None, run_after=None
[2026-03-14T23:07:18.403+0000] {logging_mixin.py:188} INFO - [2026-03-14T23:07:18.403+0000] {dag.py:3954} INFO - Setting next_dagrun for dataset_produces_1 to 2026-03-13 00:00:00+00:00, run_after=2026-03-14 00:00:00+00:00
[2026-03-14T23:07:18.405+0000] {logging_mixin.py:188} INFO - [2026-03-14T23:07:18.405+0000] {dag.py:3954} INFO - Setting next_dagrun for dataset_produces_2 to None, run_after=None
[2026-03-14T23:07:18.464+0000] {processor.py:183} INFO - Processing /home/airflow/.local/lib/python3.12/site-packages/airflow/example_dags/example_datasets.py took 0.232 seconds
[2026-03-14T23:07:48.796+0000] {processor.py:161} INFO - Started process (PID=604) to work on /home/airflow/.local/lib/python3.12/site-packages/airflow/example_dags/example_datasets.py
[2026-03-14T23:07:48.797+0000] {processor.py:830} INFO - Processing file /home/airflow/.local/lib/python3.12/site-packages/airflow/example_dags/example_datasets.py for tasks to queue
[2026-03-14T23:07:48.799+0000] {logging_mixin.py:188} INFO - [2026-03-14T23:07:48.799+0000] {dagbag.py:545} INFO - Filling up the DagBag from /home/airflow/.local/lib/python3.12/site-packages/airflow/example_dags/example_datasets.py
[2026-03-14T23:07:48.819+0000] {processor.py:840} INFO - DAG(s) 'dataset_consumes_1', 'dataset_consumes_unknown_never_scheduled', 'dataset_consumes_1_never_scheduled', 'consume_1_and_2_with_dataset_expressions', 'dataset_produces_1', 'consume_1_or_both_2_and_3_with_dataset_expressions', 'dataset_consumes_1_and_2', 'consume_1_or_2_with_dataset_expressions', 'conditional_dataset_and_time_based_timetable', 'dataset_produces_2' retrieved from /home/airflow/.local/lib/python3.12/site-packages/airflow/example_dags/example_datasets.py
[2026-03-14T23:07:48.888+0000] {logging_mixin.py:188} INFO - [2026-03-14T23:07:48.888+0000] {dag.py:3096} INFO - Sync 10 DAGs
[2026-03-14T23:07:48.922+0000] {logging_mixin.py:188} INFO - [2026-03-14T23:07:48.922+0000] {dag.py:3954} INFO - Setting next_dagrun for conditional_dataset_and_time_based_timetable to 2026-03-11 01:00:00+00:00, run_after=2026-03-11 01:00:00+00:00
[2026-03-14T23:07:48.929+0000] {logging_mixin.py:188} INFO - [2026-03-14T23:07:48.929+0000] {dag.py:3954} INFO - Setting next_dagrun for consume_1_and_2_with_dataset_expressions to None, run_after=None
[2026-03-14T23:07:48.931+0000] {logging_mixin.py:188} INFO - [2026-03-14T23:07:48.931+0000] {dag.py:3954} INFO - Setting next_dagrun for consume_1_or_2_with_dataset_expressions to None, run_after=None
[2026-03-14T23:07:48.933+0000] {logging_mixin.py:188} INFO - [2026-03-14T23:07:48.933+0000] {dag.py:3954} INFO - Setting next_dagrun for consume_1_or_both_2_and_3_with_dataset_expressions to None, run_after=None
[2026-03-14T23:07:48.935+0000] {logging_mixin.py:188} INFO - [2026-03-14T23:07:48.935+0000] {dag.py:3954} INFO - Setting next_dagrun for dataset_consumes_1 to None, run_after=None
[2026-03-14T23:07:48.937+0000] {logging_mixin.py:188} INFO - [2026-03-14T23:07:48.936+0000] {dag.py:3954} INFO - Setting next_dagrun for dataset_consumes_1_and_2 to None, run_after=None
[2026-03-14T23:07:48.938+0000] {logging_mixin.py:188} INFO - [2026-03-14T23:07:48.938+0000] {dag.py:3954} INFO - Setting next_dagrun for dataset_consumes_1_never_scheduled to None, run_after=None
[2026-03-14T23:07:48.942+0000] {logging_mixin.py:188} INFO - [2026-03-14T23:07:48.941+0000] {dag.py:3954} INFO - Setting next_dagrun for dataset_consumes_unknown_never_scheduled to None, run_after=None
[2026-03-14T23:07:48.946+0000] {logging_mixin.py:188} INFO - [2026-03-14T23:07:48.946+0000] {dag.py:3954} INFO - Setting next_dagrun for dataset_produces_1 to 2026-03-13 00:00:00+00:00, run_after=2026-03-14 00:00:00+00:00
[2026-03-14T23:07:48.948+0000] {logging_mixin.py:188} INFO - [2026-03-14T23:07:48.948+0000] {dag.py:3954} INFO - Setting next_dagrun for dataset_produces_2 to None, run_after=None
[2026-03-14T23:07:49.015+0000] {processor.py:183} INFO - Processing /home/airflow/.local/lib/python3.12/site-packages/airflow/example_dags/example_datasets.py took 0.229 seconds
[2026-03-14T23:08:19.419+0000] {processor.py:161} INFO - Started process (PID=662) to work on /home/airflow/.local/lib/python3.12/site-packages/airflow/example_dags/example_datasets.py
[2026-03-14T23:08:19.438+0000] {processor.py:830} INFO - Processing file /home/airflow/.local/lib/python3.12/site-packages/airflow/example_dags/example_datasets.py for tasks to queue
[2026-03-14T23:08:19.440+0000] {logging_mixin.py:188} INFO - [2026-03-14T23:08:19.440+0000] {dagbag.py:545} INFO - Filling up the DagBag from /home/airflow/.local/lib/python3.12/site-packages/airflow/example_dags/example_datasets.py
[2026-03-14T23:08:19.458+0000] {processor.py:840} INFO - DAG(s) 'consume_1_or_both_2_and_3_with_dataset_expressions', 'dataset_produces_1', 'consume_1_or_2_with_dataset_expressions', 'dataset_consumes_unknown_never_scheduled', 'consume_1_and_2_with_dataset_expressions', 'conditional_dataset_and_time_based_timetable', 'dataset_consumes_1_never_scheduled', 'dataset_produces_2', 'dataset_consumes_1_and_2', 'dataset_consumes_1' retrieved from /home/airflow/.local/lib/python3.12/site-packages/airflow/example_dags/example_datasets.py
[2026-03-14T23:08:19.528+0000] {logging_mixin.py:188} INFO - [2026-03-14T23:08:19.527+0000] {dag.py:3096} INFO - Sync 10 DAGs
[2026-03-14T23:08:19.565+0000] {logging_mixin.py:188} INFO - [2026-03-14T23:08:19.564+0000] {dag.py:3954} INFO - Setting next_dagrun for conditional_dataset_and_time_based_timetable to 2026-03-11 01:00:00+00:00, run_after=2026-03-11 01:00:00+00:00
[2026-03-14T23:08:19.572+0000] {logging_mixin.py:188} INFO - [2026-03-14T23:08:19.571+0000] {dag.py:3954} INFO - Setting next_dagrun for consume_1_and_2_with_dataset_expressions to None, run_after=None
[2026-03-14T23:08:19.574+0000] {logging_mixin.py:188} INFO - [2026-03-14T23:08:19.574+0000] {dag.py:3954} INFO - Setting next_dagrun for consume_1_or_2_with_dataset_expressions to None, run_after=None
[2026-03-14T23:08:19.575+0000] {logging_mixin.py:188} INFO - [2026-03-14T23:08:19.575+0000] {dag.py:3954} INFO - Setting next_dagrun for consume_1_or_both_2_and_3_with_dataset_expressions to None, run_after=None
[2026-03-14T23:08:19.577+0000] {logging_mixin.py:188} INFO - [2026-03-14T23:08:19.577+0000] {dag.py:3954} INFO - Setting next_dagrun for dataset_consumes_1 to None, run_after=None
[2026-03-14T23:08:19.579+0000] {logging_mixin.py:188} INFO - [2026-03-14T23:08:19.579+0000] {dag.py:3954} INFO - Setting next_dagrun for dataset_consumes_1_and_2 to None, run_after=None
[2026-03-14T23:08:19.581+0000] {logging_mixin.py:188} INFO - [2026-03-14T23:08:19.580+0000] {dag.py:3954} INFO - Setting next_dagrun for dataset_consumes_1_never_scheduled to None, run_after=None
[2026-03-14T23:08:19.583+0000] {logging_mixin.py:188} INFO - [2026-03-14T23:08:19.582+0000] {dag.py:3954} INFO - Setting next_dagrun for dataset_consumes_unknown_never_scheduled to None, run_after=None
[2026-03-14T23:08:19.588+0000] {logging_mixin.py:188} INFO - [2026-03-14T23:08:19.587+0000] {dag.py:3954} INFO - Setting next_dagrun for dataset_produces_1 to 2026-03-13 00:00:00+00:00, run_after=2026-03-14 00:00:00+00:00
[2026-03-14T23:08:19.590+0000] {logging_mixin.py:188} INFO - [2026-03-14T23:08:19.590+0000] {dag.py:3954} INFO - Setting next_dagrun for dataset_produces_2 to None, run_after=None
[2026-03-14T23:08:19.647+0000] {processor.py:183} INFO - Processing /home/airflow/.local/lib/python3.12/site-packages/airflow/example_dags/example_datasets.py took 0.240 seconds
[2026-03-14T23:08:50.230+0000] {processor.py:161} INFO - Started process (PID=720) to work on /home/airflow/.local/lib/python3.12/site-packages/airflow/example_dags/example_datasets.py
[2026-03-14T23:08:50.234+0000] {processor.py:830} INFO - Processing file /home/airflow/.local/lib/python3.12/site-packages/airflow/example_dags/example_datasets.py for tasks to queue
[2026-03-14T23:08:50.239+0000] {logging_mixin.py:188} INFO - [2026-03-14T23:08:50.237+0000] {dagbag.py:545} INFO - Filling up the DagBag from /home/airflow/.local/lib/python3.12/site-packages/airflow/example_dags/example_datasets.py
[2026-03-14T23:08:50.322+0000] {processor.py:840} INFO - DAG(s) 'conditional_dataset_and_time_based_timetable', 'consume_1_and_2_with_dataset_expressions', 'consume_1_or_2_with_dataset_expressions', 'dataset_produces_1', 'consume_1_or_both_2_and_3_with_dataset_expressions', 'dataset_consumes_1_and_2', 'dataset_consumes_1', 'dataset_consumes_1_never_scheduled', 'dataset_consumes_unknown_never_scheduled', 'dataset_produces_2' retrieved from /home/airflow/.local/lib/python3.12/site-packages/airflow/example_dags/example_datasets.py
[2026-03-14T23:08:50.516+0000] {logging_mixin.py:188} INFO - [2026-03-14T23:08:50.515+0000] {dag.py:3096} INFO - Sync 10 DAGs
[2026-03-14T23:08:50.601+0000] {logging_mixin.py:188} INFO - [2026-03-14T23:08:50.601+0000] {dag.py:3954} INFO - Setting next_dagrun for conditional_dataset_and_time_based_timetable to 2026-03-11 01:00:00+00:00, run_after=2026-03-11 01:00:00+00:00
[2026-03-14T23:08:50.610+0000] {logging_mixin.py:188} INFO - [2026-03-14T23:08:50.609+0000] {dag.py:3954} INFO - Setting next_dagrun for consume_1_and_2_with_dataset_expressions to None, run_after=None
[2026-03-14T23:08:50.613+0000] {logging_mixin.py:188} INFO - [2026-03-14T23:08:50.613+0000] {dag.py:3954} INFO - Setting next_dagrun for consume_1_or_2_with_dataset_expressions to None, run_after=None
[2026-03-14T23:08:50.616+0000] {logging_mixin.py:188} INFO - [2026-03-14T23:08:50.615+0000] {dag.py:3954} INFO - Setting next_dagrun for consume_1_or_both_2_and_3_with_dataset_expressions to None, run_after=None
[2026-03-14T23:08:50.619+0000] {logging_mixin.py:188} INFO - [2026-03-14T23:08:50.618+0000] {dag.py:3954} INFO - Setting next_dagrun for dataset_consumes_1 to None, run_after=None
[2026-03-14T23:08:50.625+0000] {logging_mixin.py:188} INFO - [2026-03-14T23:08:50.624+0000] {dag.py:3954} INFO - Setting next_dagrun for dataset_consumes_1_and_2 to None, run_after=None
[2026-03-14T23:08:50.627+0000] {logging_mixin.py:188} INFO - [2026-03-14T23:08:50.627+0000] {dag.py:3954} INFO - Setting next_dagrun for dataset_consumes_1_never_scheduled to None, run_after=None
[2026-03-14T23:08:50.630+0000] {logging_mixin.py:188} INFO - [2026-03-14T23:08:50.630+0000] {dag.py:3954} INFO - Setting next_dagrun for dataset_consumes_unknown_never_scheduled to None, run_after=None
[2026-03-14T23:08:50.635+0000] {logging_mixin.py:188} INFO - [2026-03-14T23:08:50.635+0000] {dag.py:3954} INFO - Setting next_dagrun for dataset_produces_1 to 2026-03-13 00:00:00+00:00, run_after=2026-03-14 00:00:00+00:00
[2026-03-14T23:08:50.638+0000] {logging_mixin.py:188} INFO - [2026-03-14T23:08:50.637+0000] {dag.py:3954} INFO - Setting next_dagrun for dataset_produces_2 to None, run_after=None
[2026-03-14T23:08:50.808+0000] {processor.py:183} INFO - Processing /home/airflow/.local/lib/python3.12/site-packages/airflow/example_dags/example_datasets.py took 0.593 seconds
[2026-03-14T23:09:21.760+0000] {processor.py:161} INFO - Started process (PID=779) to work on /home/airflow/.local/lib/python3.12/site-packages/airflow/example_dags/example_datasets.py
[2026-03-14T23:09:21.762+0000] {processor.py:830} INFO - Processing file /home/airflow/.local/lib/python3.12/site-packages/airflow/example_dags/example_datasets.py for tasks to queue
[2026-03-14T23:09:21.764+0000] {logging_mixin.py:188} INFO - [2026-03-14T23:09:21.764+0000] {dagbag.py:545} INFO - Filling up the DagBag from /home/airflow/.local/lib/python3.12/site-packages/airflow/example_dags/example_datasets.py
[2026-03-14T23:09:21.783+0000] {processor.py:840} INFO - DAG(s) 'dataset_consumes_unknown_never_scheduled', 'consume_1_or_2_with_dataset_expressions', 'consume_1_and_2_with_dataset_expressions', 'consume_1_or_both_2_and_3_with_dataset_expressions', 'dataset_consumes_1', 'dataset_produces_1', 'dataset_consumes_1_and_2', 'dataset_produces_2', 'dataset_consumes_1_never_scheduled', 'conditional_dataset_and_time_based_timetable' retrieved from /home/airflow/.local/lib/python3.12/site-packages/airflow/example_dags/example_datasets.py
[2026-03-14T23:09:21.856+0000] {logging_mixin.py:188} INFO - [2026-03-14T23:09:21.855+0000] {dag.py:3096} INFO - Sync 10 DAGs
[2026-03-14T23:09:21.891+0000] {logging_mixin.py:188} INFO - [2026-03-14T23:09:21.890+0000] {dag.py:3954} INFO - Setting next_dagrun for conditional_dataset_and_time_based_timetable to 2026-03-11 01:00:00+00:00, run_after=2026-03-11 01:00:00+00:00
[2026-03-14T23:09:21.896+0000] {logging_mixin.py:188} INFO - [2026-03-14T23:09:21.895+0000] {dag.py:3954} INFO - Setting next_dagrun for consume_1_and_2_with_dataset_expressions to None, run_after=None
[2026-03-14T23:09:21.897+0000] {logging_mixin.py:188} INFO - [2026-03-14T23:09:21.897+0000] {dag.py:3954} INFO - Setting next_dagrun for consume_1_or_2_with_dataset_expressions to None, run_after=None
[2026-03-14T23:09:21.899+0000] {logging_mixin.py:188} INFO - [2026-03-14T23:09:21.899+0000] {dag.py:3954} INFO - Setting next_dagrun for consume_1_or_both_2_and_3_with_dataset_expressions to None, run_after=None
[2026-03-14T23:09:21.902+0000] {logging_mixin.py:188} INFO - [2026-03-14T23:09:21.902+0000] {dag.py:3954} INFO - Setting next_dagrun for dataset_consumes_1 to None, run_after=None
[2026-03-14T23:09:21.904+0000] {logging_mixin.py:188} INFO - [2026-03-14T23:09:21.904+0000] {dag.py:3954} INFO - Setting next_dagrun for dataset_consumes_1_and_2 to None, run_after=None
[2026-03-14T23:09:21.905+0000] {logging_mixin.py:188} INFO - [2026-03-14T23:09:21.905+0000] {dag.py:3954} INFO - Setting next_dagrun for dataset_consumes_1_never_scheduled to None, run_after=None
[2026-03-14T23:09:21.908+0000] {logging_mixin.py:188} INFO - [2026-03-14T23:09:21.908+0000] {dag.py:3954} INFO - Setting next_dagrun for dataset_consumes_unknown_never_scheduled to None, run_after=None
[2026-03-14T23:09:21.911+0000] {logging_mixin.py:188} INFO - [2026-03-14T23:09:21.911+0000] {dag.py:3954} INFO - Setting next_dagrun for dataset_produces_1 to 2026-03-13 00:00:00+00:00, run_after=2026-03-14 00:00:00+00:00
[2026-03-14T23:09:21.913+0000] {logging_mixin.py:188} INFO - [2026-03-14T23:09:21.913+0000] {dag.py:3954} INFO - Setting next_dagrun for dataset_produces_2 to None, run_after=None
[2026-03-14T23:09:21.968+0000] {processor.py:183} INFO - Processing /home/airflow/.local/lib/python3.12/site-packages/airflow/example_dags/example_datasets.py took 0.215 seconds
