[2026-03-14T23:03:06.644+0000] {processor.py:161} INFO - Started process (PID=90) to work on /home/airflow/.local/lib/python3.12/site-packages/airflow/example_dags/example_bash_operator.py
[2026-03-14T23:03:06.646+0000] {processor.py:830} INFO - Processing file /home/airflow/.local/lib/python3.12/site-packages/airflow/example_dags/example_bash_operator.py for tasks to queue
[2026-03-14T23:03:06.650+0000] {logging_mixin.py:188} INFO - [2026-03-14T23:03:06.649+0000] {dagbag.py:545} INFO - Filling up the DagBag from /home/airflow/.local/lib/python3.12/site-packages/airflow/example_dags/example_bash_operator.py
[2026-03-14T23:03:06.790+0000] {processor.py:840} INFO - DAG(s) 'example_bash_operator' retrieved from /home/airflow/.local/lib/python3.12/site-packages/airflow/example_dags/example_bash_operator.py
[2026-03-14T23:03:07.251+0000] {logging_mixin.py:188} INFO - [2026-03-14T23:03:07.251+0000] {dag.py:3096} INFO - Sync 1 DAGs
[2026-03-14T23:03:07.316+0000] {logging_mixin.py:188} INFO - [2026-03-14T23:03:07.315+0000] {dag.py:3954} INFO - Setting next_dagrun for example_bash_operator to 2026-03-13 00:00:00+00:00, run_after=2026-03-14 00:00:00+00:00
[2026-03-14T23:03:07.437+0000] {processor.py:183} INFO - Processing /home/airflow/.local/lib/python3.12/site-packages/airflow/example_dags/example_bash_operator.py took 0.806 seconds
[2026-03-14T23:03:45.557+0000] {processor.py:161} INFO - Started process (PID=148) to work on /home/airflow/.local/lib/python3.12/site-packages/airflow/example_dags/example_bash_operator.py
[2026-03-14T23:03:45.558+0000] {processor.py:830} INFO - Processing file /home/airflow/.local/lib/python3.12/site-packages/airflow/example_dags/example_bash_operator.py for tasks to queue
[2026-03-14T23:03:45.561+0000] {logging_mixin.py:188} INFO - [2026-03-14T23:03:45.561+0000] {dagbag.py:545} INFO - Filling up the DagBag from /home/airflow/.local/lib/python3.12/site-packages/airflow/example_dags/example_bash_operator.py
[2026-03-14T23:03:45.591+0000] {processor.py:840} INFO - DAG(s) 'example_bash_operator' retrieved from /home/airflow/.local/lib/python3.12/site-packages/airflow/example_dags/example_bash_operator.py
[2026-03-14T23:03:45.646+0000] {logging_mixin.py:188} INFO - [2026-03-14T23:03:45.646+0000] {dag.py:3096} INFO - Sync 1 DAGs
[2026-03-14T23:03:45.696+0000] {logging_mixin.py:188} INFO - [2026-03-14T23:03:45.695+0000] {dag.py:3954} INFO - Setting next_dagrun for example_bash_operator to 2026-03-13 00:00:00+00:00, run_after=2026-03-14 00:00:00+00:00
[2026-03-14T23:03:45.736+0000] {processor.py:183} INFO - Processing /home/airflow/.local/lib/python3.12/site-packages/airflow/example_dags/example_bash_operator.py took 0.191 seconds
[2026-03-14T23:04:16.222+0000] {processor.py:161} INFO - Started process (PID=206) to work on /home/airflow/.local/lib/python3.12/site-packages/airflow/example_dags/example_bash_operator.py
[2026-03-14T23:04:16.224+0000] {processor.py:830} INFO - Processing file /home/airflow/.local/lib/python3.12/site-packages/airflow/example_dags/example_bash_operator.py for tasks to queue
[2026-03-14T23:04:16.226+0000] {logging_mixin.py:188} INFO - [2026-03-14T23:04:16.226+0000] {dagbag.py:545} INFO - Filling up the DagBag from /home/airflow/.local/lib/python3.12/site-packages/airflow/example_dags/example_bash_operator.py
[2026-03-14T23:04:16.241+0000] {processor.py:840} INFO - DAG(s) 'example_bash_operator' retrieved from /home/airflow/.local/lib/python3.12/site-packages/airflow/example_dags/example_bash_operator.py
[2026-03-14T23:04:16.297+0000] {logging_mixin.py:188} INFO - [2026-03-14T23:04:16.297+0000] {dag.py:3096} INFO - Sync 1 DAGs
[2026-03-14T23:04:16.340+0000] {logging_mixin.py:188} INFO - [2026-03-14T23:04:16.339+0000] {dag.py:3954} INFO - Setting next_dagrun for example_bash_operator to 2026-03-13 00:00:00+00:00, run_after=2026-03-14 00:00:00+00:00
[2026-03-14T23:04:16.386+0000] {processor.py:183} INFO - Processing /home/airflow/.local/lib/python3.12/site-packages/airflow/example_dags/example_bash_operator.py took 0.173 seconds
[2026-03-14T23:04:46.849+0000] {processor.py:161} INFO - Started process (PID=264) to work on /home/airflow/.local/lib/python3.12/site-packages/airflow/example_dags/example_bash_operator.py
[2026-03-14T23:04:46.851+0000] {processor.py:830} INFO - Processing file /home/airflow/.local/lib/python3.12/site-packages/airflow/example_dags/example_bash_operator.py for tasks to queue
[2026-03-14T23:04:46.853+0000] {logging_mixin.py:188} INFO - [2026-03-14T23:04:46.853+0000] {dagbag.py:545} INFO - Filling up the DagBag from /home/airflow/.local/lib/python3.12/site-packages/airflow/example_dags/example_bash_operator.py
[2026-03-14T23:04:46.870+0000] {processor.py:840} INFO - DAG(s) 'example_bash_operator' retrieved from /home/airflow/.local/lib/python3.12/site-packages/airflow/example_dags/example_bash_operator.py
[2026-03-14T23:04:46.909+0000] {logging_mixin.py:188} INFO - [2026-03-14T23:04:46.909+0000] {dag.py:3096} INFO - Sync 1 DAGs
[2026-03-14T23:04:46.943+0000] {logging_mixin.py:188} INFO - [2026-03-14T23:04:46.943+0000] {dag.py:3954} INFO - Setting next_dagrun for example_bash_operator to 2026-03-13 00:00:00+00:00, run_after=2026-03-14 00:00:00+00:00
[2026-03-14T23:04:46.975+0000] {processor.py:183} INFO - Processing /home/airflow/.local/lib/python3.12/site-packages/airflow/example_dags/example_bash_operator.py took 0.134 seconds
[2026-03-14T23:05:17.343+0000] {processor.py:161} INFO - Started process (PID=323) to work on /home/airflow/.local/lib/python3.12/site-packages/airflow/example_dags/example_bash_operator.py
[2026-03-14T23:05:17.344+0000] {processor.py:830} INFO - Processing file /home/airflow/.local/lib/python3.12/site-packages/airflow/example_dags/example_bash_operator.py for tasks to queue
[2026-03-14T23:05:17.347+0000] {logging_mixin.py:188} INFO - [2026-03-14T23:05:17.347+0000] {dagbag.py:545} INFO - Filling up the DagBag from /home/airflow/.local/lib/python3.12/site-packages/airflow/example_dags/example_bash_operator.py
[2026-03-14T23:05:17.362+0000] {processor.py:840} INFO - DAG(s) 'example_bash_operator' retrieved from /home/airflow/.local/lib/python3.12/site-packages/airflow/example_dags/example_bash_operator.py
[2026-03-14T23:05:17.404+0000] {logging_mixin.py:188} INFO - [2026-03-14T23:05:17.404+0000] {dag.py:3096} INFO - Sync 1 DAGs
[2026-03-14T23:05:17.437+0000] {logging_mixin.py:188} INFO - [2026-03-14T23:05:17.437+0000] {dag.py:3954} INFO - Setting next_dagrun for example_bash_operator to 2026-03-13 00:00:00+00:00, run_after=2026-03-14 00:00:00+00:00
[2026-03-14T23:05:17.472+0000] {processor.py:183} INFO - Processing /home/airflow/.local/lib/python3.12/site-packages/airflow/example_dags/example_bash_operator.py took 0.137 seconds
[2026-03-14T23:05:47.533+0000] {processor.py:161} INFO - Started process (PID=379) to work on /home/airflow/.local/lib/python3.12/site-packages/airflow/example_dags/example_bash_operator.py
[2026-03-14T23:05:47.534+0000] {processor.py:830} INFO - Processing file /home/airflow/.local/lib/python3.12/site-packages/airflow/example_dags/example_bash_operator.py for tasks to queue
[2026-03-14T23:05:47.538+0000] {logging_mixin.py:188} INFO - [2026-03-14T23:05:47.537+0000] {dagbag.py:545} INFO - Filling up the DagBag from /home/airflow/.local/lib/python3.12/site-packages/airflow/example_dags/example_bash_operator.py
[2026-03-14T23:05:47.558+0000] {processor.py:840} INFO - DAG(s) 'example_bash_operator' retrieved from /home/airflow/.local/lib/python3.12/site-packages/airflow/example_dags/example_bash_operator.py
[2026-03-14T23:05:47.617+0000] {logging_mixin.py:188} INFO - [2026-03-14T23:05:47.617+0000] {dag.py:3096} INFO - Sync 1 DAGs
[2026-03-14T23:05:47.658+0000] {logging_mixin.py:188} INFO - [2026-03-14T23:05:47.657+0000] {dag.py:3954} INFO - Setting next_dagrun for example_bash_operator to 2026-03-13 00:00:00+00:00, run_after=2026-03-14 00:00:00+00:00
[2026-03-14T23:05:47.695+0000] {processor.py:183} INFO - Processing /home/airflow/.local/lib/python3.12/site-packages/airflow/example_dags/example_bash_operator.py took 0.172 seconds
[2026-03-14T23:06:17.770+0000] {processor.py:161} INFO - Started process (PID=437) to work on /home/airflow/.local/lib/python3.12/site-packages/airflow/example_dags/example_bash_operator.py
[2026-03-14T23:06:17.772+0000] {processor.py:830} INFO - Processing file /home/airflow/.local/lib/python3.12/site-packages/airflow/example_dags/example_bash_operator.py for tasks to queue
[2026-03-14T23:06:17.775+0000] {logging_mixin.py:188} INFO - [2026-03-14T23:06:17.774+0000] {dagbag.py:545} INFO - Filling up the DagBag from /home/airflow/.local/lib/python3.12/site-packages/airflow/example_dags/example_bash_operator.py
[2026-03-14T23:06:17.789+0000] {processor.py:840} INFO - DAG(s) 'example_bash_operator' retrieved from /home/airflow/.local/lib/python3.12/site-packages/airflow/example_dags/example_bash_operator.py
[2026-03-14T23:06:17.826+0000] {logging_mixin.py:188} INFO - [2026-03-14T23:06:17.825+0000] {dag.py:3096} INFO - Sync 1 DAGs
[2026-03-14T23:06:17.854+0000] {logging_mixin.py:188} INFO - [2026-03-14T23:06:17.854+0000] {dag.py:3954} INFO - Setting next_dagrun for example_bash_operator to 2026-03-13 00:00:00+00:00, run_after=2026-03-14 00:00:00+00:00
[2026-03-14T23:06:17.883+0000] {processor.py:183} INFO - Processing /home/airflow/.local/lib/python3.12/site-packages/airflow/example_dags/example_bash_operator.py took 0.121 seconds
[2026-03-14T23:06:47.986+0000] {processor.py:161} INFO - Started process (PID=495) to work on /home/airflow/.local/lib/python3.12/site-packages/airflow/example_dags/example_bash_operator.py
[2026-03-14T23:06:47.988+0000] {processor.py:830} INFO - Processing file /home/airflow/.local/lib/python3.12/site-packages/airflow/example_dags/example_bash_operator.py for tasks to queue
[2026-03-14T23:06:47.992+0000] {logging_mixin.py:188} INFO - [2026-03-14T23:06:47.991+0000] {dagbag.py:545} INFO - Filling up the DagBag from /home/airflow/.local/lib/python3.12/site-packages/airflow/example_dags/example_bash_operator.py
[2026-03-14T23:06:48.006+0000] {processor.py:840} INFO - DAG(s) 'example_bash_operator' retrieved from /home/airflow/.local/lib/python3.12/site-packages/airflow/example_dags/example_bash_operator.py
[2026-03-14T23:06:48.044+0000] {logging_mixin.py:188} INFO - [2026-03-14T23:06:48.043+0000] {dag.py:3096} INFO - Sync 1 DAGs
[2026-03-14T23:06:48.072+0000] {logging_mixin.py:188} INFO - [2026-03-14T23:06:48.072+0000] {dag.py:3954} INFO - Setting next_dagrun for example_bash_operator to 2026-03-13 00:00:00+00:00, run_after=2026-03-14 00:00:00+00:00
[2026-03-14T23:06:48.101+0000] {processor.py:183} INFO - Processing /home/airflow/.local/lib/python3.12/site-packages/airflow/example_dags/example_bash_operator.py took 0.123 seconds
[2026-03-14T23:07:18.795+0000] {processor.py:161} INFO - Started process (PID=553) to work on /home/airflow/.local/lib/python3.12/site-packages/airflow/example_dags/example_bash_operator.py
[2026-03-14T23:07:18.796+0000] {processor.py:830} INFO - Processing file /home/airflow/.local/lib/python3.12/site-packages/airflow/example_dags/example_bash_operator.py for tasks to queue
[2026-03-14T23:07:18.799+0000] {logging_mixin.py:188} INFO - [2026-03-14T23:07:18.799+0000] {dagbag.py:545} INFO - Filling up the DagBag from /home/airflow/.local/lib/python3.12/site-packages/airflow/example_dags/example_bash_operator.py
[2026-03-14T23:07:18.815+0000] {processor.py:840} INFO - DAG(s) 'example_bash_operator' retrieved from /home/airflow/.local/lib/python3.12/site-packages/airflow/example_dags/example_bash_operator.py
[2026-03-14T23:07:18.853+0000] {logging_mixin.py:188} INFO - [2026-03-14T23:07:18.853+0000] {dag.py:3096} INFO - Sync 1 DAGs
[2026-03-14T23:07:18.886+0000] {logging_mixin.py:188} INFO - [2026-03-14T23:07:18.886+0000] {dag.py:3954} INFO - Setting next_dagrun for example_bash_operator to 2026-03-13 00:00:00+00:00, run_after=2026-03-14 00:00:00+00:00
[2026-03-14T23:07:18.914+0000] {processor.py:183} INFO - Processing /home/airflow/.local/lib/python3.12/site-packages/airflow/example_dags/example_bash_operator.py took 0.128 seconds
[2026-03-14T23:07:49.358+0000] {processor.py:161} INFO - Started process (PID=611) to work on /home/airflow/.local/lib/python3.12/site-packages/airflow/example_dags/example_bash_operator.py
[2026-03-14T23:07:49.360+0000] {processor.py:830} INFO - Processing file /home/airflow/.local/lib/python3.12/site-packages/airflow/example_dags/example_bash_operator.py for tasks to queue
[2026-03-14T23:07:49.362+0000] {logging_mixin.py:188} INFO - [2026-03-14T23:07:49.362+0000] {dagbag.py:545} INFO - Filling up the DagBag from /home/airflow/.local/lib/python3.12/site-packages/airflow/example_dags/example_bash_operator.py
[2026-03-14T23:07:49.377+0000] {processor.py:840} INFO - DAG(s) 'example_bash_operator' retrieved from /home/airflow/.local/lib/python3.12/site-packages/airflow/example_dags/example_bash_operator.py
[2026-03-14T23:07:49.419+0000] {logging_mixin.py:188} INFO - [2026-03-14T23:07:49.419+0000] {dag.py:3096} INFO - Sync 1 DAGs
[2026-03-14T23:07:49.453+0000] {logging_mixin.py:188} INFO - [2026-03-14T23:07:49.452+0000] {dag.py:3954} INFO - Setting next_dagrun for example_bash_operator to 2026-03-13 00:00:00+00:00, run_after=2026-03-14 00:00:00+00:00
[2026-03-14T23:07:49.490+0000] {processor.py:183} INFO - Processing /home/airflow/.local/lib/python3.12/site-packages/airflow/example_dags/example_bash_operator.py took 0.142 seconds
[2026-03-14T23:08:19.973+0000] {processor.py:161} INFO - Started process (PID=669) to work on /home/airflow/.local/lib/python3.12/site-packages/airflow/example_dags/example_bash_operator.py
[2026-03-14T23:08:19.974+0000] {processor.py:830} INFO - Processing file /home/airflow/.local/lib/python3.12/site-packages/airflow/example_dags/example_bash_operator.py for tasks to queue
[2026-03-14T23:08:19.977+0000] {logging_mixin.py:188} INFO - [2026-03-14T23:08:19.976+0000] {dagbag.py:545} INFO - Filling up the DagBag from /home/airflow/.local/lib/python3.12/site-packages/airflow/example_dags/example_bash_operator.py
[2026-03-14T23:08:19.992+0000] {processor.py:840} INFO - DAG(s) 'example_bash_operator' retrieved from /home/airflow/.local/lib/python3.12/site-packages/airflow/example_dags/example_bash_operator.py
[2026-03-14T23:08:20.035+0000] {logging_mixin.py:188} INFO - [2026-03-14T23:08:20.035+0000] {dag.py:3096} INFO - Sync 1 DAGs
[2026-03-14T23:08:20.072+0000] {logging_mixin.py:188} INFO - [2026-03-14T23:08:20.072+0000] {dag.py:3954} INFO - Setting next_dagrun for example_bash_operator to 2026-03-13 00:00:00+00:00, run_after=2026-03-14 00:00:00+00:00
[2026-03-14T23:08:20.108+0000] {processor.py:183} INFO - Processing /home/airflow/.local/lib/python3.12/site-packages/airflow/example_dags/example_bash_operator.py took 0.143 seconds
[2026-03-14T23:08:51.256+0000] {processor.py:161} INFO - Started process (PID=727) to work on /home/airflow/.local/lib/python3.12/site-packages/airflow/example_dags/example_bash_operator.py
[2026-03-14T23:08:51.258+0000] {processor.py:830} INFO - Processing file /home/airflow/.local/lib/python3.12/site-packages/airflow/example_dags/example_bash_operator.py for tasks to queue
[2026-03-14T23:08:51.263+0000] {logging_mixin.py:188} INFO - [2026-03-14T23:08:51.262+0000] {dagbag.py:545} INFO - Filling up the DagBag from /home/airflow/.local/lib/python3.12/site-packages/airflow/example_dags/example_bash_operator.py
[2026-03-14T23:08:51.279+0000] {processor.py:840} INFO - DAG(s) 'example_bash_operator' retrieved from /home/airflow/.local/lib/python3.12/site-packages/airflow/example_dags/example_bash_operator.py
[2026-03-14T23:08:51.322+0000] {logging_mixin.py:188} INFO - [2026-03-14T23:08:51.321+0000] {dag.py:3096} INFO - Sync 1 DAGs
[2026-03-14T23:08:51.356+0000] {logging_mixin.py:188} INFO - [2026-03-14T23:08:51.356+0000] {dag.py:3954} INFO - Setting next_dagrun for example_bash_operator to 2026-03-13 00:00:00+00:00, run_after=2026-03-14 00:00:00+00:00
[2026-03-14T23:08:51.391+0000] {processor.py:183} INFO - Processing /home/airflow/.local/lib/python3.12/site-packages/airflow/example_dags/example_bash_operator.py took 0.144 seconds
[2026-03-14T23:09:22.272+0000] {processor.py:161} INFO - Started process (PID=785) to work on /home/airflow/.local/lib/python3.12/site-packages/airflow/example_dags/example_bash_operator.py
[2026-03-14T23:09:22.274+0000] {processor.py:830} INFO - Processing file /home/airflow/.local/lib/python3.12/site-packages/airflow/example_dags/example_bash_operator.py for tasks to queue
[2026-03-14T23:09:22.276+0000] {logging_mixin.py:188} INFO - [2026-03-14T23:09:22.276+0000] {dagbag.py:545} INFO - Filling up the DagBag from /home/airflow/.local/lib/python3.12/site-packages/airflow/example_dags/example_bash_operator.py
[2026-03-14T23:09:22.292+0000] {processor.py:840} INFO - DAG(s) 'example_bash_operator' retrieved from /home/airflow/.local/lib/python3.12/site-packages/airflow/example_dags/example_bash_operator.py
[2026-03-14T23:09:22.335+0000] {logging_mixin.py:188} INFO - [2026-03-14T23:09:22.335+0000] {dag.py:3096} INFO - Sync 1 DAGs
[2026-03-14T23:09:22.373+0000] {logging_mixin.py:188} INFO - [2026-03-14T23:09:22.373+0000] {dag.py:3954} INFO - Setting next_dagrun for example_bash_operator to 2026-03-13 00:00:00+00:00, run_after=2026-03-14 00:00:00+00:00
[2026-03-14T23:09:22.409+0000] {processor.py:183} INFO - Processing /home/airflow/.local/lib/python3.12/site-packages/airflow/example_dags/example_bash_operator.py took 0.148 seconds
