[2026-03-14T23:02:57.779+0000] {processor.py:161} INFO - Started process (PID=69) to work on /home/airflow/.local/lib/python3.12/site-packages/airflow/example_dags/example_trigger_target_dag.py
[2026-03-14T23:02:57.781+0000] {processor.py:830} INFO - Processing file /home/airflow/.local/lib/python3.12/site-packages/airflow/example_dags/example_trigger_target_dag.py for tasks to queue
[2026-03-14T23:02:57.784+0000] {logging_mixin.py:188} INFO - [2026-03-14T23:02:57.784+0000] {dagbag.py:545} INFO - Filling up the DagBag from /home/airflow/.local/lib/python3.12/site-packages/airflow/example_dags/example_trigger_target_dag.py
[2026-03-14T23:02:57.799+0000] {processor.py:840} INFO - DAG(s) 'example_trigger_target_dag' retrieved from /home/airflow/.local/lib/python3.12/site-packages/airflow/example_dags/example_trigger_target_dag.py
[2026-03-14T23:02:58.086+0000] {logging_mixin.py:188} INFO - [2026-03-14T23:02:58.086+0000] {dag.py:3096} INFO - Sync 1 DAGs
[2026-03-14T23:02:58.135+0000] {logging_mixin.py:188} INFO - [2026-03-14T23:02:58.135+0000] {dag.py:3954} INFO - Setting next_dagrun for example_trigger_target_dag to None, run_after=None
[2026-03-14T23:02:58.243+0000] {processor.py:183} INFO - Processing /home/airflow/.local/lib/python3.12/site-packages/airflow/example_dags/example_trigger_target_dag.py took 0.473 seconds
[2026-03-14T23:03:37.924+0000] {processor.py:161} INFO - Started process (PID=127) to work on /home/airflow/.local/lib/python3.12/site-packages/airflow/example_dags/example_trigger_target_dag.py
[2026-03-14T23:03:37.938+0000] {processor.py:830} INFO - Processing file /home/airflow/.local/lib/python3.12/site-packages/airflow/example_dags/example_trigger_target_dag.py for tasks to queue
[2026-03-14T23:03:37.941+0000] {logging_mixin.py:188} INFO - [2026-03-14T23:03:37.941+0000] {dagbag.py:545} INFO - Filling up the DagBag from /home/airflow/.local/lib/python3.12/site-packages/airflow/example_dags/example_trigger_target_dag.py
[2026-03-14T23:03:38.141+0000] {processor.py:840} INFO - DAG(s) 'example_trigger_target_dag' retrieved from /home/airflow/.local/lib/python3.12/site-packages/airflow/example_dags/example_trigger_target_dag.py
[2026-03-14T23:03:38.378+0000] {logging_mixin.py:188} INFO - [2026-03-14T23:03:38.373+0000] {dag.py:3096} INFO - Sync 1 DAGs
[2026-03-14T23:03:38.664+0000] {logging_mixin.py:188} INFO - [2026-03-14T23:03:38.663+0000] {dag.py:3954} INFO - Setting next_dagrun for example_trigger_target_dag to None, run_after=None
[2026-03-14T23:03:38.805+0000] {processor.py:183} INFO - Processing /home/airflow/.local/lib/python3.12/site-packages/airflow/example_dags/example_trigger_target_dag.py took 0.746 seconds
[2026-03-14T23:04:09.483+0000] {processor.py:161} INFO - Started process (PID=183) to work on /home/airflow/.local/lib/python3.12/site-packages/airflow/example_dags/example_trigger_target_dag.py
[2026-03-14T23:04:09.484+0000] {processor.py:830} INFO - Processing file /home/airflow/.local/lib/python3.12/site-packages/airflow/example_dags/example_trigger_target_dag.py for tasks to queue
[2026-03-14T23:04:09.487+0000] {logging_mixin.py:188} INFO - [2026-03-14T23:04:09.486+0000] {dagbag.py:545} INFO - Filling up the DagBag from /home/airflow/.local/lib/python3.12/site-packages/airflow/example_dags/example_trigger_target_dag.py
[2026-03-14T23:04:09.498+0000] {processor.py:840} INFO - DAG(s) 'example_trigger_target_dag' retrieved from /home/airflow/.local/lib/python3.12/site-packages/airflow/example_dags/example_trigger_target_dag.py
[2026-03-14T23:04:09.532+0000] {logging_mixin.py:188} INFO - [2026-03-14T23:04:09.531+0000] {dag.py:3096} INFO - Sync 1 DAGs
[2026-03-14T23:04:09.551+0000] {logging_mixin.py:188} INFO - [2026-03-14T23:04:09.551+0000] {dag.py:3954} INFO - Setting next_dagrun for example_trigger_target_dag to None, run_after=None
[2026-03-14T23:04:09.585+0000] {processor.py:183} INFO - Processing /home/airflow/.local/lib/python3.12/site-packages/airflow/example_dags/example_trigger_target_dag.py took 0.110 seconds
[2026-03-14T23:04:40.506+0000] {processor.py:161} INFO - Started process (PID=241) to work on /home/airflow/.local/lib/python3.12/site-packages/airflow/example_dags/example_trigger_target_dag.py
[2026-03-14T23:04:40.508+0000] {processor.py:830} INFO - Processing file /home/airflow/.local/lib/python3.12/site-packages/airflow/example_dags/example_trigger_target_dag.py for tasks to queue
[2026-03-14T23:04:40.513+0000] {logging_mixin.py:188} INFO - [2026-03-14T23:04:40.513+0000] {dagbag.py:545} INFO - Filling up the DagBag from /home/airflow/.local/lib/python3.12/site-packages/airflow/example_dags/example_trigger_target_dag.py
[2026-03-14T23:04:40.523+0000] {processor.py:840} INFO - DAG(s) 'example_trigger_target_dag' retrieved from /home/airflow/.local/lib/python3.12/site-packages/airflow/example_dags/example_trigger_target_dag.py
[2026-03-14T23:04:40.558+0000] {logging_mixin.py:188} INFO - [2026-03-14T23:04:40.558+0000] {dag.py:3096} INFO - Sync 1 DAGs
[2026-03-14T23:04:40.585+0000] {logging_mixin.py:188} INFO - [2026-03-14T23:04:40.584+0000] {dag.py:3954} INFO - Setting next_dagrun for example_trigger_target_dag to None, run_after=None
[2026-03-14T23:04:40.618+0000] {processor.py:183} INFO - Processing /home/airflow/.local/lib/python3.12/site-packages/airflow/example_dags/example_trigger_target_dag.py took 0.142 seconds
[2026-03-14T23:05:10.721+0000] {processor.py:161} INFO - Started process (PID=300) to work on /home/airflow/.local/lib/python3.12/site-packages/airflow/example_dags/example_trigger_target_dag.py
[2026-03-14T23:05:10.722+0000] {processor.py:830} INFO - Processing file /home/airflow/.local/lib/python3.12/site-packages/airflow/example_dags/example_trigger_target_dag.py for tasks to queue
[2026-03-14T23:05:10.726+0000] {logging_mixin.py:188} INFO - [2026-03-14T23:05:10.726+0000] {dagbag.py:545} INFO - Filling up the DagBag from /home/airflow/.local/lib/python3.12/site-packages/airflow/example_dags/example_trigger_target_dag.py
[2026-03-14T23:05:10.737+0000] {processor.py:840} INFO - DAG(s) 'example_trigger_target_dag' retrieved from /home/airflow/.local/lib/python3.12/site-packages/airflow/example_dags/example_trigger_target_dag.py
[2026-03-14T23:05:10.768+0000] {logging_mixin.py:188} INFO - [2026-03-14T23:05:10.767+0000] {dag.py:3096} INFO - Sync 1 DAGs
[2026-03-14T23:05:10.787+0000] {logging_mixin.py:188} INFO - [2026-03-14T23:05:10.787+0000] {dag.py:3954} INFO - Setting next_dagrun for example_trigger_target_dag to None, run_after=None
[2026-03-14T23:05:10.819+0000] {processor.py:183} INFO - Processing /home/airflow/.local/lib/python3.12/site-packages/airflow/example_dags/example_trigger_target_dag.py took 0.109 seconds
[2026-03-14T23:05:40.901+0000] {processor.py:161} INFO - Started process (PID=358) to work on /home/airflow/.local/lib/python3.12/site-packages/airflow/example_dags/example_trigger_target_dag.py
[2026-03-14T23:05:40.903+0000] {processor.py:830} INFO - Processing file /home/airflow/.local/lib/python3.12/site-packages/airflow/example_dags/example_trigger_target_dag.py for tasks to queue
[2026-03-14T23:05:40.905+0000] {logging_mixin.py:188} INFO - [2026-03-14T23:05:40.905+0000] {dagbag.py:545} INFO - Filling up the DagBag from /home/airflow/.local/lib/python3.12/site-packages/airflow/example_dags/example_trigger_target_dag.py
[2026-03-14T23:05:40.915+0000] {processor.py:840} INFO - DAG(s) 'example_trigger_target_dag' retrieved from /home/airflow/.local/lib/python3.12/site-packages/airflow/example_dags/example_trigger_target_dag.py
[2026-03-14T23:05:40.948+0000] {logging_mixin.py:188} INFO - [2026-03-14T23:05:40.948+0000] {dag.py:3096} INFO - Sync 1 DAGs
[2026-03-14T23:05:40.964+0000] {logging_mixin.py:188} INFO - [2026-03-14T23:05:40.964+0000] {dag.py:3954} INFO - Setting next_dagrun for example_trigger_target_dag to None, run_after=None
[2026-03-14T23:05:40.997+0000] {processor.py:183} INFO - Processing /home/airflow/.local/lib/python3.12/site-packages/airflow/example_dags/example_trigger_target_dag.py took 0.103 seconds
[2026-03-14T23:06:11.630+0000] {processor.py:161} INFO - Started process (PID=416) to work on /home/airflow/.local/lib/python3.12/site-packages/airflow/example_dags/example_trigger_target_dag.py
[2026-03-14T23:06:11.632+0000] {processor.py:830} INFO - Processing file /home/airflow/.local/lib/python3.12/site-packages/airflow/example_dags/example_trigger_target_dag.py for tasks to queue
[2026-03-14T23:06:11.634+0000] {logging_mixin.py:188} INFO - [2026-03-14T23:06:11.634+0000] {dagbag.py:545} INFO - Filling up the DagBag from /home/airflow/.local/lib/python3.12/site-packages/airflow/example_dags/example_trigger_target_dag.py
[2026-03-14T23:06:11.643+0000] {processor.py:840} INFO - DAG(s) 'example_trigger_target_dag' retrieved from /home/airflow/.local/lib/python3.12/site-packages/airflow/example_dags/example_trigger_target_dag.py
[2026-03-14T23:06:11.674+0000] {logging_mixin.py:188} INFO - [2026-03-14T23:06:11.674+0000] {dag.py:3096} INFO - Sync 1 DAGs
[2026-03-14T23:06:11.693+0000] {logging_mixin.py:188} INFO - [2026-03-14T23:06:11.693+0000] {dag.py:3954} INFO - Setting next_dagrun for example_trigger_target_dag to None, run_after=None
[2026-03-14T23:06:11.722+0000] {processor.py:183} INFO - Processing /home/airflow/.local/lib/python3.12/site-packages/airflow/example_dags/example_trigger_target_dag.py took 0.102 seconds
[2026-03-14T23:06:41.882+0000] {processor.py:161} INFO - Started process (PID=474) to work on /home/airflow/.local/lib/python3.12/site-packages/airflow/example_dags/example_trigger_target_dag.py
[2026-03-14T23:06:41.887+0000] {processor.py:830} INFO - Processing file /home/airflow/.local/lib/python3.12/site-packages/airflow/example_dags/example_trigger_target_dag.py for tasks to queue
[2026-03-14T23:06:41.890+0000] {logging_mixin.py:188} INFO - [2026-03-14T23:06:41.889+0000] {dagbag.py:545} INFO - Filling up the DagBag from /home/airflow/.local/lib/python3.12/site-packages/airflow/example_dags/example_trigger_target_dag.py
[2026-03-14T23:06:41.901+0000] {processor.py:840} INFO - DAG(s) 'example_trigger_target_dag' retrieved from /home/airflow/.local/lib/python3.12/site-packages/airflow/example_dags/example_trigger_target_dag.py
[2026-03-14T23:06:41.936+0000] {logging_mixin.py:188} INFO - [2026-03-14T23:06:41.936+0000] {dag.py:3096} INFO - Sync 1 DAGs
[2026-03-14T23:06:41.954+0000] {logging_mixin.py:188} INFO - [2026-03-14T23:06:41.954+0000] {dag.py:3954} INFO - Setting next_dagrun for example_trigger_target_dag to None, run_after=None
[2026-03-14T23:06:41.985+0000] {processor.py:183} INFO - Processing /home/airflow/.local/lib/python3.12/site-packages/airflow/example_dags/example_trigger_target_dag.py took 0.111 seconds
[2026-03-14T23:07:12.135+0000] {processor.py:161} INFO - Started process (PID=532) to work on /home/airflow/.local/lib/python3.12/site-packages/airflow/example_dags/example_trigger_target_dag.py
[2026-03-14T23:07:12.138+0000] {processor.py:830} INFO - Processing file /home/airflow/.local/lib/python3.12/site-packages/airflow/example_dags/example_trigger_target_dag.py for tasks to queue
[2026-03-14T23:07:12.141+0000] {logging_mixin.py:188} INFO - [2026-03-14T23:07:12.140+0000] {dagbag.py:545} INFO - Filling up the DagBag from /home/airflow/.local/lib/python3.12/site-packages/airflow/example_dags/example_trigger_target_dag.py
[2026-03-14T23:07:12.149+0000] {processor.py:840} INFO - DAG(s) 'example_trigger_target_dag' retrieved from /home/airflow/.local/lib/python3.12/site-packages/airflow/example_dags/example_trigger_target_dag.py
[2026-03-14T23:07:12.185+0000] {logging_mixin.py:188} INFO - [2026-03-14T23:07:12.184+0000] {dag.py:3096} INFO - Sync 1 DAGs
[2026-03-14T23:07:12.204+0000] {logging_mixin.py:188} INFO - [2026-03-14T23:07:12.204+0000] {dag.py:3954} INFO - Setting next_dagrun for example_trigger_target_dag to None, run_after=None
[2026-03-14T23:07:12.240+0000] {processor.py:183} INFO - Processing /home/airflow/.local/lib/python3.12/site-packages/airflow/example_dags/example_trigger_target_dag.py took 0.116 seconds
[2026-03-14T23:07:42.549+0000] {processor.py:161} INFO - Started process (PID=590) to work on /home/airflow/.local/lib/python3.12/site-packages/airflow/example_dags/example_trigger_target_dag.py
[2026-03-14T23:07:42.550+0000] {processor.py:830} INFO - Processing file /home/airflow/.local/lib/python3.12/site-packages/airflow/example_dags/example_trigger_target_dag.py for tasks to queue
[2026-03-14T23:07:42.553+0000] {logging_mixin.py:188} INFO - [2026-03-14T23:07:42.552+0000] {dagbag.py:545} INFO - Filling up the DagBag from /home/airflow/.local/lib/python3.12/site-packages/airflow/example_dags/example_trigger_target_dag.py
[2026-03-14T23:07:42.562+0000] {processor.py:840} INFO - DAG(s) 'example_trigger_target_dag' retrieved from /home/airflow/.local/lib/python3.12/site-packages/airflow/example_dags/example_trigger_target_dag.py
[2026-03-14T23:07:42.596+0000] {logging_mixin.py:188} INFO - [2026-03-14T23:07:42.595+0000] {dag.py:3096} INFO - Sync 1 DAGs
[2026-03-14T23:07:42.613+0000] {logging_mixin.py:188} INFO - [2026-03-14T23:07:42.613+0000] {dag.py:3954} INFO - Setting next_dagrun for example_trigger_target_dag to None, run_after=None
[2026-03-14T23:07:42.657+0000] {processor.py:183} INFO - Processing /home/airflow/.local/lib/python3.12/site-packages/airflow/example_dags/example_trigger_target_dag.py took 0.117 seconds
[2026-03-14T23:08:13.275+0000] {processor.py:161} INFO - Started process (PID=648) to work on /home/airflow/.local/lib/python3.12/site-packages/airflow/example_dags/example_trigger_target_dag.py
[2026-03-14T23:08:13.277+0000] {processor.py:830} INFO - Processing file /home/airflow/.local/lib/python3.12/site-packages/airflow/example_dags/example_trigger_target_dag.py for tasks to queue
[2026-03-14T23:08:13.280+0000] {logging_mixin.py:188} INFO - [2026-03-14T23:08:13.279+0000] {dagbag.py:545} INFO - Filling up the DagBag from /home/airflow/.local/lib/python3.12/site-packages/airflow/example_dags/example_trigger_target_dag.py
[2026-03-14T23:08:13.288+0000] {processor.py:840} INFO - DAG(s) 'example_trigger_target_dag' retrieved from /home/airflow/.local/lib/python3.12/site-packages/airflow/example_dags/example_trigger_target_dag.py
[2026-03-14T23:08:13.319+0000] {logging_mixin.py:188} INFO - [2026-03-14T23:08:13.318+0000] {dag.py:3096} INFO - Sync 1 DAGs
[2026-03-14T23:08:13.336+0000] {logging_mixin.py:188} INFO - [2026-03-14T23:08:13.336+0000] {dag.py:3954} INFO - Setting next_dagrun for example_trigger_target_dag to None, run_after=None
[2026-03-14T23:08:13.366+0000] {processor.py:183} INFO - Processing /home/airflow/.local/lib/python3.12/site-packages/airflow/example_dags/example_trigger_target_dag.py took 0.100 seconds
[2026-03-14T23:08:43.817+0000] {processor.py:161} INFO - Started process (PID=706) to work on /home/airflow/.local/lib/python3.12/site-packages/airflow/example_dags/example_trigger_target_dag.py
[2026-03-14T23:08:43.819+0000] {processor.py:830} INFO - Processing file /home/airflow/.local/lib/python3.12/site-packages/airflow/example_dags/example_trigger_target_dag.py for tasks to queue
[2026-03-14T23:08:43.822+0000] {logging_mixin.py:188} INFO - [2026-03-14T23:08:43.822+0000] {dagbag.py:545} INFO - Filling up the DagBag from /home/airflow/.local/lib/python3.12/site-packages/airflow/example_dags/example_trigger_target_dag.py
[2026-03-14T23:08:43.830+0000] {processor.py:840} INFO - DAG(s) 'example_trigger_target_dag' retrieved from /home/airflow/.local/lib/python3.12/site-packages/airflow/example_dags/example_trigger_target_dag.py
[2026-03-14T23:08:43.911+0000] {logging_mixin.py:188} INFO - [2026-03-14T23:08:43.911+0000] {dag.py:3096} INFO - Sync 1 DAGs
[2026-03-14T23:08:43.930+0000] {logging_mixin.py:188} INFO - [2026-03-14T23:08:43.929+0000] {dag.py:3954} INFO - Setting next_dagrun for example_trigger_target_dag to None, run_after=None
[2026-03-14T23:08:43.963+0000] {processor.py:183} INFO - Processing /home/airflow/.local/lib/python3.12/site-packages/airflow/example_dags/example_trigger_target_dag.py took 0.153 seconds
[2026-03-14T23:09:14.447+0000] {processor.py:161} INFO - Started process (PID=764) to work on /home/airflow/.local/lib/python3.12/site-packages/airflow/example_dags/example_trigger_target_dag.py
[2026-03-14T23:09:14.448+0000] {processor.py:830} INFO - Processing file /home/airflow/.local/lib/python3.12/site-packages/airflow/example_dags/example_trigger_target_dag.py for tasks to queue
[2026-03-14T23:09:14.451+0000] {logging_mixin.py:188} INFO - [2026-03-14T23:09:14.451+0000] {dagbag.py:545} INFO - Filling up the DagBag from /home/airflow/.local/lib/python3.12/site-packages/airflow/example_dags/example_trigger_target_dag.py
[2026-03-14T23:09:14.463+0000] {processor.py:840} INFO - DAG(s) 'example_trigger_target_dag' retrieved from /home/airflow/.local/lib/python3.12/site-packages/airflow/example_dags/example_trigger_target_dag.py
[2026-03-14T23:09:14.500+0000] {logging_mixin.py:188} INFO - [2026-03-14T23:09:14.500+0000] {dag.py:3096} INFO - Sync 1 DAGs
[2026-03-14T23:09:14.525+0000] {logging_mixin.py:188} INFO - [2026-03-14T23:09:14.525+0000] {dag.py:3954} INFO - Setting next_dagrun for example_trigger_target_dag to None, run_after=None
[2026-03-14T23:09:14.553+0000] {processor.py:183} INFO - Processing /home/airflow/.local/lib/python3.12/site-packages/airflow/example_dags/example_trigger_target_dag.py took 0.118 seconds
