[2026-03-14T23:03:28.234+0000] {processor.py:161} INFO - Started process (PID=114) to work on /home/airflow/.local/lib/python3.12/site-packages/airflow/example_dags/tutorial.py
[2026-03-14T23:03:28.239+0000] {processor.py:830} INFO - Processing file /home/airflow/.local/lib/python3.12/site-packages/airflow/example_dags/tutorial.py for tasks to queue
[2026-03-14T23:03:28.243+0000] {logging_mixin.py:188} INFO - [2026-03-14T23:03:28.242+0000] {dagbag.py:545} INFO - Filling up the DagBag from /home/airflow/.local/lib/python3.12/site-packages/airflow/example_dags/tutorial.py
[2026-03-14T23:03:28.272+0000] {processor.py:840} INFO - DAG(s) 'tutorial' retrieved from /home/airflow/.local/lib/python3.12/site-packages/airflow/example_dags/tutorial.py
[2026-03-14T23:03:29.441+0000] {logging_mixin.py:188} INFO - [2026-03-14T23:03:29.440+0000] {dag.py:3096} INFO - Sync 1 DAGs
[2026-03-14T23:03:29.700+0000] {logging_mixin.py:188} INFO - [2026-03-14T23:03:29.699+0000] {dag.py:3954} INFO - Setting next_dagrun for tutorial to 2026-03-13 00:00:00+00:00, run_after=2026-03-14 00:00:00+00:00
[2026-03-14T23:03:30.101+0000] {processor.py:183} INFO - Processing /home/airflow/.local/lib/python3.12/site-packages/airflow/example_dags/tutorial.py took 1.891 seconds
[2026-03-14T23:04:00.935+0000] {processor.py:161} INFO - Started process (PID=172) to work on /home/airflow/.local/lib/python3.12/site-packages/airflow/example_dags/tutorial.py
[2026-03-14T23:04:00.962+0000] {processor.py:830} INFO - Processing file /home/airflow/.local/lib/python3.12/site-packages/airflow/example_dags/tutorial.py for tasks to queue
[2026-03-14T23:04:00.973+0000] {logging_mixin.py:188} INFO - [2026-03-14T23:04:00.972+0000] {dagbag.py:545} INFO - Filling up the DagBag from /home/airflow/.local/lib/python3.12/site-packages/airflow/example_dags/tutorial.py
[2026-03-14T23:04:01.006+0000] {processor.py:840} INFO - DAG(s) 'tutorial' retrieved from /home/airflow/.local/lib/python3.12/site-packages/airflow/example_dags/tutorial.py
[2026-03-14T23:04:01.089+0000] {logging_mixin.py:188} INFO - [2026-03-14T23:04:01.088+0000] {dag.py:3096} INFO - Sync 1 DAGs
[2026-03-14T23:04:01.169+0000] {logging_mixin.py:188} INFO - [2026-03-14T23:04:01.168+0000] {dag.py:3954} INFO - Setting next_dagrun for tutorial to 2026-03-13 00:00:00+00:00, run_after=2026-03-14 00:00:00+00:00
[2026-03-14T23:04:01.257+0000] {processor.py:183} INFO - Processing /home/airflow/.local/lib/python3.12/site-packages/airflow/example_dags/tutorial.py took 0.336 seconds
[2026-03-14T23:04:31.395+0000] {processor.py:161} INFO - Started process (PID=230) to work on /home/airflow/.local/lib/python3.12/site-packages/airflow/example_dags/tutorial.py
[2026-03-14T23:04:31.397+0000] {processor.py:830} INFO - Processing file /home/airflow/.local/lib/python3.12/site-packages/airflow/example_dags/tutorial.py for tasks to queue
[2026-03-14T23:04:31.401+0000] {logging_mixin.py:188} INFO - [2026-03-14T23:04:31.400+0000] {dagbag.py:545} INFO - Filling up the DagBag from /home/airflow/.local/lib/python3.12/site-packages/airflow/example_dags/tutorial.py
[2026-03-14T23:04:31.412+0000] {processor.py:840} INFO - DAG(s) 'tutorial' retrieved from /home/airflow/.local/lib/python3.12/site-packages/airflow/example_dags/tutorial.py
[2026-03-14T23:04:31.447+0000] {logging_mixin.py:188} INFO - [2026-03-14T23:04:31.446+0000] {dag.py:3096} INFO - Sync 1 DAGs
[2026-03-14T23:04:31.483+0000] {logging_mixin.py:188} INFO - [2026-03-14T23:04:31.483+0000] {dag.py:3954} INFO - Setting next_dagrun for tutorial to 2026-03-13 00:00:00+00:00, run_after=2026-03-14 00:00:00+00:00
[2026-03-14T23:04:31.518+0000] {processor.py:183} INFO - Processing /home/airflow/.local/lib/python3.12/site-packages/airflow/example_dags/tutorial.py took 0.133 seconds
[2026-03-14T23:05:01.599+0000] {processor.py:161} INFO - Started process (PID=289) to work on /home/airflow/.local/lib/python3.12/site-packages/airflow/example_dags/tutorial.py
[2026-03-14T23:05:01.601+0000] {processor.py:830} INFO - Processing file /home/airflow/.local/lib/python3.12/site-packages/airflow/example_dags/tutorial.py for tasks to queue
[2026-03-14T23:05:01.604+0000] {logging_mixin.py:188} INFO - [2026-03-14T23:05:01.603+0000] {dagbag.py:545} INFO - Filling up the DagBag from /home/airflow/.local/lib/python3.12/site-packages/airflow/example_dags/tutorial.py
[2026-03-14T23:05:01.614+0000] {processor.py:840} INFO - DAG(s) 'tutorial' retrieved from /home/airflow/.local/lib/python3.12/site-packages/airflow/example_dags/tutorial.py
[2026-03-14T23:05:01.643+0000] {logging_mixin.py:188} INFO - [2026-03-14T23:05:01.643+0000] {dag.py:3096} INFO - Sync 1 DAGs
[2026-03-14T23:05:01.676+0000] {logging_mixin.py:188} INFO - [2026-03-14T23:05:01.676+0000] {dag.py:3954} INFO - Setting next_dagrun for tutorial to 2026-03-13 00:00:00+00:00, run_after=2026-03-14 00:00:00+00:00
[2026-03-14T23:05:01.711+0000] {processor.py:183} INFO - Processing /home/airflow/.local/lib/python3.12/site-packages/airflow/example_dags/tutorial.py took 0.121 seconds
[2026-03-14T23:05:31.923+0000] {processor.py:161} INFO - Started process (PID=347) to work on /home/airflow/.local/lib/python3.12/site-packages/airflow/example_dags/tutorial.py
[2026-03-14T23:05:31.924+0000] {processor.py:830} INFO - Processing file /home/airflow/.local/lib/python3.12/site-packages/airflow/example_dags/tutorial.py for tasks to queue
[2026-03-14T23:05:31.927+0000] {logging_mixin.py:188} INFO - [2026-03-14T23:05:31.926+0000] {dagbag.py:545} INFO - Filling up the DagBag from /home/airflow/.local/lib/python3.12/site-packages/airflow/example_dags/tutorial.py
[2026-03-14T23:05:31.936+0000] {processor.py:840} INFO - DAG(s) 'tutorial' retrieved from /home/airflow/.local/lib/python3.12/site-packages/airflow/example_dags/tutorial.py
[2026-03-14T23:05:31.968+0000] {logging_mixin.py:188} INFO - [2026-03-14T23:05:31.967+0000] {dag.py:3096} INFO - Sync 1 DAGs
[2026-03-14T23:05:32.015+0000] {logging_mixin.py:188} INFO - [2026-03-14T23:05:32.011+0000] {dag.py:3954} INFO - Setting next_dagrun for tutorial to 2026-03-13 00:00:00+00:00, run_after=2026-03-14 00:00:00+00:00
[2026-03-14T23:05:32.061+0000] {processor.py:183} INFO - Processing /home/airflow/.local/lib/python3.12/site-packages/airflow/example_dags/tutorial.py took 0.145 seconds
[2026-03-14T23:06:02.861+0000] {processor.py:161} INFO - Started process (PID=405) to work on /home/airflow/.local/lib/python3.12/site-packages/airflow/example_dags/tutorial.py
[2026-03-14T23:06:02.863+0000] {processor.py:830} INFO - Processing file /home/airflow/.local/lib/python3.12/site-packages/airflow/example_dags/tutorial.py for tasks to queue
[2026-03-14T23:06:02.867+0000] {logging_mixin.py:188} INFO - [2026-03-14T23:06:02.866+0000] {dagbag.py:545} INFO - Filling up the DagBag from /home/airflow/.local/lib/python3.12/site-packages/airflow/example_dags/tutorial.py
[2026-03-14T23:06:02.877+0000] {processor.py:840} INFO - DAG(s) 'tutorial' retrieved from /home/airflow/.local/lib/python3.12/site-packages/airflow/example_dags/tutorial.py
[2026-03-14T23:06:02.908+0000] {logging_mixin.py:188} INFO - [2026-03-14T23:06:02.907+0000] {dag.py:3096} INFO - Sync 1 DAGs
[2026-03-14T23:06:02.937+0000] {logging_mixin.py:188} INFO - [2026-03-14T23:06:02.936+0000] {dag.py:3954} INFO - Setting next_dagrun for tutorial to 2026-03-13 00:00:00+00:00, run_after=2026-03-14 00:00:00+00:00
[2026-03-14T23:06:02.972+0000] {processor.py:183} INFO - Processing /home/airflow/.local/lib/python3.12/site-packages/airflow/example_dags/tutorial.py took 0.121 seconds
[2026-03-14T23:06:33.832+0000] {processor.py:161} INFO - Started process (PID=463) to work on /home/airflow/.local/lib/python3.12/site-packages/airflow/example_dags/tutorial.py
[2026-03-14T23:06:33.834+0000] {processor.py:830} INFO - Processing file /home/airflow/.local/lib/python3.12/site-packages/airflow/example_dags/tutorial.py for tasks to queue
[2026-03-14T23:06:33.836+0000] {logging_mixin.py:188} INFO - [2026-03-14T23:06:33.836+0000] {dagbag.py:545} INFO - Filling up the DagBag from /home/airflow/.local/lib/python3.12/site-packages/airflow/example_dags/tutorial.py
[2026-03-14T23:06:33.844+0000] {processor.py:840} INFO - DAG(s) 'tutorial' retrieved from /home/airflow/.local/lib/python3.12/site-packages/airflow/example_dags/tutorial.py
[2026-03-14T23:06:33.874+0000] {logging_mixin.py:188} INFO - [2026-03-14T23:06:33.874+0000] {dag.py:3096} INFO - Sync 1 DAGs
[2026-03-14T23:06:33.906+0000] {logging_mixin.py:188} INFO - [2026-03-14T23:06:33.906+0000] {dag.py:3954} INFO - Setting next_dagrun for tutorial to 2026-03-13 00:00:00+00:00, run_after=2026-03-14 00:00:00+00:00
[2026-03-14T23:06:33.935+0000] {processor.py:183} INFO - Processing /home/airflow/.local/lib/python3.12/site-packages/airflow/example_dags/tutorial.py took 0.110 seconds
[2026-03-14T23:07:04.258+0000] {processor.py:161} INFO - Started process (PID=521) to work on /home/airflow/.local/lib/python3.12/site-packages/airflow/example_dags/tutorial.py
[2026-03-14T23:07:04.263+0000] {processor.py:830} INFO - Processing file /home/airflow/.local/lib/python3.12/site-packages/airflow/example_dags/tutorial.py for tasks to queue
[2026-03-14T23:07:04.265+0000] {logging_mixin.py:188} INFO - [2026-03-14T23:07:04.265+0000] {dagbag.py:545} INFO - Filling up the DagBag from /home/airflow/.local/lib/python3.12/site-packages/airflow/example_dags/tutorial.py
[2026-03-14T23:07:04.273+0000] {processor.py:840} INFO - DAG(s) 'tutorial' retrieved from /home/airflow/.local/lib/python3.12/site-packages/airflow/example_dags/tutorial.py
[2026-03-14T23:07:04.305+0000] {logging_mixin.py:188} INFO - [2026-03-14T23:07:04.305+0000] {dag.py:3096} INFO - Sync 1 DAGs
[2026-03-14T23:07:04.334+0000] {logging_mixin.py:188} INFO - [2026-03-14T23:07:04.333+0000] {dag.py:3954} INFO - Setting next_dagrun for tutorial to 2026-03-13 00:00:00+00:00, run_after=2026-03-14 00:00:00+00:00
[2026-03-14T23:07:04.363+0000] {processor.py:183} INFO - Processing /home/airflow/.local/lib/python3.12/site-packages/airflow/example_dags/tutorial.py took 0.115 seconds
[2026-03-14T23:07:34.688+0000] {processor.py:161} INFO - Started process (PID=579) to work on /home/airflow/.local/lib/python3.12/site-packages/airflow/example_dags/tutorial.py
[2026-03-14T23:07:34.690+0000] {processor.py:830} INFO - Processing file /home/airflow/.local/lib/python3.12/site-packages/airflow/example_dags/tutorial.py for tasks to queue
[2026-03-14T23:07:34.693+0000] {logging_mixin.py:188} INFO - [2026-03-14T23:07:34.693+0000] {dagbag.py:545} INFO - Filling up the DagBag from /home/airflow/.local/lib/python3.12/site-packages/airflow/example_dags/tutorial.py
[2026-03-14T23:07:34.701+0000] {processor.py:840} INFO - DAG(s) 'tutorial' retrieved from /home/airflow/.local/lib/python3.12/site-packages/airflow/example_dags/tutorial.py
[2026-03-14T23:07:34.730+0000] {logging_mixin.py:188} INFO - [2026-03-14T23:07:34.729+0000] {dag.py:3096} INFO - Sync 1 DAGs
[2026-03-14T23:07:34.761+0000] {logging_mixin.py:188} INFO - [2026-03-14T23:07:34.761+0000] {dag.py:3954} INFO - Setting next_dagrun for tutorial to 2026-03-13 00:00:00+00:00, run_after=2026-03-14 00:00:00+00:00
[2026-03-14T23:07:34.790+0000] {processor.py:183} INFO - Processing /home/airflow/.local/lib/python3.12/site-packages/airflow/example_dags/tutorial.py took 0.109 seconds
[2026-03-14T23:08:05.298+0000] {processor.py:161} INFO - Started process (PID=637) to work on /home/airflow/.local/lib/python3.12/site-packages/airflow/example_dags/tutorial.py
[2026-03-14T23:08:05.299+0000] {processor.py:830} INFO - Processing file /home/airflow/.local/lib/python3.12/site-packages/airflow/example_dags/tutorial.py for tasks to queue
[2026-03-14T23:08:05.301+0000] {logging_mixin.py:188} INFO - [2026-03-14T23:08:05.301+0000] {dagbag.py:545} INFO - Filling up the DagBag from /home/airflow/.local/lib/python3.12/site-packages/airflow/example_dags/tutorial.py
[2026-03-14T23:08:05.311+0000] {processor.py:840} INFO - DAG(s) 'tutorial' retrieved from /home/airflow/.local/lib/python3.12/site-packages/airflow/example_dags/tutorial.py
[2026-03-14T23:08:05.341+0000] {logging_mixin.py:188} INFO - [2026-03-14T23:08:05.340+0000] {dag.py:3096} INFO - Sync 1 DAGs
[2026-03-14T23:08:05.369+0000] {logging_mixin.py:188} INFO - [2026-03-14T23:08:05.369+0000] {dag.py:3954} INFO - Setting next_dagrun for tutorial to 2026-03-13 00:00:00+00:00, run_after=2026-03-14 00:00:00+00:00
[2026-03-14T23:08:05.407+0000] {processor.py:183} INFO - Processing /home/airflow/.local/lib/python3.12/site-packages/airflow/example_dags/tutorial.py took 0.120 seconds
[2026-03-14T23:08:35.789+0000] {processor.py:161} INFO - Started process (PID=695) to work on /home/airflow/.local/lib/python3.12/site-packages/airflow/example_dags/tutorial.py
[2026-03-14T23:08:35.791+0000] {processor.py:830} INFO - Processing file /home/airflow/.local/lib/python3.12/site-packages/airflow/example_dags/tutorial.py for tasks to queue
[2026-03-14T23:08:35.793+0000] {logging_mixin.py:188} INFO - [2026-03-14T23:08:35.793+0000] {dagbag.py:545} INFO - Filling up the DagBag from /home/airflow/.local/lib/python3.12/site-packages/airflow/example_dags/tutorial.py
[2026-03-14T23:08:35.802+0000] {processor.py:840} INFO - DAG(s) 'tutorial' retrieved from /home/airflow/.local/lib/python3.12/site-packages/airflow/example_dags/tutorial.py
[2026-03-14T23:08:35.836+0000] {logging_mixin.py:188} INFO - [2026-03-14T23:08:35.835+0000] {dag.py:3096} INFO - Sync 1 DAGs
[2026-03-14T23:08:35.867+0000] {logging_mixin.py:188} INFO - [2026-03-14T23:08:35.867+0000] {dag.py:3954} INFO - Setting next_dagrun for tutorial to 2026-03-13 00:00:00+00:00, run_after=2026-03-14 00:00:00+00:00
[2026-03-14T23:08:35.895+0000] {processor.py:183} INFO - Processing /home/airflow/.local/lib/python3.12/site-packages/airflow/example_dags/tutorial.py took 0.115 seconds
[2026-03-14T23:09:06.492+0000] {processor.py:161} INFO - Started process (PID=753) to work on /home/airflow/.local/lib/python3.12/site-packages/airflow/example_dags/tutorial.py
[2026-03-14T23:09:06.498+0000] {processor.py:830} INFO - Processing file /home/airflow/.local/lib/python3.12/site-packages/airflow/example_dags/tutorial.py for tasks to queue
[2026-03-14T23:09:06.502+0000] {logging_mixin.py:188} INFO - [2026-03-14T23:09:06.501+0000] {dagbag.py:545} INFO - Filling up the DagBag from /home/airflow/.local/lib/python3.12/site-packages/airflow/example_dags/tutorial.py
[2026-03-14T23:09:06.509+0000] {processor.py:840} INFO - DAG(s) 'tutorial' retrieved from /home/airflow/.local/lib/python3.12/site-packages/airflow/example_dags/tutorial.py
[2026-03-14T23:09:06.538+0000] {logging_mixin.py:188} INFO - [2026-03-14T23:09:06.538+0000] {dag.py:3096} INFO - Sync 1 DAGs
[2026-03-14T23:09:06.565+0000] {logging_mixin.py:188} INFO - [2026-03-14T23:09:06.564+0000] {dag.py:3954} INFO - Setting next_dagrun for tutorial to 2026-03-13 00:00:00+00:00, run_after=2026-03-14 00:00:00+00:00
[2026-03-14T23:09:06.593+0000] {processor.py:183} INFO - Processing /home/airflow/.local/lib/python3.12/site-packages/airflow/example_dags/tutorial.py took 0.110 seconds
